Oct  8 06:18:20 localhost kernel: Linux version 5.14.0-70.22.1.el9_0.x86_64 (mockbuild@dal1-prod-builder001.bld.equ.rockylinux.org) (gcc (GCC) 11.2.1 20220127 (Red Hat 11.2.1-9), GNU ld version 2.35.2-17.el9) #1 SMP PREEMPT Tue Aug 9 19:45:51 UTC 2022
Oct  8 06:18:20 localhost kernel: The list of certified hardware and cloud instances for Red Hat Enterprise Linux 9 can be viewed at the Red Hat Ecosystem Catalog, https://catalog.redhat.com.
Oct  8 06:18:20 localhost kernel: Command line: BOOT_IMAGE=(hd0,gpt2)/vmlinuz-5.14.0-70.22.1.el9_0.x86_64 root=UUID=00000000-1111-2222-bda1-012345678911 ro console=ttyS0,115200n8 no_timer_check net.ifnames=0 crashkernel=1G-4G:192M,4G-64G:256M,64G-:512M console=tty0
Oct  8 06:18:20 localhost kernel: x86/fpu: Supporting XSAVE feature 0x001: 'x87 floating point registers'
Oct  8 06:18:20 localhost kernel: x86/fpu: Supporting XSAVE feature 0x002: 'SSE registers'
Oct  8 06:18:20 localhost kernel: x86/fpu: Supporting XSAVE feature 0x004: 'AVX registers'
Oct  8 06:18:20 localhost kernel: x86/fpu: xstate_offset[2]:  576, xstate_sizes[2]:  256
Oct  8 06:18:20 localhost kernel: x86/fpu: Enabled xstate features 0x7, context size is 832 bytes, using 'standard' format.
Oct  8 06:18:20 localhost kernel: signal: max sigframe size: 1776
Oct  8 06:18:20 localhost kernel: BIOS-provided physical RAM map:
Oct  8 06:18:20 localhost kernel: BIOS-e820: [mem 0x0000000000000000-0x000000000009fbff] usable
Oct  8 06:18:20 localhost kernel: BIOS-e820: [mem 0x000000000009fc00-0x000000000009ffff] reserved
Oct  8 06:18:20 localhost kernel: BIOS-e820: [mem 0x00000000000f0000-0x00000000000fffff] reserved
Oct  8 06:18:20 localhost kernel: BIOS-e820: [mem 0x0000000000100000-0x000000001ffd7fff] usable
Oct  8 06:18:20 localhost kernel: BIOS-e820: [mem 0x000000001ffd8000-0x000000001fffffff] reserved
Oct  8 06:18:20 localhost kernel: BIOS-e820: [mem 0x00000000feffc000-0x00000000feffffff] reserved
Oct  8 06:18:20 localhost kernel: BIOS-e820: [mem 0x00000000fffc0000-0x00000000ffffffff] reserved
Oct  8 06:18:20 localhost kernel: NX (Execute Disable) protection: active
Oct  8 06:18:20 localhost kernel: SMBIOS 2.8 present.
Oct  8 06:18:20 localhost kernel: DMI: DigitalOcean Droplet/Droplet, BIOS 20171212 12/12/2017
Oct  8 06:18:20 localhost kernel: Hypervisor detected: KVM
Oct  8 06:18:20 localhost kernel: kvm-clock: Using msrs 4b564d01 and 4b564d00
Oct  8 06:18:20 localhost kernel: kvm-clock: cpu 0, msr 18c01001, primary cpu clock
Oct  8 06:18:20 localhost kernel: kvm-clock: using sched offset of 0123456789 cycles
Oct  8 06:18:20 localhost kernel: clocksource: kvm-clock: mask: 0xffffffffffffffff max_cycles: 0x1cd42e4dffb, max_idle_ns: 012345678911 ns
Oct  8 06:18:20 localhost kernel: tsc: Detected 2494.140 MHz processor
Oct  8 06:18:20 localhost kernel: last_pfn = 0x1ffd8 max_arch_pfn = 0x400000000
Oct  8 06:18:20 localhost kernel: x86/PAT: Configuration [0-7]: WB  WC  UC- UC  WB  WP  UC- WT
Oct  8 06:18:20 localhost kernel: found SMP MP-table at [mem 0x000f5c60-0x000f5c6f]
Oct  8 06:18:20 localhost kernel: RAMDISK: [mem 0x1ae09000-0x1e7effff]
Oct  8 06:18:20 localhost kernel: ACPI: Early table checksum verification disabled
Oct  8 06:18:20 localhost kernel: ACPI: RSDP 0x00000000000F5A50 19167 (v00 BOCHS )
Oct  8 06:18:20 localhost kernel: ACPI: RSDT 0x000000001FFE1930 19167 (v01 BOCHS  BXPC     00000001 BXPC 00000001)
Oct  8 06:18:20 localhost kernel: ACPI: FACP 0x000000001FFE172C 19167 (v01 BOCHS  BXPC     00000001 BXPC 00000001)
Oct  8 06:18:20 localhost kernel: ACPI: DSDT 0x000000001FFE0040 0016EC (v01 BOCHS  BXPC     00000001 BXPC 00000001)
Oct  8 06:18:20 localhost kernel: ACPI: FACS 0x000000001FFE0000 19167
Oct  8 06:18:20 localhost kernel: ACPI: APIC 0x000000001FFE17A0 19167 (v01 BOCHS  BXPC     00000001 BXPC 00000001)
Oct  8 06:18:20 localhost kernel: ACPI: HPET 0x000000001FFE1818 19167 (v01 BOCHS  BXPC     00000001 BXPC 00000001)
Oct  8 06:18:20 localhost kernel: ACPI: SRAT 0x000000001FFE1850 0000B8 (v01 BOCHS  BXPC     00000001 BXPC 00000001)
Oct  8 06:18:20 localhost kernel: ACPI: WAET 0x000000001FFE1908 19167 (v01 BOCHS  BXPC     00000001 BXPC 00000001)
Oct  8 06:18:20 localhost kernel: ACPI: Reserving FACP table memory at [mem 0x1ffe172c-0x1ffe179f]
Oct  8 06:18:20 localhost kernel: ACPI: Reserving DSDT table memory at [mem 0x1ffe0040-0x1ffe172b]
Oct  8 06:18:20 localhost kernel: ACPI: Reserving FACS table memory at [mem 0x1ffe0000-0x1ffe003f]
Oct  8 06:18:20 localhost kernel: ACPI: Reserving APIC table memory at [mem 0x1ffe17a0-0x1ffe1817]
Oct  8 06:18:20 localhost kernel: ACPI: Reserving HPET table memory at [mem 0x1ffe1818-0x1ffe184f]
Oct  8 06:18:20 localhost kernel: ACPI: Reserving SRAT table memory at [mem 0x1ffe1850-0x1ffe1907]
Oct  8 06:18:20 localhost kernel: ACPI: Reserving WAET table memory at [mem 0x1ffe1908-0x1ffe192f]
Oct  8 06:18:20 localhost kernel: SRAT: PXM 0 -> APIC 0x00 -> Node 0
Oct  8 06:18:20 localhost kernel: ACPI: SRAT: Node 0 PXM 0 [mem 0x00000000-0x0009ffff]
Oct  8 06:18:20 localhost kernel: ACPI: SRAT: Node 0 PXM 0 [mem 0x00100000-0x1fffffff]
Oct  8 06:18:20 localhost kernel: NUMA: Node 0 [mem 0x00000000-0x0009ffff] + [mem 0x00100000-0x1ffd7fff] -> [mem 0x00000000-0x1ffd7fff]
Oct  8 06:18:20 localhost kernel: NODE_DATA(0) allocated [mem 0x1ffad000-0x1ffd7fff]
Oct  8 06:18:20 localhost kernel: crashkernel: invalid size
Oct  8 06:18:20 localhost kernel: Zone ranges:
Oct  8 06:18:20 localhost kernel:  DMA      [mem 0x0000000000001000-0x0000000000ffffff]
Oct  8 06:18:20 localhost kernel:  DMA32    [mem 0x0000000001000000-0x000000001ffd7fff]
Oct  8 06:18:20 localhost kernel:  Normal   empty
Oct  8 06:18:20 localhost kernel:  Device   empty
Oct  8 06:18:20 localhost kernel: Movable zone start for each node
Oct  8 06:18:20 localhost kernel: Early memory node ranges
Oct  8 06:18:20 localhost kernel:  node   0: [mem 0x0000000000001000-0x000000000009efff]
Oct  8 06:18:20 localhost kernel:  node   0: [mem 0x0000000000100000-0x000000001ffd7fff]
Oct  8 06:18:20 localhost kernel: Initmem setup node 0 [mem 0x0000000000001000-0x000000001ffd7fff]
Oct  8 06:18:20 localhost kernel: On node 0, zone DMA: 1 pages in unavailable ranges
Oct  8 06:18:20 localhost kernel: On node 0, zone DMA: 97 pages in unavailable ranges
Oct  8 06:18:20 localhost kernel: On node 0, zone DMA32: 40 pages in unavailable ranges
Oct  8 06:18:20 localhost kernel: ACPI: PM-Timer IO Port: 0x608
Oct  8 06:18:20 localhost kernel: ACPI: LAPIC_NMI (acpi_id[0xff] dfl dfl lint[0x1])
Oct  8 06:18:20 localhost kernel: IOAPIC[0]: apic_id 0, version 17, address 0xfec00000, GSI 0-23
Oct  8 06:18:20 localhost kernel: ACPI: INT_SRC_OVR (bus 0 bus_irq 0 global_irq 2 dfl dfl)
Oct  8 06:18:20 localhost kernel: ACPI: INT_SRC_OVR (bus 0 bus_irq 5 global_irq 5 high level)
Oct  8 06:18:20 localhost kernel: ACPI: INT_SRC_OVR (bus 0 bus_irq 9 global_irq 9 high level)
Oct  8 06:18:20 localhost kernel: ACPI: INT_SRC_OVR (bus 0 bus_irq 10 global_irq 10 high level)
Oct  8 06:18:20 localhost kernel: ACPI: INT_SRC_OVR (bus 0 bus_irq 11 global_irq 11 high level)
Oct  8 06:18:20 localhost kernel: ACPI: Using ACPI (MADT) for SMP configuration information
Oct  8 06:18:20 localhost kernel: ACPI: HPET id: 0x8086a201 base: 0xfed00000
Oct  8 06:18:20 localhost kernel: TSC deadline timer available
Oct  8 06:18:20 localhost kernel: smpboot: Allowing 1 CPUs, 0 hotplug CPUs
Oct  8 06:18:20 localhost kernel: PM: hibernation: Registered nosave memory: [mem 0x00000000-0x00000fff]
Oct  8 06:18:20 localhost kernel: PM: hibernation: Registered nosave memory: [mem 0x0009f000-0x0009ffff]
Oct  8 06:18:20 localhost kernel: PM: hibernation: Registered nosave memory: [mem 0x000a0000-0x000effff]
Oct  8 06:18:20 localhost kernel: PM: hibernation: Registered nosave memory: [mem 0x000f0000-0x000fffff]
Oct  8 06:18:20 localhost kernel: [mem 0x20000000-0xfeffbfff] available for PCI devices
Oct  8 06:18:20 localhost kernel: Booting paravirtualized kernel on KVM
Oct  8 06:18:20 localhost kernel: clocksource: refined-jiffies: mask: 0xffffffff max_cycles: 0xffffffff, max_idle_ns: 0123456789112345 ns
Oct  8 06:18:20 localhost kernel: setup_percpu: NR_CPUS:8192 nr_cpumask_bits:1 nr_cpu_ids:1 nr_node_ids:1
Oct  8 06:18:20 localhost kernel: percpu: Embedded 53 pages/cpu s180224 r8192 d28672 u2097152
Oct  8 06:18:20 localhost kernel: kvm-guest: stealtime: cpu 0, msr 1f42b080
Oct  8 06:18:20 localhost kernel: kvm-guest: PV spinlocks disabled, no host support
Oct  8 06:18:20 localhost kernel: Built 1 zonelists, mobility grouping on.  Total pages: 19167
Oct  8 06:18:20 localhost kernel: Policy zone: DMA32
Oct  8 06:18:20 localhost kernel: Kernel command line: BOOT_IMAGE=(hd0,gpt2)/vmlinuz-5.14.0-70.22.1.el9_0.x86_64 root=UUID=00000000-1111-2222-bda1-012345678911 ro console=ttyS0,115200n8 no_timer_check net.ifnames=0 crashkernel=1G-4G:192M,4G-64G:256M,64G-:512M console=tty0
Oct  8 06:18:20 localhost kernel: Unknown kernel command line parameters "BOOT_IMAGE=(hd0,gpt2)/vmlinuz-5.14.0-70.22.1.el9_0.x86_64", will be passed to user space.
Oct  8 06:18:20 localhost kernel: Dentry cache hash table entries: 18805 (order: 7, 19167 bytes, linear)
Oct  8 06:18:20 localhost kernel: Inode-cache hash table entries: 18805 (order: 6, 19167 bytes, linear)
Oct  8 06:18:20 localhost kernel: mem auto-init: stack:off, heap alloc:off, heap free:off
Oct  8 06:18:20 localhost kernel: Memory: 260860K/523736K available (14345K kernel code, 5949K rwdata, 9056K rodata, 2548K init, 5452K bss, 122652K reserved, 0K cma-reserved)
Oct  8 06:18:20 localhost kernel: random: get_random_u64 called from kmem_cache_open+0x1e/0x2d0 with crng_init=0
Oct  8 06:18:20 localhost kernel: SLUB: HWalign=64, Order=0-3, MinObjects=0, CPUs=1, Nodes=1
Oct  8 06:18:20 localhost kernel: Kernel/User page tables isolation: enabled
Oct  8 06:18:20 localhost kernel: ftrace: allocating 18805 entries in 169 pages
Oct  8 06:18:20 localhost kernel: ftrace: allocated 169 pages with 4 groups
Oct  8 06:18:20 localhost kernel: Dynamic Preempt: voluntary
Oct  8 06:18:20 localhost kernel: rcu: Preemptible hierarchical RCU implementation.
Oct  8 06:18:20 localhost kernel: rcu: #011RCU restricting CPUs from NR_CPUS=8192 to nr_cpu_ids=1.
Oct  8 06:18:20 localhost kernel: #011Trampoline variant of Tasks RCU enabled.
Oct  8 06:18:20 localhost kernel: #011Rude variant of Tasks RCU enabled.
Oct  8 06:18:20 localhost kernel: #011Tracing variant of Tasks RCU enabled.
Oct  8 06:18:20 localhost kernel: rcu: RCU calculated value of scheduler-enlistment delay is 100 jiffies.
Oct  8 06:18:20 localhost kernel: rcu: Adjusting geometry for rcu_fanout_leaf=16, nr_cpu_ids=1
Oct  8 06:18:20 localhost kernel: NR_IRQS: 19167, nr_irqs: 256, preallocated irqs: 16
Oct  8 06:18:20 localhost kernel: random: crng done (trusting CPU's manufacturer)
Oct  8 06:18:20 localhost kernel: Console: colour VGA+ 80x25
Oct  8 06:18:20 localhost kernel: printk: console [tty0] enabled
Oct  8 06:18:20 localhost kernel: printk: console [ttyS0] enabled
Oct  8 06:18:20 localhost kernel: ACPI: Core revision 20210604
Oct  8 06:18:20 localhost kernel: clocksource: hpet: mask: 0xffffffff max_cycles: 0xffffffff, max_idle_ns: 19112604467 ns
Oct  8 06:18:20 localhost kernel: APIC: Switch to symmetric I/O mode setup
Oct  8 06:18:20 localhost kernel: x2apic enabled
Oct  8 06:18:20 localhost kernel: Switched APIC routing to physical x2apic.
Oct  8 06:18:20 localhost kernel: ..TIMER: vector=0x30 apic1=0 pin1=2 apic2=-1 pin2=-1
Oct  8 06:18:20 localhost kernel: clocksource: tsc-early: mask: 0xffffffffffffffff max_cycles: 0x23f39a1d859, max_idle_ns: 012345678911 ns
Oct  8 06:18:20 localhost kernel: Calibrating delay loop (skipped) preset value.. 4988.28 BogoMIPS (lpj=14783)
Oct  8 06:18:20 localhost kernel: pid_max: default: 18805 minimum: 301
Oct  8 06:18:20 localhost kernel: LSM: Security Framework initializing
Oct  8 06:18:20 localhost kernel: Yama: becoming mindful.
Oct  8 06:18:20 localhost kernel: SELinux:  Initializing.
Oct  8 06:18:20 localhost kernel: LSM support for eBPF active
Oct  8 06:18:20 localhost kernel: Mount-cache hash table entries: 1024 (order: 1, 8192 bytes, linear)
Oct  8 06:18:20 localhost kernel: Mountpoint-cache hash table entries: 1024 (order: 1, 8192 bytes, linear)
Oct  8 06:18:20 localhost kernel: Last level iTLB entries: 4KB 0, 2MB 0, 4MB 0
Oct  8 06:18:20 localhost kernel: Last level dTLB entries: 4KB 0, 2MB 0, 4MB 0, 1GB 0
Oct  8 06:18:20 localhost kernel: Spectre V1 : Mitigation: usercopy/swapgs barriers and __user pointer sanitization
Oct  8 06:18:20 localhost kernel: Spectre V2 : Mitigation: Retpolines
Oct  8 06:18:20 localhost kernel: Spectre V2 : Spectre v2 / SpectreRSB mitigation: Filling RSB on context switch
Oct  8 06:18:20 localhost kernel: Spectre V2 : Enabling Restricted Speculation for firmware calls
Oct  8 06:18:20 localhost kernel: Spectre V2 : mitigation: Enabling conditional Indirect Branch Prediction Barrier
Oct  8 06:18:20 localhost kernel: Speculative Store Bypass: Mitigation: Speculative Store Bypass disabled via prctl
Oct  8 06:18:20 localhost kernel: MDS: Mitigation: Clear CPU buffers
Oct  8 06:18:20 localhost kernel: Freeing SMP alternatives memory: 36K
Oct  8 06:18:20 localhost kernel: smpboot: CPU0: Intel DO-Regular (family: 0x6, model: 0x3f, stepping: 0x2)
Oct  8 06:18:20 localhost kernel: Performance Events: unsupported p6 CPU model 63 no PMU driver, software events only.
Oct  8 06:18:20 localhost kernel: rcu: Hierarchical SRCU implementation.
Oct  8 06:18:20 localhost kernel: NMI watchdog: Perf NMI watchdog permanently disabled
Oct  8 06:18:20 localhost kernel: smp: Bringing up secondary CPUs ...
Oct  8 06:18:20 localhost kernel: smp: Brought up 1 node, 1 CPU
Oct  8 06:18:20 localhost kernel: smpboot: Max logical packages: 1
Oct  8 06:18:20 localhost kernel: smpboot: Total of 1 processors activated (4988.28 BogoMIPS)
Oct  8 06:18:20 localhost kernel: node 0 deferred pages initialised in 2ms
Oct  8 06:18:20 localhost kernel: devtmpfs: initialized
Oct  8 06:18:20 localhost kernel: x86/mm: Memory block size: 128MB
Oct  8 06:18:20 localhost kernel: clocksource: jiffies: mask: 0xffffffff max_cycles: 0xffffffff, max_idle_ns: 0123456789112345 ns
Oct  8 06:18:20 localhost kernel: futex hash table entries: 256 (order: 2, 18805 bytes, linear)
Oct  8 06:18:20 localhost kernel: pinctrl core: initialized pinctrl subsystem
Oct  8 06:18:20 localhost kernel: NET: Registered PF_NETLINK/PF_ROUTE protocol family
Oct  8 06:18:20 localhost kernel: DMA: preallocated 128 KiB GFP_KERNEL pool for atomic allocations
Oct  8 06:18:20 localhost kernel: DMA: preallocated 128 KiB GFP_KERNEL|GFP_DMA pool for atomic allocations
Oct  8 06:18:20 localhost kernel: DMA: preallocated 128 KiB GFP_KERNEL|GFP_DMA32 pool for atomic allocations
Oct  8 06:18:20 localhost kernel: audit: initializing netlink subsys (disabled)
Oct  8 06:18:20 localhost kernel: thermal_sys: Registered thermal governor 'fair_share'
Oct  8 06:18:20 localhost kernel: thermal_sys: Registered thermal governor 'step_wise'
Oct  8 06:18:20 localhost kernel: thermal_sys: Registered thermal governor 'user_space'
Oct  8 06:18:20 localhost kernel: cpuidle: using governor menu
Oct  8 06:18:20 localhost kernel: ACPI: bus type PCI registered
Oct  8 06:18:20 localhost kernel: acpiphp: ACPI Hot Plug PCI Controller Driver version: 0.5
Oct  8 06:18:20 localhost kernel: PCI: Using configuration type 1 for base access
Oct  8 06:18:20 localhost kernel: Kprobes globally optimized
Oct  8 06:18:20 localhost kernel: audit: type=2000 audit(0123456789.905:1): state=initialized audit_enabled=0 res=1
Oct  8 06:18:20 localhost kernel: HugeTLB registered 2.00 MiB page size, pre-allocated 0 pages
Oct  8 06:18:20 localhost kernel: cryptd: max_cpu_qlen set to 1000
Oct  8 06:18:20 localhost kernel: ACPI: PRMT not present
Oct  8 06:18:20 localhost kernel: ACPI: Added _OSI(Module Device)
Oct  8 06:18:20 localhost kernel: ACPI: Added _OSI(Processor Device)
Oct  8 06:18:20 localhost kernel: ACPI: Added _OSI(3.0 _SCP Extensions)
Oct  8 06:18:20 localhost kernel: ACPI: Added _OSI(Processor Aggregator Device)
Oct  8 06:18:20 localhost kernel: ACPI: Added _OSI(Linux-Dell-Video)
Oct  8 06:18:20 localhost kernel: ACPI: Added _OSI(Linux-Lenovo-NV-HDMI-Audio)
Oct  8 06:18:20 localhost kernel: ACPI: Added _OSI(Linux-HPI-Hybrid-Graphics)
Oct  8 06:18:20 localhost kernel: ACPI: 1 ACPI AML tables successfully acquired and loaded
Oct  8 06:18:20 localhost kernel: ACPI: Interpreter enabled
Oct  8 06:18:20 localhost kernel: ACPI: PM: (supports S0 S3 S4 S5)
Oct  8 06:18:20 localhost kernel: ACPI: Using IOAPIC for interrupt routing
Oct  8 06:18:20 localhost kernel: PCI: Using host bridge windows from ACPI; if necessary, use "pci=nocrs" and report a bug
Oct  8 06:18:20 localhost kernel: ACPI: Enabled 2 GPEs in block 00 to 0F
Oct  8 06:18:20 localhost kernel: ACPI: PCI Root Bridge [PCI0] (domain 0000 [bus 00-ff])
Oct  8 06:18:20 localhost kernel: acpi PNP0A03:00: _OSC: OS supports [ASPM ClockPM Segments MSI EDR HPX-Type3]
Oct  8 06:18:20 localhost kernel: acpi PNP0A03:00: _OSC: not requesting OS control; OS requires [ExtendedConfig ASPM ClockPM MSI]
Oct  8 06:18:20 localhost kernel: acpi PNP0A03:00: fail to add MMCONFIG information, can't access extended PCI configuration space under this bridge.
Oct  8 06:18:20 localhost kernel: acpiphp: Slot [3] registered
Oct  8 06:18:20 localhost kernel: acpiphp: Slot [4] registered
Oct  8 06:18:20 localhost kernel: acpiphp: Slot [5] registered
Oct  8 06:18:20 localhost kernel: acpiphp: Slot [6] registered
Oct  8 06:18:20 localhost kernel: acpiphp: Slot [7] registered
Oct  8 06:18:20 localhost kernel: acpiphp: Slot [8] registered
Oct  8 06:18:20 localhost kernel: acpiphp: Slot [9] registered
Oct  8 06:18:20 localhost kernel: acpiphp: Slot [10] registered
Oct  8 06:18:20 localhost kernel: acpiphp: Slot [11] registered
Oct  8 06:18:20 localhost kernel: acpiphp: Slot [12] registered
Oct  8 06:18:20 localhost kernel: acpiphp: Slot [13] registered
Oct  8 06:18:20 localhost kernel: acpiphp: Slot [14] registered
Oct  8 06:18:20 localhost kernel: acpiphp: Slot [15] registered
Oct  8 06:18:20 localhost kernel: acpiphp: Slot [16] registered
Oct  8 06:18:20 localhost kernel: acpiphp: Slot [17] registered
Oct  8 06:18:20 localhost kernel: acpiphp: Slot [18] registered
Oct  8 06:18:20 localhost kernel: acpiphp: Slot [19] registered
Oct  8 06:18:20 localhost kernel: acpiphp: Slot [20] registered
Oct  8 06:18:20 localhost kernel: acpiphp: Slot [21] registered
Oct  8 06:18:20 localhost kernel: acpiphp: Slot [22] registered
Oct  8 06:18:20 localhost kernel: acpiphp: Slot [23] registered
Oct  8 06:18:20 localhost kernel: acpiphp: Slot [24] registered
Oct  8 06:18:20 localhost kernel: acpiphp: Slot [25] registered
Oct  8 06:18:20 localhost kernel: acpiphp: Slot [26] registered
Oct  8 06:18:20 localhost kernel: acpiphp: Slot [27] registered
Oct  8 06:18:20 localhost kernel: acpiphp: Slot [28] registered
Oct  8 06:18:20 localhost kernel: acpiphp: Slot [29] registered
Oct  8 06:18:20 localhost kernel: acpiphp: Slot [30] registered
Oct  8 06:18:20 localhost kernel: acpiphp: Slot [31] registered
Oct  8 06:18:20 localhost kernel: PCI host bridge to bus 0000:00
Oct  8 06:18:20 localhost kernel: pci_bus 0000:00: root bus resource [io  0x0000-0x0cf7 window]
Oct  8 06:18:20 localhost kernel: pci_bus 0000:00: root bus resource [io  0x0d00-0xffff window]
Oct  8 06:18:20 localhost kernel: pci_bus 0000:00: root bus resource [mem 0x000a0000-0x000bffff window]
Oct  8 06:18:20 localhost kernel: pci_bus 0000:00: root bus resource [mem 0x20000000-0xfebfffff window]
Oct  8 06:18:20 localhost kernel: pci_bus 0000:00: root bus resource [mem 0x100000000-0x17fffffff window]
Oct  8 06:18:20 localhost kernel: pci_bus 0000:00: root bus resource [bus 00-ff]
Oct  8 06:18:20 localhost kernel: pci 0000:00:00.0: [8086:1237] type 00 class 0x060000
Oct  8 06:18:20 localhost kernel: pci 0000:00:01.0: [8086:7000] type 00 class 0x060100
Oct  8 06:18:20 localhost kernel: pci 0000:00:01.1: [8086:7010] type 00 class 0x010180
Oct  8 06:18:20 localhost kernel: pci 0000:00:01.1: reg 0x20: [io  0xc200-0xc20f]
Oct  8 06:18:20 localhost kernel: pci 0000:00:01.1: legacy IDE quirk: reg 0x10: [io  0x01f0-0x01f7]
Oct  8 06:18:20 localhost kernel: pci 0000:00:01.1: legacy IDE quirk: reg 0x14: [io  0x03f6]
Oct  8 06:18:20 localhost kernel: pci 0000:00:01.1: legacy IDE quirk: reg 0x18: [io  0x0170-0x0177]
Oct  8 06:18:20 localhost kernel: pci 0000:00:01.1: legacy IDE quirk: reg 0x1c: [io  0x0376]
Oct  8 06:18:20 localhost kernel: pci 0000:00:01.2: [8086:7020] type 00 class 0x0c0300
Oct  8 06:18:20 localhost kernel: pci 0000:00:01.2: reg 0x20: [io  0xc180-0xc19f]
Oct  8 06:18:20 localhost kernel: pci 0000:00:01.3: [8086:7113] type 00 class 0x068000
Oct  8 06:18:20 localhost kernel: pci 0000:00:01.3: quirk: [io  0x0600-0x063f] claimed by PIIX4 ACPI
Oct  8 06:18:20 localhost kernel: pci 0000:00:01.3: quirk: [io  0x0700-0x070f] claimed by PIIX4 SMB
Oct  8 06:18:20 localhost kernel: pci 0000:00:02.0: [1b36:0100] type 00 class 0x030000
Oct  8 06:18:20 localhost kernel: pci 0000:00:02.0: reg 0x10: [mem 0xf8000000-0xfbffffff]
Oct  8 06:18:20 localhost kernel: pci 0000:00:02.0: reg 0x14: [mem 0xfc000000-0xfcffffff]
Oct  8 06:18:20 localhost kernel: pci 0000:00:02.0: reg 0x18: [mem 0xfd010000-0xfd011fff]
Oct  8 06:18:20 localhost kernel: pci 0000:00:02.0: reg 0x1c: [io  0xc1a0-0xc1bf]
Oct  8 06:18:20 localhost kernel: pci 0000:00:02.0: reg 0x30: [mem 0xfd000000-0xfd00ffff pref]
Oct  8 06:18:20 localhost kernel: pci 0000:00:03.0: [1af4:1000] type 00 class 0x020000
Oct  8 06:18:20 localhost kernel: pci 0000:00:03.0: reg 0x10: [io  0xc1c0-0xc1df]
Oct  8 06:18:20 localhost kernel: pci 0000:00:03.0: reg 0x14: [mem 0xfd012000-0xfd012fff]
Oct  8 06:18:20 localhost kernel: pci 0000:00:03.0: reg 0x20: [mem 0xfebe8000-0xfebebfff 64bit pref]
Oct  8 06:18:20 localhost kernel: pci 0000:00:04.0: [1af4:1000] type 00 class 0x020000
Oct  8 06:18:20 localhost kernel: pci 0000:00:04.0: reg 0x10: [io  0xc1e0-0xc1ff]
Oct  8 06:18:20 localhost kernel: pci 0000:00:04.0: reg 0x14: [mem 0xfd013000-0xfd013fff]
Oct  8 06:18:20 localhost kernel: pci 0000:00:04.0: reg 0x20: [mem 0xfebec000-0xfebeffff 64bit pref]
Oct  8 06:18:20 localhost kernel: pci 0000:00:05.0: [1af4:1004] type 00 class 0x010000
Oct  8 06:18:20 localhost kernel: pci 0000:00:05.0: reg 0x10: [io  0xc100-0xc13f]
Oct  8 06:18:20 localhost kernel: pci 0000:00:05.0: reg 0x14: [mem 0xfd014000-0xfd014fff]
Oct  8 06:18:20 localhost kernel: pci 0000:00:05.0: reg 0x20: [mem 0xfebf0000-0xfebf3fff 64bit pref]
Oct  8 06:18:20 localhost kernel: pci 0000:00:06.0: [1af4:1001] type 00 class 0x010000
Oct  8 06:18:20 localhost kernel: pci 0000:00:06.0: reg 0x10: [io  0xc000-0xc07f]
Oct  8 06:18:20 localhost kernel: pci 0000:00:06.0: reg 0x14: [mem 0xfd015000-0xfd015fff]
Oct  8 06:18:20 localhost kernel: pci 0000:00:06.0: reg 0x20: [mem 0xfebf4000-0xfebf7fff 64bit pref]
Oct  8 06:18:20 localhost kernel: pci 0000:00:07.0: [1af4:1001] type 00 class 0x010000
Oct  8 06:18:20 localhost kernel: pci 0000:00:07.0: reg 0x10: [io  0xc080-0xc0ff]
Oct  8 06:18:20 localhost kernel: pci 0000:00:07.0: reg 0x14: [mem 0xfd016000-0xfd016fff]
Oct  8 06:18:20 localhost kernel: pci 0000:00:07.0: reg 0x20: [mem 0xfebf8000-0xfebfbfff 64bit pref]
Oct  8 06:18:20 localhost kernel: pci 0000:00:08.0: [1af4:1002] type 00 class 0x00ff00
Oct  8 06:18:20 localhost kernel: pci 0000:00:08.0: reg 0x10: [io  0xc140-0xc17f]
Oct  8 06:18:20 localhost kernel: pci 0000:00:08.0: reg 0x20: [mem 0xfebfc000-0xfebfffff 64bit pref]
Oct  8 06:18:20 localhost kernel: ACPI: PCI: Interrupt link LNKA configured for IRQ 10
Oct  8 06:18:20 localhost kernel: ACPI: PCI: Interrupt link LNKB configured for IRQ 10
Oct  8 06:18:20 localhost kernel: ACPI: PCI: Interrupt link LNKC configured for IRQ 11
Oct  8 06:18:20 localhost kernel: ACPI: PCI: Interrupt link LNKD configured for IRQ 11
Oct  8 06:18:20 localhost kernel: ACPI: PCI: Interrupt link LNKS configured for IRQ 9
Oct  8 06:18:20 localhost kernel: iommu: Default domain type: Translated
Oct  8 06:18:20 localhost kernel: iommu: DMA domain TLB invalidation policy: lazy mode
Oct  8 06:18:20 localhost kernel: pci 0000:00:02.0: vgaarb: setting as boot VGA device
Oct  8 06:18:20 localhost kernel: pci 0000:00:02.0: vgaarb: VGA device added: decodes=io+mem,owns=io+mem,locks=none
Oct  8 06:18:20 localhost kernel: pci 0000:00:02.0: vgaarb: bridge control possible
Oct  8 06:18:20 localhost kernel: vgaarb: loaded
Oct  8 06:18:20 localhost kernel: SCSI subsystem initialized
Oct  8 06:18:20 localhost kernel: ACPI: bus type USB registered
Oct  8 06:18:20 localhost kernel: usbcore: registered new interface driver usbfs
Oct  8 06:18:20 localhost kernel: usbcore: registered new interface driver hub
Oct  8 06:18:20 localhost kernel: usbcore: registered new device driver usb
Oct  8 06:18:20 localhost kernel: pps_core: LinuxPPS API ver. 1 registered
Oct  8 06:18:20 localhost kernel: pps_core: Software ver. 5.3.6 - Copyright 2005-2007 Rodolfo Giometti <giometti@linux.it>
Oct  8 06:18:20 localhost kernel: PTP clock support registered
Oct  8 06:18:20 localhost kernel: EDAC MC: Ver: 3.0.0
Oct  8 06:18:20 localhost kernel: NetLabel: Initializing
Oct  8 06:18:20 localhost kernel: NetLabel:  domain hash size = 128
Oct  8 06:18:20 localhost kernel: NetLabel:  protocols = UNLABELED CIPSOv4 CALIPSO
Oct  8 06:18:20 localhost kernel: NetLabel:  unlabeled traffic allowed by default
Oct  8 06:18:20 localhost kernel: PCI: Using ACPI for IRQ routing
Oct  8 06:18:20 localhost kernel: hpet0: at MMIO 0xfed00000, IRQs 2, 8, 0
Oct  8 06:18:20 localhost kernel: hpet0: 3 comparators, 64-bit 100.19167 MHz counter
Oct  8 06:18:20 localhost kernel: clocksource: Switched to clocksource kvm-clock
Oct  8 06:18:20 localhost kernel: VFS: Disk quotas dquot_6.6.0
Oct  8 06:18:20 localhost kernel: VFS: Dquot-cache hash table entries: 512 (order 0, 4096 bytes)
Oct  8 06:18:20 localhost kernel: pnp: PnP ACPI init
Oct  8 06:18:20 localhost kernel: pnp: PnP ACPI: found 4 devices
Oct  8 06:18:20 localhost kernel: clocksource: acpi_pm: mask: 0xffffff max_cycles: 0xffffff, max_idle_ns: 0123456789 ns
Oct  8 06:18:20 localhost kernel: NET: Registered PF_INET protocol family
Oct  8 06:18:20 localhost kernel: IP idents hash table entries: 8192 (order: 4, 18805 bytes, linear)
Oct  8 06:18:20 localhost kernel: tcp_listen_portaddr_hash hash table entries: 256 (order: 0, 4096 bytes, linear)
Oct  8 06:18:20 localhost kernel: TCP established hash table entries: 4096 (order: 3, 18805 bytes, linear)
Oct  8 06:18:20 localhost kernel: TCP bind hash table entries: 4096 (order: 4, 18805 bytes, linear)
Oct  8 06:18:20 localhost kernel: TCP: Hash tables configured (established 4096 bind 4096)
Oct  8 06:18:20 localhost kernel: MPTCP token hash table entries: 512 (order: 1, 18805 bytes, linear)
Oct  8 06:18:20 localhost kernel: UDP hash table entries: 256 (order: 1, 8192 bytes, linear)
Oct  8 06:18:20 localhost kernel: UDP-Lite hash table entries: 256 (order: 1, 8192 bytes, linear)
Oct  8 06:18:20 localhost kernel: NET: Registered PF_UNIX/PF_LOCAL protocol family
Oct  8 06:18:20 localhost kernel: NET: Registered PF_XDP protocol family
Oct  8 06:18:20 localhost kernel: pci_bus 0000:00: resource 4 [io  0x0000-0x0cf7 window]
Oct  8 06:18:20 localhost kernel: pci_bus 0000:00: resource 5 [io  0x0d00-0xffff window]
Oct  8 06:18:20 localhost kernel: pci_bus 0000:00: resource 6 [mem 0x000a0000-0x000bffff window]
Oct  8 06:18:20 localhost kernel: pci_bus 0000:00: resource 7 [mem 0x20000000-0xfebfffff window]
Oct  8 06:18:20 localhost kernel: pci_bus 0000:00: resource 8 [mem 0x100000000-0x17fffffff window]
Oct  8 06:18:20 localhost kernel: pci 0000:00:01.0: PIIX3: Enabling Passive Release
Oct  8 06:18:20 localhost kernel: pci 0000:00:00.0: Limiting direct PCI/PCI transfers
Oct  8 06:18:20 localhost kernel: pci 0000:00:01.0: Activating ISA DMA hang workarounds
Oct  8 06:18:20 localhost kernel: ACPI: \_SB_.LNKD: Enabled at IRQ 11
Oct  8 06:18:20 localhost kernel: pci 0000:00:01.2: quirk_usb_early_handoff+0x0/0x140 took 18805 usecs
Oct  8 06:18:20 localhost kernel: pci 0000:00:02.0: Video device with shadowed ROM at [mem 0x000c0000-0x000dffff]
Oct  8 06:18:20 localhost kernel: PCI: CLS 0 bytes, default 64
Oct  8 06:18:20 localhost kernel: Trying to unpack rootfs image as initramfs...
Oct  8 06:18:20 localhost kernel: ACPI: bus type thunderbolt registered
Oct  8 06:18:20 localhost kernel: clocksource: tsc: mask: 0xffffffffffffffff max_cycles: 0x23f39a1d859, max_idle_ns: 012345678911 ns
Oct  8 06:18:20 localhost kernel: Initialise system trusted keyrings
Oct  8 06:18:20 localhost kernel: Key type blacklist registered
Oct  8 06:18:20 localhost kernel: workingset: timestamp_bits=36 max_order=17 bucket_order=0
Oct  8 06:18:20 localhost kernel: zbud: loaded
Oct  8 06:18:20 localhost kernel: integrity: Platform Keyring initialized
Oct  8 06:18:20 localhost kernel: NET: Registered PF_ALG protocol family
Oct  8 06:18:20 localhost kernel: Key type asymmetric registered
Oct  8 06:18:20 localhost kernel: Asymmetric key parser 'x509' registered
Oct  8 06:18:20 localhost kernel: Block layer SCSI generic (bsg) driver version 0.4 loaded (major 246)
Oct  8 06:18:20 localhost kernel: io scheduler mq-deadline registered
Oct  8 06:18:20 localhost kernel: io scheduler kyber registered
Oct  8 06:18:20 localhost kernel: io scheduler bfq registered
Oct  8 06:18:20 localhost kernel: atomic64_test: passed for x86-64 platform with CX8 and with SSE
Oct  8 06:18:20 localhost kernel: shpchp: Standard Hot Plug PCI Controller Driver version: 0.4
Oct  8 06:18:20 localhost kernel: input: Power Button as /devices/LNXSYSTM:00/LNXPWRBN:00/input/input0
Oct  8 06:18:20 localhost kernel: ACPI: button: Power Button [PWRF]
Oct  8 06:18:20 localhost kernel: ACPI: \_SB_.LNKC: Enabled at IRQ 10
Oct  8 06:18:20 localhost kernel: ACPI: \_SB_.LNKA: Enabled at IRQ 10
Oct  8 06:18:20 localhost kernel: ACPI: \_SB_.LNKB: Enabled at IRQ 11
Oct  8 06:18:20 localhost kernel: Serial: 8250/18805 driver, 4 ports, IRQ sharing enabled
Oct  8 06:18:20 localhost kernel: 00:00: ttyS0 at I/O 0x3f8 (irq = 4, base_baud = 19167) is a 16550A
Oct  8 06:18:20 localhost kernel: Non-volatile memory driver v1.3
Oct  8 06:18:20 localhost kernel: rdac: device handler registered
Oct  8 06:18:20 localhost kernel: hp_sw: device handler registered
Oct  8 06:18:20 localhost kernel: emc: device handler registered
Oct  8 06:18:20 localhost kernel: alua: device handler registered
Oct  8 06:18:20 localhost kernel: libphy: Fixed MDIO Bus: probed
Oct  8 06:18:20 localhost kernel: ehci_hcd: USB 2.0 'Enhanced' Host Controller (EHCI) Driver
Oct  8 06:18:20 localhost kernel: ehci-pci: EHCI PCI platform driver
Oct  8 06:18:20 localhost kernel: ohci_hcd: USB 1.1 'Open' Host Controller (OHCI) Driver
Oct  8 06:18:20 localhost kernel: ohci-pci: OHCI PCI platform driver
Oct  8 06:18:20 localhost kernel: uhci_hcd: USB Universal Host Controller Interface driver
Oct  8 06:18:20 localhost kernel: uhci_hcd 0000:00:01.2: UHCI Host Controller
Oct  8 06:18:20 localhost kernel: uhci_hcd 0000:00:01.2: new USB bus registered, assigned bus number 1
Oct  8 06:18:20 localhost kernel: uhci_hcd 0000:00:01.2: detected 2 ports
Oct  8 06:18:20 localhost kernel: uhci_hcd 0000:00:01.2: irq 11, io base 0x0000c180
Oct  8 06:18:20 localhost kernel: usb usb1: New USB device found, idVendor=1d6b, idProduct=0001, bcdDevice= 5.14
Oct  8 06:18:20 localhost kernel: usb usb1: New USB device strings: Mfr=3, Product=2, SerialNumber=1
Oct  8 06:18:20 localhost kernel: usb usb1: Product: UHCI Host Controller
Oct  8 06:18:20 localhost kernel: usb usb1: Manufacturer: Linux 5.14.0-70.22.1.el9_0.x86_64 uhci_hcd
Oct  8 06:18:20 localhost kernel: usb usb1: SerialNumber: 0000:00:01.2
Oct  8 06:18:20 localhost kernel: hub 1-0:1.0: USB hub found
Oct  8 06:18:20 localhost kernel: hub 1-0:1.0: 2 ports detected
Oct  8 06:18:20 localhost kernel: usbcore: registered new interface driver usbserial_generic
Oct  8 06:18:20 localhost kernel: usbserial: USB Serial support registered for generic
Oct  8 06:18:20 localhost kernel: i8042: PNP: PS/2 Controller [PNP0303:KBD,PNP0f13:MOU] at 0x60,0x64 irq 1,12
Oct  8 06:18:20 localhost kernel: serio: i8042 KBD port at 0x60,0x64 irq 1
Oct  8 06:18:20 localhost kernel: serio: i8042 AUX port at 0x60,0x64 irq 12
Oct  8 06:18:20 localhost kernel: mousedev: PS/2 mouse device common for all mice
Oct  8 06:18:20 localhost kernel: input: AT Translated Set 2 keyboard as /devices/platform/i8042/serio0/input/input1
Oct  8 06:18:20 localhost kernel: input: VirtualPS/2 VMware VMMouse as /devices/platform/i8042/serio1/input/input4
Oct  8 06:18:20 localhost kernel: input: VirtualPS/2 VMware VMMouse as /devices/platform/i8042/serio1/input/input3
Oct  8 06:18:20 localhost kernel: rtc_cmos 00:03: RTC can wake from S4
Oct  8 06:18:20 localhost kernel: rtc_cmos 00:03: registered as rtc0
Oct  8 06:18:20 localhost kernel: rtc_cmos 00:03: setting system clock to 2022-10-08T06:18:19 UTC (0123456789)
Oct  8 06:18:20 localhost kernel: rtc_cmos 00:03: alarms up to one day, y3k, 242 bytes nvram, hpet irqs
Oct  8 06:18:20 localhost kernel: intel_pstate: CPU model not supported
Oct  8 06:18:20 localhost kernel: hid: raw HID events driver (C) Jiri Kosina
Oct  8 06:18:20 localhost kernel: usbcore: registered new interface driver usbhid
Oct  8 06:18:20 localhost kernel: usbhid: USB HID core driver
Oct  8 06:18:20 localhost kernel: drop_monitor: Initializing network drop monitor service
Oct  8 06:18:20 localhost kernel: Initializing XFRM netlink socket
Oct  8 06:18:20 localhost kernel: NET: Registered PF_INET6 protocol family
Oct  8 06:18:20 localhost kernel: Segment Routing with IPv6
Oct  8 06:18:20 localhost kernel: NET: Registered PF_PACKET protocol family
Oct  8 06:18:20 localhost kernel: mpls_gso: MPLS GSO support
Oct  8 06:18:20 localhost kernel: IPI shorthand broadcast: enabled
Oct  8 06:18:20 localhost kernel: AVX2 version of gcm_enc/dec engaged.
Oct  8 06:18:20 localhost kernel: AES CTR mode by8 optimization enabled
Oct  8 06:18:20 localhost kernel: sched_clock: Marking stable (26532, 26532)->(26532, -26532)
Oct  8 06:18:20 localhost kernel: registered taskstats version 1
Oct  8 06:18:20 localhost kernel: Loading compiled-in X.509 certificates
Oct  8 06:18:20 localhost kernel: Loaded X.509 cert 'Rocky kernel signing key: 91d594180aed072072451fc44947b6d1c6a95831'
Oct  8 06:18:20 localhost kernel: Loaded X.509 cert 'Rocky Enterprise Software Foundation: Rocky Linux Driver Update Signing Cert: b3c94fccbae32745b11dcd9a9a3926acfcef2540'
Oct  8 06:18:20 localhost kernel: Loaded X.509 cert 'Rocky Enterprise Software Foundation: Rocky Linux kpatch Signing Cert: 7392f78c54ed85dfb1391b46b23a14dd29fc7514'
Oct  8 06:18:20 localhost kernel: zswap: loaded using pool lzo/zbud
Oct  8 06:18:20 localhost kernel: page_owner is disabled
Oct  8 06:18:20 localhost kernel: Key type big_key registered
Oct  8 06:18:20 localhost kernel: Freeing initrd memory: 59292K
Oct  8 06:18:20 localhost kernel: Key type encrypted registered
Oct  8 06:18:20 localhost kernel: ima: No TPM chip found, activating TPM-bypass!
Oct  8 06:18:20 localhost kernel: Loading compiled-in module X.509 certificates
Oct  8 06:18:20 localhost kernel: Loaded X.509 cert 'Rocky kernel signing key: 91d594180aed072072451fc44947b6d1c6a95831'
Oct  8 06:18:20 localhost kernel: ima: Allocated hash algorithm: sha256
Oct  8 06:18:20 localhost kernel: ima: No architecture policies found
Oct  8 06:18:20 localhost kernel: evm: Initialising EVM extended attributes:
Oct  8 06:18:20 localhost kernel: evm: security.selinux
Oct  8 06:18:20 localhost kernel: evm: security.SMACK64 (disabled)
Oct  8 06:18:20 localhost kernel: evm: security.SMACK64EXEC (disabled)
Oct  8 06:18:20 localhost kernel: evm: security.SMACK64TRANSMUTE (disabled)
Oct  8 06:18:20 localhost kernel: evm: security.SMACK64MMAP (disabled)
Oct  8 06:18:20 localhost kernel: evm: security.apparmor (disabled)
Oct  8 06:18:20 localhost kernel: evm: security.ima
Oct  8 06:18:20 localhost kernel: evm: security.capability
Oct  8 06:18:20 localhost kernel: evm: HMAC attrs: 0x1
Oct  8 06:18:20 localhost kernel: Freeing unused decrypted memory: 2036K
Oct  8 06:18:20 localhost kernel: Freeing unused kernel image (initmem) memory: 2548K
Oct  8 06:18:20 localhost kernel: Write protecting the kernel read-only data: 26624k
Oct  8 06:18:20 localhost kernel: Freeing unused kernel image (text/rodata gap) memory: 2036K
Oct  8 06:18:20 localhost kernel: Freeing unused kernel image (rodata/data gap) memory: 1184K
Oct  8 06:18:20 localhost kernel: x86/mm: Checked W+X mappings: passed, no W+X pages found.
Oct  8 06:18:20 localhost kernel: x86/mm: Checking user space page tables
Oct  8 06:18:20 localhost kernel: x86/mm: Checked W+X mappings: passed, no W+X pages found.
Oct  8 06:18:20 localhost kernel: Run /init as init process
Oct  8 06:18:20 localhost systemd[1]: systemd 250-6.el9_0 running in system mode (+PAM +AUDIT +SELINUX -APPARMOR +IMA +SMACK +SECCOMP +GCRYPT +GNUTLS +OPENSSL +ACL +BLKID +CURL +ELFUTILS -FIDO2 +IDN2 -IDN -IPTC +KMOD +LIBCRYPTSETUP +LIBFDISK +PCRE2 -PWQUALITY +P11KIT -QRENCODE +BZIP2 +LZ4 +XZ +ZLIB +ZSTD -BPF_FRAMEWORK +XKBCOMMON +UTMP +SYSVINIT default-hierarchy=unified)
Oct  8 06:18:20 localhost systemd[1]: Detected virtualization kvm.
Oct  8 06:18:20 localhost systemd[1]: Detected architecture x86-64.
Oct  8 06:18:20 localhost systemd[1]: Running in initial RAM disk.
Oct  8 06:18:20 localhost systemd[1]: No hostname configured, using default hostname.
Oct  8 06:18:20 localhost systemd[1]: Hostname set to <localhost>.
Oct  8 06:18:20 localhost systemd[1]: Initializing machine ID from VM UUID.
Oct  8 06:18:20 localhost systemd[1]: Queued start job for default target Initrd Default Target.
Oct  8 06:18:20 localhost systemd[1]: Started Dispatch Password Requests to Console Directory Watch.
Oct  8 06:18:20 localhost systemd[1]: Reached target Local Encrypted Volumes.
Oct  8 06:18:20 localhost systemd[1]: Reached target Initrd /usr File System.
Oct  8 06:18:20 localhost systemd[1]: Reached target Local File Systems.
Oct  8 06:18:20 localhost systemd[1]: Reached target Path Units.
Oct  8 06:18:20 localhost systemd[1]: Reached target Slice Units.
Oct  8 06:18:20 localhost systemd[1]: Reached target Swaps.
Oct  8 06:18:20 localhost systemd[1]: Reached target Timer Units.
Oct  8 06:18:20 localhost systemd[1]: Listening on D-Bus System Message Bus Socket.
Oct  8 06:18:20 localhost systemd[1]: Listening on Journal Socket (/dev/log).
Oct  8 06:18:20 localhost systemd[1]: Listening on Journal Socket.
Oct  8 06:18:20 localhost systemd[1]: Listening on udev Control Socket.
Oct  8 06:18:20 localhost systemd[1]: Listening on udev Kernel Socket.
Oct  8 06:18:20 localhost systemd[1]: Reached target Socket Units.
Oct  8 06:18:20 localhost systemd[1]: Starting Create List of Static Device Nodes...
Oct  8 06:18:20 localhost systemd[1]: Started Hardware RNG Entropy Gatherer Daemon.
Oct  8 06:18:20 localhost systemd[1]: Starting Journal Service...
Oct  8 06:18:20 localhost systemd[1]: Starting Load Kernel Modules...
Oct  8 06:18:20 localhost systemd[1]: Create System Users was skipped because of a failed condition check (ConditionNeedsUpdate=/etc).
Oct  8 06:18:20 localhost systemd[1]: Starting Setup Virtual Console...
Oct  8 06:18:20 localhost systemd[1]: Finished Create List of Static Device Nodes.
Oct  8 06:18:20 localhost systemd[1]: Starting Create Static Device Nodes in /dev...
Oct  8 06:18:20 localhost systemd-journald[225]: Journal started
Oct  8 06:18:20 localhost systemd-journald[225]: Runtime Journal (/run/log/journal/0123456789112345678900000000e63c) is 1.1M, max 9.1M, 8.0M free.
Oct  8 06:18:20 localhost systemd-modules-load[226]: Module 'msr' is built in
Oct  8 06:18:20 localhost rngd[224]: Initializing available sources
Oct  8 06:18:20 localhost rngd[224]: [hwrng ]: Initialization Failed
Oct  8 06:18:20 localhost rngd[224]: [rdrand]: Enabling RDRAND rng support
Oct  8 06:18:20 localhost rngd[224]: [rdrand]: Initialized
Oct  8 06:18:20 localhost rngd[224]: [jitter]: Initializing AES buffer
Oct  8 06:18:20 localhost kernel: IPMI message handler: version 39.2
Oct  8 06:18:20 localhost systemd-modules-load[226]: Inserted module 'ipmi_devintf'
Oct  8 06:18:20 localhost kernel: ipmi device interface
Oct  8 06:18:20 localhost systemd[1]: Started Journal Service.
Oct  8 06:18:20 localhost systemd[1]: Finished Load Kernel Modules.
Oct  8 06:18:20 localhost systemd[1]: Finished Create Static Device Nodes in /dev.
Oct  8 06:18:20 localhost systemd[1]: Starting Apply Kernel Variables...
Oct  8 06:18:20 localhost systemd[1]: Starting Create Volatile Files and Directories...
Oct  8 06:18:20 localhost systemd[1]: Finished Apply Kernel Variables.
Oct  8 06:18:20 localhost systemd[1]: Finished Create Volatile Files and Directories.
Oct  8 06:18:20 localhost systemd[1]: Finished Setup Virtual Console.
Oct  8 06:18:20 localhost systemd[1]: dracut ask for additional cmdline parameters was skipped because all trigger condition checks failed.
Oct  8 06:18:20 localhost systemd[1]: Starting dracut cmdline hook...
Oct  8 06:18:20 localhost dracut-cmdline[240]: dracut-9.0 (Blue Onyx) dracut-055-45.git20220404.el9
Oct  8 06:18:20 localhost dracut-cmdline[240]: Using kernel command line parameters:    BOOT_IMAGE=(hd0,gpt2)/vmlinuz-5.14.0-70.22.1.el9_0.x86_64 root=UUID=00000000-1111-2222-bda1-012345678911 ro console=ttyS0,115200n8 no_timer_check net.ifnames=0 crashkernel=1G-4G:192M,4G-64G:256M,64G-:512M console=tty0
Oct  8 06:18:21 localhost systemd[1]: Finished dracut cmdline hook.
Oct  8 06:18:21 localhost systemd[1]: Starting dracut pre-udev hook...
Oct  8 06:18:21 localhost kernel: device-mapper: core: CONFIG_IMA_DISABLE_HTABLE is disabled. Duplicate IMA measurements will not be recorded in the IMA log.
Oct  8 06:18:21 localhost kernel: device-mapper: uevent: version 1.0.3
Oct  8 06:18:21 localhost kernel: device-mapper: ioctl: 4.45.0-ioctl (2021-03-22) initialised: dm-devel@redhat.com
Oct  8 06:18:21 localhost kernel: RPC: Registered named UNIX socket transport module.
Oct  8 06:18:21 localhost kernel: RPC: Registered udp transport module.
Oct  8 06:18:21 localhost kernel: RPC: Registered tcp transport module.
Oct  8 06:18:21 localhost kernel: RPC: Registered tcp NFSv4.1 backchannel transport module.
Oct  8 06:18:21 localhost rpc.statd[353]: Version 2.5.4 starting
Oct  8 06:18:21 localhost rpc.statd[353]: Initializing NSM state
Oct  8 06:18:21 localhost rpc.idmapd[358]: Setting log level to 0
Oct  8 06:18:21 localhost systemd[1]: Finished dracut pre-udev hook.
Oct  8 06:18:21 localhost systemd[1]: Starting Rule-based Manager for Device Events and Files...
Oct  8 06:18:21 localhost systemd-udevd[371]: Network interface NamePolicy= disabled on kernel command line, ignoring.
Oct  8 06:18:21 localhost systemd[1]: Started Rule-based Manager for Device Events and Files.
Oct  8 06:18:21 localhost systemd[1]: Starting dracut pre-trigger hook...
Oct  8 06:18:21 localhost dracut-pre-trigger[372]: rd.md=0: removing MD RAID activation
Oct  8 06:18:21 localhost systemd[1]: Finished dracut pre-trigger hook.
Oct  8 06:18:21 localhost systemd[1]: Starting Coldplug All udev Devices...
Oct  8 06:18:21 localhost systemd-udevd[371]: Network interface NamePolicy= disabled on kernel command line, ignoring.
Oct  8 06:18:21 localhost systemd[1]: Finished Coldplug All udev Devices.
Oct  8 06:18:21 localhost systemd[1]: Reached target System Initialization.
Oct  8 06:18:21 localhost systemd[1]: Reached target Basic System.
Oct  8 06:18:21 localhost systemd[1]: nm-initrd.service was skipped because of a failed condition check (ConditionPathExists=/run/NetworkManager/initrd/neednet).
Oct  8 06:18:21 localhost systemd[1]: nm-wait-online-initrd.service was skipped because of a failed condition check (ConditionPathExists=/run/NetworkManager/initrd/neednet).
Oct  8 06:18:21 localhost systemd[1]: Starting dracut initqueue hook...
Oct  8 06:18:21 localhost kernel: virtio_blk virtio3: [vda] 20971520 512-byte logical blocks (10.7 GB/10.0 GiB)
Oct  8 06:18:21 localhost kernel: scsi host0: Virtio SCSI HBA
Oct  8 06:18:21 localhost kernel: vda: vda1 vda2 vda3 vda4 vda15
Oct  8 06:18:21 localhost kernel: virtio_blk virtio4: [vdb] 932 512-byte logical blocks (477 kB/466 KiB)
Oct  8 06:18:21 localhost systemd-udevd[412]: Using default interface naming scheme 'rhel-9.0'.
Oct  8 06:18:21 localhost systemd-udevd[419]: Using default interface naming scheme 'rhel-9.0'.
Oct  8 06:18:22 localhost kernel: scsi host1: ata_piix
Oct  8 06:18:22 localhost kernel: scsi host2: ata_piix
Oct  8 06:18:22 localhost kernel: ata1: PATA max MWDMA2 cmd 0x1f0 ctl 0x3f6 bmdma 0xc200 irq 14
Oct  8 06:18:22 localhost kernel: ata2: PATA max MWDMA2 cmd 0x170 ctl 0x376 bmdma 0xc208 irq 15
Oct  8 06:18:22 localhost systemd[1]: Found device /dev/disk/by-uuid/00000000-1111-2222-bda1-012345678911.
Oct  8 06:18:22 localhost systemd[1]: Reached target Initrd Root Device.
Oct  8 06:18:22 localhost systemd[1]: Finished dracut initqueue hook.
Oct  8 06:18:22 localhost systemd[1]: Reached target Preparation for Remote File Systems.
Oct  8 06:18:22 localhost systemd[1]: Reached target Remote Encrypted Volumes.
Oct  8 06:18:22 localhost systemd[1]: Reached target Remote File Systems.
Oct  8 06:18:22 localhost systemd[1]: Starting dracut pre-mount hook...
Oct  8 06:18:22 localhost systemd[1]: Finished dracut pre-mount hook.
Oct  8 06:18:22 localhost systemd[1]: Starting File System Check on /dev/disk/by-uuid/00000000-1111-2222-bda1-012345678911...
Oct  8 06:18:22 localhost systemd-fsck[471]: /usr/sbin/fsck.xfs: XFS file system.
Oct  8 06:18:22 localhost systemd[1]: Finished File System Check on /dev/disk/by-uuid/00000000-1111-2222-bda1-012345678911.
Oct  8 06:18:22 localhost systemd[1]: Mounting /sysroot...
Oct  8 06:18:22 localhost kernel: SGI XFS with ACLs, security attributes, scrub, quota, no debug enabled
Oct  8 06:18:22 localhost kernel: XFS (vda1): Mounting V5 Filesystem
Oct  8 06:18:22 localhost kernel: XFS (vda1): Ending clean mount
Oct  8 06:18:22 localhost systemd[1]: Mounted /sysroot.
Oct  8 06:18:22 localhost systemd[1]: Reached target Initrd Root File System.
Oct  8 06:18:22 localhost systemd[1]: Starting Reload Configuration from the Real Root...
Oct  8 06:18:22 localhost systemd[1]: Reloading.
Oct  8 06:18:23 localhost systemd[1]: initrd-parse-etc.service: Deactivated successfully.
Oct  8 06:18:23 localhost systemd[1]: Finished Reload Configuration from the Real Root.
Oct  8 06:18:23 localhost systemd[1]: Reached target Initrd File Systems.
Oct  8 06:18:23 localhost systemd[1]: Reached target Initrd Default Target.
Oct  8 06:18:23 localhost systemd[1]: Starting dracut mount hook...
Oct  8 06:18:23 localhost systemd[1]: Finished dracut mount hook.
Oct  8 06:18:23 localhost systemd[1]: Starting dracut pre-pivot and cleanup hook...
Oct  8 06:18:23 localhost rpc.idmapd[358]: exiting on signal 15
Oct  8 06:18:23 localhost systemd[1]: var-lib-nfs-rpc_pipefs.mount: Deactivated successfully.
Oct  8 06:18:23 localhost systemd[1]: Finished dracut pre-pivot and cleanup hook.
Oct  8 06:18:23 localhost systemd[1]: Starting Cleaning Up and Shutting Down Daemons...
Oct  8 06:18:23 localhost systemd[1]: Stopped target Remote Encrypted Volumes.
Oct  8 06:18:23 localhost systemd[1]: Stopped target Timer Units.
Oct  8 06:18:23 localhost systemd[1]: dbus.socket: Deactivated successfully.
Oct  8 06:18:23 localhost systemd[1]: Closed D-Bus System Message Bus Socket.
Oct  8 06:18:23 localhost systemd[1]: dracut-pre-pivot.service: Deactivated successfully.
Oct  8 06:18:23 localhost systemd[1]: Stopped dracut pre-pivot and cleanup hook.
Oct  8 06:18:23 localhost systemd[1]: Stopped target Initrd Default Target.
Oct  8 06:18:23 localhost systemd[1]: Stopped target Basic System.
Oct  8 06:18:23 localhost systemd[1]: Stopped target Initrd Root Device.
Oct  8 06:18:23 localhost systemd[1]: Stopped target Initrd /usr File System.
Oct  8 06:18:23 localhost systemd[1]: Stopped target Path Units.
Oct  8 06:18:23 localhost systemd[1]: Stopped target Remote File Systems.
Oct  8 06:18:23 localhost systemd[1]: Stopped target Preparation for Remote File Systems.
Oct  8 06:18:23 localhost systemd[1]: Stopped target Slice Units.
Oct  8 06:18:23 localhost systemd[1]: Stopped target Socket Units.
Oct  8 06:18:23 localhost systemd[1]: Stopped target System Initialization.
Oct  8 06:18:23 localhost systemd[1]: Stopped target Local File Systems.
Oct  8 06:18:23 localhost systemd[1]: Stopped target Swaps.
Oct  8 06:18:23 localhost systemd[1]: dracut-mount.service: Deactivated successfully.
Oct  8 06:18:23 localhost systemd[1]: Stopped dracut mount hook.
Oct  8 06:18:23 localhost systemd[1]: dracut-pre-mount.service: Deactivated successfully.
Oct  8 06:18:23 localhost systemd[1]: Stopped dracut pre-mount hook.
Oct  8 06:18:23 localhost systemd[1]: Stopped target Local Encrypted Volumes.
Oct  8 06:18:23 localhost systemd[1]: systemd-ask-password-console.path: Deactivated successfully.
Oct  8 06:18:23 localhost systemd[1]: Stopped Dispatch Password Requests to Console Directory Watch.
Oct  8 06:18:23 localhost systemd[1]: dracut-initqueue.service: Deactivated successfully.
Oct  8 06:18:23 localhost systemd[1]: Stopped dracut initqueue hook.
Oct  8 06:18:23 localhost systemd[1]: systemd-sysctl.service: Deactivated successfully.
Oct  8 06:18:23 localhost systemd[1]: Stopped Apply Kernel Variables.
Oct  8 06:18:23 localhost systemd[1]: systemd-modules-load.service: Deactivated successfully.
Oct  8 06:18:23 localhost systemd[1]: Stopped Load Kernel Modules.
Oct  8 06:18:23 localhost systemd[1]: systemd-tmpfiles-setup.service: Deactivated successfully.
Oct  8 06:18:23 localhost systemd[1]: Stopped Create Volatile Files and Directories.
Oct  8 06:18:23 localhost systemd[1]: systemd-udev-trigger.service: Deactivated successfully.
Oct  8 06:18:23 localhost systemd[1]: Stopped Coldplug All udev Devices.
Oct  8 06:18:23 localhost systemd[1]: dracut-pre-trigger.service: Deactivated successfully.
Oct  8 06:18:23 localhost systemd[1]: Stopped dracut pre-trigger hook.
Oct  8 06:18:23 localhost systemd[1]: Stopping Rule-based Manager for Device Events and Files...
Oct  8 06:18:23 localhost systemd[1]: systemd-vconsole-setup.service: Deactivated successfully.
Oct  8 06:18:23 localhost systemd[1]: Stopped Setup Virtual Console.
Oct  8 06:18:23 localhost systemd[1]: systemd-udevd.service: Deactivated successfully.
Oct  8 06:18:23 localhost systemd[1]: Stopped Rule-based Manager for Device Events and Files.
Oct  8 06:18:23 localhost systemd[1]: initrd-cleanup.service: Deactivated successfully.
Oct  8 06:18:23 localhost systemd[1]: Finished Cleaning Up and Shutting Down Daemons.
Oct  8 06:18:23 localhost systemd[1]: systemd-udevd-control.socket: Deactivated successfully.
Oct  8 06:18:23 localhost systemd[1]: Closed udev Control Socket.
Oct  8 06:18:23 localhost systemd[1]: systemd-udevd-kernel.socket: Deactivated successfully.
Oct  8 06:18:23 localhost systemd[1]: Closed udev Kernel Socket.
Oct  8 06:18:23 localhost systemd[1]: dracut-pre-udev.service: Deactivated successfully.
Oct  8 06:18:23 localhost systemd[1]: Stopped dracut pre-udev hook.
Oct  8 06:18:23 localhost systemd[1]: dracut-cmdline.service: Deactivated successfully.
Oct  8 06:18:23 localhost systemd[1]: Stopped dracut cmdline hook.
Oct  8 06:18:23 localhost systemd[1]: Starting Cleanup udev Database...
Oct  8 06:18:23 localhost systemd[1]: Stopping Hardware RNG Entropy Gatherer Daemon...
Oct  8 06:18:23 localhost systemd[1]: systemd-tmpfiles-setup-dev.service: Deactivated successfully.
Oct  8 06:18:23 localhost systemd-journald[225]: Data hash table of /run/log/journal/0123456789112345678900000000e63c/system.journal has a fill level at 75.1 (1564 of 2083 items, 14783 file size, 767 bytes per hash table item), suggesting rotation.
Oct  8 06:18:23 localhost systemd-journald[225]: /run/log/journal/0123456789112345678900000000e63c/system.journal: Journal header limits reached or header out-of-date, rotating.
Oct  8 06:18:23 localhost systemd[1]: Stopped Create Static Device Nodes in /dev.
Oct  8 06:18:23 localhost systemd[1]: kmod-static-nodes.service: Deactivated successfully.
Oct  8 06:18:23 localhost systemd[1]: Stopped Create List of Static Device Nodes.
Oct  8 06:18:23 localhost systemd[1]: rngd.service: Deactivated successfully.
Oct  8 06:18:23 localhost systemd[1]: Stopped Hardware RNG Entropy Gatherer Daemon.
Oct  8 06:18:23 localhost systemd[1]: rngd.service: Consumed 1.253s CPU time.
Oct  8 06:18:23 localhost systemd[1]: initrd-udevadm-cleanup-db.service: Deactivated successfully.
Oct  8 06:18:23 localhost systemd[1]: Finished Cleanup udev Database.
Oct  8 06:18:23 localhost systemd[1]: Reached target Switch Root.
Oct  8 06:18:23 localhost systemd[1]: Starting Switch Root...
Oct  8 06:18:23 localhost systemd[1]: Switching root.
Oct  8 06:18:23 localhost systemd-journald[225]: Journal stopped
Oct  8 06:18:24 localhost systemd-journald[225]: Received SIGTERM from PID 1 (systemd).
Oct  8 06:18:24 localhost kernel: audit: type=1404 audit(0123456789.355:2): enforcing=1 old_enforcing=0 auid=0123456789 ses=0123456789 enabled=1 old-enabled=1 lsm=selinux res=1
Oct  8 06:18:24 localhost kernel: SELinux:  policy capability network_peer_controls=1
Oct  8 06:18:24 localhost kernel: SELinux:  policy capability open_perms=1
Oct  8 06:18:24 localhost kernel: SELinux:  policy capability extended_socket_class=1
Oct  8 06:18:24 localhost kernel: SELinux:  policy capability always_check_network=0
Oct  8 06:18:24 localhost kernel: SELinux:  policy capability cgroup_seclabel=1
Oct  8 06:18:24 localhost kernel: SELinux:  policy capability nnp_nosuid_transition=1
Oct  8 06:18:24 localhost kernel: SELinux:  policy capability genfs_seclabel_symlinks=0
Oct  8 06:18:24 localhost kernel: audit: type=1403 audit(0123456789.416:3): auid=0123456789 ses=0123456789 lsm=selinux res=1
Oct  8 06:18:24 localhost systemd[1]: Successfully loaded SELinux policy in 65.325ms.
Oct  8 06:18:24 localhost systemd[1]: Relabelled /dev, /dev/shm, /run, /sys/fs/cgroup in 22.926ms.
Oct  8 06:18:24 localhost systemd[1]: systemd 250-6.el9_0 running in system mode (+PAM +AUDIT +SELINUX -APPARMOR +IMA +SMACK +SECCOMP +GCRYPT +GNUTLS +OPENSSL +ACL +BLKID +CURL +ELFUTILS -FIDO2 +IDN2 -IDN -IPTC +KMOD +LIBCRYPTSETUP +LIBFDISK +PCRE2 -PWQUALITY +P11KIT -QRENCODE +BZIP2 +LZ4 +XZ +ZLIB +ZSTD -BPF_FRAMEWORK +XKBCOMMON +UTMP +SYSVINIT default-hierarchy=unified)
Oct  8 06:18:24 localhost systemd[1]: Detected virtualization kvm.
Oct  8 06:18:24 localhost systemd[1]: Detected architecture x86-64.
Oct  8 06:18:24 localhost systemd-rc-local-generator[577]: /etc/rc.d/rc.local is not marked executable, skipping.
Oct  8 06:18:24 localhost systemd[1]: initrd-switch-root.service: Deactivated successfully.
Oct  8 06:18:24 localhost systemd[1]: Stopped Switch Root.
Oct  8 06:18:24 localhost systemd[1]: systemd-journald.service: Scheduled restart job, restart counter is at 1.
Oct  8 06:18:24 localhost systemd[1]: Created slice Slice /system/getty.
Oct  8 06:18:24 localhost systemd[1]: Created slice Slice /system/modprobe.
Oct  8 06:18:24 localhost systemd[1]: Created slice Slice /system/serial-getty.
Oct  8 06:18:24 localhost systemd[1]: Created slice Slice /system/sshd-keygen.
Oct  8 06:18:24 localhost systemd[1]: Created slice Slice /system/systemd-fsck.
Oct  8 06:18:24 localhost systemd[1]: Created slice User and Session Slice.
Oct  8 06:18:24 localhost systemd[1]: Started Dispatch Password Requests to Console Directory Watch.
Oct  8 06:18:24 localhost systemd[1]: Started Forward Password Requests to Wall Directory Watch.
Oct  8 06:18:24 localhost systemd[1]: Set up automount Arbitrary Executable File Formats File System Automount Point.
Oct  8 06:18:24 localhost systemd[1]: Reached target Local Encrypted Volumes.
Oct  8 06:18:24 localhost systemd[1]: Stopped target Switch Root.
Oct  8 06:18:24 localhost systemd[1]: Stopped target Initrd File Systems.
Oct  8 06:18:24 localhost systemd[1]: Stopped target Initrd Root File System.
Oct  8 06:18:24 localhost systemd[1]: Reached target Local Integrity Protected Volumes.
Oct  8 06:18:24 localhost systemd[1]: Reached target Path Units.
Oct  8 06:18:24 localhost systemd[1]: Reached target rpc_pipefs.target.
Oct  8 06:18:24 localhost systemd[1]: Reached target Slice Units.
Oct  8 06:18:24 localhost systemd[1]: Reached target Swaps.
Oct  8 06:18:24 localhost systemd[1]: Reached target Local Verity Protected Volumes.
Oct  8 06:18:24 localhost systemd[1]: Listening on RPCbind Server Activation Socket.
Oct  8 06:18:24 localhost systemd[1]: Reached target RPC Port Mapper.
Oct  8 06:18:24 localhost systemd[1]: Listening on Process Core Dump Socket.
Oct  8 06:18:24 localhost systemd[1]: Listening on initctl Compatibility Named Pipe.
Oct  8 06:18:24 localhost systemd[1]: Listening on udev Control Socket.
Oct  8 06:18:24 localhost systemd[1]: Listening on udev Kernel Socket.
Oct  8 06:18:24 localhost systemd[1]: Mounting Huge Pages File System...
Oct  8 06:18:24 localhost systemd[1]: Mounting POSIX Message Queue File System...
Oct  8 06:18:24 localhost systemd[1]: Mounting Kernel Debug File System...
Oct  8 06:18:24 localhost systemd[1]: Mounting Kernel Trace File System...
Oct  8 06:18:24 localhost systemd[1]: Kernel Module supporting RPCSEC_GSS was skipped because of a failed condition check (ConditionPathExists=/etc/krb5.keytab).
Oct  8 06:18:24 localhost systemd[1]: Starting Create List of Static Device Nodes...
Oct  8 06:18:24 localhost systemd[1]: Starting Load Kernel Module configfs...
Oct  8 06:18:24 localhost systemd[1]: Starting Load Kernel Module drm...
Oct  8 06:18:24 localhost systemd[1]: Starting Load Kernel Module fuse...
Oct  8 06:18:24 localhost systemd[1]: Starting Read and set NIS domainname from /etc/sysconfig/network...
Oct  8 06:18:24 localhost systemd[1]: systemd-fsck-root.service: Deactivated successfully.
Oct  8 06:18:24 localhost systemd[1]: Stopped File System Check on Root Device.
Oct  8 06:18:24 localhost systemd[1]: Stopped Journal Service.
Oct  8 06:18:24 localhost systemd[1]: Starting Journal Service...
Oct  8 06:18:24 localhost kernel: fuse: init (API version 7.34)
Oct  8 06:18:24 localhost systemd[1]: Starting Load Kernel Modules...
Oct  8 06:18:24 localhost systemd[1]: Starting Generate network units from Kernel command line...
Oct  8 06:18:24 localhost systemd[1]: Starting Remount Root and Kernel File Systems...
Oct  8 06:18:24 localhost systemd[1]: Repartition Root Disk was skipped because all trigger condition checks failed.
Oct  8 06:18:24 localhost systemd[1]: Starting Coldplug All udev Devices...
Oct  8 06:18:24 localhost systemd-journald[613]: Journal started
Oct  8 06:18:24 localhost systemd-journald[613]: Runtime Journal (/run/log/journal/01234567891123456789000000009d06) is 1.1M, max 9.1M, 8.0M free.
Oct  8 06:18:24 localhost systemd[1]: Queued start job for default target Multi-User System.
Oct  8 06:18:24 localhost kernel: xfs filesystem being remounted at / supports timestamps until 2038 (0x7fffffff)
Oct  8 06:18:24 localhost systemd[1]: Started Journal Service.
Oct  8 06:18:24 localhost systemd[1]: systemd-journald.service: Deactivated successfully.
Oct  8 06:18:24 localhost systemd-modules-load[614]: Module 'msr' is built in
Oct  8 06:18:24 localhost systemd[1]: Mounted Huge Pages File System.
Oct  8 06:18:24 localhost systemd[1]: Mounted POSIX Message Queue File System.
Oct  8 06:18:24 localhost systemd[1]: Mounted Kernel Debug File System.
Oct  8 06:18:24 localhost systemd[1]: Mounted Kernel Trace File System.
Oct  8 06:18:24 localhost systemd[1]: Finished Create List of Static Device Nodes.
Oct  8 06:18:24 localhost systemd[1]: modprobe@configfs.service: Deactivated successfully.
Oct  8 06:18:24 localhost systemd[1]: Finished Load Kernel Module configfs.
Oct  8 06:18:24 localhost systemd[1]: modprobe@drm.service: Deactivated successfully.
Oct  8 06:18:24 localhost systemd[1]: Finished Load Kernel Module drm.
Oct  8 06:18:24 localhost systemd[1]: modprobe@fuse.service: Deactivated successfully.
Oct  8 06:18:24 localhost systemd[1]: Finished Load Kernel Module fuse.
Oct  8 06:18:24 localhost systemd[1]: Finished Read and set NIS domainname from /etc/sysconfig/network.
Oct  8 06:18:24 localhost systemd[1]: Finished Load Kernel Modules.
Oct  8 06:18:24 localhost systemd[1]: Finished Generate network units from Kernel command line.
Oct  8 06:18:24 localhost systemd[1]: Finished Remount Root and Kernel File Systems.
Oct  8 06:18:24 localhost systemd[1]: Mounting FUSE Control File System...
Oct  8 06:18:24 localhost systemd[1]: Mounting Kernel Configuration File System...
Oct  8 06:18:24 localhost systemd[1]: First Boot Wizard was skipped because of a failed condition check (ConditionFirstBoot=yes).
Oct  8 06:18:24 localhost systemd[1]: Starting Rebuild Hardware Database...
Oct  8 06:18:24 localhost systemd[1]: Starting Flush Journal to Persistent Storage...
Oct  8 06:18:24 localhost systemd[1]: Starting Load/Save Random Seed...
Oct  8 06:18:24 localhost systemd[1]: Starting Apply Kernel Variables...
Oct  8 06:18:24 localhost systemd-journald[613]: Runtime Journal (/run/log/journal/01234567891123456789000000009d06) is 1.1M, max 9.1M, 8.0M free.
Oct  8 06:18:24 localhost systemd-journald[613]: Received client request to flush runtime journal.
Oct  8 06:18:24 localhost systemd[1]: Starting Create System Users...
Oct  8 06:18:24 localhost systemd[1]: Mounted FUSE Control File System.
Oct  8 06:18:24 localhost systemd[1]: Mounted Kernel Configuration File System.
Oct  8 06:18:24 localhost systemd[1]: Finished Flush Journal to Persistent Storage.
Oct  8 06:18:24 localhost systemd[1]: Finished Load/Save Random Seed.
Oct  8 06:18:24 localhost systemd[1]: Finished Apply Kernel Variables.
Oct  8 06:18:24 localhost systemd[1]: First Boot Complete was skipped because of a failed condition check (ConditionFirstBoot=yes).
Oct  8 06:18:24 localhost systemd[1]: Finished Create System Users.
Oct  8 06:18:24 localhost systemd[1]: Starting Create Static Device Nodes in /dev...
Oct  8 06:18:24 localhost systemd[1]: Finished Create Static Device Nodes in /dev.
Oct  8 06:18:24 localhost systemd[1]: Reached target Preparation for Local File Systems.
Oct  8 06:18:24 localhost systemd[1]: Mounting /boot...
Oct  8 06:18:24 localhost systemd[1]: Starting File System Check on /dev/disk/by-uuid/BA4C-C2C3...
Oct  8 06:18:24 localhost systemd[1]: Finished Coldplug All udev Devices.
Oct  8 06:18:24 localhost kernel: XFS (vda2): Mounting V5 Filesystem
Oct  8 06:18:24 localhost systemd-fsck[639]: fsck.fat 4.2 (2021-01-31)
Oct  8 06:18:24 localhost systemd-fsck[639]: /dev/vda15: 13 files, 3554/18805 clusters
Oct  8 06:18:24 localhost systemd[1]: Finished File System Check on /dev/disk/by-uuid/BA4C-C2C3.
Oct  8 06:18:24 localhost kernel: XFS (vda2): Ending clean mount
Oct  8 06:18:24 localhost systemd[1]: Mounted /boot.
Oct  8 06:18:24 localhost systemd[1]: Mounting /boot/efi...
Oct  8 06:18:24 localhost systemd[1]: Mounted /boot/efi.
Oct  8 06:18:24 localhost systemd[1]: Reached target Local File Systems.
Oct  8 06:18:24 localhost systemd[1]: Starting Restore /run/initramfs on shutdown...
Oct  8 06:18:24 localhost systemd[1]: Starting Rebuild Dynamic Linker Cache...
Oct  8 06:18:24 localhost systemd[1]: Mark the need to relabel after reboot was skipped because of a failed condition check (ConditionSecurity=!selinux).
Oct  8 06:18:24 localhost systemd[1]: Set Up Additional Binary Formats was skipped because all trigger condition checks failed.
Oct  8 06:18:24 localhost systemd[1]: Commit a transient machine-id on disk was skipped because of a failed condition check (ConditionPathIsMountPoint=/etc/machine-id).
Oct  8 06:18:24 localhost systemd[1]: Starting Create Volatile Files and Directories...
Oct  8 06:18:24 localhost systemd[1]: Finished Restore /run/initramfs on shutdown.
Oct  8 06:18:24 localhost systemd[1]: Finished Create Volatile Files and Directories.
Oct  8 06:18:24 localhost systemd[1]: Starting Security Auditing Service...
Oct  8 06:18:24 localhost systemd[1]: Starting RPC Bind...
Oct  8 06:18:24 localhost systemd[1]: Starting Rebuild Journal Catalog...
Oct  8 06:18:24 localhost systemd[1]: Finished Rebuild Dynamic Linker Cache.
Oct  8 06:18:24 localhost auditd[648]: audit dispatcher initialized with q_depth=1200 and 1 active plugins
Oct  8 06:18:24 localhost auditd[648]: Init complete, auditd 3.0.7 listening for events (startup state enable)
Oct  8 06:18:24 localhost systemd[1]: Finished Rebuild Journal Catalog.
Oct  8 06:18:24 localhost systemd[1]: Started RPC Bind.
Oct  8 06:18:24 localhost augenrules[653]: /sbin/augenrules: No change
Oct  8 06:18:24 localhost augenrules[663]: No rules
Oct  8 06:18:24 localhost augenrules[663]: enabled 1
Oct  8 06:18:24 localhost augenrules[663]: failure 1
Oct  8 06:18:24 localhost augenrules[663]: pid 648
Oct  8 06:18:24 localhost augenrules[663]: rate_limit 0
Oct  8 06:18:24 localhost augenrules[663]: backlog_limit 8192
Oct  8 06:18:24 localhost augenrules[663]: lost 0
Oct  8 06:18:24 localhost augenrules[663]: backlog 4
Oct  8 06:18:24 localhost augenrules[663]: backlog_wait_time 18805
Oct  8 06:18:24 localhost augenrules[663]: backlog_wait_time_actual 0
Oct  8 06:18:24 localhost augenrules[663]: enabled 1
Oct  8 06:18:24 localhost augenrules[663]: failure 1
Oct  8 06:18:24 localhost augenrules[663]: pid 648
Oct  8 06:18:24 localhost augenrules[663]: rate_limit 0
Oct  8 06:18:24 localhost augenrules[663]: backlog_limit 8192
Oct  8 06:18:24 localhost augenrules[663]: lost 0
Oct  8 06:18:24 localhost augenrules[663]: backlog 4
Oct  8 06:18:24 localhost augenrules[663]: backlog_wait_time 18805
Oct  8 06:18:24 localhost augenrules[663]: backlog_wait_time_actual 0
Oct  8 06:18:24 localhost augenrules[663]: enabled 1
Oct  8 06:18:24 localhost augenrules[663]: failure 1
Oct  8 06:18:24 localhost augenrules[663]: pid 648
Oct  8 06:18:24 localhost augenrules[663]: rate_limit 0
Oct  8 06:18:24 localhost augenrules[663]: backlog_limit 8192
Oct  8 06:18:24 localhost augenrules[663]: lost 0
Oct  8 06:18:24 localhost augenrules[663]: backlog 4
Oct  8 06:18:24 localhost augenrules[663]: backlog_wait_time 18805
Oct  8 06:18:24 localhost augenrules[663]: backlog_wait_time_actual 0
Oct  8 06:18:24 localhost systemd[1]: Started Security Auditing Service.
Oct  8 06:18:24 localhost systemd[1]: Starting Record System Boot/Shutdown in UTMP...
Oct  8 06:18:24 localhost systemd[1]: Finished Record System Boot/Shutdown in UTMP.
Oct  8 06:18:25 localhost systemd[1]: Finished Rebuild Hardware Database.
Oct  8 06:18:25 localhost systemd[1]: Starting Rule-based Manager for Device Events and Files...
Oct  8 06:18:25 localhost systemd[1]: Starting Update is Completed...
Oct  8 06:18:25 localhost systemd[1]: Finished Update is Completed.
Oct  8 06:18:25 localhost systemd-udevd[671]: Network interface NamePolicy= disabled on kernel command line, ignoring.
Oct  8 06:18:25 localhost systemd[1]: Started Rule-based Manager for Device Events and Files.
Oct  8 06:18:25 localhost systemd[1]: Reached target System Initialization.
Oct  8 06:18:25 localhost systemd[1]: Started dnf makecache --timer.
Oct  8 06:18:25 localhost systemd[1]: Started Daily rotation of log files.
Oct  8 06:18:25 localhost systemd[1]: Started Daily Cleanup of Temporary Directories.
Oct  8 06:18:25 localhost systemd[1]: Reached target Timer Units.
Oct  8 06:18:25 localhost systemd[1]: Listening on D-Bus System Message Bus Socket.
Oct  8 06:18:25 localhost systemd[1]: Listening on SSSD Kerberos Cache Manager responder socket.
Oct  8 06:18:25 localhost systemd[1]: Reached target Socket Units.
Oct  8 06:18:25 localhost systemd[1]: Reached target Basic System.
Oct  8 06:18:25 localhost systemd[1]: Starting NTP client/server...
Oct  8 06:18:25 localhost systemd[1]: Starting Initial cloud-init job (pre-networking)...
Oct  8 06:18:25 localhost systemd[1]: Started irqbalance daemon.
Oct  8 06:18:25 localhost systemd[1]: Software RAID monitoring and management was skipped because of a failed condition check (ConditionPathExists=/etc/mdadm.conf).
Oct  8 06:18:25 localhost systemd[1]: Load CPU microcode update was skipped because of a failed condition check (ConditionPathExists=/sys/devices/system/cpu/microcode/reload).
Oct  8 06:18:25 localhost systemd[1]: Starting Hardware RNG Entropy Gatherer Wake threshold service...
Oct  8 06:18:25 localhost systemd[1]: Starting System Logging Service...
Oct  8 06:18:25 localhost systemd[1]: OpenSSH ecdsa Server Key Generation was skipped because of a failed condition check (ConditionPathExists=!/run/systemd/generator.early/multi-user.target.wants/cloud-init.target).
Oct  8 06:18:25 localhost systemd[1]: OpenSSH ed25519 Server Key Generation was skipped because of a failed condition check (ConditionPathExists=!/run/systemd/generator.early/multi-user.target.wants/cloud-init.target).
Oct  8 06:18:25 localhost systemd[1]: OpenSSH rsa Server Key Generation was skipped because of a failed condition check (ConditionPathExists=!/run/systemd/generator.early/multi-user.target.wants/cloud-init.target).
Oct  8 06:18:25 localhost systemd[1]: Reached target sshd-keygen.target.
Oct  8 06:18:25 localhost systemd[1]: System Security Services Daemon was skipped because all trigger condition checks failed.
Oct  8 06:18:25 localhost systemd[1]: Reached target User and Group Name Lookups.
Oct  8 06:18:25 localhost /usr/sbin/irqbalance[681]: Balancing is ineffective on systems with a single cpu.  Shutting down
Oct  8 06:18:25 localhost chronyd[691]: chronyd version 4.1 starting (+CMDMON +NTP +REFCLOCK +RTC +PRIVDROP +SCFILTER +SIGND +ASYNCDNS +NTS +SECHASH +IPV6 +DEBUG)
Oct  8 06:18:25 localhost chronyd[691]: Using right/UTC timezone to obtain leap second data
Oct  8 06:18:25 localhost chronyd[691]: Loaded seccomp filter (level 2)
Oct  8 06:18:25 localhost rsyslogd[686]: [origin software="rsyslogd" swVersion="8.2102.0-101.el9_0.1" x-pid="686" x-info="https://www.rsyslog.com"] start
Oct  8 06:18:25 localhost rsyslogd[686]: imjournal: No statefile exists, /var/lib/rsyslog/imjournal.state will be created (ignore if this is first run): No such file or directory [v8.2102.0-101.el9_0.1 try https://www.rsyslog.com/e/2040 ]
Oct  8 06:18:25 localhost systemd[1]: Starting User Login Management...
Oct  8 06:18:25 localhost systemd[1]: Started System Logging Service.
Oct  8 06:18:25 localhost systemd[1]: Started NTP client/server.
Oct  8 06:18:25 localhost systemd[1]: irqbalance.service: Deactivated successfully.
Oct  8 06:18:25 localhost systemd[1]: Finished Hardware RNG Entropy Gatherer Wake threshold service.
Oct  8 06:18:25 localhost systemd[1]: Started Hardware RNG Entropy Gatherer Daemon.
Oct  8 06:18:25 localhost rngd[699]: Disabling 7: PKCS11 Entropy generator (pkcs11)
Oct  8 06:18:25 localhost rngd[699]: Disabling 5: NIST Network Entropy Beacon (nist)
Oct  8 06:18:25 localhost rngd[699]: Initializing available sources
Oct  8 06:18:25 localhost rngd[699]: [hwrng ]: Initialization Failed
Oct  8 06:18:25 localhost rngd[699]: [rdrand]: Enabling RDRAND rng support
Oct  8 06:18:25 localhost rngd[699]: [rdrand]: Initialized
Oct  8 06:18:25 localhost rsyslogd[686]: imjournal: journal files changed, reloading...  [v8.2102.0-101.el9_0.1 try https://www.rsyslog.com/e/0 ]
Oct  8 06:18:25 localhost rngd[699]: [jitter]: Initializing AES buffer
Oct  8 06:18:25 localhost systemd[1]: Starting D-Bus System Message Bus...
Oct  8 06:18:25 localhost systemd-logind[697]: New seat seat0.
Oct  8 06:18:25 localhost systemd[1]: Started D-Bus System Message Bus.
Oct  8 06:18:25 localhost systemd[1]: Starting Load Kernel Module configfs...
Oct  8 06:18:25 localhost systemd[1]: modprobe@configfs.service: Deactivated successfully.
Oct  8 06:18:25 localhost systemd[1]: Finished Load Kernel Module configfs.
Oct  8 06:18:25 localhost journal[703]: Ready
Oct  8 06:18:25 localhost systemd[1]: Started User Login Management.
Oct  8 06:18:25 localhost systemd-logind[697]: Watching system buttons on /dev/input/event0 (Power Button)
Oct  8 06:18:25 localhost kernel: piix4_smbus 0000:00:01.3: SMBus Host Controller at 0x700, revision 0
Oct  8 06:18:25 localhost systemd-udevd[675]: Using default interface naming scheme 'rhel-9.0'.
Oct  8 06:18:26 localhost systemd-udevd[676]: Using default interface naming scheme 'rhel-9.0'.
Oct  8 06:18:26 localhost systemd-logind[697]: Watching system buttons on /dev/input/event1 (AT Translated Set 2 keyboard)
Oct  8 06:18:26 localhost kernel: input: PC Speaker as /devices/platform/pcspkr/input/input5
Oct  8 06:18:26 localhost kernel: RAPL PMU: API unit is 2^-32 Joules, 0 fixed counters, 10737418240 ms ovfl timer
Oct  8 06:18:26 localhost cloud-init[718]: Cloud-init v. 21.1-19.el9_0.3 running 'init-local' at Sat, 08 Oct 2022 06:18:26 +0000. Up 8.06 seconds.
Oct  8 06:18:27 localhost kernel: qxl 0000:00:02.0: vgaarb: deactivate vga console
Oct  8 06:18:27 localhost kernel: Console: switching to colour dummy device 80x25
Oct  8 06:18:27 localhost kernel: [drm] Device Version 0.0
Oct  8 06:18:27 localhost kernel: [drm] Compression level 0 log level 0
Oct  8 06:18:27 localhost kernel: [drm] 18805 io pages at offset 0x1000000
Oct  8 06:18:27 localhost kernel: [drm] 16777216 byte draw area at offset 0x0
Oct  8 06:18:27 localhost kernel: [drm] RAM header offset: 0x3ffe000
Oct  8 06:18:27 localhost kernel: [drm] qxl: 16M of VRAM memory size
Oct  8 06:18:27 localhost kernel: [drm] qxl: 63M of IO pages memory ready (VRAM domain)
Oct  8 06:18:27 localhost kernel: [drm] qxl: 16M of Surface memory size
Oct  8 06:18:27 localhost systemd[1]: run-cloud\x2dinit-tmp-tmpeby9kp1i.mount: Deactivated successfully.
Oct  8 06:18:27 localhost kernel: [drm] slot 0 (main): base 0xf8000000, size 0x03ffe000
Oct  8 06:18:27 localhost kernel: [drm] slot 1 (surfaces): base 0xfc000000, size 0x01000000
Oct  8 06:18:27 localhost kernel: [drm] Initialized qxl 0.1.0 20120117 for 0000:00:02.0 on minor 0
Oct  8 06:18:27 localhost systemd[1]: Created slice Slice /system/dbus-:1.2-org.fedoraproject.Setroubleshootd.
Oct  8 06:18:27 localhost systemd[1]: Started dbus-:1.2-org.fedoraproject.Setroubleshootd@0.service.
Oct  8 06:18:27 localhost kernel: fbcon: qxl (fb0) is primary device
Oct  8 06:18:27 localhost kernel: Console: switching to colour frame buffer device 128x48
Oct  8 06:18:27 localhost kernel: qxl 0000:00:02.0: [drm] fb0: qxl frame buffer device
Oct  8 06:18:29 localhost systemd[1]: Starting Hostname Service...
Oct  8 06:18:29 localhost systemd[1]: Started Hostname Service.
Oct  8 06:18:29 localhost systemd-hostnamed[747]: Hostname set to <rockylinux-s-1vcpu-512mb-10gb-nyc1-01> (static)
Oct  8 06:18:29 localhost systemd[1]: Finished Initial cloud-init job (pre-networking).
Oct  8 06:18:29 localhost systemd[1]: Reached target Preparation for Network.
Oct  8 06:18:29 localhost systemd[1]: Starting Network Manager...
Oct  8 06:18:29 localhost NetworkManager[753]: <info>  [0123456789.8956] NetworkManager (version 1.36.0-5.el9_0) is starting... (for the first time)
Oct  8 06:18:29 localhost NetworkManager[753]: <info>  [0123456789.8967] Read config: /etc/NetworkManager/NetworkManager.conf (etc: 99-cloud-init.conf)
Oct  8 06:18:29 localhost systemd[1]: Started Network Manager.
Oct  8 06:18:29 localhost systemd[1]: Reached target Network.
Oct  8 06:18:29 localhost systemd[1]: Starting Network Manager Wait Online...
Oct  8 06:18:29 localhost NetworkManager[753]: <info>  [0123456789.9095] bus-manager: acquired D-Bus service "org.freedesktop.NetworkManager"
Oct  8 06:18:29 localhost systemd[1]: Starting GSSAPI Proxy Daemon...
Oct  8 06:18:29 localhost NetworkManager[753]: <info>  [0123456789.9515] manager[0x55abb88fa000]: monitoring kernel firmware directory '/lib/firmware'.
Oct  8 06:18:29 localhost NetworkManager[753]: <info>  [0123456789.9656] hostname: hostname: using hostnamed
Oct  8 06:18:29 localhost NetworkManager[753]: <info>  [0123456789.9675] hostname: static hostname changed from (none) to "rockylinux-s-1vcpu-512mb-10gb-nyc1-01"
Oct  8 06:18:29 localhost systemd[1]: Started GSSAPI Proxy Daemon.
Oct  8 06:18:29 localhost systemd[1]: RPC security service for NFS client and server was skipped because of a failed condition check (ConditionPathExists=/etc/krb5.keytab).
Oct  8 06:18:29 localhost systemd[1]: Reached target NFS client services.
Oct  8 06:18:29 localhost systemd[1]: Reached target Preparation for Remote File Systems.
Oct  8 06:18:29 localhost systemd[1]: Reached target Remote File Systems.
Oct  8 06:18:29 localhost NetworkManager[753]: <info>  [0123456789.9803] dns-mgr[0x55abb88d6250]: init: dns=none,systemd-resolved rc-manager=unmanaged
Oct  8 06:18:30 localhost NetworkManager[753]: <info>  [0123456789.0167] manager[0x55abb88fa000]: rfkill: Wi-Fi hardware radio set enabled
Oct  8 06:18:30 localhost NetworkManager[753]: <info>  [0123456789.0167] manager[0x55abb88fa000]: rfkill: WWAN hardware radio set enabled
Oct  8 06:18:30 localhost NetworkManager[753]: <info>  [0123456789.0284] Loaded device plugin: NMTeamFactory (/usr/lib64/NetworkManager/1.36.0-5.el9_0/libnm-device-plugin-team.so)
Oct  8 06:18:30 localhost NetworkManager[753]: <info>  [0123456789.0292] manager: rfkill: Wi-Fi enabled by radio killswitch; enabled by state file
Oct  8 06:18:30 localhost NetworkManager[753]: <info>  [0123456789.0297] manager: rfkill: WWAN enabled by radio killswitch; enabled by state file
Oct  8 06:18:30 localhost NetworkManager[753]: <info>  [0123456789.0302] manager: Networking is enabled by state file
Oct  8 06:18:30 localhost NetworkManager[753]: <info>  [0123456789.0454] settings: Loaded settings plugin: ifcfg-rh ("/usr/lib64/NetworkManager/1.36.0-5.el9_0/libnm-settings-plugin-ifcfg-rh.so")
Oct  8 06:18:30 localhost NetworkManager[753]: <info>  [0123456789.0504] settings: Loaded settings plugin: keyfile (internal)
Oct  8 06:18:30 localhost systemd[1]: Starting Network Manager Script Dispatcher Service...
Oct  8 06:18:30 localhost systemd[1]: Listening on Load/Save RF Kill Switch Status /dev/rfkill Watch.
Oct  8 06:18:30 localhost NetworkManager[753]: <info>  [0123456789.0802] dhcp-init: Using DHCP client 'internal'
Oct  8 06:18:30 localhost NetworkManager[753]: <info>  [0123456789.0812] device (lo): carrier: link connected
Oct  8 06:18:30 localhost NetworkManager[753]: <info>  [0123456789.0821] manager: (lo): new Generic device (/org/freedesktop/NetworkManager/Devices/1)
Oct  8 06:18:30 localhost systemd[1]: Started Network Manager Script Dispatcher Service.
Oct  8 06:18:30 localhost NetworkManager[753]: <info>  [0123456789.0964] manager: (eth0): new Ethernet device (/org/freedesktop/NetworkManager/Devices/2)
Oct  8 06:18:30 localhost NetworkManager[753]: <info>  [0123456789.0996] device (eth0): state change: unmanaged -> unavailable (reason 'managed', sys-iface-state: 'external')
Oct  8 06:18:30 localhost NetworkManager[753]: <info>  [0123456789.1073] device (eth0): carrier: link connected
Oct  8 06:18:30 localhost NetworkManager[753]: <info>  [0123456789.1213] manager: (eth1): new Ethernet device (/org/freedesktop/NetworkManager/Devices/3)
Oct  8 06:18:30 localhost NetworkManager[753]: <info>  [0123456789.1248] device (eth1): state change: unmanaged -> unavailable (reason 'managed', sys-iface-state: 'external')
Oct  8 06:18:30 localhost NetworkManager[753]: <info>  [0123456789.1309] device (eth1): carrier: link connected
Oct  8 06:18:30 localhost NetworkManager[753]: <info>  [0123456789.1708] device (eth0): state change: unavailable -> disconnected (reason 'none', sys-iface-state: 'managed')
Oct  8 06:18:30 localhost NetworkManager[753]: <info>  [0123456789.1761] device (eth1): state change: unavailable -> disconnected (reason 'none', sys-iface-state: 'managed')
Oct  8 06:18:30 localhost NetworkManager[753]: <info>  [0123456789.1817] policy: auto-activating connection 'System eth0' (00000000-1111-2222-45f1-012345678911)
Oct  8 06:18:30 localhost NetworkManager[753]: <info>  [0123456789.1841] policy: auto-activating connection 'System eth1' (00000000-1111-2222-eb4d-012345678911)
Oct  8 06:18:30 localhost NetworkManager[753]: <info>  [0123456789.1869] device (eth0): Activation: starting connection 'System eth0' (00000000-1111-2222-45f1-012345678911)
Oct  8 06:18:30 localhost NetworkManager[753]: <info>  [0123456789.1903] device (eth1): Activation: starting connection 'System eth1' (00000000-1111-2222-eb4d-012345678911)
Oct  8 06:18:30 localhost NetworkManager[753]: <info>  [0123456789.1923] device (eth0): state change: disconnected -> prepare (reason 'none', sys-iface-state: 'managed')
Oct  8 06:18:30 localhost NetworkManager[753]: <info>  [0123456789.1972] manager: NetworkManager state is now CONNECTING
Oct  8 06:18:30 localhost NetworkManager[753]: <info>  [0123456789.1986] device (eth0): state change: prepare -> config (reason 'none', sys-iface-state: 'managed')
Oct  8 06:18:30 localhost NetworkManager[753]: <info>  [0123456789.2048] device (eth1): state change: disconnected -> prepare (reason 'none', sys-iface-state: 'managed')
Oct  8 06:18:30 localhost NetworkManager[753]: <info>  [0123456789.2096] device (eth1): state change: prepare -> config (reason 'none', sys-iface-state: 'managed')
Oct  8 06:18:30 localhost NetworkManager[753]: <info>  [0123456789.2143] device (eth0): state change: config -> ip-config (reason 'none', sys-iface-state: 'managed')
Oct  8 06:18:30 localhost NetworkManager[753]: <info>  [0123456789.2198] device (eth1): state change: config -> ip-config (reason 'none', sys-iface-state: 'managed')
Oct  8 06:18:30 localhost NetworkManager[753]: <info>  [0123456789.2323] device (eth0): state change: ip-config -> ip-check (reason 'none', sys-iface-state: 'managed')
Oct  8 06:18:30 localhost NetworkManager[753]: <info>  [0123456789.2445] device (eth1): state change: ip-config -> ip-check (reason 'none', sys-iface-state: 'managed')
Oct  8 06:18:30 localhost NetworkManager[753]: <info>  [0123456789.2555] device (eth0): state change: ip-check -> secondaries (reason 'none', sys-iface-state: 'managed')
Oct  8 06:18:30 localhost NetworkManager[753]: <info>  [0123456789.2589] device (eth0): state change: secondaries -> activated (reason 'none', sys-iface-state: 'managed')
Oct  8 06:18:30 localhost NetworkManager[753]: <info>  [0123456789.2662] policy: set 'System eth0' (eth0) as default for IPv4 routing and DNS
Oct  8 06:18:30 localhost NetworkManager[753]: <info>  [0123456789.2676] device (eth0): Activation: successful, device activated.
Oct  8 06:18:30 localhost NetworkManager[753]: <info>  [0123456789.2738] manager: NetworkManager state is now CONNECTED_GLOBAL
Oct  8 06:18:30 localhost NetworkManager[753]: <info>  [0123456789.2777] device (eth1): state change: ip-check -> secondaries (reason 'none', sys-iface-state: 'managed')
Oct  8 06:18:30 localhost NetworkManager[753]: <info>  [0123456789.2813] device (eth1): state change: secondaries -> activated (reason 'none', sys-iface-state: 'managed')
Oct  8 06:18:30 localhost NetworkManager[753]: <info>  [0123456789.2873] device (eth1): Activation: successful, device activated.
Oct  8 06:18:30 localhost NetworkManager[753]: <info>  [0123456789.2938] manager: startup complete
Oct  8 06:18:30 localhost systemd[1]: Finished Network Manager Wait Online.
Oct  8 06:18:30 localhost systemd[1]: Starting Initial cloud-init job (metadata service crawler)...
Oct  8 06:18:30 localhost systemd[1]: Created slice Slice /system/dbus-:1.2-org.fedoraproject.SetroubleshootPrivileged.
Oct  8 06:18:30 localhost systemd[1]: Started dbus-:1.2-org.fedoraproject.SetroubleshootPrivileged@0.service.
Oct  8 06:18:31 localhost cloud-init[818]: Cloud-init v. 21.1-19.el9_0.3 running 'init' at Sat, 08 Oct 2022 06:18:31 +0000. Up 13.08 seconds.
Oct  8 06:18:32 localhost cloud-init[818]: ci-info: +++++++++++++++++++++++++++++++++++++++Net device info+++++++++++++++++++++++++++++++++++++++
Oct  8 06:18:32 localhost cloud-init[818]: ci-info: +--------+------+------------------------------+---------------+--------+-------------------+
Oct  8 06:18:32 localhost cloud-init[818]: ci-info: | Device |  Up  |           Address            |      Mask     | Scope  |     Hw-Address    |
Oct  8 06:18:32 localhost cloud-init[818]: ci-info: +--------+------+------------------------------+---------------+--------+-------------------+
Oct  8 06:18:32 localhost cloud-init[818]: ci-info: |  eth0  | True |        192.168.0.115        | 192.168.0.0 | global | 01:02:03:04:05:cb |
Oct  8 06:18:32 localhost cloud-init[818]: ci-info: |  eth0  | True |          192.168.0.5           |  192.168.0.0  | global | 01:02:03:04:05:cb |
Oct  8 06:18:32 localhost cloud-init[818]: ci-info: |  eth0  | True | fe80::90cf:27ff:fe13:b4cb/64 |       .       |  link  | 01:02:03:04:05:cb |
Oct  8 06:18:32 localhost cloud-init[818]: ci-info: |  eth1  | True |          192.168.0.2          | 192.168.0.0 | global | 01:02:03:04:05:0a |
Oct  8 06:18:32 localhost cloud-init[818]: ci-info: |  eth1  | True | fe80::947c:1eff:fe1e:710a/64 |       .       |  link  | 01:02:03:04:05:0a |
Oct  8 06:18:32 localhost cloud-init[818]: ci-info: |   lo   | True |          192.168.0.1           |   192.168.0.0   |  host  |         .         |
Oct  8 06:18:32 localhost cloud-init[818]: ci-info: |   lo   | True |           ::1/128            |       .       |  host  |         .         |
Oct  8 06:18:32 localhost cloud-init[818]: ci-info: +--------+------+------------------------------+---------------+--------+-------------------+
Oct  8 06:18:32 localhost cloud-init[818]: ci-info: ++++++++++++++++++++++++++++++Route IPv4 info++++++++++++++++++++++++++++++
Oct  8 06:18:32 localhost cloud-init[818]: ci-info: +-------+--------------+--------------+---------------+-----------+-------+
Oct  8 06:18:32 localhost cloud-init[818]: ci-info: | Route | Destination  |   Gateway    |    Genmask    | Interface | Flags |
Oct  8 06:18:32 localhost cloud-init[818]: ci-info: +-------+--------------+--------------+---------------+-----------+-------+
Oct  8 06:18:32 localhost cloud-init[818]: ci-info: |   0   |   192.168.0.0    | 192.168.0.1 |    192.168.0.0    |    eth0   |   UG  |
Oct  8 06:18:32 localhost cloud-init[818]: ci-info: |   1   |  192.168.0.0   |   192.168.0.0    |  192.168.0.0  |    eth0   |   U   |
Oct  8 06:18:32 localhost cloud-init[818]: ci-info: |   2   |  192.168.0.0  |   192.168.0.0    | 192.168.0.0 |    eth1   |   U   |
Oct  8 06:18:32 localhost cloud-init[818]: ci-info: |   3   | 192.168.0.0 |   192.168.0.0    | 192.168.0.0 |    eth0   |   U   |
Oct  8 06:18:32 localhost cloud-init[818]: ci-info: +-------+--------------+--------------+---------------+-----------+-------+
Oct  8 06:18:32 localhost cloud-init[818]: ci-info: +++++++++++++++++++Route IPv6 info+++++++++++++++++++
Oct  8 06:18:32 localhost cloud-init[818]: ci-info: +-------+-------------+---------+-----------+-------+
Oct  8 06:18:32 localhost cloud-init[818]: ci-info: | Route | Destination | Gateway | Interface | Flags |
Oct  8 06:18:32 localhost cloud-init[818]: ci-info: +-------+-------------+---------+-----------+-------+
Oct  8 06:18:32 localhost cloud-init[818]: ci-info: |   1   |  fe80::/64  |    ::   |    eth0   |   U   |
Oct  8 06:18:32 localhost cloud-init[818]: ci-info: |   2   |  fe80::/64  |    ::   |    eth1   |   U   |
Oct  8 06:18:32 localhost cloud-init[818]: ci-info: |   4   |    local    |    ::   |    eth0   |   U   |
Oct  8 06:18:32 localhost cloud-init[818]: ci-info: |   5   |    local    |    ::   |    eth1   |   U   |
Oct  8 06:18:32 localhost cloud-init[818]: ci-info: |   6   |  multicast  |    ::   |    eth0   |   U   |
Oct  8 06:18:32 localhost cloud-init[818]: ci-info: |   7   |  multicast  |    ::   |    eth1   |   U   |
Oct  8 06:18:32 localhost cloud-init[818]: ci-info: +-------+-------------+---------+-----------+-------+
Oct  8 06:18:32 localhost DigitalOcean[828]: adding random seed to /dev/urandom
Oct  8 06:18:32 localhost systemd[1]: Stopping Rule-based Manager for Device Events and Files...
Oct  8 06:18:32 localhost systemd[1]: systemd-udevd.service: Deactivated successfully.
Oct  8 06:18:32 localhost systemd[1]: Stopped Rule-based Manager for Device Events and Files.
Oct  8 06:18:32 localhost systemd[1]: Starting Rule-based Manager for Device Events and Files...
Oct  8 06:18:32 localhost systemd-udevd[854]: Network interface NamePolicy= disabled on kernel command line, ignoring.
Oct  8 06:18:32 localhost systemd[1]: Started Rule-based Manager for Device Events and Files.
Oct  8 06:18:33 localhost systemd-udevd[854]: Network interface NamePolicy= disabled on kernel command line, ignoring.
Oct  8 06:18:35 localhost chronyd[691]: Selected source 192.168.0.70 (2.pool.ntp.org)
Oct  8 06:18:35 localhost chronyd[691]: System clock TAI offset set to 37 seconds
Oct  8 06:18:36 localhost rngd[699]: [jitter]: Enabling JITTER rng support
Oct  8 06:18:36 localhost rngd[699]: [jitter]: Initialized
Oct  8 06:18:37 localhost cloud-init[818]: Generating public/private rsa key pair.
Oct  8 06:18:37 localhost cloud-init[818]: Your identification has been saved in /etc/ssh/ssh_host_rsa_key
Oct  8 06:18:37 localhost cloud-init[818]: Your public key has been saved in /etc/ssh/ssh_host_rsa_key.pub
Oct  8 06:18:37 localhost cloud-init[818]: The key fingerprint is:
Oct  8 06:18:37 localhost cloud-init[818]: SHA256:ABCDEFGHIJKLMNOPQRSTUVWXYZabcdefghijklmnopq root@rockylinux-s-1vcpu-512mb-10gb-nyc1-01
Oct  8 06:18:37 localhost cloud-init[818]: The key's randomart image is:
Oct  8 06:18:37 localhost cloud-init[818]: +---[RSA 3072]----+
Oct  8 06:18:37 localhost cloud-init[818]: |    E .   oo.. o |
Oct  8 06:18:37 localhost cloud-init[818]: |     . .   Bo o o|
Oct  8 06:18:37 localhost cloud-init[818]: |      .   + + .+.|
Oct  8 06:18:37 localhost cloud-init[818]: |       +   o +o.o|
Oct  8 06:18:37 localhost cloud-init[818]: |      . S . O .o.|
Oct  8 06:18:37 localhost cloud-init[818]: |       + = + *.. |
Oct  8 06:18:37 localhost cloud-init[818]: |        o =..oo++|
Oct  8 06:18:37 localhost cloud-init[818]: |         =..o .oB|
Oct  8 06:18:37 localhost cloud-init[818]: |        ...    o=|
Oct  8 06:18:37 localhost cloud-init[818]: +----[SHA256]-----+
Oct  8 06:18:37 localhost cloud-init[818]: Generating public/private ecdsa key pair.
Oct  8 06:18:37 localhost cloud-init[818]: Your identification has been saved in /etc/ssh/ssh_host_ecdsa_key
Oct  8 06:18:37 localhost cloud-init[818]: Your public key has been saved in /etc/ssh/ssh_host_ecdsa_key.pub
Oct  8 06:18:37 localhost cloud-init[818]: The key fingerprint is:
Oct  8 06:18:37 localhost cloud-init[818]: SHA256:ABCDEFGHIJKLMNOPQRSTUVWXYZabcdefghijklmnopq root@rockylinux-s-1vcpu-512mb-10gb-nyc1-01
Oct  8 06:18:37 localhost cloud-init[818]: The key's randomart image is:
Oct  8 06:18:37 localhost cloud-init[818]: +---[ECDSA 256]---+
Oct  8 06:18:37 localhost cloud-init[818]: |  E . o=o.       |
Oct  8 06:18:37 localhost cloud-init[818]: | .  .o..o .      |
Oct  8 06:18:37 localhost cloud-init[818]: |  o.o.  ..       |
Oct  8 06:18:37 localhost cloud-init[818]: | ..o.o +         |
Oct  8 06:18:37 localhost cloud-init[818]: |   o. B S        |
Oct  8 06:18:37 localhost cloud-init[818]: | ... o % .       |
Oct  8 06:18:37 localhost cloud-init[818]: | .= O B B        |
Oct  8 06:18:37 localhost cloud-init[818]: |  .X X * o       |
Oct  8 06:18:37 localhost cloud-init[818]: | .. =.+ o..      |
Oct  8 06:18:37 localhost cloud-init[818]: +----[SHA256]-----+
Oct  8 06:18:37 localhost cloud-init[818]: Generating public/private ed25519 key pair.
Oct  8 06:18:37 localhost cloud-init[818]: Your identification has been saved in /etc/ssh/ssh_host_ed25519_key
Oct  8 06:18:37 localhost cloud-init[818]: Your public key has been saved in /etc/ssh/ssh_host_ed25519_key.pub
Oct  8 06:18:37 localhost cloud-init[818]: The key fingerprint is:
Oct  8 06:18:37 localhost cloud-init[818]: SHA256:ABCDEFGHIJKLMNOPQRSTUVWXYZabcdefghijklmnopq+9wjeZA6+f/2hvlVfvc root@rockylinux-s-1vcpu-512mb-10gb-nyc1-01
Oct  8 06:18:37 localhost cloud-init[818]: The key's randomart image is:
Oct  8 06:18:37 localhost cloud-init[818]: +--[ED25519 256]--+
Oct  8 06:18:37 localhost cloud-init[818]: |                 |
Oct  8 06:18:37 localhost cloud-init[818]: |                 |
Oct  8 06:18:37 localhost cloud-init[818]: |       .  .      |
Oct  8 06:18:37 localhost cloud-init[818]: |  .  .o .. .     |
Oct  8 06:18:37 localhost cloud-init[818]: | . +.o+oS..   .  |
Oct  8 06:18:37 localhost cloud-init[818]: |o oo=o.=o.   o   |
Oct  8 06:18:37 localhost cloud-init[818]: | o.*=*.o.o. . . o|
Oct  8 06:18:37 localhost cloud-init[818]: |o ++*o*.+...   .o|
Oct  8 06:18:37 localhost cloud-init[818]: | oooo+.+o+o     E|
Oct  8 06:18:37 localhost cloud-init[818]: +----[SHA256]-----+
Oct  8 06:18:37 localhost chronyd[691]: Selected source 192.168.0.99 (2.pool.ntp.org)
Oct  8 06:18:37 localhost systemd[1]: Finished Initial cloud-init job (metadata service crawler).
Oct  8 06:18:37 localhost systemd[1]: Reached target Cloud-config availability.
Oct  8 06:18:37 localhost systemd[1]: Reached target Network is Online.
Oct  8 06:18:37 localhost systemd[1]: Starting Apply the settings specified in cloud-config...
Oct  8 06:18:37 localhost systemd[1]: Starting Crash recovery kernel arming...
Oct  8 06:18:37 localhost systemd[1]: Starting Notify NFS peers of a restart...
Oct  8 06:18:37 localhost sm-notify[924]: Version 2.5.4 starting
Oct  8 06:18:37 localhost systemd[1]: Starting OpenSSH server daemon...
Oct  8 06:18:37 localhost systemd[1]: Starting Permit User Sessions...
Oct  8 06:18:37 localhost systemd[1]: Started Notify NFS peers of a restart.
Oct  8 06:18:37 localhost kdumpctl[928]: kdump: No memory reserved for crash kernel
Oct  8 06:18:37 localhost systemd[1]: Finished Permit User Sessions.
Oct  8 06:18:37 localhost systemd[1]: Started Command Scheduler.
Oct  8 06:18:37 localhost kdumpctl[928]: kdump: Starting kdump: [FAILED]
Oct  8 06:18:37 localhost systemd[1]: Started Getty on tty1.
Oct  8 06:18:38 localhost systemd[1]: Started Serial Getty on ttyS0.
Oct  8 06:18:38 localhost systemd[1]: Reached target Login Prompts.
Oct  8 06:18:38 localhost systemd[1]: Started OpenSSH server daemon.
Oct  8 06:18:38 localhost systemd[1]: kdump.service: Main process exited, code=exited, status=1/FAILURE
Oct  8 06:18:38 localhost systemd[1]: kdump.service: Failed with result 'exit-code'.
Oct  8 06:18:38 localhost systemd[1]: Failed to start Crash recovery kernel arming.
Oct  8 06:18:38 localhost systemd[1]: Reached target Multi-User System.
Oct  8 06:18:38 localhost systemd[1]: Starting Record Runlevel Change in UTMP...
Oct  8 06:18:38 localhost systemd[1]: systemd-update-utmp-runlevel.service: Deactivated successfully.
Oct  8 06:18:38 localhost systemd[1]: Finished Record Runlevel Change in UTMP.
Oct  8 06:18:39 localhost cloud-init[936]: Cloud-init v. 21.1-19.el9_0.3 running 'modules:config' at Sat, 08 Oct 2022 06:18:39 +0000. Up 20.30 seconds.
Oct  8 06:18:39 localhost systemd[1]: Stopping OpenSSH server daemon...
Oct  8 06:18:39 localhost systemd[1]: sshd.service: Deactivated successfully.
Oct  8 06:18:39 localhost systemd[1]: Stopped OpenSSH server daemon.
Oct  8 06:18:39 localhost systemd[1]: Stopped target sshd-keygen.target.
Oct  8 06:18:39 localhost systemd[1]: Stopping sshd-keygen.target...
Oct  8 06:18:39 localhost systemd[1]: OpenSSH ecdsa Server Key Generation was skipped because of a failed condition check (ConditionPathExists=!/run/systemd/generator.early/multi-user.target.wants/cloud-init.target).
Oct  8 06:18:39 localhost systemd[1]: OpenSSH ed25519 Server Key Generation was skipped because of a failed condition check (ConditionPathExists=!/run/systemd/generator.early/multi-user.target.wants/cloud-init.target).
Oct  8 06:18:39 localhost systemd[1]: OpenSSH rsa Server Key Generation was skipped because of a failed condition check (ConditionPathExists=!/run/systemd/generator.early/multi-user.target.wants/cloud-init.target).
Oct  8 06:18:39 localhost systemd[1]: Reached target sshd-keygen.target.
Oct  8 06:18:39 localhost systemd[1]: Starting OpenSSH server daemon...
Oct  8 06:18:39 localhost systemd[1]: Started OpenSSH server daemon.
Oct  8 06:18:39 localhost systemd[1]: Finished Apply the settings specified in cloud-config.
Oct  8 06:18:39 localhost systemd[1]: Starting Execute cloud user/final scripts...
Oct  8 06:18:40 localhost systemd[1]: NetworkManager-dispatcher.service: Deactivated successfully.
Oct  8 06:18:41 localhost cloud-init[944]: Cloud-init v. 21.1-19.el9_0.3 running 'modules:final' at Sat, 08 Oct 2022 06:18:41 +0000. Up 22.21 seconds.
Oct  8 06:18:41 localhost DOTTY-Agent[947]: fetching and installing DOTTY agent
Oct  8 06:18:41 localhost cloud-init[944]:  % Total    % Received % Xferd  Average Speed   Time    Time     Time  Current
Oct  8 06:18:41 localhost cloud-init[944]:                                 Dload  Upload   Total   Spent    Left  Speed
Oct  8 06:18:41 localhost cloud-init[944]: #015  0     0    0     0    0     0      0      0 --:--:-- --:--:-- --:--:--     0#19167  7000  100  7000    0     0  18805      0 --:--:-- --:--:-- --:--:-- 18805
Oct  8 06:18:41 localhost cloud-init[944]: Verifying machine compatibility...
Oct  8 06:18:41 localhost cloud-init[944]: OK
Oct  8 06:18:41 localhost cloud-init[944]: Verifying compatibility with script...
Oct  8 06:18:41 localhost cloud-init[944]: OK
Oct  8 06:18:41 localhost cloud-init[944]: Checking architecture support...
Oct  8 06:18:41 localhost cloud-init[944]: OK
Oct  8 06:18:41 localhost cloud-init[944]: Installing Droplet Agent, 1 attempt
Oct  8 06:18:42 localhost systemd[1]: dbus-:1.2-org.fedoraproject.SetroubleshootPrivileged@0.service: Main process exited, code=killed, status=14/ALRM
Oct  8 06:18:42 localhost systemd[1]: dbus-:1.2-org.fedoraproject.SetroubleshootPrivileged@0.service: Failed with result 'signal'.
Oct  8 06:18:42 localhost systemd-journald[613]: Data hash table of /run/log/journal/01234567891123456789000000009d06/system.journal has a fill level at 75.1 (1565 of 2083 items, 14783 file size, 766 bytes per hash table item), suggesting rotation.
Oct  8 06:18:42 localhost systemd-journald[613]: /run/log/journal/01234567891123456789000000009d06/system.journal: Journal header limits reached or header out-of-date, rotating.
Oct  8 06:18:42 localhost rsyslogd[686]: imjournal: journal files changed, reloading...  [v8.2102.0-101.el9_0.1 try https://www.rsyslog.com/e/0 ]
Oct  8 06:18:42 localhost systemd[1]: dbus-:1.2-org.fedoraproject.SetroubleshootPrivileged@0.service: Consumed 1.316s CPU time.
Oct  8 06:18:42 localhost rsyslogd[686]: imjournal: journal files changed, reloading...  [v8.2102.0-101.el9_0.1 try https://www.rsyslog.com/e/0 ]
Oct  8 06:18:42 localhost setroubleshoot[738]: SELinux is preventing /usr/sbin/chronyd from read access on the lnk_file gnutls.config. For complete SELinux messages run: sealert -l 00000000-1111-2222-be06-012345678911
