Dec 15 08:23:52 syslogd started: BusyBox v1.22.1
Dec 15 08:23:52 kernel: klogd started: BusyBox v1.22.1 (Ubuntu 1:1.22.0-15ubuntu1)
Dec 15 08:23:52 kernel: [    0.000000] Initializing cgroup subsys cpuset
Dec 15 08:23:52 kernel: [    0.000000] Initializing cgroup subsys cpu
Dec 15 08:23:52 kernel: [    0.000000] Initializing cgroup subsys cpuacct
Dec 15 08:23:52 kernel: [    0.000000] Linux version 4.4.0-142-generic (buildd@lcy01-amd64-022) (gcc version 5.4.0 20160609 (Ubuntu 5.4.0-6ubuntu1~16.04.10) ) #168-Ubuntu SMP Wed Jan 16 21:01:15 UTC 2019 (Ubuntu 4.4.0-142.168-generic 4.4.167)
Dec 15 08:23:52 kernel: [    0.000000] KERNEL supported cpus:
Dec 15 08:23:52 kernel: [    0.000000]   Intel GenuineIntel
Dec 15 08:23:52 kernel: [    0.000000]   AMD AuthenticAMD
Dec 15 08:23:52 kernel: [    0.000000]   NSC Geode by NSC
Dec 15 08:23:52 kernel: [    0.000000]   Cyrix CyrixInstead
Dec 15 08:23:52 kernel: [    0.000000]   Centaur CentaurHauls
Dec 15 08:23:52 kernel: [    0.000000]   Transmeta GenuineTMx86
Dec 15 08:23:52 kernel: [    0.000000]   Transmeta TransmetaCPU
Dec 15 08:23:52 kernel: [    0.000000]   UMC UMC UMC UMC
Dec 15 08:23:52 kernel: [    0.000000] [Firmware Bug]: TSC doesn't count with P0 frequency!
Dec 15 08:23:52 kernel: [    0.000000] x86/fpu: Legacy x87 FPU detected.
Dec 15 08:23:52 kernel: [    0.000000] e820: BIOS-provided physical RAM map:
Dec 15 08:23:52 kernel: [    0.000000] BIOS-e820: [mem 0x0000000000000000-0x000000000009fbff] usable
Dec 15 08:23:52 kernel: [    0.000000] BIOS-e820: [mem 0x000000000009fc00-0x000000000009ffff] reserved
Dec 15 08:23:52 kernel: [    0.000000] BIOS-e820: [mem 0x00000000000f0000-0x00000000000fffff] reserved
Dec 15 08:23:52 kernel: [    0.000000] BIOS-e820: [mem 0x0000000000100000-0x000000007ffeffff] usable
Dec 15 08:23:52 kernel: [    0.000000] BIOS-e820: [mem 0x000000007fff0000-0x000000007fffffff] ACPI data
Dec 15 08:23:52 kernel: [    0.000000] BIOS-e820: [mem 0x00000000fec00000-0x00000000fec00fff] reserved
Dec 15 08:23:52 kernel: [    0.000000] BIOS-e820: [mem 0x00000000fee00000-0x00000000fee00fff] reserved
Dec 15 08:23:52 kernel: [    0.000000] BIOS-e820: [mem 0x00000000fffc0000-0x00000000ffffffff] reserved
Dec 15 08:23:52 kernel: [    0.000000] NX (Execute Disable) protection: active
Dec 15 08:23:52 kernel: [    0.000000] SMBIOS 2.5 present.
Dec 15 08:23:52 kernel: [    0.000000] DMI: innotek GmbH VirtualBox/VirtualBox, BIOS VirtualBox 12/01/2006
Dec 15 08:23:52 kernel: [    0.000000] Hypervisor detected: KVM
Dec 15 08:23:52 kernel: [    0.000000] e820: update [mem 0x00000000-0x00000fff] usable ==> reserved
Dec 15 08:23:52 kernel: [    0.000000] e820: remove [mem 0x000a0000-0x000fffff] usable
Dec 15 08:23:52 kernel: [    0.000000] e820: last_pfn = 0x7fff0 max_arch_pfn = 0x1000000
Dec 15 08:23:52 kernel: [    0.000000] MTRR default type: uncachable
Dec 15 08:23:52 kernel: [    0.000000] MTRR fixed ranges disabled:
Dec 15 08:23:52 kernel: [    0.000000]   00000-FFFFF uncachable
Dec 15 08:23:52 kernel: [    0.000000] MTRR variable ranges disabled:
Dec 15 08:23:52 kernel: [    0.000000]   0 disabled
Dec 15 08:23:52 kernel: [    0.000000]   1 disabled
Dec 15 08:23:52 kernel: [    0.000000]   2 disabled
Dec 15 08:23:52 kernel: [    0.000000]   3 disabled
Dec 15 08:23:52 kernel: [    0.000000]   4 disabled
Dec 15 08:23:52 kernel: [    0.000000]   5 disabled
Dec 15 08:23:52 kernel: [    0.000000]   6 disabled
Dec 15 08:23:52 kernel: [    0.000000]   7 disabled
Dec 15 08:23:52 kernel: [    0.000000] MTRR: Disabled
Dec 15 08:23:52 kernel: [    0.000000] x86/PAT: MTRRs disabled, skipping PAT initialization too.
Dec 15 08:23:52 kernel: [    0.000000] CPU MTRRs all blank - virtualized system.
Dec 15 08:23:52 kernel: [    0.000000] x86/PAT: Configuration [0-7]: WB  WT  UC- UC  WB  WT  UC- UC  
Dec 15 08:23:52 kernel: [    0.000000] found SMP MP-table at [mem 0x0009fff0-0x0009ffff] mapped at [c009fff0]
Dec 15 08:23:52 kernel: [    0.000000] Scanning 1 areas for low memory corruption
Dec 15 08:23:52 kernel: [    0.000000] initial memory mapped: [mem 0x00000000-0x021fffff]
Dec 15 08:23:52 kernel: [    0.000000] Base memory trampoline at [c009b000] 9b000 size 16384
Dec 15 08:23:52 kernel: [    0.000000] BRK [0x01d98000, 0x01d98fff] PGTABLE
Dec 15 08:23:52 kernel: [    0.000000] BRK [0x01d99000, 0x01d99fff] PGTABLE
Dec 15 08:23:52 kernel: [    0.000000] RAMDISK: [mem 0x7f373000-0x7ffeffff]
Dec 15 08:23:52 kernel: [    0.000000] Allocated new RAMDISK: [mem 0x36f81000-0x37bfd26d]
Dec 15 08:23:52 kernel: [    0.000000] Move RAMDISK from [mem 0x7f373000-0x7ffef26d] to [mem 0x36f81000-0x37bfd26d]
Dec 15 08:23:52 kernel: [    0.000000] ACPI: Early table checksum verification disabled
Dec 15 08:23:52 kernel: [    0.000000] ACPI: RSDP 0x00000000000E0000 000024 (v02 VBOX  )
Dec 15 08:23:52 kernel: [    0.000000] ACPI: XSDT 0x000000007FFF0030 00003C (v01 VBOX   VBOXXSDT 00000001 ASL  00000061)
Dec 15 08:23:52 kernel: [    0.000000] ACPI: FACP 0x000000007FFF00F0 0000F4 (v04 VBOX   VBOXFACP 00000001 ASL  00000061)
Dec 15 08:23:52 kernel: [    0.000000] ACPI: DSDT 0x000000007FFF0610 002353 (v02 VBOX   VBOXBIOS 00000002 INTL 20100528)
Dec 15 08:23:52 kernel: [    0.000000] ACPI: FACS 0x000000007FFF0200 000040
Dec 15 08:23:52 kernel: [    0.000000] ACPI: FACS 0x000000007FFF0200 000040
Dec 15 08:23:52 kernel: [    0.000000] ACPI: APIC 0x000000007FFF0240 00005C (v02 VBOX   VBOXAPIC 00000001 ASL  00000061)
Dec 15 08:23:52 kernel: [    0.000000] ACPI: SSDT 0x000000007FFF02A0 00036C (v01 VBOX   VBOXCPUT 00000002 INTL 20100528)
Dec 15 08:23:52 kernel: [    0.000000] ACPI: Local APIC address 0xfee00000
Dec 15 08:23:52 kernel: [    0.000000] 1155MB HIGHMEM available.
Dec 15 08:23:52 kernel: [    0.000000] 891MB LOWMEM available.
Dec 15 08:23:52 kernel: [    0.000000]   mapped low ram: 0 - 37bfe000
Dec 15 08:23:52 kernel: [    0.000000]   low ram: 0 - 37bfe000
Dec 15 08:23:52 kernel: [    0.000000] kvm-clock: Using msrs 4b564d01 and 4b564d00
Dec 15 08:23:52 kernel: [    0.000000] kvm-clock: cpu 0, msr 0:36f80001, primary cpu clock
Dec 15 08:23:52 kernel: [    0.000000] kvm-clock: using sched offset of 82309859501 cycles
Dec 15 08:23:52 kernel: [    0.000000] clocksource: kvm-clock: mask: 0xffffffffffffffff max_cycles: 0x1cd42e4dffb, max_idle_ns: 881590591483 ns
Dec 15 08:23:52 kernel: [    0.000000] Zone ranges:
Dec 15 08:23:52 kernel: [    0.000000]   DMA      [mem 0x0000000000001000-0x0000000000ffffff]
Dec 15 08:23:52 kernel: [    0.000000]   Normal   [mem 0x0000000001000000-0x0000000037bfdfff]
Dec 15 08:23:52 kernel: [    0.000000]   HighMem  [mem 0x0000000037bfe000-0x000000007ffeffff]
Dec 15 08:23:52 kernel: [    0.000000] Movable zone start for each node
Dec 15 08:23:52 kernel: [    0.000000] Early memory node ranges
Dec 15 08:23:52 kernel: [    0.000000]   node   0: [mem 0x0000000000001000-0x000000000009efff]
Dec 15 08:23:52 kernel: [    0.000000]   node   0: [mem 0x0000000000100000-0x000000007ffeffff]
Dec 15 08:23:52 kernel: [    0.000000] Initmem setup node 0 [mem 0x0000000000001000-0x000000007ffeffff]
Dec 15 08:23:52 kernel: [    0.000000] On node 0 totalpages: 524174
Dec 15 08:23:52 kernel: [    0.000000]   DMA zone: 40 pages used for memmap
Dec 15 08:23:52 kernel: [    0.000000]   DMA zone: 0 pages reserved
Dec 15 08:23:52 kernel: [    0.000000]   DMA zone: 3998 pages, LIFO batch:0
Dec 15 08:23:52 kernel: [    0.000000]   Normal zone: 2190 pages used for memmap
Dec 15 08:23:52 kernel: [    0.000000]   Normal zone: 224254 pages, LIFO batch:31
Dec 15 08:23:52 kernel: [    0.000000]   HighMem zone: 295922 pages, LIFO batch:31
Dec 15 08:23:52 kernel: [    0.000000] Using APIC driver default
Dec 15 08:23:52 kernel: [    0.000000] ACPI: PM-Timer IO Port: 0x4008
Dec 15 08:23:52 kernel: [    0.000000] ACPI: Local APIC address 0xfee00000
Dec 15 08:23:52 kernel: [    0.000000] IOAPIC[0]: apic_id 2, version 32, address 0xfec00000, GSI 0-23
Dec 15 08:23:52 kernel: [    0.000000] ACPI: INT_SRC_OVR (bus 0 bus_irq 0 global_irq 2 dfl dfl)
Dec 15 08:23:52 kernel: [    0.000000] ACPI: INT_SRC_OVR (bus 0 bus_irq 9 global_irq 9 low level)
Dec 15 08:23:52 kernel: [    0.000000] ACPI: IRQ0 used by override.
Dec 15 08:23:52 kernel: [    0.000000] ACPI: IRQ9 used by override.
Dec 15 08:23:52 kernel: [    0.000000] Using ACPI (MADT) for SMP configuration information
Dec 15 08:23:52 kernel: [    0.000000] smpboot: Allowing 2 CPUs, 0 hotplug CPUs
Dec 15 08:23:52 kernel: [    0.000000] PM: Registered nosave memory: [mem 0x00000000-0x00000fff]
Dec 15 08:23:52 kernel: [    0.000000] PM: Registered nosave memory: [mem 0x0009f000-0x0009ffff]
Dec 15 08:23:52 kernel: [    0.000000] PM: Registered nosave memory: [mem 0x000a0000-0x000effff]
Dec 15 08:23:52 kernel: [    0.000000] PM: Registered nosave memory: [mem 0x000f0000-0x000fffff]
Dec 15 08:23:52 kernel: [    0.000000] e820: [mem 0x80000000-0xfebfffff] available for PCI devices
Dec 15 08:23:52 kernel: [    0.000000] Booting paravirtualized kernel on KVM
Dec 15 08:23:52 kernel: [    0.000000] clocksource: refined-jiffies: mask: 0xffffffff max_cycles: 0xffffffff, max_idle_ns: 7645519600211568 ns
Dec 15 08:23:52 kernel: [    0.000000] setup_percpu: NR_CPUS:8 nr_cpumask_bits:8 nr_cpu_ids:2 nr_node_ids:1
Dec 15 08:23:52 kernel: [    0.000000] PERCPU: Embedded 19 pages/cpu @f5b33000 s47308 r0 d30516 u77824
Dec 15 08:23:52 kernel: [    0.000000] pcpu-alloc: s47308 r0 d30516 u77824 alloc=19*4096
Dec 15 08:23:52 kernel: [    0.000000] pcpu-alloc: [0] 0 [0] 1 
Dec 15 08:23:52 kernel: [    0.000000] Built 1 zonelists in Zone order, mobility grouping on.  Total pages: 521944
Dec 15 08:23:52 kernel: [    0.000000] Kernel command line: BOOT_IMAGE=/install/vmlinuz file=/cdrom/preseed/ubuntu-server.seed vga=788 initrd=/install/initrd.gz quiet --- auto=true preseed/file=/cdrom/preseed.cfg priority=critical quiet splash noprompt noshell automatic-ubiquity debian-installer/locale=en_US keyboard-configuration/layoutcode=us languagechooser/language-name=English localechooser/supported-locales=en_US.UTF-8 countrychooser/shortlist=US --
Dec 15 08:23:52 kernel: [    0.000000] PID hash table entries: 4096 (order: 2, 16384 bytes)
Dec 15 08:23:52 kernel: [    0.000000] Dentry cache hash table entries: 131072 (order: 7, 524288 bytes)
Dec 15 08:23:52 kernel: [    0.000000] Inode-cache hash table entries: 65536 (order: 6, 262144 bytes)
Dec 15 08:23:52 kernel: [    0.000000] Initializing CPU#0
Dec 15 08:23:52 kernel: [    0.000000] Initializing HighMem for node 0 (00037bfe:0007fff0)
Dec 15 08:23:52 kernel: [    0.000000] Initializing Movable for node 0 (00000000:00000000)
Dec 15 08:23:52 kernel: [    0.000000] Memory: 2048316K/2096696K available (8094K kernel code, 791K rwdata, 3180K rodata, 932K init, 800K bss, 48380K reserved, 0K cma-reserved, 1183688K highmem)
Dec 15 08:23:52 kernel: [    0.000000] virtual kernel memory layout:
Dec 15 08:23:52 kernel: [    0.000000]     fixmap  : 0xfff15000 - 0xfffff000   ( 936 kB)
Dec 15 08:23:52 kernel: [    0.000000]     pkmap   : 0xffc00000 - 0xffe00000   (2048 kB)
Dec 15 08:23:52 kernel: [    0.000000]     vmalloc : 0xf83fe000 - 0xffbfe000   ( 120 MB)
Dec 15 08:23:52 kernel: [    0.000000]     lowmem  : 0xc0000000 - 0xf7bfe000   ( 891 MB)
Dec 15 08:23:52 kernel: [    0.000000]       .init : 0xc1bcc000 - 0xc1cb5000   ( 932 kB)
Dec 15 08:23:52 kernel: [    0.000000]       .data : 0xc17e7e54 - 0xc1bcad40   (3979 kB)
Dec 15 08:23:52 kernel: [    0.000000]       .text : 0xc1000000 - 0xc17e7e54   (8095 kB)
Dec 15 08:23:52 kernel: [    0.000000] Checking if this processor honours the WP bit even in supervisor mode...Ok.
Dec 15 08:23:52 kernel: [    0.000000] SLUB: HWalign=64, Order=0-3, MinObjects=0, CPUs=2, Nodes=1
Dec 15 08:23:52 kernel: [    0.000000] Hierarchical RCU implementation.
Dec 15 08:23:52 kernel: [    0.000000] 	Build-time adjustment of leaf fanout to 32.
Dec 15 08:23:52 kernel: [    0.000000] 	RCU restricting CPUs from NR_CPUS=8 to nr_cpu_ids=2.
Dec 15 08:23:52 kernel: [    0.000000] RCU: Adjusting geometry for rcu_fanout_leaf=32, nr_cpu_ids=2
Dec 15 08:23:52 kernel: [    0.000000] NR_IRQS:2304 nr_irqs:440 16
Dec 15 08:23:52 kernel: [    0.000000] CPU 0 irqstacks, hard=f5438000 soft=f543a000
Dec 15 08:23:52 kernel: [    0.000000] Console: colour dummy device 80x25
Dec 15 08:23:52 kernel: [    0.000000] console [tty0] enabled
Dec 15 08:23:52 kernel: [    0.000000] allocated 2097152 bytes of page_ext
Dec 15 08:23:52 kernel: [    0.000000] tsc: Detected 4491.472 MHz processor
Dec 15 08:23:52 kernel: [    0.054792] Calibrating delay loop (skipped) preset value.. 8982.94 BogoMIPS (lpj=17965888)
Dec 15 08:23:52 kernel: [    0.054793] pid_max: default: 32768 minimum: 301
Dec 15 08:23:52 kernel: [    0.054795] ACPI: Core revision 20150930
Dec 15 08:23:52 kernel: [    0.055235] ACPI: 2 ACPI AML tables successfully acquired and loaded
Dec 15 08:23:52 kernel: [    0.055245] Security Framework initialized
Dec 15 08:23:52 kernel: [    0.055246] Yama: becoming mindful.
Dec 15 08:23:52 kernel: [    0.055283] AppArmor: AppArmor initialized
Dec 15 08:23:52 kernel: [    0.055297] Mount-cache hash table entries: 2048 (order: 1, 8192 bytes)
Dec 15 08:23:52 kernel: [    0.055297] Mountpoint-cache hash table entries: 2048 (order: 1, 8192 bytes)
Dec 15 08:23:52 kernel: [    0.055541] Initializing cgroup subsys io
Dec 15 08:23:52 kernel: [    0.055543] Initializing cgroup subsys memory
Dec 15 08:23:52 kernel: [    0.055545] Initializing cgroup subsys devices
Dec 15 08:23:52 kernel: [    0.055546] Initializing cgroup subsys freezer
Dec 15 08:23:52 kernel: [    0.055547] Initializing cgroup subsys net_cls
Dec 15 08:23:52 kernel: [    0.055569] Initializing cgroup subsys perf_event
Dec 15 08:23:52 kernel: [    0.055575] Initializing cgroup subsys net_prio
Dec 15 08:23:52 kernel: [    0.055576] Initializing cgroup subsys hugetlb
Dec 15 08:23:52 kernel: [    0.055577] Initializing cgroup subsys pids
Dec 15 08:23:52 kernel: [    0.056031] mce: CPU supports 0 MCE banks
Dec 15 08:23:52 kernel: [    0.056072] Last level iTLB entries: 4KB 512, 2MB 512, 4MB 256
Dec 15 08:23:52 kernel: [    0.056073] Last level dTLB entries: 4KB 3072, 2MB 3072, 4MB 1536, 1GB 0
Dec 15 08:23:52 kernel: [    0.056074] Spectre V2 : Spectre mitigation: LFENCE not serializing. Switching to generic retpoline
Dec 15 08:23:52 kernel: [    0.056076] Spectre V2 : Mitigation: Full generic retpoline
Dec 15 08:23:52 kernel: [    0.056076] Spectre V2 : Spectre v2 / SpectreRSB mitigation: Filling RSB on context switch
Dec 15 08:23:52 kernel: [    0.056076] Speculative Store Bypass: Vulnerable
Dec 15 08:23:52 kernel: [    0.070816] Freeing SMP alternatives memory: 36K
Dec 15 08:23:52 kernel: [    0.094302] ftrace: allocating 31552 entries in 62 pages
Dec 15 08:23:52 kernel: [    0.279408] smpboot: APIC(0) Converting physical 0 to logical package 0
Dec 15 08:23:52 kernel: [    0.279410] smpboot: Max logical packages: 1
Dec 15 08:23:52 kernel: [    0.279446] Enabling APIC mode:  Flat.  Using 1 I/O APICs
Dec 15 08:23:52 kernel: [    0.284646] ..TIMER: vector=0x30 apic1=0 pin1=2 apic2=-1 pin2=-1
Dec 15 08:23:52 kernel: [    0.390987] smpboot: CPU0: AMD Ryzen 7 7700X 8-Core Processor (family: 0x19, model: 0x61, stepping: 0x2)
Dec 15 08:23:52 kernel: [    0.390999] Performance Events: Broken PMU hardware detected, using software events only.
Dec 15 08:23:52 kernel: [    0.391094] Failed to access perfctr msr (MSR c0010007 is 0)
Dec 15 08:23:52 kernel: [    0.417419] KVM setup paravirtual spinlock
Dec 15 08:23:52 kernel: [    0.419714] CPU 1 irqstacks, hard=f574c000 soft=f574e000
Dec 15 08:23:52 kernel: [    0.419716] x86: Booting SMP configuration:
Dec 15 08:23:52 kernel: [    0.419716] .... node  #0, CPUs:      #1
Dec 15 08:23:52 kernel: [1266874807.399692] Initializing CPU#1
Dec 15 08:23:52 kernel: [    9.606041] kvm-clock: cpu 1, msr 0:36f80041, secondary cpu clock
Dec 15 08:23:52 kernel: [    9.606977] mce: CPU supports 0 MCE banks
Dec 15 08:23:52 kernel: [    0.423222] TSC synchronization [CPU#0 -> CPU#1]:
Dec 15 08:23:52 kernel: [    0.423224] Measured 67141 cycles TSC warp between CPUs, turning off TSC clock.
Dec 15 08:23:52 kernel: [    0.423226] tsc: Marking TSC unstable due to check_tsc_sync_source failed
Dec 15 08:23:52 kernel: [    0.423341] x86: Booted up 1 node, 2 CPUs
Dec 15 08:23:52 kernel: [    0.423342] smpboot: Total of 2 processors activated (17965.88 BogoMIPS)
Dec 15 08:23:52 kernel: [    0.086482] devtmpfs: initialized
Dec 15 08:23:52 kernel: [    0.086482] evm: security.selinux
Dec 15 08:23:52 kernel: [    0.086482] evm: security.SMACK64
Dec 15 08:23:52 kernel: [    0.086482] evm: security.SMACK64EXEC
Dec 15 08:23:52 kernel: [    0.086482] evm: security.SMACK64TRANSMUTE
Dec 15 08:23:52 kernel: [    0.086482] evm: security.SMACK64MMAP
Dec 15 08:23:52 kernel: [    0.086482] evm: security.ima
Dec 15 08:23:52 kernel: [    0.086482] evm: security.capability
Dec 15 08:23:52 kernel: [    0.086524] clocksource: jiffies: mask: 0xffffffff max_cycles: 0xffffffff, max_idle_ns: 7645041785100000 ns
Dec 15 08:23:52 kernel: [    0.086524] futex hash table entries: 512 (order: 3, 32768 bytes)
Dec 15 08:23:52 kernel: [    0.088149] pinctrl core: initialized pinctrl subsystem
Dec 15 08:23:52 kernel: [    0.088292] RTC time:  8:23:42, date: 12/15/23
Dec 15 08:23:52 kernel: [    0.088480] NET: Registered protocol family 16
Dec 15 08:23:52 kernel: [    0.088603] EISA bus registered
Dec 15 08:23:52 kernel: [    0.104004] cpuidle: using governor ladder
Dec 15 08:23:52 kernel: [    0.116004] cpuidle: using governor menu
Dec 15 08:23:52 kernel: [    0.116007] PCCT header not found.
Dec 15 08:23:52 kernel: [    0.117024] ACPI: bus type PCI registered
Dec 15 08:23:52 kernel: [    0.117026] acpiphp: ACPI Hot Plug PCI Controller Driver version: 0.5
Dec 15 08:23:52 kernel: [    0.117347] PCI : PCI BIOS area is rw and x. Use pci=nobios if you want it NX.
Dec 15 08:23:52 kernel: [    0.117349] PCI: PCI BIOS revision 2.10 entry at 0xfda26, last bus=0
Dec 15 08:23:52 kernel: [    0.117350] PCI: Using configuration type 1 for base access
Dec 15 08:23:52 kernel: [    0.117350] PCI: Using configuration type 1 for extended access
Dec 15 08:23:52 kernel: [    0.128192] ACPI: Added _OSI(Module Device)
Dec 15 08:23:52 kernel: [    0.128192] ACPI: Added _OSI(Processor Device)
Dec 15 08:23:52 kernel: [    0.128192] ACPI: Added _OSI(3.0 _SCP Extensions)
Dec 15 08:23:52 kernel: [    0.128192] ACPI: Added _OSI(Processor Aggregator Device)
Dec 15 08:23:52 kernel: [    0.128579] ACPI: Executed 1 blocks of module-level executable AML code
Dec 15 08:23:52 kernel: [    0.129670] ACPI: Interpreter enabled
Dec 15 08:23:52 kernel: [    0.129676] ACPI: (supports S0 S5)
Dec 15 08:23:52 kernel: [    0.129677] ACPI: Using IOAPIC for interrupt routing
Dec 15 08:23:52 kernel: [    0.129784] PCI: Using host bridge windows from ACPI; if necessary, use "pci=nocrs" and report a bug
Dec 15 08:23:52 kernel: [    0.133896] ACPI: PCI Root Bridge [PCI0] (domain 0000 [bus 00-ff])
Dec 15 08:23:52 kernel: [    0.133899] acpi PNP0A03:00: _OSC: OS supports [ExtendedConfig ASPM ClockPM Segments MSI]
Dec 15 08:23:52 kernel: [    0.134288] acpi PNP0A03:00: _OSC: platform does not support [PCIeCapability]
Dec 15 08:23:52 kernel: [    0.134489] acpi PNP0A03:00: _OSC: not requesting control; platform does not support [PCIeCapability]
Dec 15 08:23:52 kernel: [    0.134490] acpi PNP0A03:00: _OSC: OS requested [PCIeHotplug PME AER PCIeCapability]
Dec 15 08:23:52 kernel: [    0.134491] acpi PNP0A03:00: _OSC: platform willing to grant [PCIeHotplug PME AER]
Dec 15 08:23:52 kernel: [    0.134492] acpi PNP0A03:00: _OSC failed (AE_SUPPORT); disabling ASPM
Dec 15 08:23:52 kernel: [    0.134711] PCI host bridge to bus 0000:00
Dec 15 08:23:52 kernel: [    0.134712] pci_bus 0000:00: root bus resource [io  0x0000-0x0cf7 window]
Dec 15 08:23:52 kernel: [    0.134713] pci_bus 0000:00: root bus resource [io  0x0d00-0xffff window]
Dec 15 08:23:52 kernel: [    0.134714] pci_bus 0000:00: root bus resource [mem 0x000a0000-0x000bffff window]
Dec 15 08:23:52 kernel: [    0.134715] pci_bus 0000:00: root bus resource [mem 0x80000000-0xfdffffff window]
Dec 15 08:23:52 kernel: [    0.134716] pci_bus 0000:00: root bus resource [bus 00-ff]
Dec 15 08:23:52 kernel: [    0.134763] pci 0000:00:00.0: [8086:1237] type 00 class 0x060000
Dec 15 08:23:52 kernel: [    0.135535] pci 0000:00:01.0: [8086:7000] type 00 class 0x060100
Dec 15 08:23:52 kernel: [    0.136000] pci 0000:00:01.1: [8086:7111] type 00 class 0x01018a
Dec 15 08:23:52 kernel: [    0.136296] pci 0000:00:01.1: reg 0x20: [io  0xd000-0xd00f]
Dec 15 08:23:52 kernel: [    0.136480] pci 0000:00:01.1: legacy IDE quirk: reg 0x10: [io  0x01f0-0x01f7]
Dec 15 08:23:52 kernel: [    0.136481] pci 0000:00:01.1: legacy IDE quirk: reg 0x14: [io  0x03f6]
Dec 15 08:23:52 kernel: [    0.136481] pci 0000:00:01.1: legacy IDE quirk: reg 0x18: [io  0x0170-0x0177]
Dec 15 08:23:52 kernel: [    0.136482] pci 0000:00:01.1: legacy IDE quirk: reg 0x1c: [io  0x0376]
Dec 15 08:23:52 kernel: [    0.136728] pci 0000:00:02.0: [15ad:0405] type 00 class 0x030000
Dec 15 08:23:52 kernel: [    0.137247] pci 0000:00:02.0: reg 0x10: [io  0xd010-0xd01f]
Dec 15 08:23:52 kernel: [    0.137657] pci 0000:00:02.0: reg 0x14: [mem 0xe0000000-0xe0ffffff pref]
Dec 15 08:23:52 kernel: [    0.138080] pci 0000:00:02.0: reg 0x18: [mem 0xf0000000-0xf01fffff]
Dec 15 08:23:52 kernel: [    0.140000] pci 0000:00:03.0: [8086:100e] type 00 class 0x020000
Dec 15 08:23:52 kernel: [    0.140000] pci 0000:00:03.0: reg 0x10: [mem 0xf0200000-0xf021ffff]
Dec 15 08:23:52 kernel: [    0.140112] pci 0000:00:03.0: reg 0x18: [io  0xd020-0xd027]
Dec 15 08:23:52 kernel: [    0.140824] pci 0000:00:04.0: [80ee:cafe] type 00 class 0x088000
Dec 15 08:23:52 kernel: [    0.141099] pci 0000:00:04.0: reg 0x10: [io  0xd040-0xd05f]
Dec 15 08:23:52 kernel: [    0.141273] pci 0000:00:04.0: reg 0x14: [mem 0xf0400000-0xf07fffff]
Dec 15 08:23:52 kernel: [    0.141443] pci 0000:00:04.0: reg 0x18: [mem 0xf0800000-0xf0803fff pref]
Dec 15 08:23:52 kernel: [    0.142324] pci 0000:00:05.0: [8086:2415] type 00 class 0x040100
Dec 15 08:23:52 kernel: [    0.142457] pci 0000:00:05.0: reg 0x10: [io  0xd100-0xd1ff]
Dec 15 08:23:52 kernel: [    0.142535] pci 0000:00:05.0: reg 0x14: [io  0xd200-0xd23f]
Dec 15 08:23:52 kernel: [    0.143118] pci 0000:00:06.0: [106b:003f] type 00 class 0x0c0310
Dec 15 08:23:52 kernel: [    0.143307] pci 0000:00:06.0: reg 0x10: [mem 0xf0804000-0xf0804fff]
Dec 15 08:23:52 kernel: [    0.144213] pci 0000:00:07.0: [8086:7113] type 00 class 0x068000
Dec 15 08:23:52 kernel: [    0.144835] pci 0000:00:07.0: quirk: [io  0x4000-0x403f] claimed by PIIX4 ACPI
Dec 15 08:23:52 kernel: [    0.144847] pci 0000:00:07.0: quirk: [io  0x4100-0x410f] claimed by PIIX4 SMB
Dec 15 08:23:52 kernel: [    0.145192] pci 0000:00:0b.0: [8086:265c] type 00 class 0x0c0320
Dec 15 08:23:52 kernel: [    0.145381] pci 0000:00:0b.0: reg 0x10: [mem 0xf0805000-0xf0805fff]
Dec 15 08:23:52 kernel: [    0.146223] pci 0000:00:0d.0: [8086:2829] type 00 class 0x010601
Dec 15 08:23:52 kernel: [    0.146468] pci 0000:00:0d.0: reg 0x10: [io  0xd240-0xd247]
Dec 15 08:23:52 kernel: [    0.146559] pci 0000:00:0d.0: reg 0x14: [io  0xd248-0xd24b]
Dec 15 08:23:52 kernel: [    0.146647] pci 0000:00:0d.0: reg 0x18: [io  0xd250-0xd257]
Dec 15 08:23:52 kernel: [    0.146736] pci 0000:00:0d.0: reg 0x1c: [io  0xd258-0xd25b]
Dec 15 08:23:52 kernel: [    0.146829] pci 0000:00:0d.0: reg 0x20: [io  0xd260-0xd26f]
Dec 15 08:23:52 kernel: [    0.146917] pci 0000:00:0d.0: reg 0x24: [mem 0xf0806000-0xf0807fff]
Dec 15 08:23:52 kernel: [    0.147513] pci_bus 0000:00: on NUMA node 0
Dec 15 08:23:52 kernel: [    0.148305] ACPI: PCI Interrupt Link [LNKA] (IRQs 5 9 10 *11)
Dec 15 08:23:52 kernel: [    0.148451] ACPI: PCI Interrupt Link [LNKB] (IRQs 5 9 *10 11)
Dec 15 08:23:52 kernel: [    0.148509] ACPI: PCI Interrupt Link [LNKC] (IRQs 5 *9 10 11)
Dec 15 08:23:52 kernel: [    0.148566] ACPI: PCI Interrupt Link [LNKD] (IRQs 5 9 10 *11)
Dec 15 08:23:52 kernel: [    0.148669] ACPI: Enabled 2 GPEs in block 00 to 07
Dec 15 08:23:52 kernel: [    0.148815] vgaarb: setting as boot device: PCI:0000:00:02.0
Dec 15 08:23:52 kernel: [    0.148815] vgaarb: device added: PCI:0000:00:02.0,decodes=io+mem,owns=io+mem,locks=none
Dec 15 08:23:52 kernel: [    0.148815] vgaarb: loaded
Dec 15 08:23:52 kernel: [    0.148815] vgaarb: bridge control possible 0000:00:02.0
Dec 15 08:23:52 kernel: [    0.148815] SCSI subsystem initialized
Dec 15 08:23:52 kernel: [    0.148815] libata version 3.00 loaded.
Dec 15 08:23:52 kernel: [    0.148815] ACPI: bus type USB registered
Dec 15 08:23:52 kernel: [    0.148815] usbcore: registered new interface driver usbfs
Dec 15 08:23:52 kernel: [    0.148815] usbcore: registered new interface driver hub
Dec 15 08:23:52 kernel: [    0.148815] usbcore: registered new device driver usb
Dec 15 08:23:52 kernel: [    0.148815] PCI: Using ACPI for IRQ routing
Dec 15 08:23:52 kernel: [    0.148815] PCI: pci_cache_line_size set to 64 bytes
Dec 15 08:23:52 kernel: [    0.148815] e820: reserve RAM buffer [mem 0x0009fc00-0x0009ffff]
Dec 15 08:23:52 kernel: [    0.148815] e820: reserve RAM buffer [mem 0x7fff0000-0x7fffffff]
Dec 15 08:23:52 kernel: [    0.148815] NetLabel: Initializing
Dec 15 08:23:52 kernel: [    0.148815] NetLabel:  domain hash size = 128
Dec 15 08:23:52 kernel: [    0.148815] NetLabel:  protocols = UNLABELED CIPSOv4
Dec 15 08:23:52 kernel: [    0.148815] NetLabel:  unlabeled traffic allowed by default
Dec 15 08:23:52 kernel: [    0.148815] amd_nb: Cannot enumerate AMD northbridges
Dec 15 08:23:52 kernel: [    0.148815] clocksource: Switched to clocksource kvm-clock
Dec 15 08:23:52 kernel: [    9.336000] AppArmor: AppArmor Filesystem Enabled
Dec 15 08:23:52 kernel: [    9.336000] pnp: PnP ACPI init
Dec 15 08:23:52 kernel: [    9.336000] pnp 00:00: Plug and Play ACPI device, IDs PNP0303 (active)
Dec 15 08:23:52 kernel: [    9.336000] pnp 00:01: Plug and Play ACPI device, IDs PNP0f03 (active)
Dec 15 08:23:52 kernel: [    9.336000] pnp: PnP ACPI: found 2 devices
Dec 15 08:23:52 kernel: [    9.336000] PnPBIOS: Disabled by ACPI PNP
Dec 15 08:23:52 kernel: [    9.356000] clocksource: acpi_pm: mask: 0xffffff max_cycles: 0xffffff, max_idle_ns: 2085701024 ns
Dec 15 08:23:52 kernel: [    9.356000] pci_bus 0000:00: resource 4 [io  0x0000-0x0cf7 window]
Dec 15 08:23:52 kernel: [    9.356000] pci_bus 0000:00: resource 5 [io  0x0d00-0xffff window]
Dec 15 08:23:52 kernel: [    9.356000] pci_bus 0000:00: resource 6 [mem 0x000a0000-0x000bffff window]
Dec 15 08:23:52 kernel: [    9.356000] pci_bus 0000:00: resource 7 [mem 0x80000000-0xfdffffff window]
Dec 15 08:23:52 kernel: [    9.356000] NET: Registered protocol family 2
Dec 15 08:23:52 kernel: [    9.356000] TCP established hash table entries: 8192 (order: 3, 32768 bytes)
Dec 15 08:23:52 kernel: [    9.389899] TCP bind hash table entries: 8192 (order: 4, 65536 bytes)
Dec 15 08:23:52 kernel: [    9.389899] TCP: Hash tables configured (established 8192 bind 8192)
Dec 15 08:23:52 kernel: [    9.389899] UDP hash table entries: 512 (order: 2, 16384 bytes)
Dec 15 08:23:52 kernel: [    9.389899] UDP-Lite hash table entries: 512 (order: 2, 16384 bytes)
Dec 15 08:23:52 kernel: [    9.389899] NET: Registered protocol family 1
Dec 15 08:23:52 kernel: [    9.389899] pci 0000:00:00.0: Limiting direct PCI/PCI transfers
Dec 15 08:23:52 kernel: [    9.389899] pci 0000:00:01.0: Activating ISA DMA hang workarounds
Dec 15 08:23:52 kernel: [    9.389899] pci 0000:00:02.0: Video device with shadowed ROM
Dec 15 08:23:52 kernel: [    9.389899] PCI: CLS 0 bytes, default 64
Dec 15 08:23:52 kernel: [    9.389899] Unpacking initramfs...
Dec 15 08:23:52 kernel: [    9.396000] Freeing initrd memory: 12788K
Dec 15 08:23:52 kernel: [    9.396000] clocksource: tsc: mask: 0xffffffffffffffff max_cycles: 0x40bdf03ca93, max_idle_ns: 440795295298 ns
Dec 15 08:23:52 kernel: [    9.396000] platform rtc_cmos: registered platform RTC device (no PNP device found)
Dec 15 08:23:52 kernel: [    9.396000] Scanning for low memory corruption every 60 seconds
Dec 15 08:23:52 kernel: [    9.521551] audit: initializing netlink subsys (disabled)
Dec 15 08:23:52 kernel: [    9.521601] audit: type=2000 audit(1702628715.294:1): initialized
Dec 15 08:23:52 kernel: [    9.521712] Initialise system trusted keyring
Dec 15 08:23:52 kernel: [    9.522183] HugeTLB registered 2 MB page size, pre-allocated 0 pages
Dec 15 08:23:52 kernel: [    9.522183] zbud: loaded
Dec 15 08:23:52 kernel: [    9.523019] VFS: Disk quotas dquot_6.6.0
Dec 15 08:23:52 kernel: [    9.523019] VFS: Dquot-cache hash table entries: 1024 (order 0, 4096 bytes)
Dec 15 08:23:52 kernel: [    9.523019] squashfs: version 4.0 (2009/01/31) Phillip Lougher
Dec 15 08:23:52 kernel: [    9.523583] fuse init (API version 7.23)
Dec 15 08:23:52 kernel: [    9.523583] Key type big_key registered
Dec 15 08:23:52 kernel: [    9.523583] Allocating IMA MOK and blacklist keyrings.
Dec 15 08:23:52 kernel: [    9.528276] Key type asymmetric registered
Dec 15 08:23:52 kernel: [    9.528276] Asymmetric key parser 'x509' registered
Dec 15 08:23:52 kernel: [    9.528276] bounce: pool size: 64 pages
Dec 15 08:23:52 kernel: [    9.528276] Block layer SCSI generic (bsg) driver version 0.4 loaded (major 249)
Dec 15 08:23:52 kernel: [    9.528520] io scheduler noop registered
Dec 15 08:23:52 kernel: [    9.528520] io scheduler deadline registered (default)
Dec 15 08:23:52 kernel: [    9.528520] io scheduler cfq registered
Dec 15 08:23:52 kernel: [    9.528520] pci_hotplug: PCI Hot Plug PCI Core version: 0.5
Dec 15 08:23:52 kernel: [    9.528520] pciehp: PCI Express Hot Plug Controller Driver version: 0.4
Dec 15 08:23:52 kernel: [    9.528520] vesafb: mode is 800x600x16, linelength=1600, pages=16
Dec 15 08:23:52 kernel: [    9.528520] vesafb: protected mode interface info at c000:4640
Dec 15 08:23:52 kernel: [    9.528520] vesafb: pmi: set display start = c00c468f, set palette = c00c4750
Dec 15 08:23:52 kernel: [    9.528520] vesafb: pmi: ports = 1ce 1cf 1cf 1d0 3b6 3b7 
Dec 15 08:23:52 kernel: [    9.528520] vesafb: scrolling: redraw
Dec 15 08:23:52 kernel: [    9.528520] vesafb: Truecolor: size=0:5:6:5, shift=0:11:5:0
Dec 15 08:23:52 kernel: [    9.528520] vesafb: framebuffer at 0xe0000000, mapped to 0xf8600000, using 1875k, total 16384k
Dec 15 08:23:52 kernel: [    9.528784] Console: switching to colour frame buffer device 100x37
Dec 15 08:23:52 kernel: [    9.528784] fb0: VESA VGA frame buffer device
Dec 15 08:23:52 kernel: [    9.528784] ACPI: AC Adapter [AC] (on-line)
Dec 15 08:23:52 kernel: [    9.528784] input: Power Button as /devices/LNXSYSTM:00/LNXPWRBN:00/input/input0
Dec 15 08:23:52 kernel: [    9.528784] ACPI: Power Button [PWRF]
Dec 15 08:23:52 kernel: [    9.528784] input: Sleep Button as /devices/LNXSYSTM:00/LNXSLPBN:00/input/input1
Dec 15 08:23:52 kernel: [    9.528784] ACPI: Sleep Button [SLPF]
Dec 15 08:23:52 kernel: [    9.576966] GHES: HEST is not enabled!
Dec 15 08:23:52 kernel: [    9.577439] isapnp: Scanning for PnP cards...
Dec 15 08:23:52 kernel: [    9.629789] Serial: 8250/16550 driver, 32 ports, IRQ sharing enabled
Dec 15 08:23:52 kernel: [    9.676056] Linux agpgart interface v0.103
Dec 15 08:23:52 kernel: [    9.676094] loop: module loaded
Dec 15 08:23:52 kernel: [    9.676094] ata_piix 0000:00:01.1: version 2.13
Dec 15 08:23:52 kernel: [    9.676094] scsi host0: ata_piix
Dec 15 08:23:52 kernel: [    9.676094] scsi host1: ata_piix
Dec 15 08:23:52 kernel: [    9.676094] ata1: PATA max UDMA/33 cmd 0x1f0 ctl 0x3f6 bmdma 0xd000 irq 14
Dec 15 08:23:52 kernel: [    9.676094] ata2: PATA max UDMA/33 cmd 0x170 ctl 0x376 bmdma 0xd008 irq 15
Dec 15 08:23:52 kernel: [    9.676094] libphy: Fixed MDIO Bus: probed
Dec 15 08:23:52 kernel: [    9.676094] tun: Universal TUN/TAP device driver, 1.6
Dec 15 08:23:52 kernel: [    9.676094] tun: (C) 1999-2004 Max Krasnyansky <maxk@qualcomm.com>
Dec 15 08:23:52 kernel: [    9.676094] PPP generic driver version 2.4.2
Dec 15 08:23:52 kernel: [    9.676094] ehci_hcd: USB 2.0 'Enhanced' Host Controller (EHCI) Driver
Dec 15 08:23:52 kernel: [    9.676094] ehci-pci: EHCI PCI platform driver
Dec 15 08:23:52 kernel: [    9.676094] ehci-pci 0000:00:0b.0: EHCI Host Controller
Dec 15 08:23:52 kernel: [    9.676094] ehci-pci 0000:00:0b.0: new USB bus registered, assigned bus number 1
Dec 15 08:23:52 kernel: [    9.676094] ehci-pci 0000:00:0b.0: irq 19, io mem 0xf0805000
Dec 15 08:23:52 kernel: [    9.904499] isapnp: No Plug & Play device found
Dec 15 08:23:52 kernel: [   18.588305] ehci-pci 0000:00:0b.0: USB 2.0 started, EHCI 1.00
Dec 15 08:23:52 kernel: [   18.591936] usb usb1: New USB device found, idVendor=1d6b, idProduct=0002
Dec 15 08:23:52 kernel: [   18.591937] usb usb1: New USB device strings: Mfr=3, Product=2, SerialNumber=1
Dec 15 08:23:52 kernel: [   18.591939] usb usb1: Product: EHCI Host Controller
Dec 15 08:23:52 kernel: [   18.591940] usb usb1: Manufacturer: Linux 4.4.0-142-generic ehci_hcd
Dec 15 08:23:52 kernel: [   18.591941] usb usb1: SerialNumber: 0000:00:0b.0
Dec 15 08:23:52 kernel: [   18.592008] hub 1-0:1.0: USB hub found
Dec 15 08:23:52 kernel: [   18.592008] hub 1-0:1.0: 12 ports detected
Dec 15 08:23:52 kernel: [   18.593051] ehci-platform: EHCI generic platform driver
Dec 15 08:23:52 kernel: [   18.593051] ohci_hcd: USB 1.1 'Open' Host Controller (OHCI) Driver
Dec 15 08:23:52 kernel: [   18.593051] ohci-pci: OHCI PCI platform driver
Dec 15 08:23:52 kernel: [   18.593051] ohci-pci 0000:00:06.0: OHCI PCI host controller
Dec 15 08:23:52 kernel: [   18.593051] ohci-pci 0000:00:06.0: new USB bus registered, assigned bus number 2
Dec 15 08:23:52 kernel: [   18.593051] ohci-pci 0000:00:06.0: irq 22, io mem 0xf0804000
Dec 15 08:23:52 kernel: [   18.607255] usb usb2: New USB device found, idVendor=1d6b, idProduct=0001
Dec 15 08:23:52 kernel: [   18.607257] usb usb2: New USB device strings: Mfr=3, Product=2, SerialNumber=1
Dec 15 08:23:52 kernel: [   18.607258] usb usb2: Product: OHCI PCI host controller
Dec 15 08:23:52 kernel: [   18.607259] usb usb2: Manufacturer: Linux 4.4.0-142-generic ohci_hcd
Dec 15 08:23:52 kernel: [   18.607259] usb usb2: SerialNumber: 0000:00:06.0
Dec 15 08:23:52 kernel: [   18.607323] hub 2-0:1.0: USB hub found
Dec 15 08:23:52 kernel: [   18.607363] hub 2-0:1.0: 12 ports detected
Dec 15 08:23:52 kernel: [   18.608080] ohci-platform: OHCI generic platform driver
Dec 15 08:23:52 kernel: [   18.608086] uhci_hcd: USB Universal Host Controller Interface driver
Dec 15 08:23:52 kernel: [   18.608113] i8042: PNP: PS/2 Controller [PNP0303:PS2K,PNP0f03:PS2M] at 0x60,0x64 irq 1,12
Dec 15 08:23:52 kernel: [   18.609449] serio: i8042 KBD port at 0x60,0x64 irq 1
Dec 15 08:23:52 kernel: [   18.609452] serio: i8042 AUX port at 0x60,0x64 irq 12
Dec 15 08:23:52 kernel: [   18.609484] mousedev: PS/2 mouse device common for all mice
Dec 15 08:23:52 kernel: [   18.609920] rtc_cmos rtc_cmos: rtc core: registered rtc_cmos as rtc0
Dec 15 08:23:52 kernel: [   18.610127] rtc_cmos rtc_cmos: alarms up to one day, 114 bytes nvram
Dec 15 08:23:52 kernel: [   18.610130] i2c /dev entries driver
Dec 15 08:23:52 kernel: [   18.610166] device-mapper: uevent: version 1.0.3
Dec 15 08:23:52 kernel: [   18.610198] device-mapper: ioctl: 4.34.0-ioctl (2015-10-28) initialised: dm-devel@redhat.com
Dec 15 08:23:52 kernel: [   18.610207] platform eisa.0: Probing EISA bus 0
Dec 15 08:23:52 kernel: [   18.610208] platform eisa.0: EISA: Cannot allocate resource for mainboard
Dec 15 08:23:52 kernel: [   18.610209] platform eisa.0: Cannot allocate resource for EISA slot 1
Dec 15 08:23:52 kernel: [   18.610210] platform eisa.0: Cannot allocate resource for EISA slot 2
Dec 15 08:23:52 kernel: [   18.610210] platform eisa.0: Cannot allocate resource for EISA slot 3
Dec 15 08:23:52 kernel: [   18.610211] platform eisa.0: Cannot allocate resource for EISA slot 4
Dec 15 08:23:52 kernel: [   18.610212] platform eisa.0: Cannot allocate resource for EISA slot 5
Dec 15 08:23:52 kernel: [   18.610213] platform eisa.0: Cannot allocate resource for EISA slot 6
Dec 15 08:23:52 kernel: [   18.610213] platform eisa.0: Cannot allocate resource for EISA slot 7
Dec 15 08:23:52 kernel: [   18.610214] platform eisa.0: Cannot allocate resource for EISA slot 8
Dec 15 08:23:52 kernel: [   18.610215] platform eisa.0: EISA: Detected 0 cards
Dec 15 08:23:52 kernel: [   18.610222] cpufreq-nforce2: No nForce2 chipset.
Dec 15 08:23:52 kernel: [   18.610227] ledtrig-cpu: registered to indicate activity on CPUs
Dec 15 08:23:52 kernel: [   18.610373] NET: Registered protocol family 10
Dec 15 08:23:52 kernel: [   18.610991] input: AT Translated Set 2 keyboard as /devices/platform/i8042/serio0/input/input2
Dec 15 08:23:52 kernel: [   18.611524] NET: Registered protocol family 17
Dec 15 08:23:52 kernel: [   18.611531] Key type dns_resolver registered
Dec 15 08:23:52 kernel: [   18.611663] Using IPI No-Shortcut mode
Dec 15 08:23:52 kernel: [   18.611724] registered taskstats version 1
Dec 15 08:23:52 kernel: [   18.611730] Loading compiled-in X.509 certificates
Dec 15 08:23:52 kernel: [   18.612018] Loaded X.509 cert 'Build time autogenerated kernel key: 24992bd15110f060e21faeb1eb50ca0e07d956c4'
Dec 15 08:23:52 kernel: [   18.612018] zswap: loaded using pool lzo/zbud
Dec 15 08:23:52 kernel: [   18.613817] Key type trusted registered
Dec 15 08:23:52 kernel: [   18.615203] Key type encrypted registered
Dec 15 08:23:52 kernel: [   18.615206] AppArmor: AppArmor sha1 policy hashing enabled
Dec 15 08:23:52 kernel: [   18.615209] ima: No TPM chip found, activating TPM-bypass!
Dec 15 08:23:52 kernel: [   18.615211] ima: Allocated hash algorithm: sha1
Dec 15 08:23:52 kernel: [   18.615218] evm: HMAC attrs: 0x1
Dec 15 08:23:52 kernel: [   18.615555]   Magic number: 3:833:371
Dec 15 08:23:52 kernel: [   18.622390] rtc_cmos rtc_cmos: setting system clock to 2023-12-15 08:23:51 UTC (1702628631)
Dec 15 08:23:52 kernel: [   18.622429] BIOS EDD facility v0.16 2004-Jun-25, 0 devices found
Dec 15 08:23:52 kernel: [   18.622430] EDD information not available.
Dec 15 08:23:52 kernel: [   18.622468] PM: Hibernation image not present or could not be loaded.
Dec 15 08:23:52 kernel: [   18.623143] ata2.00: ATAPI: VBOX CD-ROM, 1.0, max UDMA/133
Dec 15 08:23:52 kernel: [   18.624073] ata2.00: configured for UDMA/33
Dec 15 08:23:52 kernel: [   18.641903] scsi 1:0:0:0: CD-ROM            VBOX     CD-ROM           1.0  PQ: 0 ANSI: 5
Dec 15 08:23:52 kernel: [   18.643214] sr 1:0:0:0: [sr0] scsi3-mmc drive: 32x/32x xa/form2 tray
Dec 15 08:23:52 kernel: [   18.643214] cdrom: Uniform CD-ROM driver Revision: 3.20
Dec 15 08:23:52 kernel: [   18.643706] sr 1:0:0:0: Attached scsi CD-ROM sr0
Dec 15 08:23:52 kernel: [   18.643805] sr 1:0:0:0: Attached scsi generic sg0 type 5
Dec 15 08:23:52 kernel: [   18.644564] Freeing unused kernel memory: 932K
Dec 15 08:23:52 kernel: [   18.676048] Write protecting the kernel text: 8096k
Dec 15 08:23:52 kernel: [   18.676048] Write protecting the kernel read-only data: 3188k
Dec 15 08:23:52 kernel: [   18.676048] NX-protecting the kernel data: 6240k
Dec 15 08:23:52 kernel: [   18.683589] random: systemd-udevd: uninitialized urandom read (16 bytes read, 0 bits of entropy available)
Dec 15 08:23:52 kernel: [   18.683589] random: systemd-udevd: uninitialized urandom read (16 bytes read, 0 bits of entropy available)
Dec 15 08:23:52 kernel: [   18.683589] random: systemd-udevd: uninitialized urandom read (16 bytes read, 0 bits of entropy available)
Dec 15 08:23:52 kernel: [   18.684157] random: udevadm: uninitialized urandom read (16 bytes read, 0 bits of entropy available)
Dec 15 08:23:52 kernel: [   18.684180] random: udevadm: uninitialized urandom read (16 bytes read, 0 bits of entropy available)
Dec 15 08:23:52 kernel: [   18.684279] random: udevadm: uninitialized urandom read (16 bytes read, 0 bits of entropy available)
Dec 15 08:23:52 kernel: [   18.684305] random: udevadm: uninitialized urandom read (16 bytes read, 0 bits of entropy available)
Dec 15 08:23:52 kernel: [   18.684327] random: udevadm: uninitialized urandom read (16 bytes read, 0 bits of entropy available)
Dec 15 08:23:52 kernel: [   18.684368] random: udevadm: uninitialized urandom read (16 bytes read, 0 bits of entropy available)
Dec 15 08:23:52 kernel: [   18.684393] random: udevadm: uninitialized urandom read (16 bytes read, 0 bits of entropy available)
Dec 15 08:23:52 kernel: [   18.709320] ahci 0000:00:0d.0: version 3.0
Dec 15 08:23:52 kernel: [   18.710037] ahci 0000:00:0d.0: SSS flag set, parallel bus scan disabled
Dec 15 08:23:52 kernel: [   18.710402] ahci 0000:00:0d.0: AHCI 0001.0100 32 slots 1 ports 3 Gbps 0x1 impl SATA mode
Dec 15 08:23:52 kernel: [   18.710403] ahci 0000:00:0d.0: flags: 64bit ncq stag only ccc 
Dec 15 08:23:52 kernel: [   18.711305] scsi host2: ahci
Dec 15 08:23:52 kernel: [   18.711362] ata3: SATA max UDMA/133 abar m8192@0xf0806000 port 0xf0806100 irq 21
Dec 15 08:23:52 kernel: [   19.101938] ata3: SATA link up 3.0 Gbps (SStatus 123 SControl 300)
Dec 15 08:23:52 kernel: [   19.102156] ata3.00: ATA-6: VBOX HARDDISK, 1.0, max UDMA/133
Dec 15 08:23:52 kernel: [   19.102157] ata3.00: 52428800 sectors, multi 128: LBA48 NCQ (depth 31/32)
Dec 15 08:23:52 kernel: [   19.102408] ata3.00: configured for UDMA/133
Dec 15 08:23:52 kernel: [   19.102453] scsi 2:0:0:0: Direct-Access     ATA      VBOX HARDDISK    1.0  PQ: 0 ANSI: 5
Dec 15 08:23:52 kernel: [   19.103014] sd 2:0:0:0: [sda] 52428800 512-byte logical blocks: (26.8 GB/25.0 GiB)
Dec 15 08:23:52 kernel: [   19.103026] sd 2:0:0:0: [sda] Write Protect is off
Dec 15 08:23:52 kernel: [   19.103027] sd 2:0:0:0: [sda] Mode Sense: 00 3a 00 00
Dec 15 08:23:52 kernel: [   19.103032] sd 2:0:0:0: [sda] Write cache: enabled, read cache: enabled, doesn't support DPO or FUA
Dec 15 08:23:52 kernel: [   19.103139] sd 2:0:0:0: Attached scsi generic sg1 type 0
Dec 15 08:23:52 kernel: [   19.103846] sd 2:0:0:0: [sda] Attached SCSI disk
Dec 15 08:23:52 frontend: Setting debconf/priority to critical
Dec 15 08:23:52 kernel: [   19.286287] usb 2-1: new full-speed USB device number 2 using ohci-pci
Dec 15 08:23:52 init: starting pid 199, tty '': '/sbin/reopen-console /sbin/debian-installer'
Dec 15 08:23:52 init: starting pid 200, tty '/dev/tty4': '/usr/bin/tail -f /var/log/syslog'
Dec 15 08:23:52 debconf: Setting debconf/language to en
Dec 15 08:23:52 main-menu[228]: DEBUG: resolver (libgcc1): package doesn't exist (ignored)
Dec 15 08:23:52 main-menu[228]: INFO: Falling back to the package description for brltty-udeb
Dec 15 08:23:52 main-menu[228]: INFO: Falling back to the package description for brltty-udeb
Dec 15 08:23:52 main-menu[228]: INFO: Falling back to the package description for brltty-udeb
Dec 15 08:23:52 main-menu[228]: INFO: Menu item 'brltty-udeb' selected
Dec 15 08:23:52 main-menu[228]: WARNING **: Unable to set title for brltty-udeb.
Dec 15 08:23:52 main-menu[228]: DEBUG: resolver (libgcc1): package doesn't exist (ignored)
Dec 15 08:23:52 main-menu[228]: INFO: Falling back to the package description for brltty-udeb
Dec 15 08:23:52 main-menu[228]: INFO: Falling back to the package description for brltty-udeb
Dec 15 08:23:52 main-menu[228]: INFO: Menu item 'cdrom-detect' selected
Dec 15 08:23:52 kernel: [   19.639473] usb 2-1: New USB device found, idVendor=80ee, idProduct=0021
Dec 15 08:23:52 kernel: [   19.639473] usb 2-1: New USB device strings: Mfr=1, Product=3, SerialNumber=0
Dec 15 08:23:52 kernel: [   19.639473] usb 2-1: Product: USB Tablet
Dec 15 08:23:52 kernel: [   19.639473] usb 2-1: Manufacturer: VirtualBox
Dec 15 08:23:52 kernel: [   19.647513] hidraw: raw HID events driver (C) Jiri Kosina
Dec 15 08:23:52 kernel: [   19.664754] usbcore: registered new interface driver usbhid
Dec 15 08:23:52 kernel: [   19.664754] usbhid: USB HID core driver
Dec 15 08:23:52 kernel: [   19.673754] input: VirtualBox USB Tablet as /devices/pci0000:00/0000:00:06.0/usb2/2-1/2-1:1.0/0003:80EE:0021.0001/input/input5
Dec 15 08:23:52 kernel: [   19.673754] hid-generic 0003:80EE:0021.0001: input,hidraw0: USB HID v1.10 Mouse [VirtualBox USB Tablet] on usb-0000:00:06.0-1/input0
Dec 15 08:23:52 net/hw-detect.hotplug: Detected hotpluggable network interface lo
Dec 15 08:24:08 hw-detect: Detected module 'usb-storage' for 'USB storage'
Dec 15 08:24:09 hw-detect: insmod /lib/modules/4.4.0-142-generic/kernel/drivers/usb/storage/usb-storage.ko 
Dec 15 08:24:09 kernel: [   36.488730] usbcore: registered new interface driver usb-storage
Dec 15 08:24:09 apt-install: Queueing package udev for later installation
Dec 15 08:24:09 apt-install: Queueing package pciutils for later installation
Dec 15 08:24:09 apt-install: Queueing package usbutils for later installation
Dec 15 08:24:09 apt-install: Queueing package eject for later installation
Dec 15 08:24:10 check-missing-firmware: looking at dmesg for the first time
Dec 15 08:24:10 check-missing-firmware: saving timestamp for a later use: [   36.488730]
Dec 15 08:24:10 check-missing-firmware: /dev/.udev/firmware-missing does not exist, skipping
Dec 15 08:24:10 check-missing-firmware: /run/udev/firmware-missing does not exist, skipping
Dec 15 08:24:10 check-missing-firmware: no missing firmware in loaded kernel modules
Dec 15 08:24:10 cdrom-detect: Searching for Ubuntu installation media...
Dec 15 08:24:11 cdrom-detect: Devices: '/dev/sr0'
Dec 15 08:24:11 kernel: [   38.375960] ISO 9660 Extensions: Microsoft Joliet Level 3
Dec 15 08:24:11 kernel: [   38.378978] ISO 9660 Extensions: RRIP_1991A
Dec 15 08:24:11 cdrom-detect: CD-ROM mount succeeded: device=/dev/sr0 fstype=iso9660
Dec 15 08:24:11 cdrom-detect: Detected CD 'Ubuntu-Server 16.04.6 LTS "Xenial Xerus" - Release i386 (20190226)'
Dec 15 08:24:11 cdrom-detect: Detected CD with 'xenial' (xenial) distribution
Dec 15 08:24:11 anna-install: Queueing udeb eject-udeb for later installation
Dec 15 08:24:11 anna-install: Queueing udeb apt-mirror-setup for later installation
Dec 15 08:24:11 anna-install: Queueing udeb apt-cdrom-setup for later installation
Dec 15 08:24:11 anna-install: Queueing udeb xenial-support for later installation
Dec 15 08:24:11 main-menu[228]: (process:314): modprobe: invalid option -- 'l'
Dec 15 08:24:11 main-menu[228]: DEBUG: resolver (libgcc1): package doesn't exist (ignored)
Dec 15 08:24:11 main-menu[228]: INFO: Falling back to the package description for brltty-udeb
Dec 15 08:24:11 main-menu[228]: INFO: Falling back to the package description for brltty-udeb
Dec 15 08:24:11 main-menu[228]: INFO: Menu item 'file-preseed' selected
Dec 15 08:24:24 kernel: [   51.625703] floppy0: no floppy controllers found
Dec 15 08:24:24 kernel: [   51.625696] floppy0: floppy_shutdown: timeout handler died.  
Dec 15 08:24:24 kernel: [   51.668836] random: nonblocking pool is initialized
Dec 15 08:24:25 preseed: successfully loaded preseed file from file:///cdrom/preseed.cfg
Dec 15 08:24:25 main-menu[228]: (process:2510): mount: mounting /dev/sda on /media failed: Invalid argument
Dec 15 08:24:25 main-menu[228]: (process:2510): umount: can't umount /media: Invalid argument
Dec 15 08:24:25 main-menu[228]: (process:2510): mount: mounting /dev/sda on /media failed: Invalid argument
Dec 15 08:24:25 main-menu[228]: (process:2510): mount: mounting /dev/sda on /media failed: Invalid argument
Dec 15 08:24:25 main-menu[228]: (process:2510): umount: can't umount /media: Invalid argument
Dec 15 08:24:25 main-menu[228]: (process:2510): mount: mounting /dev/sda on /media failed: Invalid argument
Dec 15 08:24:25 main-menu[228]: (process:2510): mount: mounting /dev/fd0 on /media failed: No such file or directory
Dec 15 08:24:25 main-menu[228]: (process:2510): umount: can't umount /media: Invalid argument
Dec 15 08:24:25 main-menu[228]: (process:2510): mount: mounting /dev/fd0 on /media failed: No such file or directory
Dec 15 08:24:25 main-menu[228]: DEBUG: resolver (libgcc1): package doesn't exist (ignored)
Dec 15 08:24:25 main-menu[228]: INFO: Falling back to the package description for brltty-udeb
Dec 15 08:24:25 main-menu[228]: INFO: Menu item 'localechooser' selected
Dec 15 08:24:25 localechooser: info: debian-installer/locale preseeded to 'en_US' (seen: true)
Dec 15 08:24:25 localechooser: info: Set localechooser/languagelist = 'en'
Dec 15 08:24:25 localechooser: info: Set debian-installer/country = 'US'
Dec 15 08:24:25 debconf: Setting debconf/language to en
Dec 15 08:24:25 debconf: Setting debconf/language to 
Dec 15 08:24:25 localechooser: info: Set debian-installer/country = 'US'
Dec 15 08:24:25 localechooser: info: Set debian-installer/locale = 'en_US'
Dec 15 08:24:25 localechooser: info: System locale (debian-installer/locale) = 'en_US'
Dec 15 08:24:25 localechooser: info: Set debian-installer/language = 'en_US:'
Dec 15 08:24:25 debconf: Setting debconf/language to en_US:
Dec 15 08:24:25 main-menu[228]: DEBUG: resolver (libgcc1): package doesn't exist (ignored)
Dec 15 08:24:25 main-menu[228]: INFO: Falling back to the package description for brltty-udeb
Dec 15 08:24:25 main-menu[228]: INFO: Falling back to the package description for brltty-udeb
Dec 15 08:24:25 main-menu[228]: INFO: Menu item 'console-setup-udeb' selected
Dec 15 08:24:25 main-menu[228]: (process:5638): /etc/console-setup is not writable. No files will be saved there.
Dec 15 08:24:25 main-menu[228]: (process:5638): gzip is not accessible. Will not save cached keyboard map.
Dec 15 08:24:25 main-menu[228]: DEBUG: resolver (libgcc1): package doesn't exist (ignored)
Dec 15 08:24:25 main-menu[228]: INFO: Falling back to the package description for brltty-udeb
Dec 15 08:24:25 main-menu[228]: INFO: Falling back to the package description for brltty-udeb
Dec 15 08:24:25 main-menu[228]: INFO: Menu item 'load-cdrom' selected
Dec 15 08:24:25 cdrom-retriever: warning: File /cdrom/dists/xenial/main/debian-installer/binary-i386/Packages does not exist.
Dec 15 08:24:25 cdrom-retriever: warning: File /cdrom/dists/xenial/restricted/debian-installer/binary-i386/Packages does not exist.
Dec 15 08:24:25 anna[5896]: DEBUG: resolver (efi-modules): package doesn't exist (ignored)
Dec 15 08:24:25 anna[5896]: DEBUG: resolver (ext3-modules): package doesn't exist (ignored)
Dec 15 08:24:25 anna[5896]: DEBUG: resolver (ext4-modules): package doesn't exist (ignored)
Dec 15 08:24:25 anna[5896]: DEBUG: resolver (efi-modules): package doesn't exist (ignored)
Dec 15 08:24:25 anna[5896]: DEBUG: resolver (ext3-modules): package doesn't exist (ignored)
Dec 15 08:24:25 anna[5896]: DEBUG: resolver (ext4-modules): package doesn't exist (ignored)
Dec 15 08:24:25 anna[5896]: DEBUG: retrieving apt-cdrom-setup 1:0.104ubuntu4.1
Dec 15 08:24:25 anna[5896]: DEBUG: retrieving apt-mirror-setup 1:0.104ubuntu4.1
Dec 15 08:24:25 anna[5896]: DEBUG: retrieving apt-setup-udeb 1:0.104ubuntu4.1
Dec 15 08:24:25 anna[5896]: DEBUG: retrieving attr-udeb 1:2.4.47-2
Dec 15 08:24:25 anna[5896]: DEBUG: retrieving libattr1-udeb 1:2.4.47-2
Dec 15 08:24:25 anna[5896]: DEBUG: retrieving base-installer 1.158ubuntu2.1
Dec 15 08:24:25 anna[5896]: DEBUG: retrieving libdns-export162-udeb 1:9.10.3.dfsg.P4-8ubuntu1.12
Dec 15 08:24:25 anna[5896]: DEBUG: retrieving libirs-export141-udeb 1:9.10.3.dfsg.P4-8ubuntu1.12
Dec 15 08:24:25 anna[5896]: DEBUG: retrieving libisccfg-export140-udeb 1:9.10.3.dfsg.P4-8ubuntu1.12
Dec 15 08:24:26 anna[5896]: DEBUG: retrieving libisc-export160-udeb 1:9.10.3.dfsg.P4-8ubuntu1.12
Dec 15 08:24:26 anna[5896]: DEBUG: retrieving btrfs-tools-udeb 4.4-1ubuntu1
Dec 15 08:24:26 anna[5896]: DEBUG: retrieving choose-mirror-bin 2.65ubuntu6
Dec 15 08:24:26 anna[5896]: DEBUG: retrieving clock-setup 0.126ubuntu1
Dec 15 08:24:26 anna[5896]: DEBUG: retrieving cryptsetup-udeb 2:1.6.6-5ubuntu2.1
Dec 15 08:24:26 anna[5896]: DEBUG: retrieving libcryptsetup4-udeb 2:1.6.6-5ubuntu2.1
Dec 15 08:24:26 anna[5896]: DEBUG: retrieving di-utils-mapdevfs 1.113ubuntu1.16.04.1
Dec 15 08:24:35 anna[5896]: DEBUG: retrieving dosfstools-udeb 3.0.28-2ubuntu0.1
Dec 15 08:24:35 anna[5896]: DEBUG: retrieving e2fsprogs-udeb 1.42.13-1ubuntu1
Dec 15 08:24:35 anna[5896]: DEBUG: retrieving eject-udeb 2.1.5+deb1+cvs20081104-13.1ubuntu0.16.04.1
Dec 15 08:24:35 anna[5896]: DEBUG: retrieving elilo-installer 1.30
Dec 15 08:24:35 anna[5896]: DEBUG: retrieving finish-install 2.59ubuntu1
Dec 15 08:24:35 anna[5896]: DEBUG: retrieving fuse-udeb 2.9.4-1ubuntu3.1
Dec 15 08:24:35 anna[5896]: DEBUG: retrieving libfuse2-udeb 2.9.4-1ubuntu3.1
Dec 15 08:24:45 anna[5896]: DEBUG: retrieving grub-mount-udeb 2.02~beta2-36ubuntu3.20
Dec 15 08:24:45 anna[5896]: DEBUG: retrieving grub-installer 1.128ubuntu5.1
Dec 15 08:24:45 anna[5896]: DEBUG: retrieving disk-detect 1.117ubuntu2.3
Dec 15 08:24:45 anna[5896]: DEBUG: retrieving driver-injection-disk-detect 1.117ubuntu2.3
Dec 15 08:24:54 anna[5896]: DEBUG: retrieving ethdetect 1.117ubuntu2.3
Dec 15 08:25:03 anna[5896]: DEBUG: retrieving isc-dhcp-client-udeb 4.3.3-5ubuntu12.10
Dec 15 08:25:03 anna[5896]: DEBUG: retrieving jfsutils-udeb 1.1.15-2.1
Dec 15 08:25:03 anna[5896]: DEBUG: retrieving libbsd0-udeb 0.8.2-1
Dec 15 08:25:13 anna[5896]: DEBUG: retrieving libgcrypt20-udeb 1.6.5-2ubuntu0.5
Dec 15 08:25:13 anna[5896]: DEBUG: retrieving libgpg-error0-udeb 1.21-2ubuntu1
Dec 15 08:25:13 anna[5896]: DEBUG: retrieving libnl-3-200-udeb 3.2.27-1ubuntu0.16.04.1
Dec 15 08:25:13 anna[5896]: DEBUG: retrieving libnl-genl-3-200-udeb 3.2.27-1ubuntu0.16.04.1
Dec 15 08:25:13 anna[5896]: DEBUG: retrieving libusb-1.0-0-udeb 2:1.0.20-1
Dec 15 08:25:13 anna[5896]: DEBUG: retrieving block-modules-4.4.0-142-generic-di 4.4.0-142.168
Dec 15 08:25:13 anna[5896]: DEBUG: retrieving crypto-modules-4.4.0-142-generic-di 4.4.0-142.168
Dec 15 08:25:13 anna[5896]: DEBUG: retrieving nic-firmware 1.157.21
Dec 15 08:25:13 anna[5896]: DEBUG: retrieving fs-core-modules-4.4.0-142-generic-di 4.4.0-142.168
Dec 15 08:25:13 anna[5896]: DEBUG: retrieving fs-secondary-modules-4.4.0-142-generic-di 4.4.0-142.168
Dec 15 08:25:13 anna[5896]: DEBUG: retrieving ipmi-modules-4.4.0-142-generic-di 4.4.0-142.168
Dec 15 08:25:13 anna[5896]: DEBUG: retrieving irda-modules-4.4.0-142-generic-di 4.4.0-142.168
Dec 15 08:25:13 anna[5896]: DEBUG: retrieving md-modules-4.4.0-142-generic-di 4.4.0-142.168
Dec 15 08:25:22 anna[5896]: DEBUG: retrieving message-modules-4.4.0-142-generic-di 4.4.0-142.168
Dec 15 08:25:23 anna[5896]: DEBUG: retrieving nfs-modules-4.4.0-142-generic-di 4.4.0-142.168
Dec 15 08:25:23 anna[5896]: DEBUG: retrieving nic-modules-4.4.0-142-generic-di 4.4.0-142.168
Dec 15 08:25:23 anna[5896]: DEBUG: retrieving nic-pcmcia-modules-4.4.0-142-generic-di 4.4.0-142.168
Dec 15 08:25:23 anna[5896]: DEBUG: retrieving nic-shared-modules-4.4.0-142-generic-di 4.4.0-142.168
Dec 15 08:25:23 anna[5896]: DEBUG: retrieving nic-usb-modules-4.4.0-142-generic-di 4.4.0-142.168
Dec 15 08:25:23 anna[5896]: DEBUG: retrieving parport-modules-4.4.0-142-generic-di 4.4.0-142.168
Dec 15 08:25:23 anna[5896]: DEBUG: retrieving plip-modules-4.4.0-142-generic-di 4.4.0-142.168
Dec 15 08:25:23 anna[5896]: DEBUG: retrieving ppp-modules-4.4.0-142-generic-di 4.4.0-142.168
Dec 15 08:25:23 anna[5896]: DEBUG: retrieving live-installer 51ubuntu2.1
Dec 15 08:25:32 anna[5896]: DEBUG: retrieving dmsetup-udeb 2:1.02.110-1ubuntu10
Dec 15 08:25:33 anna[5896]: DEBUG: retrieving libdevmapper1.02.1-udeb 2:1.02.110-1ubuntu10
Dec 15 08:25:33 anna[5896]: DEBUG: retrieving lvm2-udeb 2.02.133-1ubuntu10
Dec 15 08:25:42 anna[5896]: DEBUG: retrieving liblzo2-2-udeb 2.08-1.2
Dec 15 08:25:42 anna[5896]: DEBUG: retrieving mdadm-udeb 3.3-2ubuntu7.6
Dec 15 08:25:42 anna[5896]: DEBUG: retrieving ndisc6-udeb 1.0.1-1ubuntu2
Dec 15 08:25:43 anna[5896]: DEBUG: retrieving rdnssd-udeb 1.0.1-1ubuntu2
Dec 15 08:25:43 anna[5896]: DEBUG: retrieving netcfg 1.135ubuntu4.5
Dec 15 08:25:43 anna[5896]: DEBUG: retrieving nobootloader 1.47
Dec 15 08:25:43 anna[5896]: DEBUG: retrieving ntfs-3g-udeb 1:2015.3.14AR.1-1ubuntu0.1
Dec 15 08:25:52 anna[5896]: DEBUG: retrieving open-iscsi-udeb 2.0.873+git0.3b4b4500-14ubuntu3.7
Dec 15 08:25:53 anna[5896]: DEBUG: retrieving os-prober-udeb 1.70ubuntu3.3
Dec 15 08:25:53 anna[5896]: DEBUG: retrieving partconf-find-partitions 1.49
Dec 15 08:25:53 anna[5896]: DEBUG: retrieving partconf-mkfstab 1.49
Dec 15 08:25:53 anna[5896]: DEBUG: retrieving libparted2-udeb 3.2-15ubuntu0.1
Dec 15 08:25:53 anna[5896]: DEBUG: retrieving libparted-fs-resize0-udeb 3.2-15ubuntu0.1
Dec 15 08:25:53 anna[5896]: DEBUG: retrieving partman-auto-crypto 22ubuntu1
Dec 15 08:25:53 anna[5896]: DEBUG: retrieving partman-auto-loop 0ubuntu21
Dec 15 08:25:53 anna[5896]: DEBUG: retrieving partman-auto-lvm 56ubuntu1
Dec 15 08:25:53 anna[5896]: DEBUG: retrieving partman-auto 134ubuntu1.3
Dec 15 08:25:53 anna[5896]: DEBUG: retrieving partman-auto-raid 30ubuntu1
Dec 15 08:26:03 anna[5896]: DEBUG: retrieving partman-base 187ubuntu2.1
Dec 15 08:26:12 anna[5896]: DEBUG: retrieving partman-utils 187ubuntu2.1
Dec 15 08:26:12 anna[5896]: DEBUG: retrieving partman-basicfilesystems 120ubuntu1
Dec 15 08:26:12 anna[5896]: DEBUG: retrieving partman-basicmethods 61
Dec 15 08:26:12 anna[5896]: DEBUG: retrieving partman-btrfs 18ubuntu1.1
Dec 15 08:26:21 anna[5896]: DEBUG: retrieving partman-crypto 86ubuntu1
Dec 15 08:26:22 anna[5896]: DEBUG: retrieving partman-crypto-dm 86ubuntu1
Dec 15 08:26:22 anna[5896]: DEBUG: retrieving partman-efi 71ubuntu1
Dec 15 08:26:31 anna[5896]: DEBUG: retrieving partman-ext3 84ubuntu2
Dec 15 08:26:31 anna[5896]: DEBUG: retrieving partman-iscsi 40ubuntu3
Dec 15 08:26:40 anna[5896]: DEBUG: retrieving partman-jfs 47
Dec 15 08:26:41 anna[5896]: DEBUG: retrieving partman-lvm 112
Dec 15 08:26:50 anna[5896]: DEBUG: retrieving partman-md 77
Dec 15 08:26:50 anna[5896]: DEBUG: retrieving partman-partitioning 110ubuntu4.2
Dec 15 08:27:00 anna[5896]: DEBUG: retrieving partman-target 98ubuntu1
Dec 15 08:27:00 anna[5896]: DEBUG: retrieving partman-xfs 58
Dec 15 08:27:00 anna[5896]: DEBUG: retrieving pkgsel 0.43ubuntu1.1
Dec 15 08:27:00 anna[5896]: DEBUG: retrieving libpopt0-udeb 1.16-10
Dec 15 08:27:00 anna[5896]: DEBUG: retrieving network-preseed 1.71ubuntu1.2
Dec 15 08:27:09 anna[5896]: DEBUG: retrieving rdate-udeb 1:1.2-6
Dec 15 08:27:10 anna[5896]: DEBUG: retrieving mkreiserfs-udeb 1:3.6.24-3.1
Dec 15 08:27:10 anna[5896]: DEBUG: retrieving tzsetup-udeb 1:0.81ubuntu1
Dec 15 08:27:10 anna[5896]: DEBUG: retrieving usbutils-udeb 1:007-4
Dec 15 08:27:19 anna[5896]: DEBUG: retrieving user-setup-udeb 1.63ubuntu4
Dec 15 08:27:19 anna[5896]: DEBUG: retrieving libiw30-udeb 30~pre9-8ubuntu1
Dec 15 08:27:19 anna[5896]: DEBUG: retrieving wpasupplicant-udeb 2.4-0ubuntu6.3
Dec 15 08:27:19 anna[5896]: DEBUG: retrieving xfsprogs-udeb 4.3.0+nmu1ubuntu1.1
Dec 15 08:27:20 main-menu[228]: DEBUG: resolver (libgcc1): package doesn't exist (ignored)
Dec 15 08:27:20 main-menu[228]: INFO: Falling back to the package description for brltty-udeb
Dec 15 08:27:20 main-menu[228]: INFO: Falling back to the package description for brltty-udeb
Dec 15 08:27:20 main-menu[228]: INFO: Menu item 'driver-injection-disk-detect' selected
Dec 15 08:27:21 main-menu[228]: DEBUG: resolver (libgcc1): package doesn't exist (ignored)
Dec 15 08:27:21 main-menu[228]: INFO: Falling back to the package description for brltty-udeb
Dec 15 08:27:21 main-menu[228]: INFO: Falling back to the package description for brltty-udeb
Dec 15 08:27:21 main-menu[228]: INFO: Menu item 'ethdetect' selected
Dec 15 08:27:21 kernel: [  237.357726] e1000: Intel(R) PRO/1000 Network Driver - version 7.3.21-k8-NAPI
Dec 15 08:27:21 kernel: [  237.357726] e1000: Copyright (c) 1999-2006 Intel Corporation.
Dec 15 08:27:21 net/hw-detect.hotplug: Detected hotpluggable network interface lo
Dec 15 08:27:31 kernel: [  238.541972] e1000 0000:00:03.0 eth0: (PCI:33MHz:32-bit) 08:00:27:a3:a2:73
Dec 15 08:27:31 kernel: [  238.541978] e1000 0000:00:03.0 eth0: Intel(R) PRO/1000 Network Connection
Dec 15 08:27:31 kernel: [  238.542781] e1000 0000:00:03.0 enp0s3: renamed from eth0
Dec 15 08:27:31 net/hw-detect.hotplug: Detected hotpluggable network interface enp0s3
Dec 15 08:27:32 check-missing-firmware: looking at dmesg again, restarting from \[   36.488730\]
Dec 15 08:27:32 check-missing-firmware: timestamp found, truncating dmesg accordingly
Dec 15 08:27:32 check-missing-firmware: saving timestamp for a later use: [  238.542781]
Dec 15 08:27:32 check-missing-firmware: /dev/.udev/firmware-missing does not exist, skipping
Dec 15 08:27:32 check-missing-firmware: /run/udev/firmware-missing does not exist, skipping
Dec 15 08:27:32 check-missing-firmware: no missing firmware in loaded kernel modules
Dec 15 08:27:32 check-missing-firmware: taking network interface enp0s3 up/down
Dec 15 08:27:32 kernel: [  240.090753] IPv6: ADDRCONF(NETDEV_UP): enp0s3: link is not ready
Dec 15 08:27:32 kernel: [  249.236700] e1000: enp0s3 NIC Link is Up 1000 Mbps Full Duplex, Flow Control: RX
Dec 15 08:27:43 check-missing-firmware: looking at dmesg again, restarting from \[  238.542781\]
Dec 15 08:27:43 check-missing-firmware: timestamp found, truncating dmesg accordingly
Dec 15 08:27:43 check-missing-firmware: saving timestamp for a later use: [  249.236700]
Dec 15 08:27:43 check-missing-firmware: /dev/.udev/firmware-missing does not exist, skipping
Dec 15 08:27:43 check-missing-firmware: /run/udev/firmware-missing does not exist, skipping
Dec 15 08:27:43 check-missing-firmware: no missing firmware in loaded kernel modules
Dec 15 08:27:43 main-menu[228]: (process:9446): modprobe: invalid option -- 'l'
Dec 15 08:27:43 main-menu[228]: DEBUG: resolver (libgcc1): package doesn't exist (ignored)
Dec 15 08:27:43 main-menu[228]: INFO: Falling back to the package description for brltty-udeb
Dec 15 08:27:43 main-menu[228]: INFO: Falling back to the package description for brltty-udeb
Dec 15 08:27:43 main-menu[228]: INFO: Menu item 'netcfg' selected
Dec 15 08:27:43 netcfg[9874]: INFO: Starting netcfg v.1.135ubuntu4.5
Dec 15 08:27:43 netcfg[9874]: WARNING **: Couldn't read Wpasupplicant pid file, not trying to kill.
Dec 15 08:27:43 netcfg[9874]: DEBUG: Flushing addresses and routes on interface: enp0s3
Dec 15 08:27:43 netcfg[9874]: INFO: Could not find valid BOOTIF= entry in /proc/cmdline
Dec 15 08:27:43 netcfg[9874]: INFO: Taking down interface enp0s3
Dec 15 08:27:43 netcfg[9874]: INFO: Taking down interface lo
Dec 15 08:27:43 netcfg[9874]: INFO: Activating interface enp0s3
Dec 15 08:27:43 netcfg[9874]: DEBUG: State is now 0
Dec 15 08:27:43 netcfg[9874]: DEBUG: Want link on enp0s3
Dec 15 08:27:43 kernel: [  251.019616] IPv6: ADDRCONF(NETDEV_UP): enp0s3: link is not ready
Dec 15 08:27:43 netcfg[9874]: INFO: Waiting time set to 3
Dec 15 08:27:43 netcfg[9874]: INFO: ethtool-lite: enp0s3: carrier down
Dec 15 08:27:43 kernel: [  259.965563] e1000: enp0s3 NIC Link is Up 1000 Mbps Full Duplex, Flow Control: RX
Dec 15 08:27:43 kernel: [  259.966621] IPv6: ADDRCONF(NETDEV_CHANGE): enp0s3: link becomes ready
Dec 15 08:27:53 netcfg[9874]: INFO: ethtool-lite: enp0s3: carrier up
Dec 15 08:27:53 netcfg[9874]: INFO: Found link on enp0s3
Dec 15 08:27:53 netcfg[9874]: DEBUG: Commencing network autoconfiguration on enp0s3
Dec 15 08:27:53 netcfg[9874]: DEBUG: rdnssd started; PID: 9897
Dec 15 08:28:02 netcfg[9874]: DEBUG: nc_v6_interface_configured(enp0s3, scope local)
Dec 15 08:28:02 netcfg[9874]: DEBUG: Running ip addr show enp0s3 to look for address
Dec 15 08:28:02 netcfg[9874]: DEBUG: ip line: 2: enp0s3: <BROADCAST,MULTICAST,UP,LOWER_UP> mtu 1500 qdisc pfifo_fast qlen 1000
Dec 15 08:28:02 netcfg[9874]: DEBUG: ip line:     link/ether 08:00:27:a3:a2:73 brd ff:ff:ff:ff:ff:ff
Dec 15 08:28:02 netcfg[9874]: DEBUG: ip line:     inet6 fe80::a00:27ff:fea3:a273/64 scope link 
Dec 15 08:28:02 netcfg[9874]: DEBUG: Configured address found
Dec 15 08:28:02 netcfg[9874]: DEBUG: ip line:        valid_lft forever preferred_lft forever
Dec 15 08:28:02 netcfg[9874]: DEBUG: Running rdisc6 -1 -r 1 -w 500 -n enp0s3 to get IPv6 config flags
Dec 15 08:28:07 netcfg[9874]: DEBUG: rdisc6 line: Soliciting ff02::2 (ff02::2) on enp0s3...
Dec 15 08:28:07 netcfg[9874]: DEBUG: rdisc6 line: Timed out.
Dec 15 08:28:07 netcfg[9874]: DEBUG: rdisc6 line: No response.
Dec 15 08:28:07 netcfg[9874]: DEBUG: rdisc6 parsing finished
Dec 15 08:28:17 netcfg[9874]: DEBUG: rdisc6 line: Soliciting ff02::2 (ff02::2) on enp0s3...
Dec 15 08:28:17 netcfg[9874]: DEBUG: rdisc6 line: Timed out.
Dec 15 08:28:17 netcfg[9874]: DEBUG: rdisc6 line: No response.
Dec 15 08:28:17 netcfg[9874]: DEBUG: rdisc6 parsing finished
Dec 15 08:28:26 netcfg[9874]: DEBUG: rdisc6 line: Soliciting ff02::2 (ff02::2) on enp0s3...
Dec 15 08:28:26 netcfg[9874]: DEBUG: rdisc6 line: Timed out.
Dec 15 08:28:26 netcfg[9874]: DEBUG: rdisc6 line: No response.
Dec 15 08:28:26 netcfg[9874]: DEBUG: rdisc6 parsing finished
Dec 15 08:28:27 netcfg[9874]: DEBUG: rdisc6 line: Soliciting ff02::2 (ff02::2) on enp0s3...
Dec 15 08:28:27 netcfg[9874]: DEBUG: rdisc6 line: Timed out.
Dec 15 08:28:27 netcfg[9874]: DEBUG: rdisc6 line: No response.
Dec 15 08:28:27 netcfg[9874]: DEBUG: rdisc6 parsing finished
Dec 15 08:28:27 netcfg[9874]: DEBUG: rdisc6 line: Soliciting ff02::2 (ff02::2) on enp0s3...
Dec 15 08:28:27 netcfg[9874]: DEBUG: rdisc6 line: Timed out.
Dec 15 08:28:27 netcfg[9874]: DEBUG: rdisc6 line: No response.
Dec 15 08:28:27 netcfg[9874]: DEBUG: rdisc6 parsing finished
Dec 15 08:28:36 netcfg[9874]: DEBUG: rdisc6 line: Soliciting ff02::2 (ff02::2) on enp0s3...
Dec 15 08:28:36 netcfg[9874]: DEBUG: rdisc6 line: Timed out.
Dec 15 08:28:36 netcfg[9874]: DEBUG: rdisc6 line: No response.
Dec 15 08:28:36 netcfg[9874]: DEBUG: rdisc6 parsing finished
Dec 15 08:28:46 netcfg[9874]: DEBUG: rdisc6 line: Soliciting ff02::2 (ff02::2) on enp0s3...
Dec 15 08:28:46 netcfg[9874]: DEBUG: rdisc6 line: Timed out.
Dec 15 08:28:46 netcfg[9874]: DEBUG: rdisc6 line: No response.
Dec 15 08:28:46 netcfg[9874]: DEBUG: rdisc6 parsing finished
Dec 15 08:28:46 netcfg[9874]: DEBUG: rdisc6 line: Soliciting ff02::2 (ff02::2) on enp0s3...
Dec 15 08:28:46 netcfg[9874]: DEBUG: rdisc6 line: Timed out.
Dec 15 08:28:46 netcfg[9874]: DEBUG: rdisc6 line: No response.
Dec 15 08:28:46 netcfg[9874]: DEBUG: rdisc6 parsing finished
Dec 15 08:28:55 netcfg[9874]: DEBUG: rdisc6 line: Soliciting ff02::2 (ff02::2) on enp0s3...
Dec 15 08:28:55 netcfg[9874]: DEBUG: rdisc6 line: Timed out.
Dec 15 08:28:55 netcfg[9874]: DEBUG: rdisc6 line: No response.
Dec 15 08:28:55 netcfg[9874]: DEBUG: rdisc6 parsing finished
Dec 15 08:29:05 netcfg[9874]: DEBUG: rdisc6 line: Soliciting ff02::2 (ff02::2) on enp0s3...
Dec 15 08:29:05 netcfg[9874]: DEBUG: rdisc6 line: Timed out.
Dec 15 08:29:05 netcfg[9874]: DEBUG: rdisc6 line: No response.
Dec 15 08:29:05 netcfg[9874]: DEBUG: rdisc6 parsing finished
Dec 15 08:29:05 netcfg[9874]: DEBUG: rdisc6 line: Soliciting ff02::2 (ff02::2) on enp0s3...
Dec 15 08:29:05 netcfg[9874]: DEBUG: rdisc6 line: Timed out.
Dec 15 08:29:05 netcfg[9874]: DEBUG: rdisc6 line: No response.
Dec 15 08:29:05 netcfg[9874]: DEBUG: rdisc6 parsing finished
Dec 15 08:29:05 netcfg[9874]: DEBUG: rdisc6 line: Soliciting ff02::2 (ff02::2) on enp0s3...
Dec 15 08:29:05 netcfg[9874]: DEBUG: rdisc6 line: Timed out.
Dec 15 08:29:05 netcfg[9874]: DEBUG: rdisc6 line: No response.
Dec 15 08:29:05 netcfg[9874]: DEBUG: rdisc6 parsing finished
Dec 15 08:29:05 netcfg[9874]: DEBUG: Stopping rdnssd, PID 9897
Dec 15 08:29:05 netcfg[9874]: DEBUG: No RA received; attempting IPv4 autoconfig
Dec 15 08:29:05 netcfg[9874]: WARNING **: Started DHCP client; PID is 9925
Dec 15 08:29:28 dhclient[9925]: DHCPDISCOVER on enp0s3 to 255.255.255.255 port 67 interval 1 (xid=0x62dff227)
Dec 15 08:29:28 dhclient[9925]: DHCPREQUEST of 10.0.2.15 on enp0s3 to 255.255.255.255 port 67 (xid=0x27f2df62)
Dec 15 08:29:28 dhclient[9925]: DHCPOFFER of 10.0.2.15 from 10.0.2.2
Dec 15 08:29:28 dhclient[9925]: DHCPACK of 10.0.2.15 from 10.0.2.2
Dec 15 08:29:28 dhclient[9925]: bound to 10.0.2.15 -- renewal in 38806 seconds.
Dec 15 08:29:39 netcfg[9874]: DEBUG: Reading domain name returned via DHCP
Dec 15 08:29:39 netcfg[9874]: DEBUG: DHCP domain name is 'boo'
Dec 15 08:29:39 netcfg[9874]: DEBUG: Reading nameservers from /etc/resolv.conf
Dec 15 08:29:39 netcfg[9874]: DEBUG: Read nameserver 192.168.100.1
Dec 15 08:29:39 netcfg[9874]: DEBUG: State is now 1
Dec 15 08:29:39 netcfg[9874]: DEBUG: State is now 2
Dec 15 08:29:39 netcfg[9874]: DEBUG: State is now 5
Dec 15 08:29:39 netcfg[9874]: DEBUG: Using DNS to try and obtain default hostname
Dec 15 08:29:39 netcfg[9874]: DEBUG: Getting default hostname from rDNS lookup of autoconfigured address 10.0.2.15
Dec 15 08:29:39 netcfg[9874]: DEBUG: getnameinfo() returned -2 (Name or service not known)
Dec 15 08:29:39 netcfg[9874]: DEBUG: Getting default hostname from rDNS lookup of autoconfigured address fe80::a00:27ff:fea3:a273
Dec 15 08:29:39 netcfg[9874]: DEBUG: getnameinfo() returned -2 (Name or service not known)
Dec 15 08:29:39 netcfg[9874]: DEBUG: State is now 6
Dec 15 08:29:39 netcfg[9874]: DEBUG: Network config complete
Dec 15 08:29:39 netcfg[9874]: DEBUG: No interface given; clearing /etc/network/interfaces
Dec 15 08:29:39 netcfg[9874]: DEBUG: Writing informative header
Dec 15 08:29:39 netcfg[9874]: DEBUG: Success!
Dec 15 08:29:39 netcfg[9874]: DEBUG: Writing loopback interface
Dec 15 08:29:39 netcfg[9874]: DEBUG: Success!
Dec 15 08:29:39 netcfg[9874]: DEBUG: Writing DHCP stanza for enp0s3
Dec 15 08:29:39 netcfg[9874]: DEBUG: Success!
Dec 15 08:29:39 main-menu[228]: DEBUG: resolver (libgcc1): package doesn't exist (ignored)
Dec 15 08:29:39 main-menu[228]: INFO: Falling back to the package description for brltty-udeb
Dec 15 08:29:39 main-menu[228]: INFO: Falling back to the package description for brltty-udeb
Dec 15 08:29:39 main-menu[228]: INFO: Menu item 'user-setup-udeb' selected
Dec 15 08:29:39 main-menu[228]: DEBUG: resolver (libgcc1): package doesn't exist (ignored)
Dec 15 08:29:39 main-menu[228]: INFO: Falling back to the package description for brltty-udeb
Dec 15 08:29:39 main-menu[228]: INFO: Falling back to the package description for brltty-udeb
Dec 15 08:29:39 main-menu[228]: INFO: Menu item 'clock-setup' selected
Dec 15 08:29:39 clock-setup: rdate called using NTP server ntp.ubuntu.com.
Dec 15 08:29:41 clock-setup: Fri Dec 15 08:29:41 UTC 2023
Dec 15 08:29:41 clock-setup: rdate: adjust local clock by 1.966192 seconds
Dec 15 08:29:41 main-menu[228]: DEBUG: resolver (libgcc1): package doesn't exist (ignored)
Dec 15 08:29:41 main-menu[228]: INFO: Falling back to the package description for brltty-udeb
Dec 15 08:29:41 main-menu[228]: INFO: Falling back to the package description for brltty-udeb
Dec 15 08:29:41 main-menu[228]: INFO: Menu item 'disk-detect' selected
Dec 15 08:29:41 disk-detect: insmod /lib/modules/4.4.0-142-generic/kernel/drivers/scsi/device_handler/scsi_dh_rdac.ko 
Dec 15 08:29:41 kernel: [  376.220639] rdac: device handler registered
Dec 15 08:29:41 disk-detect: insmod /lib/modules/4.4.0-142-generic/kernel/drivers/scsi/device_handler/scsi_dh_hp_sw.ko 
Dec 15 08:29:41 disk-detect: insmod /lib/modules/4.4.0-142-generic/kernel/drivers/scsi/device_handler/scsi_dh_emc.ko 
Dec 15 08:29:41 kernel: [  376.224241] hp_sw: device handler registered
Dec 15 08:29:41 kernel: [  376.226797] emc: device handler registered
Dec 15 08:29:41 disk-detect: insmod /lib/modules/4.4.0-142-generic/kernel/drivers/scsi/device_handler/scsi_dh_alua.ko 
Dec 15 08:29:41 kernel: [  376.229925] alua: device handler registered
Dec 15 08:29:41 net/hw-detect.hotplug: Detected hotpluggable network interface enp0s3
Dec 15 08:29:42 net/hw-detect.hotplug: Detected hotpluggable network interface lo
Dec 15 08:30:07 check-missing-firmware: looking at dmesg again, restarting from \[  249.236700\]
Dec 15 08:30:07 check-missing-firmware: timestamp found, truncating dmesg accordingly
Dec 15 08:30:07 check-missing-firmware: saving timestamp for a later use: [  376.229925]
Dec 15 08:30:07 check-missing-firmware: /dev/.udev/firmware-missing does not exist, skipping
Dec 15 08:30:07 check-missing-firmware: /run/udev/firmware-missing does not exist, skipping
Dec 15 08:30:07 check-missing-firmware: no missing firmware in loaded kernel modules
Dec 15 08:30:07 anna-install: Installing mdadm-udeb
Dec 15 08:30:07 kernel: [  392.751436] md: linear personality registered for level -1
Dec 15 08:30:07 kernel: [  392.754794] md: multipath personality registered for level -4
Dec 15 08:30:07 kernel: [  392.757557] md: raid0 personality registered for level 0
Dec 15 08:30:07 kernel: [  392.764267] md: raid1 personality registered for level 1
Dec 15 08:30:07 kernel: [  401.917889] raid6: mmxx1    gen()  5725 MB/s
Dec 15 08:30:07 kernel: [  402.010713] raid6: mmxx2    gen() 12378 MB/s
Dec 15 08:30:07 kernel: [  402.280334] raid6: sse1x1   gen() 19942 MB/s
Dec 15 08:30:08 kernel: [  402.361885] raid6: sse1x2   gen() 10511 MB/s
Dec 15 08:30:08 kernel: [  402.444550] raid6: sse2x1   gen() 11401 MB/s
Dec 15 08:30:08 kernel: [  403.271843] raid6: sse2x1   xor() 228793 MB/s
Dec 15 08:30:09 kernel: [  403.352534] raid6: sse2x2   gen() 22966 MB/s
Dec 15 08:30:09 kernel: [  403.445604] raid6: sse2x2   xor() 25337 MB/s
Dec 15 08:30:09 kernel: [  403.445604] raid6: using algorithm sse2x2 gen() 22966 MB/s
Dec 15 08:30:09 kernel: [  403.445604] raid6: .... xor() 25337 MB/s, rmw enabled
Dec 15 08:30:09 kernel: [  403.445604] raid6: using ssse3x1 recovery algorithm
Dec 15 08:30:09 kernel: [  403.454259] xor: measuring software checksum speed
Dec 15 08:30:09 kernel: [  403.456479]    pIII_sse  : 27559.000 MB/sec
Dec 15 08:30:09 kernel: [  403.496933]    prefetch64-sse: 28306.000 MB/sec
Dec 15 08:30:09 kernel: [  403.496933] xor: using function: prefetch64-sse (28306.000 MB/sec)
Dec 15 08:30:09 kernel: [  403.535983] async_tx: api initialized (async)
Dec 15 08:30:09 kernel: [  403.554635] md: raid6 personality registered for level 6
Dec 15 08:30:09 kernel: [  403.554635] md: raid5 personality registered for level 5
Dec 15 08:30:09 kernel: [  403.554635] md: raid4 personality registered for level 4
Dec 15 08:30:09 kernel: [  403.563087] md: raid10 personality registered for level 10
Dec 15 08:30:09 disk-detect: No Intel/DDF RAID disks detected.
Dec 15 08:30:09 anna-install: Installing dmraid-udeb
Dec 15 08:30:09 anna[10539]: DEBUG: resolver (libc6-udeb): package doesn't exist (ignored)
Dec 15 08:30:09 anna[10539]: DEBUG: retrieving dmraid-udeb 1.0.0.rc16-4.2ubuntu3
Dec 15 08:30:09 anna[10539]: DEBUG: retrieving libdmraid1.0.0.rc16-udeb 1.0.0.rc16-4.2ubuntu3
Dec 15 08:30:18 anna[10539]: DEBUG: retrieving kpartx-udeb 0.5.0+git1.656f8865-5ubuntu2.5
Dec 15 08:30:19 disk-detect: No Serial ATA RAID disks detected
Dec 15 08:30:20 check-missing-firmware: looking at dmesg again, restarting from \[  376.229925\]
Dec 15 08:30:20 check-missing-firmware: timestamp found, truncating dmesg accordingly
Dec 15 08:30:20 check-missing-firmware: saving timestamp for a later use: [  403.563087]
Dec 15 08:30:20 check-missing-firmware: /dev/.udev/firmware-missing does not exist, skipping
Dec 15 08:30:20 check-missing-firmware: /run/udev/firmware-missing does not exist, skipping
Dec 15 08:30:20 check-missing-firmware: no missing firmware in loaded kernel modules
Dec 15 08:30:20 main-menu[228]: (process:10062): modprobe: invalid option -- 'l'
Dec 15 08:30:20 main-menu[228]: DEBUG: resolver (libgcc1): package doesn't exist (ignored)
Dec 15 08:30:20 main-menu[228]: INFO: Falling back to the package description for brltty-udeb
Dec 15 08:30:20 main-menu[228]: INFO: Falling back to the package description for brltty-udeb
Dec 15 08:30:20 main-menu[228]: INFO: Menu item 'partman-base' selected
Dec 15 08:30:20 kernel: [  405.648947] Btrfs loaded
Dec 15 08:30:20 kernel: [  405.672631] JFS: nTxBlock = 8192, nTxLock = 65536
Dec 15 08:30:20 kernel: [  405.708051] SGI XFS with ACLs, security attributes, realtime, no debug enabled
Dec 15 08:30:20 md-devices: mdadm: No arrays found in config file or automatically
Dec 15 08:30:20 partman:   No matching physical volumes found
Dec 15 08:30:20 partman:   Reading all physical volumes.  This may take a while...
Dec 15 08:30:21 kernel: [  406.797554] Adding 998396k swap on /dev/sda5.  Priority:-1 extents:1 across:998396k FS
Dec 15 08:30:21 partman: mke2fs 1.42.13 (17-May-2015)
Dec 15 08:30:22 kernel: [  407.249207] EXT4-fs (sda1): mounted filesystem with ordered data mode. Opts: errors=remount-ro
Dec 15 08:30:22 apt-install: Queueing package e2fsprogs for later installation
Dec 15 08:30:22 main-menu[228]: DEBUG: resolver (libgcc1): package doesn't exist (ignored)
Dec 15 08:30:22 main-menu[228]: INFO: Falling back to the package description for brltty-udeb
Dec 15 08:30:22 main-menu[228]: INFO: Falling back to the package description for brltty-udeb
Dec 15 08:30:22 main-menu[228]: INFO: Menu item 'live-installer' selected
Dec 15 08:30:22 base-installer: info: Using squashfs support for /cdrom/install/filesystem.squashfs
Dec 15 08:30:22 anna-install: Installing squashfs-modules
Dec 15 08:30:52 /usr/lib/live-installer.d/openssh-server: warning: /target/etc/mtab won't be updated since it is a symlink.
Dec 15 08:30:52 /usr/lib/live-installer.d/popularity-contest: warning: /target/etc/mtab won't be updated since it is a symlink.
Dec 15 08:30:52 live-installer: WARNING: no live-config script matching /target/lib/live/config/*-ssl-cert !
Dec 15 08:31:01 apt-install: Queueing package keyboard-configuration for later installation
Dec 15 08:31:01 apt-install: Queueing package console-setup for later installation
Dec 15 08:31:01 base-installer: Using CD-ROM mount point /media/cdrom/
Dec 15 08:31:01 base-installer: Identifying... 
Dec 15 08:31:01 base-installer: [ff4f6b79273bde0fc752b624a0685fcd-2]
Dec 15 08:31:01 base-installer: Scanning disc for index files...
Dec 15 08:31:01 base-installer: Found 2 package indexes, 0 source indexes, 0 translation indexes and 1 signatures
Dec 15 08:31:01 base-installer: Found label 'Ubuntu-Server 16.04.6 LTS _Xenial Xerus_ - Release i386 (20190226)'
Dec 15 08:31:01 base-installer: This disc is called: 
Dec 15 08:31:01 base-installer: 'Ubuntu-Server 16.04.6 LTS _Xenial Xerus_ - Release i386 (20190226)'
Dec 15 08:31:01 base-installer: Copying package lists...
Dec 15 08:31:01 base-installer: gpgv: Signature made Wed Feb 27 00:09:49 2019 UTC using RSA key ID EFE21092
Dec 15 08:31:01 base-installer: gpgv: Good signature from "Ubuntu CD Image Automatic Signing Key (2012) <cdimage@ubuntu.com>"
Dec 15 08:31:01 base-installer: ^MReading Package Indexes... 0%^M
Dec 15 08:31:10 base-installer: ^MReading Package Indexes... Done^M
Dec 15 08:31:10 base-installer: Writing new source list
Dec 15 08:31:10 base-installer: Source list entries for this disc are:
Dec 15 08:31:10 base-installer: deb cdrom:[Ubuntu-Server 16.04.6 LTS _Xenial Xerus_ - Release i386 (20190226)]/ xenial main restricted
Dec 15 08:31:10 base-installer: Repeat this process for the rest of the CDs in your set.
Dec 15 08:31:10 base-installer: Ign:1 cdrom://Ubuntu-Server 16.04.6 LTS _Xenial Xerus_ - Release i386 (20190226) xenial InRelease
Dec 15 08:31:10 base-installer: Hit:2 cdrom://Ubuntu-Server 16.04.6 LTS _Xenial Xerus_ - Release i386 (20190226) xenial Release
Dec 15 08:31:10 base-installer: Reading package lists...
Dec 15 08:31:10 base-installer: 
Dec 15 08:31:10 /bin/in-target: warning: /target/etc/mtab won't be updated since it is a symlink.
Dec 15 08:31:10 in-target: Reading package lists...
Dec 15 08:31:10 in-target: 
Dec 15 08:31:10 in-target: Building dependency tree...
Dec 15 08:31:10 in-target: 
Dec 15 08:31:10 in-target: Reading state information...
Dec 15 08:31:10 in-target: locales is already the newest version (2.23-0ubuntu11).
Dec 15 08:31:10 in-target: 0 upgraded, 0 newly installed, 0 to remove and 0 not upgraded.
Dec 15 08:31:11 localechooser: Generating locales (this might take a while)...
Dec 15 08:31:11 localechooser:   en_US.ISO-8859-1
Dec 15 08:31:11 localechooser: ...
Dec 15 08:31:11 localechooser:  done
Dec 15 08:31:11 localechooser: Generation complete.
Dec 15 08:31:11 localechooser: Generating locales (this might take a while)...
Dec 15 08:31:11 localechooser:   en_US.UTF-8
Dec 15 08:31:11 localechooser: ...
Dec 15 08:31:20 localechooser:  done
Dec 15 08:31:20 localechooser: Generation complete.
Dec 15 08:31:30 /usr/lib/post-base-installer.d/25live-installer-console-setup: warning: /target/etc/mtab won't be updated since it is a symlink.
Dec 15 08:31:30 live-installer: update-rc.d: warning: start and stop actions are no longer supported; falling back to defaults
Dec 15 08:31:30 live-installer: update-rc.d: warning: start and stop actions are no longer supported; falling back to defaults
Dec 15 08:31:30 live-installer: update-initramfs: deferring update (trigger activated)
Dec 15 08:31:30 live-installer: Processing triggers for initramfs-tools (0.122ubuntu8.14) ...
Dec 15 08:31:31 live-installer: update-initramfs: deferring update (trigger activated)
Dec 15 08:31:31 live-installer: Processing triggers for initramfs-tools (0.122ubuntu8.14) ...
Dec 15 08:31:31 base-installer: info: kernel linux-generic-hwe-16.04 usable on 686-pae 686 586
Dec 15 08:31:31 base-installer: info: kernel linux-generic usable on 686-pae 686 586
Dec 15 08:31:31 base-installer: info: kernel linux-virtual usable on 686-pae 686 586
Dec 15 08:31:31 base-installer: info: kernel linux-image-extra-4.4.0-142-generic usable on 686-pae 686 586
Dec 15 08:31:31 base-installer: info: kernel linux-image-generic-hwe-16.04 usable on 686-pae 686 586
Dec 15 08:31:31 base-installer: info: kernel linux-image-generic usable on 686-pae 686 586
Dec 15 08:31:31 base-installer: info: kernel linux-image-virtual usable on 686-pae 686 586
Dec 15 08:31:31 base-installer: info: kernel linux-image-4.4.0-142-generic usable on 686-pae 686 586
Dec 15 08:31:31 base-installer: info: kernel linux-image-4.15.0-45-generic usable on 686-pae 686 586
Dec 15 08:31:31 base-installer: warning: Kernel override 'linux-image-amd64' not present
Dec 15 08:31:31 base-installer: info: Found kernels 'linux-generic-hwe-16.04,linux-generic,linux-virtual,linux-image-extra-4.4.0-142-generic,linux-image-generic-hwe-16.04,linux-image-generic,linux-image-virtual,linux-image-4.4.0-142-generic,linux-image-4.15.0-45-generic'
Dec 15 08:31:31 base-installer: info: arch_kernel candidates: linux-generic linux-image-generic linux-virtual linux-image-virtual
Dec 15 08:31:31 base-installer: info: arch_kernel: linux-generic (present)
Dec 15 08:31:31 base-installer: info: Using kernel 'linux-generic'
Dec 15 08:31:31 base-installer: warning: Failed to get debconf answer 'base-installer/kernel/linux/initrd'.
Dec 15 08:31:31 base-installer: info: Setting do_initrd='yes'.
Dec 15 08:31:31 base-installer: info: Setting link_in_boot='no'.
Dec 15 08:31:31 /bin/in-target: warning: /target/etc/mtab won't be updated since it is a symlink.
Dec 15 08:31:31 in-target: Reading package lists...
Dec 15 08:31:31 in-target: 
Dec 15 08:31:31 in-target: Building dependency tree...
Dec 15 08:31:31 in-target: 
Dec 15 08:31:31 in-target: Reading state information...
Dec 15 08:31:31 in-target: busybox-initramfs is already the newest version (1:1.22.0-15ubuntu1).
Dec 15 08:31:31 in-target: 0 upgraded, 0 newly installed, 0 to remove and 0 not upgraded.
Dec 15 08:31:31 /bin/in-target: warning: /target/etc/mtab won't be updated since it is a symlink.
Dec 15 08:31:31 in-target: Reading package lists...
Dec 15 08:31:31 in-target: 
Dec 15 08:31:31 in-target: Building dependency tree...
Dec 15 08:31:31 in-target: 
Dec 15 08:31:31 in-target: Reading state information...
Dec 15 08:31:31 in-target: initramfs-tools is already the newest version (0.122ubuntu8.14).
Dec 15 08:31:31 in-target: 0 upgraded, 0 newly installed, 0 to remove and 0 not upgraded.
Dec 15 08:31:32 /bin/in-target: warning: /target/etc/mtab won't be updated since it is a symlink.
Dec 15 08:31:32 in-target: Reading package lists...
Dec 15 08:31:32 in-target: 
Dec 15 08:31:32 in-target: Building dependency tree...
Dec 15 08:31:32 in-target: 
Dec 15 08:31:32 in-target: Reading state information...
Dec 15 08:31:32 in-target: 
Dec 15 08:31:32 in-target: The following additional packages will be installed:
Dec 15 08:31:32 in-target:   amd64-microcode crda intel-microcode iucode-tool iw libnl-3-200
Dec 15 08:31:32 in-target:   libnl-genl-3-200 linux-firmware linux-headers-4.4.0-142
Dec 15 08:31:32 in-target:   linux-headers-4.4.0-142-generic linux-headers-generic
Dec 15 08:31:32 in-target:   linux-image-4.4.0-142-generic linux-image-extra-4.4.0-142-generic
Dec 15 08:31:32 in-target:   linux-image-generic wireless-regdb
Dec 15 08:31:32 in-target: Suggested packages:
Dec 15 08:31:32 in-target:   fdutils linux-doc-4.4.0 | linux-source-4.4.0 linux-tools
Dec 15 08:31:32 in-target: Recommended packages:
Dec 15 08:31:32 in-target:   grub-pc | grub-efi-ia32 | grub | lilo thermald
Dec 15 08:31:32 in-target: The following NEW packages will be installed:
Dec 15 08:31:32 in-target:   amd64-microcode crda intel-microcode iucode-tool iw libnl-3-200
Dec 15 08:31:32 in-target:   libnl-genl-3-200 linux-firmware linux-generic linux-headers-4.4.0-142
Dec 15 08:31:32 in-target:   linux-headers-4.4.0-142-generic linux-headers-generic
Dec 15 08:31:32 in-target:   linux-image-4.4.0-142-generic linux-image-extra-4.4.0-142-generic
Dec 15 08:31:32 in-target:   linux-image-generic wireless-regdb
Dec 15 08:31:32 in-target: 0 upgraded, 16 newly installed, 0 to remove and 0 not upgraded.
Dec 15 08:31:32 in-target: Need to get 0 B/119 MB of archives.
Dec 15 08:31:32 in-target: After this operation, 485 MB of additional disk space will be used.
Dec 15 08:31:32 in-target: Get:1 cdrom://Ubuntu-Server 16.04.6 LTS _Xenial Xerus_ - Release i386 (20190226) xenial/main i386 libnl-3-200 i386 3.2.27-1ubuntu0.16.04.1 [55.1 kB]
Dec 15 08:31:32 in-target: Get:2 cdrom://Ubuntu-Server 16.04.6 LTS _Xenial Xerus_ - Release i386 (20190226) xenial/main i386 libnl-genl-3-200 i386 3.2.27-1ubuntu0.16.04.1 [12.0 kB]
Dec 15 08:31:32 in-target: Get:3 cdrom://Ubuntu-Server 16.04.6 LTS _Xenial Xerus_ - Release i386 (20190226) xenial/main i386 wireless-regdb all 2018.05.09-0ubuntu1~16.04.1 [11.7 kB]
Dec 15 08:31:32 in-target: Get:4 cdrom://Ubuntu-Server 16.04.6 LTS _Xenial Xerus_ - Release i386 (20190226) xenial/main i386 iw i386 3.17-1 [68.4 kB]
Dec 15 08:31:32 in-target: Get:5 cdrom://Ubuntu-Server 16.04.6 LTS _Xenial Xerus_ - Release i386 (20190226) xenial/main i386 crda i386 3.13-1 [61.5 kB]
Dec 15 08:31:32 in-target: Get:6 cdrom://Ubuntu-Server 16.04.6 LTS _Xenial Xerus_ - Release i386 (20190226) xenial/main i386 iucode-tool i386 1.5.1-1ubuntu0.1 [33.5 kB]
Dec 15 08:31:32 in-target: Get:7 cdrom://Ubuntu-Server 16.04.6 LTS _Xenial Xerus_ - Release i386 (20190226) xenial/main i386 linux-firmware all 1.157.21 [49.8 MB]
Dec 15 08:31:32 in-target: Get:8 cdrom://Ubuntu-Server 16.04.6 LTS _Xenial Xerus_ - Release i386 (20190226) xenial/main i386 linux-image-4.4.0-142-generic i386 4.4.0-142.168 [20.8 MB]
Dec 15 08:31:32 in-target: Get:9 cdrom://Ubuntu-Server 16.04.6 LTS _Xenial Xerus_ - Release i386 (20190226) xenial/main i386 linux-image-extra-4.4.0-142-generic i386 4.4.0-142.168 [36.2 MB]
Dec 15 08:31:32 in-target: Get:10 cdrom://Ubuntu-Server 16.04.6 LTS _Xenial Xerus_ - Release i386 (20190226) xenial/main i386 intel-microcode i386 3.20180807a.0ubuntu0.16.04.1 [1,416 kB]
Dec 15 08:31:32 in-target: Get:11 cdrom://Ubuntu-Server 16.04.6 LTS _Xenial Xerus_ - Release i386 (20190226) xenial/main i386 amd64-microcode i386 3.20180524.1~ubuntu0.16.04.2 [32.2 kB]
Dec 15 08:31:32 in-target: Get:12 cdrom://Ubuntu-Server 16.04.6 LTS _Xenial Xerus_ - Release i386 (20190226) xenial/main i386 linux-image-generic i386 4.4.0.142.148 [2,326 B]
Dec 15 08:31:32 in-target: Get:13 cdrom://Ubuntu-Server 16.04.6 LTS _Xenial Xerus_ - Release i386 (20190226) xenial/main i386 linux-headers-4.4.0-142 all 4.4.0-142.168 [10.1 MB]
Dec 15 08:31:32 in-target: Get:14 cdrom://Ubuntu-Server 16.04.6 LTS _Xenial Xerus_ - Release i386 (20190226) xenial/main i386 linux-headers-4.4.0-142-generic i386 4.4.0-142.168 [803 kB]
Dec 15 08:31:32 in-target: Get:15 cdrom://Ubuntu-Server 16.04.6 LTS _Xenial Xerus_ - Release i386 (20190226) xenial/main i386 linux-headers-generic i386 4.4.0.142.148 [2,280 B]
Dec 15 08:31:32 in-target: Get:16 cdrom://Ubuntu-Server 16.04.6 LTS _Xenial Xerus_ - Release i386 (20190226) xenial/main i386 linux-generic i386 4.4.0.142.148 [1,784 B]
Dec 15 08:31:32 in-target: Selecting previously unselected package libnl-3-200:i386.^M
Dec 15 08:31:32 in-target: (Reading database ... ^M
Dec 15 08:31:32 in-target: (Reading database ... 5%^M(Reading database ... 10%^M(Reading database ... 15%^M(Reading database ... 20%^M(Reading database ... 25%^M(Reading database ... 30%^M(Reading database ... 35%^M(Reading database ... 40%^M(Reading database ... 45%^M(Reading database ... 50%^M(Reading database ... 55%^M(Reading database ... 60%^M(Reading database ... 65%^M(Reading database ... 70%^M
Dec 15 08:31:32 in-target: (Reading database ... 75%^M
Dec 15 08:31:32 in-target: (Reading database ... 80%^M
Dec 15 08:31:32 in-target: (Reading database ... 85%^M
Dec 15 08:31:32 in-target: (Reading database ... 90%^M
Dec 15 08:31:32 in-target: (Reading database ... 95%^M
Dec 15 08:31:32 in-target: (Reading database ... 100%^M(Reading database ... 10475 files and directories currently installed.)^M
Dec 15 08:31:32 in-target: Preparing to unpack .../libnl-3-200_3.2.27-1ubuntu0.16.04.1_i386.deb ...^M
Dec 15 08:31:32 in-target: Unpacking libnl-3-200:i386 (3.2.27-1ubuntu0.16.04.1) ...^M
Dec 15 08:31:32 in-target: Selecting previously unselected package libnl-genl-3-200:i386.^M
Dec 15 08:31:32 in-target: Preparing to unpack .../libnl-genl-3-200_3.2.27-1ubuntu0.16.04.1_i386.deb ...^M
Dec 15 08:31:32 in-target: Unpacking libnl-genl-3-200:i386 (3.2.27-1ubuntu0.16.04.1) ...^M
Dec 15 08:31:32 in-target: Selecting previously unselected package wireless-regdb.^M
Dec 15 08:31:32 in-target: Preparing to unpack .../wireless-regdb_2018.05.09-0ubuntu1~16.04.1_all.deb ...^M
Dec 15 08:31:32 in-target: Unpacking wireless-regdb (2018.05.09-0ubuntu1~16.04.1) ...^M
Dec 15 08:31:32 in-target: Selecting previously unselected package iw.^M
Dec 15 08:31:32 in-target: Preparing to unpack .../main/i/iw/iw_3.17-1_i386.deb ...^M
Dec 15 08:31:32 in-target: Unpacking iw (3.17-1) ...^M
Dec 15 08:31:32 in-target: Selecting previously unselected package crda.^M
Dec 15 08:31:32 in-target: Preparing to unpack .../c/crda/crda_3.13-1_i386.deb ...
Dec 15 08:31:32 in-target: ^M
Dec 15 08:31:32 in-target: Unpacking crda (3.13-1) ...^M
Dec 15 08:31:32 in-target: Selecting previously unselected package iucode-tool.^M
Dec 15 08:31:32 in-target: Preparing to unpack .../iucode-tool_1.5.1-1ubuntu0.1_i386.deb ...^M
Dec 15 08:31:32 in-target: Unpacking iucode-tool (1.5.1-1ubuntu0.1) ...^M
Dec 15 08:31:32 in-target: Selecting previously unselected package linux-firmware.^M
Dec 15 08:31:32 in-target: Preparing to unpack .../linux-firmware_1.157.21_all.deb ...^M
Dec 15 08:31:32 in-target: Unpacking linux-firmware (1.157.21) ...^M
Dec 15 08:31:32 in-target: Selecting previously unselected package linux-image-4.4.0-142-generic.^M
Dec 15 08:31:32 in-target: Preparing to unpack .../linux-image-4.4.0-142-generic_4.4.0-142.168_i386.deb ...^M
Dec 15 08:32:04 in-target: Done.^M
Dec 15 08:32:04 in-target: Unpacking linux-image-4.4.0-142-generic (4.4.0-142.168) ...^M
Dec 15 08:32:05 in-target: Selecting previously unselected package linux-image-extra-4.4.0-142-generic.^M
Dec 15 08:32:05 in-target: Preparing to unpack .../linux-image-extra-4.4.0-142-generic_4.4.0-142.168_i386.deb ...^M
Dec 15 08:32:05 in-target: Unpacking linux-image-extra-4.4.0-142-generic (4.4.0-142.168) ...
Dec 15 08:32:05 in-target: ^M
Dec 15 08:32:05 in-target: Selecting previously unselected package intel-microcode.
Dec 15 08:32:05 in-target: ^M
Dec 15 08:32:05 in-target: Preparing to unpack .../intel-microcode_3.20180807a.0ubuntu0.16.04.1_i386.deb ...
Dec 15 08:32:05 in-target: ^M
Dec 15 08:32:05 in-target: Unpacking intel-microcode (3.20180807a.0ubuntu0.16.04.1) ...^M
Dec 15 08:32:05 in-target: Selecting previously unselected package amd64-microcode.^M
Dec 15 08:32:05 in-target: Preparing to unpack .../amd64-microcode_3.20180524.1~ubuntu0.16.04.2_i386.deb ...
Dec 15 08:32:05 in-target: ^M
Dec 15 08:32:05 in-target: Unpacking amd64-microcode (3.20180524.1~ubuntu0.16.04.2) ...^M
Dec 15 08:32:05 in-target: Selecting previously unselected package linux-image-generic.^M
Dec 15 08:32:05 in-target: Preparing to unpack .../linux-image-generic_4.4.0.142.148_i386.deb ...^M
Dec 15 08:32:05 in-target: Unpacking linux-image-generic (4.4.0.142.148) ...^M
Dec 15 08:32:05 in-target: Selecting previously unselected package linux-headers-4.4.0-142.^M
Dec 15 08:32:05 in-target: Preparing to unpack .../linux-headers-4.4.0-142_4.4.0-142.168_all.deb ...^M
Dec 15 08:32:05 in-target: Unpacking linux-headers-4.4.0-142 (4.4.0-142.168) ...^M
Dec 15 08:32:05 in-target: Selecting previously unselected package linux-headers-4.4.0-142-generic.
Dec 15 08:32:05 in-target: ^M
Dec 15 08:32:05 in-target: Preparing to unpack .../linux-headers-4.4.0-142-generic_4.4.0-142.168_i386.deb ...^M
Dec 15 08:32:05 in-target: Unpacking linux-headers-4.4.0-142-generic (4.4.0-142.168) ...^M
Dec 15 08:32:05 in-target: Selecting previously unselected package linux-headers-generic.^M
Dec 15 08:32:05 in-target: Preparing to unpack .../linux-headers-generic_4.4.0.142.148_i386.deb ...^M
Dec 15 08:32:05 in-target: Unpacking linux-headers-generic (4.4.0.142.148) ...^M
Dec 15 08:32:05 in-target: Selecting previously unselected package linux-generic.^M
Dec 15 08:32:05 in-target: Preparing to unpack .../linux-generic_4.4.0.142.148_i386.deb ...^M
Dec 15 08:32:05 in-target: Unpacking linux-generic (4.4.0.142.148) ...^M
Dec 15 08:32:05 in-target: Processing triggers for libc-bin (2.23-0ubuntu11) ...^M
Dec 15 08:32:05 in-target: Setting up libnl-3-200:i386 (3.2.27-1ubuntu0.16.04.1) ...^M
Dec 15 08:32:05 in-target: Setting up libnl-genl-3-200:i386 (3.2.27-1ubuntu0.16.04.1) ...
Dec 15 08:32:05 in-target: ^M
Dec 15 08:32:05 in-target: Setting up wireless-regdb (2018.05.09-0ubuntu1~16.04.1) ...^M
Dec 15 08:32:05 in-target: Setting up iw (3.17-1) ...^M
Dec 15 08:32:05 in-target: Setting up crda (3.13-1) ...^M
Dec 15 08:32:05 in-target: Setting up iucode-tool (1.5.1-1ubuntu0.1) ...^M
Dec 15 08:32:05 in-target: Setting up linux-firmware (1.157.21) ...^M
Dec 15 08:32:05 in-target: Setting up linux-image-4.4.0-142-generic (4.4.0-142.168) ...^M
Dec 15 08:32:05 in-target: Running depmod.^M
Dec 15 08:32:05 in-target: update-initramfs: deferring update (hook will be called later)
Dec 15 08:32:05 in-target: ^M
Dec 15 08:32:05 in-target: Examining /etc/kernel/postinst.d.^M
Dec 15 08:32:05 in-target: run-parts: executing /etc/kernel/postinst.d/apt-auto-removal
Dec 15 08:32:05 in-target:  4.4.0-142-generic /boot/vmlinuz-4.4.0-142-generic^M
Dec 15 08:32:05 in-target: run-parts: executing /etc/kernel/postinst.d/initramfs-tools 4.4.0-142-generic /boot/vmlinuz-4.4.0-142-generic^M
Dec 15 08:32:05 in-target: update-initramfs: Generating /boot/initrd.img-4.4.0-142-generic^M
Dec 15 08:32:15 in-target: Setting up linux-image-extra-4.4.0-142-generic (4.4.0-142.168) ...^M
Dec 15 08:32:15 in-target: run-parts: executing /etc/kernel/postinst.d/apt-auto-removal 4.4.0-142-generic /boot/vmlinuz-4.4.0-142-generic^M
Dec 15 08:32:15 in-target: run-parts: executing /etc/kernel/postinst.d/initramfs-tools 4.4.0-142-generic /boot/vmlinuz-4.4.0-142-generic^M
Dec 15 08:32:15 in-target: update-initramfs: Generating /boot/initrd.img-4.4.0-142-generic^M
Dec 15 08:32:15 in-target: Setting up intel-microcode (3.20180807a.0ubuntu0.16.04.1) ...^M
Dec 15 08:32:15 in-target: update-initramfs: deferring update (trigger activated)^M
Dec 15 08:32:15 in-target: intel-microcode: microcode will be updated at next boot^M
Dec 15 08:32:15 in-target: Setting up amd64-microcode (3.20180524.1~ubuntu0.16.04.2) ...^M
Dec 15 08:32:15 in-target: update-initramfs: deferring update (trigger activated)^M
Dec 15 08:32:15 in-target: amd64-microcode: microcode will be updated at next boot^M
Dec 15 08:32:15 in-target: Setting up linux-image-generic (4.4.0.142.148) ...^M
Dec 15 08:32:15 in-target: Setting up linux-headers-4.4.0-142 (4.4.0-142.168) ...^M
Dec 15 08:32:15 in-target: Setting up linux-headers-4.4.0-142-generic (4.4.0-142.168) ...^M
Dec 15 08:32:15 in-target: Setting up linux-headers-generic (4.4.0.142.148) ...^M
Dec 15 08:32:15 in-target: Setting up linux-generic (4.4.0.142.148) ...^M
Dec 15 08:32:15 in-target: Processing triggers for libc-bin (2.23-0ubuntu11) ...^M
Dec 15 08:32:15 in-target: Processing triggers for initramfs-tools (0.122ubuntu8.14) ...^M
Dec 15 08:32:15 in-target: update-initramfs: Generating /boot/initrd.img-4.4.0-142-generic^M
Dec 15 08:32:29 /bin/in-target: warning: /target/etc/mtab won't be updated since it is a symlink.
Dec 15 08:32:30 in-target: Reading package lists...
Dec 15 08:32:30 in-target: 
Dec 15 08:32:30 in-target: Building dependency tree...
Dec 15 08:32:30 in-target: 
Dec 15 08:32:30 in-target: Reading state information...
Dec 15 08:32:30 in-target: linux-headers-generic is already the newest version (4.4.0.142.148).
Dec 15 08:32:30 in-target: linux-headers-generic set to manually installed.
Dec 15 08:32:30 in-target: 0 upgraded, 0 newly installed, 0 to remove and 0 not upgraded.
Dec 15 08:32:30 base-installer: info: Installing queued packages into /target/.
Dec 15 08:32:30 /bin/in-target: warning: /target/etc/mtab won't be updated since it is a symlink.
Dec 15 08:32:30 in-target: Reading package lists...
Dec 15 08:32:30 in-target: 
Dec 15 08:32:30 in-target: Building dependency tree...
Dec 15 08:32:30 in-target: 
Dec 15 08:32:30 in-target: Reading state information...
Dec 15 08:32:30 in-target: 
Dec 15 08:32:30 in-target: udev is already the newest version (229-4ubuntu21.16).
Dec 15 08:32:30 in-target: 0 upgraded, 0 newly installed, 0 to remove and 0 not upgraded.
Dec 15 08:32:30 /bin/in-target: warning: /target/etc/mtab won't be updated since it is a symlink.
Dec 15 08:32:30 in-target: Reading package lists...
Dec 15 08:32:30 in-target: 
Dec 15 08:32:30 in-target: Building dependency tree...
Dec 15 08:32:30 in-target: 
Dec 15 08:32:30 in-target: Reading state information...
Dec 15 08:32:30 in-target: The following additional packages will be installed:
Dec 15 08:32:30 in-target:   libpci3
Dec 15 08:32:30 in-target: Suggested packages:
Dec 15 08:32:30 in-target:   wget | curl | lynx-cur
Dec 15 08:32:30 in-target: The following NEW packages will be installed:
Dec 15 08:32:30 in-target:   libpci3 pciutils
Dec 15 08:32:30 in-target: 0 upgraded, 2 newly installed, 0 to remove and 0 not upgraded.
Dec 15 08:32:30 in-target: Need to get 0 B/281 kB of archives.
Dec 15 08:32:30 in-target: After this operation, 1,414 kB of additional disk space will be used.
Dec 15 08:32:30 in-target: Get:1 cdrom://Ubuntu-Server 16.04.6 LTS _Xenial Xerus_ - Release i386 (20190226) xenial/main i386 libpci3 i386 1:3.3.1-1.1ubuntu1.3 [25.8 kB]
Dec 15 08:32:30 in-target: Get:2 cdrom://Ubuntu-Server 16.04.6 LTS _Xenial Xerus_ - Release i386 (20190226) xenial/main i386 pciutils i386 1:3.3.1-1.1ubuntu1.3 [255 kB]
Dec 15 08:32:30 in-target: Selecting previously unselected package libpci3:i386.^M
Dec 15 08:32:30 in-target: (Reading database ... ^M
Dec 15 08:32:30 in-target: (Reading database ... 5%^M(Reading database ... 10%^M(Reading database ... 15%^M(Reading database ... 20%^M(Reading database ... 25%^M(Reading database ... 30%^M(Reading database ... 35%^M(Reading database ... 40%^M(Reading database ... 45%^M(Reading database ... 50%^M(Reading database ... 55%^M(Reading database ... 60%^M(Reading database ... 65%^M(Reading database ... 70%^M
Dec 15 08:32:30 in-target: (Reading database ... 75%^M
Dec 15 08:32:30 in-target: (Reading database ... 80%^M
Dec 15 08:32:30 in-target: (Reading database ... 85%^M
Dec 15 08:32:30 in-target: (Reading database ... 90%^M
