Oct 10 23:07:16 debian-s-1vcpu-1gb-nyc1-01 kernel: [    0.10034] Linux version 5.10.0-11-amd64 (debian-kernel@lists.debian.org) (gcc-10 (Debian 10.2.1-6) 10.2.1 20210110, GNU ld (GNU Binutils for Debian) 2.35.2) #1 SMP Debian 5.10.92-1 (2022-01-18)
Oct 10 23:07:16 debian-s-1vcpu-1gb-nyc1-01 kernel: [    0.10034] Command line: BOOT_IMAGE=/boot/vmlinuz-5.10.0-11-amd64 root=UUID=00000000-1111-2222-adf0-012345678911 ro console=tty0 console=ttyS0,10034 earlyprintk=ttyS0,10034 consoleblank=0 net.ifnames=0 biosdevname=0
Oct 10 23:07:16 debian-s-1vcpu-1gb-nyc1-01 kernel: [    0.10034] x86/fpu: Supporting XSAVE feature 0x001: 'x87 floating point registers'
Oct 10 23:07:16 debian-s-1vcpu-1gb-nyc1-01 kernel: [    0.10034] x86/fpu: Supporting XSAVE feature 0x002: 'SSE registers'
Oct 10 23:07:16 debian-s-1vcpu-1gb-nyc1-01 kernel: [    0.10034] x86/fpu: Supporting XSAVE feature 0x004: 'AVX registers'
Oct 10 23:07:16 debian-s-1vcpu-1gb-nyc1-01 kernel: [    0.10034] x86/fpu: xstate_offset[2]:  576, xstate_sizes[2]:  256
Oct 10 23:07:16 debian-s-1vcpu-1gb-nyc1-01 kernel: [    0.10034] x86/fpu: Enabled xstate features 0x7, context size is 832 bytes, using 'standard' format.
Oct 10 23:07:16 debian-s-1vcpu-1gb-nyc1-01 kernel: [    0.10034] BIOS-provided physical RAM map:
Oct 10 23:07:16 debian-s-1vcpu-1gb-nyc1-01 kernel: [    0.10034] BIOS-e820: [mem 0x0000000000000000-0x000000000009fbff] usable
Oct 10 23:07:16 debian-s-1vcpu-1gb-nyc1-01 kernel: [    0.10034] BIOS-e820: [mem 0x000000000009fc00-0x000000000009ffff] reserved

Oct 11 00:02:36 debian-s-1vcpu-1gb-nyc1-01 kernel: [    4.10034] Console: switching to colour frame buffer device 128x48
Oct 11 00:02:36 debian-s-1vcpu-1gb-nyc1-01 kernel: [    4.10034] audit: type=1400 audit(0123456789.568:3): apparmor="STATUS" operation="profile_load" profile="unconfined" name="nvidia_modprobe" pid=290 comm="apparmor_parser"
Oct 11 00:02:36 debian-s-1vcpu-1gb-nyc1-01 kernel: [    4.10034] audit: type=1400 audit(0123456789.568:4): apparmor="STATUS" operation="profile_load" profile="unconfined" name="nvidia_modprobe//kmod" pid=290 comm="apparmor_parser"
Oct 11 00:02:36 debian-s-1vcpu-1gb-nyc1-01 kernel: [    4.10034] audit: type=1400 audit(0123456789.592:5): apparmor="STATUS" operation="profile_load" profile="unconfined" name="/usr/bin/man" pid=293 comm="apparmor_parser"
Oct 11 00:02:36 debian-s-1vcpu-1gb-nyc1-01 kernel: [    4.10034] audit: type=1400 audit(0123456789.592:6): apparmor="STATUS" operation="profile_load" profile="unconfined" name="man_filter" pid=293 comm="apparmor_parser"
Oct 11 00:02:36 debian-s-1vcpu-1gb-nyc1-01 kernel: [    4.10034] audit: type=1400 audit(0123456789.592:7): apparmor="STATUS" operation="profile_load" profile="unconfined" name="man_groff" pid=293 comm="apparmor_parser"
Oct 11 00:02:36 debian-s-1vcpu-1gb-nyc1-01 kernel: [    4.10034] audit: type=1400 audit(0123456789.620:8): apparmor="STATUS" operation="profile_load" profile="unconfined" name="/usr/sbin/chronyd" pid=296 comm="apparmor_parser"
Oct 11 00:02:36 debian-s-1vcpu-1gb-nyc1-01 kernel: [    4.10034] qxl 0000:00:02.0: [drm] fb0: qxldrmfb frame buffer device
Oct 11 00:02:36 debian-s-1vcpu-1gb-nyc1-01 kernel: [    4.10034] audit: type=1400 audit(0123456789.676:9): apparmor="STATUS" operation="profile_load" profile="unconfined" name="tcpdump" pid=300 comm="apparmor_parser"
Oct 11 00:02:36 debian-s-1vcpu-1gb-nyc1-01 kernel: [    5.10034] ISO 9660 Extensions: RRIP_1991A