Apr 22 21:46:33 localhost kernel: Linux version 5.14.0-299.el9.x86_64 (mockbuild@x86-05.stream.rdu2.redhat.com) (gcc (GCC) 11.3.1 20221121 (Red Hat 11.3.1-4), GNU ld version 2.35.2-39.el9) #1 SMP PREEMPT_DYNAMIC Thu Apr 13 10:08:03 UTC 2023
Apr 22 21:46:33 localhost kernel: The list of certified hardware and cloud instances for Red Hat Enterprise Linux 9 can be viewed at the Red Hat Ecosystem Catalog, https://catalog.redhat.com.
Apr 22 21:46:33 localhost kernel: Command line: BOOT_IMAGE=vmlinuz initrd=initrd.img inst.stage2=hd:LABEL=CentOS-Stream-9-BaseOS-x86_64 quiet
Apr 22 21:46:33 localhost kernel: [Firmware Bug]: TSC doesn't count with P0 frequency!
Apr 22 21:46:33 localhost kernel: x86/fpu: x87 FPU will use FXSAVE
Apr 22 21:46:33 localhost kernel: signal: max sigframe size: 1440
Apr 22 21:46:33 localhost kernel: BIOS-provided physical RAM map:
Apr 22 21:46:33 localhost kernel: BIOS-e820: [mem 0x0000000000000000-0x000000000009fbff] usable
Apr 22 21:46:33 localhost kernel: BIOS-e820: [mem 0x000000000009fc00-0x000000000009ffff] reserved
Apr 22 21:46:33 localhost kernel: BIOS-e820: [mem 0x00000000000f0000-0x00000000000fffff] reserved
Apr 22 21:46:33 localhost kernel: BIOS-e820: [mem 0x0000000000100000-0x000000007ffeffff] usable
Apr 22 21:46:33 localhost kernel: BIOS-e820: [mem 0x000000007fff0000-0x000000007fffffff] ACPI data
Apr 22 21:46:33 localhost kernel: BIOS-e820: [mem 0x00000000fec00000-0x00000000fec00fff] reserved
Apr 22 21:46:33 localhost kernel: BIOS-e820: [mem 0x00000000fee00000-0x00000000fee00fff] reserved
Apr 22 21:46:33 localhost kernel: BIOS-e820: [mem 0x00000000fffc0000-0x00000000ffffffff] reserved
Apr 22 21:46:33 localhost kernel: NX (Execute Disable) protection: active
Apr 22 21:46:33 localhost kernel: SMBIOS 2.5 present.
Apr 22 21:46:33 localhost kernel: DMI: innotek GmbH VirtualBox/VirtualBox, BIOS VirtualBox 12/01/2006
Apr 22 21:46:33 localhost kernel: Hypervisor detected: KVM
Apr 22 21:46:33 localhost kernel: kvm-clock: Using msrs 4b564d01 and 4b564d00
Apr 22 21:46:33 localhost kernel: kvm-clock: using sched offset of 136830964016 cycles
Apr 22 21:46:33 localhost kernel: clocksource: kvm-clock: mask: 0xffffffffffffffff max_cycles: 0x1cd42e4dffb, max_idle_ns: 881590591483 ns
Apr 22 21:46:33 localhost kernel: tsc: Detected 4491.448 MHz processor
Apr 22 21:46:33 localhost kernel: e820: update [mem 0x00000000-0x00000fff] usable ==> reserved
Apr 22 21:46:33 localhost kernel: e820: remove [mem 0x000a0000-0x000fffff] usable
Apr 22 21:46:33 localhost kernel: last_pfn = 0x7fff0 max_arch_pfn = 0x400000000
Apr 22 21:46:33 localhost kernel: Disabled
Apr 22 21:46:33 localhost kernel: x86/PAT: MTRRs disabled, skipping PAT initialization too.
Apr 22 21:46:33 localhost kernel: CPU MTRRs all blank - virtualized system.
Apr 22 21:46:33 localhost kernel: x86/PAT: Configuration [0-7]: WB  WT  UC- UC  WB  WT  UC- UC  
Apr 22 21:46:33 localhost kernel: found SMP MP-table at [mem 0x0009fff0-0x0009ffff]
Apr 22 21:46:33 localhost kernel: RAMDISK: [mem 0x7a15f000-0x7ffeffff]
Apr 22 21:46:33 localhost kernel: ACPI: Early table checksum verification disabled
Apr 22 21:46:33 localhost kernel: ACPI: RSDP 0x00000000000E0000 000024 (v02 VBOX  )
Apr 22 21:46:33 localhost kernel: ACPI: XSDT 0x000000007FFF0030 00003C (v01 VBOX   VBOXXSDT 00000001 ASL  00000061)
Apr 22 21:46:33 localhost kernel: ACPI: FACP 0x000000007FFF00F0 0000F4 (v04 VBOX   VBOXFACP 00000001 ASL  00000061)
Apr 22 21:46:33 localhost kernel: ACPI: DSDT 0x000000007FFF0610 002353 (v02 VBOX   VBOXBIOS 00000002 INTL 20100528)
Apr 22 21:46:33 localhost kernel: ACPI: FACS 0x000000007FFF0200 000040
Apr 22 21:46:33 localhost kernel: ACPI: FACS 0x000000007FFF0200 000040
Apr 22 21:46:33 localhost kernel: ACPI: APIC 0x000000007FFF0240 00005C (v02 VBOX   VBOXAPIC 00000001 ASL  00000061)
Apr 22 21:46:33 localhost kernel: ACPI: SSDT 0x000000007FFF02A0 00036C (v01 VBOX   VBOXCPUT 00000002 INTL 20100528)
Apr 22 21:46:33 localhost kernel: ACPI: Reserving FACP table memory at [mem 0x7fff00f0-0x7fff01e3]
Apr 22 21:46:33 localhost kernel: ACPI: Reserving DSDT table memory at [mem 0x7fff0610-0x7fff2962]
Apr 22 21:46:33 localhost kernel: ACPI: Reserving FACS table memory at [mem 0x7fff0200-0x7fff023f]
Apr 22 21:46:33 localhost kernel: ACPI: Reserving FACS table memory at [mem 0x7fff0200-0x7fff023f]
Apr 22 21:46:33 localhost kernel: ACPI: Reserving APIC table memory at [mem 0x7fff0240-0x7fff029b]
Apr 22 21:46:33 localhost kernel: ACPI: Reserving SSDT table memory at [mem 0x7fff02a0-0x7fff060b]
Apr 22 21:46:33 localhost kernel: No NUMA configuration found
Apr 22 21:46:33 localhost kernel: Faking a node at [mem 0x0000000000000000-0x000000007ffeffff]
Apr 22 21:46:33 localhost kernel: NODE_DATA(0) allocated [mem 0x7a134000-0x7a15efff]
Apr 22 21:46:33 localhost kernel: Zone ranges:
Apr 22 21:46:33 localhost kernel:   DMA      [mem 0x0000000000001000-0x0000000000ffffff]
Apr 22 21:46:33 localhost kernel:   DMA32    [mem 0x0000000001000000-0x000000007ffeffff]
Apr 22 21:46:33 localhost kernel:   Normal   empty
Apr 22 21:46:33 localhost kernel:   Device   empty
Apr 22 21:46:33 localhost kernel: Movable zone start for each node
Apr 22 21:46:33 localhost kernel: Early memory node ranges
Apr 22 21:46:33 localhost kernel:   node   0: [mem 0x0000000000001000-0x000000000009efff]
Apr 22 21:46:33 localhost kernel:   node   0: [mem 0x0000000000100000-0x000000007ffeffff]
Apr 22 21:46:33 localhost kernel: Initmem setup node 0 [mem 0x0000000000001000-0x000000007ffeffff]
Apr 22 21:46:33 localhost kernel: On node 0, zone DMA: 1 pages in unavailable ranges
Apr 22 21:46:33 localhost kernel: On node 0, zone DMA: 97 pages in unavailable ranges
Apr 22 21:46:33 localhost kernel: On node 0, zone DMA32: 16 pages in unavailable ranges
Apr 22 21:46:33 localhost kernel: ACPI: PM-Timer IO Port: 0x4008
Apr 22 21:46:33 localhost kernel: IOAPIC[0]: apic_id 2, version 32, address 0xfec00000, GSI 0-23
Apr 22 21:46:33 localhost kernel: ACPI: INT_SRC_OVR (bus 0 bus_irq 0 global_irq 2 dfl dfl)
Apr 22 21:46:33 localhost kernel: ACPI: INT_SRC_OVR (bus 0 bus_irq 9 global_irq 9 low level)
Apr 22 21:46:33 localhost kernel: ACPI: Using ACPI (MADT) for SMP configuration information
Apr 22 21:46:33 localhost kernel: smpboot: Allowing 2 CPUs, 0 hotplug CPUs
Apr 22 21:46:33 localhost kernel: PM: hibernation: Registered nosave memory: [mem 0x00000000-0x00000fff]
Apr 22 21:46:33 localhost kernel: PM: hibernation: Registered nosave memory: [mem 0x0009f000-0x0009ffff]
Apr 22 21:46:33 localhost kernel: PM: hibernation: Registered nosave memory: [mem 0x000a0000-0x000effff]
Apr 22 21:46:33 localhost kernel: PM: hibernation: Registered nosave memory: [mem 0x000f0000-0x000fffff]
Apr 22 21:46:33 localhost kernel: [mem 0x80000000-0xfebfffff] available for PCI devices
Apr 22 21:46:33 localhost kernel: Booting paravirtualized kernel on KVM
Apr 22 21:46:33 localhost kernel: clocksource: refined-jiffies: mask: 0xffffffff max_cycles: 0xffffffff, max_idle_ns: 1910969940391419 ns
Apr 22 21:46:33 localhost kernel: setup_percpu: NR_CPUS:8192 nr_cpumask_bits:2 nr_cpu_ids:2 nr_node_ids:1
Apr 22 21:46:33 localhost kernel: percpu: Embedded 55 pages/cpu s188416 r8192 d28672 u1048576
Apr 22 21:46:33 localhost kernel: pcpu-alloc: s188416 r8192 d28672 u1048576 alloc=1*2097152
Apr 22 21:46:33 localhost kernel: pcpu-alloc: [0] 0 1 
Apr 22 21:46:33 localhost kernel: kvm-guest: PV spinlocks enabled
Apr 22 21:46:33 localhost kernel: PV qspinlock hash table entries: 256 (order: 0, 4096 bytes, linear)
Apr 22 21:46:33 localhost kernel: Fallback order for Node 0: 0 
Apr 22 21:46:33 localhost kernel: Built 1 zonelists, mobility grouping on.  Total pages: 515824
Apr 22 21:46:33 localhost kernel: Policy zone: DMA32
Apr 22 21:46:33 localhost kernel: Kernel command line: BOOT_IMAGE=vmlinuz initrd=initrd.img inst.stage2=hd:LABEL=CentOS-Stream-9-BaseOS-x86_64 quiet
Apr 22 21:46:33 localhost kernel: Unknown kernel command line parameters "BOOT_IMAGE=vmlinuz", will be passed to user space.
Apr 22 21:46:33 localhost kernel: Dentry cache hash table entries: 262144 (order: 9, 2097152 bytes, linear)
Apr 22 21:46:33 localhost kernel: Inode-cache hash table entries: 131072 (order: 8, 1048576 bytes, linear)
Apr 22 21:46:33 localhost kernel: mem auto-init: stack:off, heap alloc:off, heap free:off
Apr 22 21:46:33 localhost kernel: Memory: 260860K/2096696K available (14342K kernel code, 5568K rwdata, 10228K rodata, 2804K init, 7452K bss, 183212K reserved, 0K cma-reserved)
Apr 22 21:46:33 localhost kernel: random: get_random_u64 called from kmem_cache_open+0x1e/0x310 with crng_init=0
Apr 22 21:46:33 localhost kernel: SLUB: HWalign=64, Order=0-3, MinObjects=0, CPUs=2, Nodes=1
Apr 22 21:46:33 localhost kernel: ftrace: allocating 44925 entries in 176 pages
Apr 22 21:46:33 localhost kernel: ftrace: allocated 176 pages with 3 groups
Apr 22 21:46:33 localhost kernel: Dynamic Preempt: voluntary
Apr 22 21:46:33 localhost kernel: rcu: Preemptible hierarchical RCU implementation.
Apr 22 21:46:33 localhost kernel: rcu:         RCU restricting CPUs from NR_CPUS=8192 to nr_cpu_ids=2.
Apr 22 21:46:33 localhost kernel:         Trampoline variant of Tasks RCU enabled.
Apr 22 21:46:33 localhost kernel:         Rude variant of Tasks RCU enabled.
Apr 22 21:46:33 localhost kernel:         Tracing variant of Tasks RCU enabled.
Apr 22 21:46:33 localhost kernel: rcu: RCU calculated value of scheduler-enlistment delay is 100 jiffies.
Apr 22 21:46:33 localhost kernel: rcu: Adjusting geometry for rcu_fanout_leaf=16, nr_cpu_ids=2
Apr 22 21:46:33 localhost kernel: NR_IRQS: 524544, nr_irqs: 440, preallocated irqs: 16
Apr 22 21:46:33 localhost kernel: rcu: srcu_init: Setting srcu_struct sizes based on contention.
Apr 22 21:46:33 localhost kernel: kfence: initialized - using 2097152 bytes for 255 objects at 0x(____ptrval____)-0x(____ptrval____)
Apr 22 21:46:33 localhost kernel: random: crng init done (trusting CPU's manufacturer)
Apr 22 21:46:33 localhost kernel: Console: colour VGA+ 80x25
Apr 22 21:46:33 localhost kernel: printk: console [tty0] enabled
Apr 22 21:46:33 localhost kernel: ACPI: Core revision 20211217
Apr 22 21:46:33 localhost kernel: APIC: Switch to symmetric I/O mode setup
Apr 22 21:46:33 localhost kernel: ..TIMER: vector=0x30 apic1=0 pin1=2 apic2=-1 pin2=-1
Apr 22 21:46:33 localhost kernel: clocksource: tsc-early: mask: 0xffffffffffffffff max_cycles: 0x40bdd9b95a1, max_idle_ns: 440795343078 ns
Apr 22 21:46:33 localhost kernel: Calibrating delay loop (skipped) preset value.. 8982.89 BogoMIPS (lpj=4491448)
Apr 22 21:46:33 localhost kernel: pid_max: default: 32768 minimum: 301
Apr 22 21:46:33 localhost kernel: LSM: Security Framework initializing
Apr 22 21:46:33 localhost kernel: Yama: becoming mindful.
Apr 22 21:46:33 localhost kernel: SELinux:  Initializing.
Apr 22 21:46:33 localhost kernel: LSM support for eBPF active
Apr 22 21:46:33 localhost kernel: Mount-cache hash table entries: 4096 (order: 3, 32768 bytes, linear)
Apr 22 21:46:33 localhost kernel: Mountpoint-cache hash table entries: 4096 (order: 3, 32768 bytes, linear)
Apr 22 21:46:33 localhost kernel: Last level iTLB entries: 4KB 512, 2MB 512, 4MB 256
Apr 22 21:46:33 localhost kernel: Last level dTLB entries: 4KB 3072, 2MB 3072, 4MB 1536, 1GB 0
Apr 22 21:46:33 localhost kernel: Spectre V1 : Mitigation: usercopy/swapgs barriers and __user pointer sanitization
Apr 22 21:46:33 localhost kernel: Spectre V2 : Mitigation: Retpolines
Apr 22 21:46:33 localhost kernel: Spectre V2 : Spectre v2 / SpectreRSB mitigation: Filling RSB on context switch
Apr 22 21:46:33 localhost kernel: Spectre V2 : Spectre v2 / SpectreRSB : Filling RSB on VMEXIT
Apr 22 21:46:33 localhost kernel: Freeing SMP alternatives memory: 36K
Apr 22 21:46:33 localhost kernel: APIC calibration not consistent with PM-Timer: 109ms instead of 100ms
Apr 22 21:46:33 localhost kernel: APIC delta adjusted to PM-Timer: 6246033 (6852203)
Apr 22 21:46:33 localhost kernel: smpboot: CPU0: AMD Ryzen 7 7700X 8-Core Processor (family: 0x19, model: 0x61, stepping: 0x2)
Apr 22 21:46:33 localhost kernel: cblist_init_generic: Setting adjustable number of callback queues.
Apr 22 21:46:33 localhost kernel: cblist_init_generic: Setting shift to 1 and lim to 1.
Apr 22 21:46:33 localhost kernel: cblist_init_generic: Setting shift to 1 and lim to 1.
Apr 22 21:46:33 localhost kernel: cblist_init_generic: Setting shift to 1 and lim to 1.
Apr 22 21:46:33 localhost kernel: Performance Events: PMU not available due to virtualization, using software events only.
Apr 22 21:46:33 localhost kernel: rcu: Hierarchical SRCU implementation.
Apr 22 21:46:33 localhost kernel: rcu:         Max phase no-delay instances is 400.
Apr 22 21:46:33 localhost kernel: printk: console [tty0] printing thread started
Apr 22 21:46:33 localhost kernel: NMI watchdog: Perf NMI watchdog permanently disabled
Apr 22 21:46:33 localhost kernel: smp: Bringing up secondary CPUs ...
Apr 22 21:46:33 localhost kernel: x86: Booting SMP configuration:
Apr 22 21:46:33 localhost kernel: .... node  #0, CPUs:      #1
Apr 22 21:46:33 localhost kernel: TSC synchronization [CPU#0 -> CPU#1]:
Apr 22 21:46:33 localhost kernel: Measured 41760 cycles TSC warp between CPUs, turning off TSC clock.
Apr 22 21:46:33 localhost kernel: tsc: Marking TSC unstable due to check_tsc_sync_source failed
Apr 22 21:46:33 localhost kernel: smp: Brought up 1 node, 2 CPUs
Apr 22 21:46:33 localhost kernel: smpboot: Max logical packages: 1
Apr 22 21:46:33 localhost kernel: smpboot: Total of 2 processors activated (17965.79 BogoMIPS)
Apr 22 21:46:33 localhost kernel: node 0 deferred pages initialised in 3ms
Apr 22 21:46:33 localhost kernel: devtmpfs: initialized
Apr 22 21:46:33 localhost kernel: x86/mm: Memory block size: 128MB
Apr 22 21:46:33 localhost kernel: clocksource: jiffies: mask: 0xffffffff max_cycles: 0xffffffff, max_idle_ns: 1911260446275000 ns
Apr 22 21:46:33 localhost kernel: futex hash table entries: 512 (order: 3, 32768 bytes, linear)
Apr 22 21:46:33 localhost kernel: pinctrl core: initialized pinctrl subsystem
Apr 22 21:46:33 localhost kernel: NET: Registered PF_NETLINK/PF_ROUTE protocol family
Apr 22 21:46:33 localhost kernel: DMA: preallocated 256 KiB GFP_KERNEL pool for atomic allocations
Apr 22 21:46:33 localhost kernel: DMA: preallocated 256 KiB GFP_KERNEL|GFP_DMA pool for atomic allocations
Apr 22 21:46:33 localhost kernel: DMA: preallocated 256 KiB GFP_KERNEL|GFP_DMA32 pool for atomic allocations
Apr 22 21:46:33 localhost kernel: audit: initializing netlink subsys (disabled)
Apr 22 21:46:33 localhost kernel: audit: type=2000 audit(1682200094.540:1): state=initialized audit_enabled=0 res=1
Apr 22 21:46:33 localhost kernel: thermal_sys: Registered thermal governor 'fair_share'
Apr 22 21:46:33 localhost kernel: thermal_sys: Registered thermal governor 'step_wise'
Apr 22 21:46:33 localhost kernel: thermal_sys: Registered thermal governor 'user_space'
Apr 22 21:46:33 localhost kernel: cpuidle: using governor menu
Apr 22 21:46:33 localhost kernel: acpiphp: ACPI Hot Plug PCI Controller Driver version: 0.5
Apr 22 21:46:33 localhost kernel: PCI: Using configuration type 1 for base access
Apr 22 21:46:33 localhost kernel: PCI: Using configuration type 1 for extended access
Apr 22 21:46:33 localhost kernel: kprobes: kprobe jump-optimization is enabled. All kprobes are optimized if possible.
Apr 22 21:46:33 localhost kernel: HugeTLB: registered 2.00 MiB page size, pre-allocated 0 pages
Apr 22 21:46:33 localhost kernel: HugeTLB: 28 KiB vmemmap can be freed for a 2.00 MiB page
Apr 22 21:46:33 localhost kernel: cryptd: max_cpu_qlen set to 1000
Apr 22 21:46:33 localhost kernel: ACPI: Added _OSI(Module Device)
Apr 22 21:46:33 localhost kernel: ACPI: Added _OSI(Processor Device)
Apr 22 21:46:33 localhost kernel: ACPI: Added _OSI(3.0 _SCP Extensions)
Apr 22 21:46:33 localhost kernel: ACPI: Added _OSI(Processor Aggregator Device)
Apr 22 21:46:33 localhost kernel: ACPI: Added _OSI(Linux-Dell-Video)
Apr 22 21:46:33 localhost kernel: ACPI: Added _OSI(Linux-Lenovo-NV-HDMI-Audio)
Apr 22 21:46:33 localhost kernel: ACPI: Added _OSI(Linux-HPI-Hybrid-Graphics)
Apr 22 21:46:33 localhost kernel: ACPI: 2 ACPI AML tables successfully acquired and loaded
Apr 22 21:46:33 localhost kernel: ACPI: Interpreter enabled
Apr 22 21:46:33 localhost kernel: ACPI: PM: (supports S0 S5)
Apr 22 21:46:33 localhost kernel: ACPI: Using IOAPIC for interrupt routing
Apr 22 21:46:33 localhost kernel: PCI: Using host bridge windows from ACPI; if necessary, use "pci=nocrs" and report a bug
Apr 22 21:46:33 localhost kernel: PCI: Using E820 reservations for host bridge windows
Apr 22 21:46:33 localhost kernel: ACPI: Enabled 2 GPEs in block 00 to 07
Apr 22 21:46:33 localhost kernel: ACPI: PCI Root Bridge [PCI0] (domain 0000 [bus 00-ff])
Apr 22 21:46:33 localhost kernel: acpi PNP0A03:00: _OSC: OS supports [ExtendedConfig ASPM ClockPM Segments MSI EDR HPX-Type3]
Apr 22 21:46:33 localhost kernel: acpi PNP0A03:00: _OSC: platform does not support [PCIeCapability LTR DPC]
Apr 22 21:46:33 localhost kernel: acpi PNP0A03:00: _OSC: not requesting control; platform does not support [PCIeCapability]
Apr 22 21:46:33 localhost kernel: acpi PNP0A03:00: _OSC: OS requested [PCIeHotplug SHPCHotplug PME AER PCIeCapability LTR DPC]
Apr 22 21:46:33 localhost kernel: acpi PNP0A03:00: _OSC: platform willing to grant [PCIeHotplug SHPCHotplug PME AER]
Apr 22 21:46:33 localhost kernel: acpi PNP0A03:00: _OSC: platform retains control of PCIe features (AE_SUPPORT)
Apr 22 21:46:33 localhost kernel: PCI host bridge to bus 0000:00
Apr 22 21:46:33 localhost kernel: pci_bus 0000:00: root bus resource [io  0x0000-0x0cf7 window]
Apr 22 21:46:33 localhost kernel: pci_bus 0000:00: root bus resource [io  0x0d00-0xffff window]
Apr 22 21:46:33 localhost kernel: pci_bus 0000:00: root bus resource [mem 0x000a0000-0x000bffff window]
Apr 22 21:46:33 localhost kernel: pci_bus 0000:00: root bus resource [mem 0x80000000-0xfdffffff window]
Apr 22 21:46:33 localhost kernel: pci_bus 0000:00: root bus resource [bus 00-ff]
Apr 22 21:46:33 localhost kernel: pci 0000:00:01.0: [8086:7000] type 00 class 0x060100
Apr 22 21:46:33 localhost kernel: pci 0000:00:01.1: [8086:7111] type 00 class 0x01018a
Apr 22 21:46:33 localhost kernel: pci 0000:00:01.1: reg 0x20: [io  0xd000-0xd00f]
Apr 22 21:46:33 localhost kernel: pci 0000:00:01.1: legacy IDE quirk: reg 0x10: [io  0x01f0-0x01f7]
Apr 22 21:46:33 localhost kernel: pci 0000:00:01.1: legacy IDE quirk: reg 0x14: [io  0x03f6]
Apr 22 21:46:33 localhost kernel: pci 0000:00:01.1: legacy IDE quirk: reg 0x18: [io  0x0170-0x0177]
Apr 22 21:46:33 localhost kernel: pci 0000:00:01.1: legacy IDE quirk: reg 0x1c: [io  0x0376]
Apr 22 21:46:33 localhost kernel: pci 0000:00:02.0: [15ad:0405] type 00 class 0x030000
Apr 22 21:46:33 localhost kernel: pci 0000:00:02.0: reg 0x10: [io  0xd010-0xd01f]
Apr 22 21:46:33 localhost kernel: pci 0000:00:02.0: reg 0x14: [mem 0xe0000000-0xe0ffffff pref]
Apr 22 21:46:33 localhost kernel: pci 0000:00:02.0: reg 0x18: [mem 0xf0000000-0xf01fffff]
Apr 22 21:46:33 localhost kernel: pci 0000:00:02.0: Video device with shadowed ROM at [mem 0x000c0000-0x000dffff]
Apr 22 21:46:33 localhost kernel: pci 0000:00:03.0: [8086:100e] type 00 class 0x020000
Apr 22 21:46:33 localhost kernel: pci 0000:00:03.0: reg 0x10: [mem 0xf0200000-0xf021ffff]
Apr 22 21:46:33 localhost kernel: pci 0000:00:03.0: reg 0x18: [io  0xd020-0xd027]
Apr 22 21:46:33 localhost kernel: pci 0000:00:04.0: [80ee:cafe] type 00 class 0x088000
Apr 22 21:46:33 localhost kernel: pci 0000:00:04.0: reg 0x10: [io  0xd040-0xd05f]
Apr 22 21:46:33 localhost kernel: pci 0000:00:04.0: reg 0x14: [mem 0xf0400000-0xf07fffff]
Apr 22 21:46:33 localhost kernel: pci 0000:00:04.0: reg 0x18: [mem 0xf0800000-0xf0803fff pref]
Apr 22 21:46:33 localhost kernel: pci 0000:00:05.0: [8086:2415] type 00 class 0x040100
Apr 22 21:46:33 localhost kernel: pci 0000:00:05.0: reg 0x10: [io  0xd100-0xd1ff]
Apr 22 21:46:33 localhost kernel: pci 0000:00:05.0: reg 0x14: [io  0xd200-0xd23f]
Apr 22 21:46:33 localhost kernel: pci 0000:00:06.0: [106b:003f] type 00 class 0x0c0310
Apr 22 21:46:33 localhost kernel: pci 0000:00:06.0: reg 0x10: [mem 0xf0804000-0xf0804fff]
Apr 22 21:46:33 localhost kernel: pci 0000:00:07.0: [8086:7113] type 00 class 0x068000
Apr 22 21:46:33 localhost kernel: pci 0000:00:07.0: quirk: [io  0x4000-0x403f] claimed by PIIX4 ACPI
Apr 22 21:46:33 localhost kernel: pci 0000:00:07.0: quirk: [io  0x4100-0x410f] claimed by PIIX4 SMB
Apr 22 21:46:33 localhost kernel: pci 0000:00:0b.0: [8086:265c] type 00 class 0x0c0320
Apr 22 21:46:33 localhost kernel: pci 0000:00:0b.0: reg 0x10: [mem 0xf0805000-0xf0805fff]
Apr 22 21:46:33 localhost kernel: pci 0000:00:0d.0: [8086:2829] type 00 class 0x010601
Apr 22 21:46:33 localhost kernel: pci 0000:00:0d.0: reg 0x10: [io  0xd240-0xd247]
Apr 22 21:46:33 localhost kernel: pci 0000:00:0d.0: reg 0x14: [io  0xd248-0xd24b]
Apr 22 21:46:33 localhost kernel: pci 0000:00:0d.0: reg 0x18: [io  0xd250-0xd257]
Apr 22 21:46:33 localhost kernel: pci 0000:00:0d.0: reg 0x1c: [io  0xd258-0xd25b]
Apr 22 21:46:33 localhost kernel: pci 0000:00:0d.0: reg 0x20: [io  0xd260-0xd26f]
Apr 22 21:46:33 localhost kernel: pci 0000:00:0d.0: reg 0x24: [mem 0xf0806000-0xf0807fff]
Apr 22 21:46:33 localhost kernel: ACPI: PCI: Interrupt link LNKA configured for IRQ 11
Apr 22 21:46:33 localhost kernel: ACPI: PCI: Interrupt link LNKB configured for IRQ 10
Apr 22 21:46:33 localhost kernel: ACPI: PCI: Interrupt link LNKC configured for IRQ 9
Apr 22 21:46:33 localhost kernel: ACPI: PCI: Interrupt link LNKD configured for IRQ 11
Apr 22 21:46:33 localhost kernel: iommu: Default domain type: Translated 
Apr 22 21:46:33 localhost kernel: iommu: DMA domain TLB invalidation policy: lazy mode 
Apr 22 21:46:33 localhost kernel: SCSI subsystem initialized
Apr 22 21:46:33 localhost kernel: ACPI: bus type USB registered
Apr 22 21:46:33 localhost kernel: usbcore: registered new interface driver usbfs
Apr 22 21:46:33 localhost kernel: usbcore: registered new interface driver hub
Apr 22 21:46:33 localhost kernel: usbcore: registered new device driver usb
Apr 22 21:46:33 localhost kernel: pps_core: LinuxPPS API ver. 1 registered
Apr 22 21:46:33 localhost kernel: pps_core: Software ver. 5.3.6 - Copyright 2005-2007 Rodolfo Giometti <giometti@linux.it>
Apr 22 21:46:33 localhost kernel: PTP clock support registered
Apr 22 21:46:33 localhost kernel: EDAC MC: Ver: 3.0.0
Apr 22 21:46:33 localhost kernel: NetLabel: Initializing
Apr 22 21:46:33 localhost kernel: NetLabel:  domain hash size = 128
Apr 22 21:46:33 localhost kernel: NetLabel:  protocols = UNLABELED CIPSOv4 CALIPSO
Apr 22 21:46:33 localhost kernel: NetLabel:  unlabeled traffic allowed by default
Apr 22 21:46:33 localhost kernel: PCI: Using ACPI for IRQ routing
Apr 22 21:46:33 localhost kernel: PCI: pci_cache_line_size set to 64 bytes
Apr 22 21:46:33 localhost kernel: e820: reserve RAM buffer [mem 0x0009fc00-0x0009ffff]
Apr 22 21:46:33 localhost kernel: e820: reserve RAM buffer [mem 0x7fff0000-0x7fffffff]
Apr 22 21:46:33 localhost kernel: pci 0000:00:02.0: vgaarb: setting as boot VGA device
Apr 22 21:46:33 localhost kernel: pci 0000:00:02.0: vgaarb: bridge control possible
Apr 22 21:46:33 localhost kernel: pci 0000:00:02.0: vgaarb: VGA device added: decodes=io+mem,owns=io+mem,locks=none
Apr 22 21:46:33 localhost kernel: vgaarb: loaded
Apr 22 21:46:33 localhost kernel: clocksource: Switched to clocksource kvm-clock
Apr 22 21:46:33 localhost kernel: VFS: Disk quotas dquot_6.6.0
Apr 22 21:46:33 localhost kernel: VFS: Dquot-cache hash table entries: 512 (order 0, 4096 bytes)
Apr 22 21:46:33 localhost kernel: pnp: PnP ACPI init
Apr 22 21:46:33 localhost kernel: pnp: PnP ACPI: found 2 devices
Apr 22 21:46:33 localhost kernel: clocksource: acpi_pm: mask: 0xffffff max_cycles: 0xffffff, max_idle_ns: 2085701024 ns
Apr 22 21:46:33 localhost kernel: NET: Registered PF_INET protocol family
Apr 22 21:46:33 localhost kernel: IP idents hash table entries: 32768 (order: 6, 262144 bytes, linear)
Apr 22 21:46:33 localhost kernel: tcp_listen_portaddr_hash hash table entries: 1024 (order: 2, 16384 bytes, linear)
Apr 22 21:46:33 localhost kernel: Table-perturb hash table entries: 65536 (order: 6, 262144 bytes, linear)
Apr 22 21:46:33 localhost kernel: TCP established hash table entries: 16384 (order: 5, 131072 bytes, linear)
Apr 22 21:46:33 localhost kernel: TCP bind hash table entries: 16384 (order: 6, 262144 bytes, linear)
Apr 22 21:46:33 localhost kernel: TCP: Hash tables configured (established 16384 bind 16384)
Apr 22 21:46:33 localhost kernel: MPTCP token hash table entries: 2048 (order: 3, 49152 bytes, linear)
Apr 22 21:46:33 localhost kernel: UDP hash table entries: 1024 (order: 3, 32768 bytes, linear)
Apr 22 21:46:33 localhost kernel: UDP-Lite hash table entries: 1024 (order: 3, 32768 bytes, linear)
Apr 22 21:46:33 localhost kernel: NET: Registered PF_UNIX/PF_LOCAL protocol family
Apr 22 21:46:33 localhost kernel: NET: Registered PF_XDP protocol family
Apr 22 21:46:33 localhost kernel: pci_bus 0000:00: resource 4 [io  0x0000-0x0cf7 window]
Apr 22 21:46:33 localhost kernel: pci_bus 0000:00: resource 5 [io  0x0d00-0xffff window]
Apr 22 21:46:33 localhost kernel: pci_bus 0000:00: resource 6 [mem 0x000a0000-0x000bffff window]
Apr 22 21:46:33 localhost kernel: pci_bus 0000:00: resource 7 [mem 0x80000000-0xfdffffff window]
Apr 22 21:46:33 localhost kernel: PCI: CLS 0 bytes, default 64
Apr 22 21:46:33 localhost kernel: Trying to unpack rootfs image as initramfs...
Apr 22 21:46:33 localhost kernel: ACPI: bus type thunderbolt registered
Apr 22 21:46:33 localhost kernel: platform rtc_cmos: registered platform RTC device (no PNP device found)
Apr 22 21:46:33 localhost kernel: Initialise system trusted keyrings
Apr 22 21:46:33 localhost kernel: Key type blacklist registered
Apr 22 21:46:33 localhost kernel: workingset: timestamp_bits=36 max_order=19 bucket_order=0
Apr 22 21:46:33 localhost kernel: zbud: loaded
Apr 22 21:46:33 localhost kernel: integrity: Platform Keyring initialized
Apr 22 21:46:33 localhost kernel: NET: Registered PF_ALG protocol family
Apr 22 21:46:33 localhost kernel: xor: measuring software checksum speed
Apr 22 21:46:33 localhost kernel:    prefetch64-sse  : -1018167296 MB/sec
Apr 22 21:46:33 localhost kernel:    generic_sse     : -1018167296 MB/sec
Apr 22 21:46:33 localhost kernel: xor: using function: generic_sse (-1018167296 MB/sec)
Apr 22 21:46:33 localhost kernel: Key type asymmetric registered
Apr 22 21:46:33 localhost kernel: Asymmetric key parser 'x509' registered
Apr 22 21:46:33 localhost kernel: Running certificate verification selftests
Apr 22 21:46:33 localhost kernel: Loaded X.509 cert 'Certificate verification self-testing key: f58703bb33ce1b73ee02eccdee5b8817518fe3db'
Apr 22 21:46:33 localhost kernel: Block layer SCSI generic (bsg) driver version 0.4 loaded (major 246)
Apr 22 21:46:33 localhost kernel: io scheduler mq-deadline registered
Apr 22 21:46:33 localhost kernel: io scheduler kyber registered
Apr 22 21:46:33 localhost kernel: io scheduler bfq registered
Apr 22 21:46:33 localhost kernel: atomic64_test: passed for x86-64 platform with CX8 and with SSE
Apr 22 21:46:33 localhost kernel: shpchp: Standard Hot Plug PCI Controller Driver version: 0.4
Apr 22 21:46:33 localhost kernel: ACPI: AC: AC Adapter [AC] (on-line)
Apr 22 21:46:33 localhost kernel: input: Power Button as /devices/LNXSYSTM:00/LNXPWRBN:00/input/input0
Apr 22 21:46:33 localhost kernel: ACPI: button: Power Button [PWRF]
Apr 22 21:46:33 localhost kernel: input: Sleep Button as /devices/LNXSYSTM:00/LNXSLPBN:00/input/input1
Apr 22 21:46:33 localhost kernel: ACPI: button: Sleep Button [SLPF]
Apr 22 21:46:33 localhost kernel: Serial: 8250/16550 driver, 4 ports, IRQ sharing enabled
Apr 22 21:46:33 localhost kernel: Non-volatile memory driver v1.3
Apr 22 21:46:33 localhost kernel: rdac: device handler registered
Apr 22 21:46:33 localhost kernel: hp_sw: device handler registered
Apr 22 21:46:33 localhost kernel: emc: device handler registered
Apr 22 21:46:33 localhost kernel: alua: device handler registered
Apr 22 21:46:33 localhost kernel: libphy: Fixed MDIO Bus: probed
Apr 22 21:46:33 localhost kernel: ehci_hcd: USB 2.0 'Enhanced' Host Controller (EHCI) Driver
Apr 22 21:46:33 localhost kernel: ehci-pci: EHCI PCI platform driver
Apr 22 21:46:33 localhost kernel: ehci-pci 0000:00:0b.0: EHCI Host Controller
Apr 22 21:46:33 localhost kernel: ehci-pci 0000:00:0b.0: new USB bus registered, assigned bus number 1
Apr 22 21:46:33 localhost kernel: ehci-pci 0000:00:0b.0: irq 19, io mem 0xf0805000
Apr 22 21:46:33 localhost kernel: ehci-pci 0000:00:0b.0: USB 2.0 started, EHCI 1.00
Apr 22 21:46:33 localhost kernel: usb usb1: New USB device found, idVendor=1d6b, idProduct=0002, bcdDevice= 5.14
Apr 22 21:46:33 localhost kernel: usb usb1: New USB device strings: Mfr=3, Product=2, SerialNumber=1
Apr 22 21:46:33 localhost kernel: usb usb1: Product: EHCI Host Controller
Apr 22 21:46:33 localhost kernel: usb usb1: Manufacturer: Linux 5.14.0-299.el9.x86_64 ehci_hcd
Apr 22 21:46:33 localhost kernel: usb usb1: SerialNumber: 0000:00:0b.0
Apr 22 21:46:33 localhost kernel: hub 1-0:1.0: USB hub found
Apr 22 21:46:33 localhost kernel: hub 1-0:1.0: 12 ports detected
Apr 22 21:46:33 localhost kernel: ohci_hcd: USB 1.1 'Open' Host Controller (OHCI) Driver
Apr 22 21:46:33 localhost kernel: ohci-pci: OHCI PCI platform driver
Apr 22 21:46:33 localhost kernel: ohci-pci 0000:00:06.0: OHCI PCI host controller
Apr 22 21:46:33 localhost kernel: ohci-pci 0000:00:06.0: new USB bus registered, assigned bus number 2
Apr 22 21:46:33 localhost kernel: ohci-pci 0000:00:06.0: irq 22, io mem 0xf0804000
Apr 22 21:46:33 localhost kernel: usb usb2: New USB device found, idVendor=1d6b, idProduct=0001, bcdDevice= 5.14
Apr 22 21:46:33 localhost kernel: usb usb2: New USB device strings: Mfr=3, Product=2, SerialNumber=1
Apr 22 21:46:33 localhost kernel: usb usb2: Product: OHCI PCI host controller
Apr 22 21:46:33 localhost kernel: usb usb2: Manufacturer: Linux 5.14.0-299.el9.x86_64 ohci_hcd
Apr 22 21:46:33 localhost kernel: usb usb2: SerialNumber: 0000:00:06.0
Apr 22 21:46:33 localhost kernel: hub 2-0:1.0: USB hub found
Apr 22 21:46:33 localhost kernel: hub 2-0:1.0: 12 ports detected
Apr 22 21:46:33 localhost kernel: uhci_hcd: USB Universal Host Controller Interface driver
Apr 22 21:46:33 localhost kernel: usbcore: registered new interface driver usbserial_generic
Apr 22 21:46:33 localhost kernel: usbserial: USB Serial support registered for generic
Apr 22 21:46:33 localhost kernel: i8042: PNP: PS/2 Controller [PNP0303:PS2K,PNP0f03:PS2M] at 0x60,0x64 irq 1,12
Apr 22 21:46:33 localhost kernel: serio: i8042 KBD port at 0x60,0x64 irq 1
Apr 22 21:46:33 localhost kernel: serio: i8042 AUX port at 0x60,0x64 irq 12
Apr 22 21:46:33 localhost kernel: mousedev: PS/2 mouse device common for all mice
Apr 22 21:46:33 localhost kernel: Freeing initrd memory: 96836K
Apr 22 21:46:33 localhost kernel: rtc_cmos rtc_cmos: registered as rtc0
Apr 22 21:46:33 localhost kernel: rtc_cmos rtc_cmos: setting system clock to 2023-04-22T21:45:58 UTC (1682199958)
Apr 22 21:46:33 localhost kernel: rtc_cmos rtc_cmos: alarms up to one day, 114 bytes nvram
Apr 22 21:46:33 localhost kernel: hid: raw HID events driver (C) Jiri Kosina
Apr 22 21:46:33 localhost kernel: usbcore: registered new interface driver usbhid
Apr 22 21:46:33 localhost kernel: usbhid: USB HID core driver
Apr 22 21:46:33 localhost kernel: drop_monitor: Initializing network drop monitor service
Apr 22 21:46:33 localhost kernel: input: AT Translated Set 2 keyboard as /devices/platform/i8042/serio0/input/input2
Apr 22 21:46:33 localhost kernel: Initializing XFRM netlink socket
Apr 22 21:46:33 localhost kernel: NET: Registered PF_INET6 protocol family
Apr 22 21:46:33 localhost kernel: Segment Routing with IPv6
Apr 22 21:46:33 localhost kernel: NET: Registered PF_PACKET protocol family
Apr 22 21:46:33 localhost kernel: mpls_gso: MPLS GSO support
Apr 22 21:46:33 localhost kernel: IPI shorthand broadcast: enabled
Apr 22 21:46:33 localhost kernel: SSE version of gcm_enc/dec engaged.
Apr 22 21:46:33 localhost kernel: sched_clock: Marking stable (9984344872, 25259205)->(2103970180, 7905633897)
Apr 22 21:46:33 localhost kernel: registered taskstats version 1
Apr 22 21:46:33 localhost kernel: Loading compiled-in X.509 certificates
Apr 22 21:46:33 localhost kernel: Loaded X.509 cert 'The CentOS Project: CentOS Stream kernel signing key: 10a9cc1a6157feeed63fe6e8d68e19307865f427'
Apr 22 21:46:33 localhost kernel: Loaded X.509 cert 'Red Hat Enterprise Linux Driver Update Program (key 3): bf57f3e87362bc7229d9f465321773dfd1f77a80'
Apr 22 21:46:33 localhost kernel: Loaded X.509 cert 'Red Hat Enterprise Linux kpatch signing key: 4d38fd864ebe18c5f0b72e3852e2014c3a676fc8'
Apr 22 21:46:33 localhost kernel: zswap: loaded using pool lzo/zbud
Apr 22 21:46:33 localhost kernel: page_owner is disabled
Apr 22 21:46:33 localhost kernel: Key type big_key registered
Apr 22 21:46:33 localhost kernel: Key type encrypted registered
Apr 22 21:46:33 localhost kernel: ima: No TPM chip found, activating TPM-bypass!
Apr 22 21:46:33 localhost kernel: Loading compiled-in module X.509 certificates
Apr 22 21:46:33 localhost kernel: Loaded X.509 cert 'The CentOS Project: CentOS Stream kernel signing key: 10a9cc1a6157feeed63fe6e8d68e19307865f427'
Apr 22 21:46:33 localhost kernel: ima: Allocated hash algorithm: sha256
Apr 22 21:46:33 localhost kernel: ima: No architecture policies found
Apr 22 21:46:33 localhost kernel: evm: Initialising EVM extended attributes:
Apr 22 21:46:33 localhost kernel: evm: security.selinux
Apr 22 21:46:33 localhost kernel: evm: security.SMACK64 (disabled)
Apr 22 21:46:33 localhost kernel: evm: security.SMACK64EXEC (disabled)
Apr 22 21:46:33 localhost kernel: evm: security.SMACK64TRANSMUTE (disabled)
Apr 22 21:46:33 localhost kernel: evm: security.SMACK64MMAP (disabled)
Apr 22 21:46:33 localhost kernel: evm: security.apparmor (disabled)
Apr 22 21:46:33 localhost kernel: evm: security.ima
Apr 22 21:46:33 localhost kernel: evm: security.capability
Apr 22 21:46:33 localhost kernel: evm: HMAC attrs: 0x1
Apr 22 21:46:33 localhost kernel: Freeing unused decrypted memory: 2036K
Apr 22 21:46:33 localhost kernel: Freeing unused kernel image (initmem) memory: 2804K
Apr 22 21:46:33 localhost kernel: input: ImExPS/2 Generic Explorer Mouse as /devices/platform/i8042/serio1/input/input4
Apr 22 21:46:33 localhost kernel: Write protecting the kernel read-only data: 26624k
Apr 22 21:46:33 localhost kernel: Freeing unused kernel image (text/rodata gap) memory: 2040K
Apr 22 21:46:33 localhost kernel: Freeing unused kernel image (rodata/data gap) memory: 12K
Apr 22 21:46:33 localhost kernel: x86/mm: Checked W+X mappings: passed, no W+X pages found.
Apr 22 21:46:33 localhost kernel: Run /init as init process
Apr 22 21:46:33 localhost kernel:   with arguments:
Apr 22 21:46:33 localhost kernel:     /init
Apr 22 21:46:33 localhost kernel:   with environment:
Apr 22 21:46:33 localhost kernel:     HOME=/
Apr 22 21:46:33 localhost kernel:     TERM=linux
Apr 22 21:46:33 localhost kernel:     BOOT_IMAGE=vmlinuz
Apr 22 21:46:33 localhost systemd[1]: systemd 252-8.el9 running in system mode (+PAM +AUDIT +SELINUX -APPARMOR +IMA +SMACK +SECCOMP +GCRYPT +GNUTLS +OPENSSL +ACL +BLKID +CURL +ELFUTILS -FIDO2 +IDN2 -IDN -IPTC +KMOD +LIBCRYPTSETUP +LIBFDISK +PCRE2 -PWQUALITY +P11KIT -QRENCODE +TPM2 +BZIP2 +LZ4 +XZ +ZLIB +ZSTD -BPF_FRAMEWORK +XKBCOMMON +UTMP +SYSVINIT default-hierarchy=unified)
Apr 22 21:46:33 localhost systemd[1]: Detected virtualization oracle.
Apr 22 21:46:33 localhost systemd[1]: Detected architecture x86-64.
Apr 22 21:46:33 localhost systemd[1]: Running in initrd.
Apr 22 21:46:33 localhost systemd[1]: No hostname configured, using default hostname.
Apr 22 21:46:33 localhost systemd[1]: Hostname set to <localhost>.
Apr 22 21:46:33 localhost systemd[1]: Initializing machine ID from random generator.
Apr 22 21:46:33 localhost systemd[1]: Invalid DMI field header.
Apr 22 21:46:33 localhost systemd[1]: Queued start job for default target Initrd Default Target.
Apr 22 21:46:33 localhost systemd[1]: Reached target Initrd Root Device.
Apr 22 21:46:33 localhost systemd[1]: Reached target Initrd /usr File System.
Apr 22 21:46:33 localhost systemd[1]: Reached target Slice Units.
Apr 22 21:46:33 localhost systemd[1]: Reached target Swaps.
Apr 22 21:46:33 localhost systemd[1]: Reached target Timer Units.
Apr 22 21:46:33 localhost systemd[1]: Listening on D-Bus System Message Bus Socket.
Apr 22 21:46:33 localhost systemd[1]: Listening on Open-iSCSI iscsid Socket.
Apr 22 21:46:33 localhost systemd[1]: Listening on Open-iSCSI iscsiuio Socket.
Apr 22 21:46:33 localhost systemd[1]: Listening on Journal Socket (/dev/log).
Apr 22 21:46:33 localhost systemd[1]: Listening on Journal Socket.
Apr 22 21:46:33 localhost systemd[1]: Listening on udev Control Socket.
Apr 22 21:46:33 localhost systemd[1]: Listening on udev Kernel Socket.
Apr 22 21:46:33 localhost systemd[1]: Reached target Socket Units.
Apr 22 21:46:33 localhost systemd[1]: Starting Create List of Static Device Nodes...
Apr 22 21:46:33 localhost systemd[1]: Starting Journal Service...
Apr 22 21:46:33 localhost systemd[1]: Starting Load Kernel Modules...
Apr 22 21:46:33 localhost systemd[1]: Starting Create System Users...
Apr 22 21:46:33 localhost systemd[1]: Starting Setup Virtual Console...
Apr 22 21:46:33 localhost systemd[1]: Finished Create List of Static Device Nodes.
Apr 22 21:46:33 localhost systemd[1]: Finished Load Kernel Modules.
Apr 22 21:46:33 localhost systemd[1]: Starting Apply Kernel Variables...
Apr 22 21:46:33 localhost systemd[1]: Finished Create System Users.
Apr 22 21:46:33 localhost systemd[1]: Starting Create Static Device Nodes in /dev...
Apr 22 21:46:33 localhost systemd-journald[247]: Journal started
Apr 22 21:46:33 localhost systemd-journald[247]: Runtime Journal (/run/log/journal/7454ebb758e743a5b2c12847e05fe541) is 4.9M, max 39.4M, 34.4M free.
Apr 22 21:46:33 localhost systemd-modules-load[248]: Module 'msr' is built in
Apr 22 21:46:33 localhost systemd-sysusers[249]: Creating group 'sgx' with GID 997.
Apr 22 21:46:33 localhost systemd-sysusers[249]: Creating group 'users' with GID 100.
Apr 22 21:46:33 localhost systemd-sysusers[249]: Creating group 'dbus' with GID 81.
Apr 22 21:46:33 localhost systemd-sysusers[249]: Creating user 'dbus' (System Message Bus) with UID 81 and GID 81.
Apr 22 21:46:33 localhost systemd[1]: Finished Apply Kernel Variables.
Apr 22 21:46:33 localhost systemd[1]: Starting Create Volatile Files and Directories...
Apr 22 21:46:33 localhost systemd[1]: Started Journal Service.
Apr 22 21:46:33 localhost systemd[1]: Finished Create Static Device Nodes in /dev.
Apr 22 21:46:33 localhost systemd[1]: Finished Create Volatile Files and Directories.
Apr 22 21:46:33 localhost systemd[1]: Finished Setup Virtual Console.
Apr 22 21:46:33 localhost systemd[1]: dracut ask for additional cmdline parameters was skipped because no trigger condition checks were met.
Apr 22 21:46:33 localhost systemd[1]: Starting dracut cmdline hook...
Apr 22 21:46:33 localhost dracut-cmdline[263]: dracut-9 dracut-057-21.git20230214.el9
Apr 22 21:46:33 localhost dracut-cmdline[263]: Using kernel command line parameters:    BOOT_IMAGE=vmlinuz initrd=initrd.img inst.stage2=hd:LABEL=CentOS-Stream-9-BaseOS-x86_64 quiet
Apr 22 21:46:33 localhost kernel: BIOS EDD facility v0.16 2004-Jun-25, 1 devices found
Apr 22 21:46:33 localhost dracut-cmdline[263]: Loading CentOS Stream 9 x86_64 installer...
Apr 22 21:46:33 localhost kernel: Loading iSCSI transport class v2.0-870.
Apr 22 21:46:33 localhost kernel: iscsi: registered transport (tcp)
Apr 22 21:46:33 localhost kernel: iscsi: registered transport (qla4xxx)
Apr 22 21:46:33 localhost kernel: QLogic iSCSI HBA Driver
Apr 22 21:46:33 localhost kernel: libcxgbi:libcxgbi_init_module: Chelsio iSCSI driver library libcxgbi v0.9.1-ko (Apr. 2015)
Apr 22 21:46:33 localhost kernel: Chelsio T4-T6 iSCSI Driver cxgb4i v0.9.5-ko (Apr. 2015)
Apr 22 21:46:33 localhost kernel: iscsi: registered transport (cxgb4i)
Apr 22 21:46:33 localhost kernel: cnic: QLogic cnicDriver v2.5.22 (July 20, 2015)
Apr 22 21:46:33 localhost kernel: QLogic NetXtreme II iSCSI Driver bnx2i v2.7.10.1 (Jul 16, 2014)
Apr 22 21:46:33 localhost kernel: iscsi: registered transport (bnx2i)
Apr 22 21:46:33 localhost kernel: iscsi: registered transport (be2iscsi)
Apr 22 21:46:33 localhost kernel: In beiscsi_module_init, tt=00000000ae309c67
Apr 22 21:46:33 localhost systemd[1]: Finished dracut cmdline hook.
Apr 22 21:46:33 localhost systemd[1]: Starting dracut pre-udev hook...
Apr 22 21:46:33 localhost dracut-pre-udev[567]: anaconda-modprobe: Module cramfs not found
Apr 22 21:46:33 localhost kernel: squashfs: version 4.0 (2009/01/31) Phillip Lougher
Apr 22 21:46:33 localhost dracut-pre-udev[567]: anaconda-modprobe: Module floppy not found
Apr 22 21:46:33 localhost kernel: No iBFT detected.
Apr 22 21:46:33 localhost kernel: raid6: skip pq benchmark and using algorithm sse2x4
Apr 22 21:46:33 localhost kernel: raid6: using ssse3x2 recovery algorithm
Apr 22 21:46:33 localhost kernel: async_tx: api initialized (async)
Apr 22 21:46:34 localhost kernel: device-mapper: core: CONFIG_IMA_DISABLE_HTABLE is disabled. Duplicate IMA measurements will not be recorded in the IMA log.
Apr 22 21:46:34 localhost kernel: device-mapper: uevent: version 1.0.3
Apr 22 21:46:34 localhost kernel: device-mapper: ioctl: 4.47.0-ioctl (2022-07-28) initialised: dm-devel@redhat.com
Apr 22 21:46:34 localhost kernel: device-mapper: multipath round-robin: version 1.2.0 loaded
Apr 22 21:46:34 localhost dracut-pre-udev[567]: anaconda-modprobe: Module sha256 not found
Apr 22 21:46:34 localhost kernel: RPC: Registered named UNIX socket transport module.
Apr 22 21:46:34 localhost kernel: RPC: Registered udp transport module.
Apr 22 21:46:34 localhost kernel: RPC: Registered tcp transport module.
Apr 22 21:46:34 localhost kernel: RPC: Registered tcp NFSv4.1 backchannel transport module.
Apr 22 21:46:34 localhost rpc.statd[845]: Version 2.5.4 starting
Apr 22 21:46:34 localhost rpc.statd[845]: Initializing NSM state
Apr 22 21:46:34 localhost rpc.idmapd[849]: Setting log level to 0
Apr 22 21:46:34 localhost systemd[1]: Finished dracut pre-udev hook.
Apr 22 21:46:34 localhost systemd[1]: Starting Rule-based Manager for Device Events and Files...
Apr 22 21:46:34 localhost systemd-udevd[862]: Using default interface naming scheme 'rhel-9.0'.
Apr 22 21:46:34 localhost systemd[1]: Started Rule-based Manager for Device Events and Files.
Apr 22 21:46:34 localhost systemd[1]: Starting dracut pre-trigger hook...
Apr 22 21:46:34 localhost lldpad[883]: config file failed to load,
Apr 22 21:46:34 localhost lldpad[883]: create a new file.
Apr 22 21:46:34 localhost lldpad[883]: bound ctrl iface to /com/intel/lldpad
Apr 22 21:46:34 localhost dracut-pre-trigger[885]: 884
Apr 22 21:46:34 localhost dracut-pre-trigger[866]: rd.md=0: removing MD RAID activation
Apr 22 21:46:34 localhost systemd[1]: Finished dracut pre-trigger hook.
Apr 22 21:46:34 localhost systemd[1]: Starting Coldplug All udev Devices...
Apr 22 21:46:34 localhost systemd[1]: Finished Coldplug All udev Devices.
Apr 22 21:46:34 localhost systemd[1]: nm-initrd.service was skipped because of an unmet condition check (ConditionPathExists=/run/NetworkManager/initrd/neednet).
Apr 22 21:46:34 localhost systemd[1]: Reached target Network.
Apr 22 21:46:34 localhost systemd[1]: nm-wait-online-initrd.service was skipped because of an unmet condition check (ConditionPathExists=/run/NetworkManager/initrd/neednet).
Apr 22 21:46:34 localhost systemd[1]: Starting dracut initqueue hook...
Apr 22 21:46:34 localhost systemd[1]: Starting Show Plymouth Boot Screen...
Apr 22 21:46:34 localhost systemd[1]: Starting Wait for udev To Complete Device Initialization...
Apr 22 21:46:34 localhost systemd[1]: Received SIGRTMIN+20 from PID 963 (plymouthd).
Apr 22 21:46:34 localhost udevadm[962]: systemd-udev-settle.service is deprecated. Please fix multipathd-configure.service not to pull it in.
Apr 22 21:46:34 localhost systemd[1]: Started Show Plymouth Boot Screen.
Apr 22 21:46:34 localhost systemd[1]: Dispatch Password Requests to Console Directory Watch was skipped because of an unmet condition check (ConditionPathExists=!/run/plymouth/pid).
Apr 22 21:46:34 localhost systemd[1]: Started Forward Password Requests to Plymouth Directory Watch.
Apr 22 21:46:34 localhost systemd[1]: Reached target Local Encrypted Volumes.
Apr 22 21:46:34 localhost systemd[1]: Reached target Path Units.
Apr 22 21:46:34 localhost systemd[1]: Reloading.
Apr 22 21:46:34 localhost kernel: ACPI: video: Video Device [GFX0] (multi-head: yes  rom: no  post: no)
Apr 22 21:46:34 localhost kernel: input: Video Bus as /devices/LNXSYSTM:00/LNXSYBUS:00/PNP0A03:00/LNXVIDEO:00/input/input5
Apr 22 21:46:34 localhost kernel: e1000: Intel(R) PRO/1000 Network Driver
Apr 22 21:46:34 localhost kernel: e1000: Copyright (c) 1999-2006 Intel Corporation.
Apr 22 21:46:34 localhost kernel: Warning: Unmaintained hardware is detected:  e1000:100E:8086 @ 0000:00:03.0
Apr 22 21:46:34 localhost kernel: ACPI: bus type drm_connector registered
Apr 22 21:46:34 localhost kernel: libata version 3.00 loaded.
Apr 22 21:46:34 localhost kernel: ata_piix 0000:00:01.1: version 2.13
Apr 22 21:46:34 localhost kernel: ahci 0000:00:0d.0: version 3.0
Apr 22 21:46:34 localhost kernel: ahci 0000:00:0d.0: SSS flag set, parallel bus scan disabled
Apr 22 21:46:34 localhost kernel: ahci 0000:00:0d.0: AHCI 0001.0100 32 slots 1 ports 3 Gbps 0x1 impl SATA mode
Apr 22 21:46:34 localhost kernel: ahci 0000:00:0d.0: flags: 64bit ncq stag only ccc 
Apr 22 21:46:34 localhost kernel: scsi host1: ahci
Apr 22 21:46:34 localhost kernel: ata3: SATA max UDMA/133 abar m8192@0xf0806000 port 0xf0806100 irq 21
Apr 22 21:46:34 localhost kernel: vmwgfx 0000:00:02.0: vgaarb: deactivate vga console
Apr 22 21:46:34 localhost kernel: scsi host0: ata_piix
Apr 22 21:46:34 localhost kernel: scsi host2: ata_piix
Apr 22 21:46:34 localhost kernel: ata1: PATA max UDMA/33 cmd 0x1f0 ctl 0x3f6 bmdma 0xd000 irq 14
Apr 22 21:46:34 localhost kernel: ata2: PATA max UDMA/33 cmd 0x170 ctl 0x376 bmdma 0xd008 irq 15
Apr 22 21:46:34 localhost kernel: Console: switching to colour dummy device 80x25
Apr 22 21:46:34 localhost kernel: vmwgfx 0000:00:02.0: [drm] FIFO at 0x00000000f0000000 size is 2048 kiB
Apr 22 21:46:34 localhost kernel: vmwgfx 0000:00:02.0: [drm] VRAM at 0x00000000e0000000 size is 16384 kiB
Apr 22 21:46:34 localhost kernel: vmwgfx 0000:00:02.0: [drm] Running on SVGA version 2.
Apr 22 21:46:34 localhost kernel: vmwgfx 0000:00:02.0: [drm] Capabilities: rect copy, cursor, cursor bypass, cursor bypass 2, alpha cursor, extended fifo, pitchlock, irq mask, gmr, traces, gmr2, screen object 2, command buffers, 
Apr 22 21:46:34 localhost kernel: vmwgfx 0000:00:02.0: [drm] DMA map mode: Caching DMA mappings.
Apr 22 21:46:34 localhost kernel: vmwgfx 0000:00:02.0: [drm] Legacy memory limits: VRAM = 16384 kB, FIFO = 2048 kB, surface = 507904 kB
Apr 22 21:46:34 localhost kernel: vmwgfx 0000:00:02.0: [drm] MOB limits: max mob size = 0 kB, max mob pages = 0
Apr 22 21:46:34 localhost kernel: vmwgfx 0000:00:02.0: [drm] Max GMR ids is 8192
Apr 22 21:46:34 localhost kernel: vmwgfx 0000:00:02.0: [drm] Max number of GMR pages is 1048576
Apr 22 21:46:34 localhost kernel: vmwgfx 0000:00:02.0: [drm] Maximum display memory size is 16384 kiB
Apr 22 21:46:34 localhost kernel: vmwgfx 0000:00:02.0: [drm] Screen Object display unit initialized
Apr 22 21:46:34 localhost kernel: vmwgfx 0000:00:02.0: [drm] Fifo max 0x00200000 min 0x00001000 cap 0x00000355
Apr 22 21:46:34 localhost kernel: vmwgfx 0000:00:02.0: [drm] Using command buffers with DMA pool.
Apr 22 21:46:34 localhost kernel: vmwgfx 0000:00:02.0: [drm] Available shader model: Legacy.
Apr 22 21:46:34 localhost kernel: [drm:vmw_host_printf [vmwgfx]] *ERROR* Failed to send host log message.
Apr 22 21:46:34 localhost kernel: fbcon: svgadrmfb (fb0) is primary device
Apr 22 21:46:34 localhost kernel: Console: switching to colour frame buffer device 100x37
Apr 22 21:46:34 localhost kernel: [drm] Initialized vmwgfx 2.20.0 20211206 for 0000:00:02.0 on minor 0
Apr 22 21:46:34 localhost kernel: ata2.00: ATAPI: VBOX CD-ROM, 1.0, max UDMA/133
Apr 22 21:46:34 localhost kernel: ata3: SATA link up 3.0 Gbps (SStatus 123 SControl 300)
Apr 22 21:46:34 localhost kernel: ata3.00: ATA-6: VBOX HARDDISK, 1.0, max UDMA/133
Apr 22 21:46:34 localhost kernel: ata3.00: 41943040 sectors, multi 128: LBA48 NCQ (depth 32)
Apr 22 21:46:34 localhost kernel: ata3.00: configured for UDMA/133
Apr 22 21:46:34 localhost kernel: scsi 1:0:0:0: Direct-Access     ATA      VBOX HARDDISK    1.0  PQ: 0 ANSI: 5
Apr 22 21:46:34 localhost kernel: scsi 2:0:0:0: CD-ROM            VBOX     CD-ROM           1.0  PQ: 0 ANSI: 5
Apr 22 21:46:34 localhost kernel: scsi 1:0:0:0: Attached scsi generic sg0 type 0
Apr 22 21:46:34 localhost kernel: scsi 2:0:0:0: Attached scsi generic sg1 type 5
Apr 22 21:46:34 localhost kernel: sd 1:0:0:0: [sda] 41943040 512-byte logical blocks: (21.5 GB/20.0 GiB)
Apr 22 21:46:34 localhost kernel: sd 1:0:0:0: [sda] Write Protect is off
Apr 22 21:46:34 localhost kernel: sd 1:0:0:0: [sda] Mode Sense: 00 3a 00 00
Apr 22 21:46:34 localhost kernel: sd 1:0:0:0: [sda] Write cache: enabled, read cache: enabled, doesn't support DPO or FUA
Apr 22 21:46:34 localhost kernel: sd 1:0:0:0: [sda] Preferred minimum I/O size 512 bytes
Apr 22 21:46:34 localhost kernel: sd 1:0:0:0: [sda] Attached SCSI disk
Apr 22 21:46:34 localhost kernel: sr 2:0:0:0: [sr0] scsi3-mmc drive: 32x/32x xa/form2 tray
Apr 22 21:46:34 localhost kernel: cdrom: Uniform CD-ROM driver Revision: 3.20
Apr 22 21:46:34 localhost kernel: sr 2:0:0:0: Attached scsi CD-ROM sr0
Apr 22 21:46:34 localhost systemd[1]: Started cancel waiting for multipath siblings of sda.
Apr 22 21:46:34 localhost kernel: e1000 0000:00:03.0 eth0: (PCI:33MHz:32-bit) 08:00:27:27:bf:13
Apr 22 21:46:34 localhost kernel: e1000 0000:00:03.0 eth0: Intel(R) PRO/1000 Network Connection
Apr 22 21:46:34 localhost kernel: e1000 0000:00:03.0 enp0s3: renamed from eth0
Apr 22 21:46:34 localhost kernel: 8021q: 802.1Q VLAN Support v1.8
Apr 22 21:46:34 localhost systemd[1]: Finished Wait for udev To Complete Device Initialization.
Apr 22 21:46:34 localhost systemd[1]: Device-Mapper Multipath Default Configuration was skipped because of an unmet condition check (ConditionPathExists=!/etc/multipath.conf).
Apr 22 21:46:34 localhost systemd[1]: Starting Device-Mapper Multipath Device Controller...
Apr 22 21:46:34 localhost multipathd[1105]: --------start up--------
Apr 22 21:46:34 localhost multipathd[1105]: read /etc/multipath.conf
Apr 22 21:46:34 localhost multipathd[1105]: path checkers start up
Apr 22 21:46:34 localhost systemd[1]: Started Device-Mapper Multipath Device Controller.
Apr 22 21:46:34 localhost systemd[1]: Reached target Preparation for Local File Systems.
Apr 22 21:46:34 localhost systemd[1]: Reached target Local File Systems.
Apr 22 21:46:34 localhost systemd[1]: Reached target System Initialization.
Apr 22 21:46:34 localhost systemd[1]: Reached target Basic System.
Apr 22 21:46:34 localhost dracut-initqueue[1143]: anaconda using disk root at /dev/sr0
Apr 22 21:46:34 localhost kernel: ISO 9660 Extensions: Microsoft Joliet Level 3
Apr 22 21:46:34 localhost kernel: ISO 9660 Extensions: RRIP_1991A
Apr 22 21:46:35 localhost dracut-initqueue[1143]: anaconda: found /run/install/repo//images/install.img
Apr 22 21:46:35 localhost kernel: loop: module loaded
Apr 22 21:46:35 localhost kernel: loop0: detected capacity change from 0 to 1527000
Apr 22 21:46:35 localhost kernel: loop1: detected capacity change from 0 to 6291456
Apr 22 21:46:35 localhost kernel: loop2: detected capacity change from 0 to 67108864
Apr 22 21:46:35 localhost systemd[1]: run-initramfs-squashfs.mount: Deactivated successfully.
Apr 22 21:46:35 localhost systemd[1]: Finished dracut initqueue hook.
Apr 22 21:46:35 localhost systemd[1]: Reached target Preparation for Remote File Systems.
Apr 22 21:46:35 localhost systemd[1]: Reached target Remote Encrypted Volumes.
Apr 22 21:46:35 localhost systemd[1]: Reached target Remote File Systems.
Apr 22 21:46:35 localhost systemd[1]: Starting dracut pre-mount hook...
Apr 22 21:46:35 localhost systemd[1]: Finished dracut pre-mount hook.
Apr 22 21:46:35 localhost systemd[1]: Reached target Initrd Root File System.
Apr 22 21:46:35 localhost systemd[1]: Starting Mountpoints Configured in the Real Root...
Apr 22 21:46:35 localhost systemd[1]: cancel-multipath-wait-sda.timer: Deactivated successfully.
Apr 22 21:46:35 localhost systemd[1]: Stopped cancel waiting for multipath siblings of sda.
Apr 22 21:46:35 localhost multipathd[1105]: exit (signal)
Apr 22 21:46:35 localhost multipathd[1105]: --------shut down-------
Apr 22 21:46:35 localhost systemd[1]: Stopping Device-Mapper Multipath Device Controller...
Apr 22 21:46:35 localhost systemd[1]: initrd-parse-etc.service: Deactivated successfully.
Apr 22 21:46:35 localhost systemd[1]: Finished Mountpoints Configured in the Real Root.
Apr 22 21:46:35 localhost systemd[1]: Reached target Initrd File Systems.
Apr 22 21:46:35 localhost systemd[1]: Reached target Initrd Default Target.
Apr 22 21:46:35 localhost systemd[1]: Starting dracut mount hook...
Apr 22 21:46:35 localhost systemd[1]: multipathd.service: Deactivated successfully.
Apr 22 21:46:35 localhost systemd[1]: Stopped Device-Mapper Multipath Device Controller.
Apr 22 21:46:35 localhost kernel: EXT4-fs (dm-0): mounted filesystem with ordered data mode. Quota mode: none.
Apr 22 21:46:35 localhost systemd[1]: Finished dracut mount hook.
Apr 22 21:46:35 localhost systemd[1]: Starting dracut pre-pivot and cleanup hook...
Apr 22 21:46:35 localhost rpc.idmapd[849]: exiting on signal 15
Apr 22 21:46:35 localhost systemd[1]: Finished dracut pre-pivot and cleanup hook.
Apr 22 21:46:35 localhost systemd[1]: Starting Cleaning Up and Shutting Down Daemons...
Apr 22 21:46:35 localhost systemd[1]: Stopped target Network.
Apr 22 21:46:35 localhost systemd[1]: Stopped target Remote Encrypted Volumes.
Apr 22 21:46:35 localhost systemd[1]: Stopped target Timer Units.
Apr 22 21:46:35 localhost systemd[1]: dbus.socket: Deactivated successfully.
Apr 22 21:46:35 localhost systemd[1]: Closed D-Bus System Message Bus Socket.
Apr 22 21:46:35 localhost systemd[1]: dracut-pre-pivot.service: Deactivated successfully.
Apr 22 21:46:35 localhost systemd[1]: Stopped dracut pre-pivot and cleanup hook.
Apr 22 21:46:35 localhost systemd[1]: Stopped target Initrd Default Target.
Apr 22 21:46:35 localhost systemd[1]: Stopped target Basic System.
Apr 22 21:46:35 localhost systemd[1]: Stopped target Initrd Root Device.
Apr 22 21:46:35 localhost systemd[1]: Stopped target Initrd /usr File System.
Apr 22 21:46:35 localhost systemd[1]: Stopped target Path Units.
Apr 22 21:46:35 localhost systemd[1]: Stopped target Remote File Systems.
Apr 22 21:46:35 localhost systemd[1]: Stopped target Preparation for Remote File Systems.
Apr 22 21:46:35 localhost systemd[1]: Stopped target Slice Units.
Apr 22 21:46:35 localhost systemd[1]: Stopped target Socket Units.
Apr 22 21:46:35 localhost systemd[1]: Stopped target System Initialization.
Apr 22 21:46:35 localhost systemd[1]: Stopped target Local File Systems.
Apr 22 21:46:35 localhost systemd[1]: Stopped target Preparation for Local File Systems.
Apr 22 21:46:35 localhost systemd[1]: Stopped target Swaps.
Apr 22 21:46:35 localhost systemd[1]: iscsid.socket: Deactivated successfully.
Apr 22 21:46:35 localhost systemd[1]: Closed Open-iSCSI iscsid Socket.
Apr 22 21:46:35 localhost systemd[1]: iscsiuio.socket: Deactivated successfully.
Apr 22 21:46:35 localhost systemd[1]: Closed Open-iSCSI iscsiuio Socket.
Apr 22 21:46:35 localhost systemd[1]: dracut-mount.service: Deactivated successfully.
Apr 22 21:46:35 localhost systemd[1]: Stopped dracut mount hook.
Apr 22 21:46:35 localhost systemd[1]: dracut-pre-mount.service: Deactivated successfully.
Apr 22 21:46:35 localhost systemd[1]: Stopped dracut pre-mount hook.
Apr 22 21:46:35 localhost systemd[1]: Stopped target Local Encrypted Volumes.
Apr 22 21:46:35 localhost systemd[1]: dracut-initqueue.service: Deactivated successfully.
Apr 22 21:46:35 localhost systemd[1]: Stopped dracut initqueue hook.
Apr 22 21:46:35 localhost systemd[1]: Starting Plymouth switch root service...
Apr 22 21:46:35 localhost systemd[1]: systemd-sysctl.service: Deactivated successfully.
Apr 22 21:46:35 localhost systemd[1]: Stopped Apply Kernel Variables.
Apr 22 21:46:35 localhost systemd[1]: systemd-modules-load.service: Deactivated successfully.
Apr 22 21:46:35 localhost systemd[1]: Stopped Load Kernel Modules.
Apr 22 21:46:35 localhost systemd[1]: systemd-tmpfiles-setup.service: Deactivated successfully.
Apr 22 21:46:35 localhost systemd[1]: Stopped Create Volatile Files and Directories.
Apr 22 21:46:35 localhost systemd[1]: systemd-udev-settle.service: Deactivated successfully.
Apr 22 21:46:35 localhost systemd[1]: Stopped Wait for udev To Complete Device Initialization.
Apr 22 21:46:35 localhost systemd[1]: systemd-udev-trigger.service: Deactivated successfully.
Apr 22 21:46:35 localhost systemd[1]: Stopped Coldplug All udev Devices.
Apr 22 21:46:35 localhost systemd[1]: dracut-pre-trigger.service: Deactivated successfully.
Apr 22 21:46:35 localhost systemd[1]: Stopped dracut pre-trigger hook.
Apr 22 21:46:35 localhost systemd[1]: Stopping Rule-based Manager for Device Events and Files...
Apr 22 21:46:35 localhost systemd[1]: systemd-udevd.service: Deactivated successfully.
Apr 22 21:46:35 localhost systemd[1]: Stopped Rule-based Manager for Device Events and Files.
Apr 22 21:46:35 localhost systemd[1]: systemd-udevd.service: Consumed 1.093s CPU time.
Apr 22 21:46:35 localhost systemd[1]: systemd-udevd-control.socket: Deactivated successfully.
Apr 22 21:46:35 localhost systemd[1]: Closed udev Control Socket.
Apr 22 21:46:35 localhost systemd[1]: systemd-udevd-kernel.socket: Deactivated successfully.
Apr 22 21:46:35 localhost systemd[1]: Closed udev Kernel Socket.
Apr 22 21:46:35 localhost systemd[1]: dracut-pre-udev.service: Deactivated successfully.
Apr 22 21:46:35 localhost systemd[1]: Stopped dracut pre-udev hook.
Apr 22 21:46:35 localhost systemd[1]: dracut-cmdline.service: Deactivated successfully.
Apr 22 21:46:35 localhost systemd[1]: Stopped dracut cmdline hook.
Apr 22 21:46:35 localhost systemd[1]: Starting Cleanup udev Database...
Apr 22 21:46:35 localhost systemd[1]: systemd-tmpfiles-setup-dev.service: Deactivated successfully.
Apr 22 21:46:35 localhost systemd[1]: Stopped Create Static Device Nodes in /dev.
Apr 22 21:46:35 localhost systemd[1]: kmod-static-nodes.service: Deactivated successfully.
Apr 22 21:46:35 localhost systemd[1]: Stopped Create List of Static Device Nodes.
Apr 22 21:46:35 localhost systemd[1]: systemd-sysusers.service: Deactivated successfully.
Apr 22 21:46:35 localhost systemd[1]: Stopped Create System Users.
Apr 22 21:46:35 localhost systemd[1]: initrd-cleanup.service: Deactivated successfully.
Apr 22 21:46:35 localhost systemd[1]: Finished Cleaning Up and Shutting Down Daemons.
Apr 22 21:46:35 localhost systemd[1]: initrd-udevadm-cleanup-db.service: Deactivated successfully.
Apr 22 21:46:35 localhost systemd[1]: Finished Cleanup udev Database.
Apr 22 21:46:35 localhost systemd[1]: Reached target Switch Root.
Apr 22 21:46:35 localhost systemd[1]: Finished Plymouth switch root service.
Apr 22 21:46:35 localhost systemd[1]: Starting Switch Root...
Apr 22 21:46:35 localhost systemd[1]: Switching root.
Apr 22 21:46:35 localhost systemd-journald[247]: Journal stopped
Apr 22 21:46:36 localhost systemd-journald[247]: Received SIGTERM from PID 1 (n/a).
Apr 22 21:46:36 localhost kernel: SELinux:  policy capability network_peer_controls=1
Apr 22 21:46:36 localhost kernel: SELinux:  policy capability open_perms=1
Apr 22 21:46:36 localhost kernel: SELinux:  policy capability extended_socket_class=1
Apr 22 21:46:36 localhost kernel: SELinux:  policy capability always_check_network=0
Apr 22 21:46:36 localhost kernel: SELinux:  policy capability cgroup_seclabel=1
Apr 22 21:46:36 localhost kernel: SELinux:  policy capability nnp_nosuid_transition=1
Apr 22 21:46:36 localhost kernel: SELinux:  policy capability genfs_seclabel_symlinks=1
Apr 22 21:46:36 localhost kernel: audit: type=1403 audit(1682199995.862:2): auid=4294967295 ses=4294967295 lsm=selinux res=1
Apr 22 21:46:36 localhost systemd[1]: Successfully loaded SELinux policy in 89ms.
Apr 22 21:46:36 localhost systemd[1]: Relabelled /dev, /dev/shm, /run, /sys/fs/cgroup in 14ms.
Apr 22 21:46:36 localhost systemd[1]: systemd 252-8.el9 running in system mode (+PAM +AUDIT +SELINUX -APPARMOR +IMA +SMACK +SECCOMP +GCRYPT +GNUTLS +OPENSSL +ACL +BLKID +CURL +ELFUTILS -FIDO2 +IDN2 -IDN -IPTC +KMOD +LIBCRYPTSETUP +LIBFDISK +PCRE2 -PWQUALITY +P11KIT -QRENCODE +TPM2 +BZIP2 +LZ4 +XZ +ZLIB +ZSTD -BPF_FRAMEWORK +XKBCOMMON +UTMP +SYSVINIT default-hierarchy=unified)
Apr 22 21:46:36 localhost systemd[1]: Detected virtualization oracle.
Apr 22 21:46:36 localhost systemd[1]: Detected architecture x86-64.
Apr 22 21:46:36 localhost systemd[1]: Invalid DMI field header.
Apr 22 21:46:36 localhost systemd-rc-local-generator[1440]: /etc/rc.d/rc.local is not marked executable, skipping.
Apr 22 21:46:36 localhost kernel: zram: Added device: zram0
Apr 22 21:46:36 localhost systemd[1]: initrd-switch-root.service: Deactivated successfully.
Apr 22 21:46:36 localhost systemd[1]: Stopped Switch Root.
Apr 22 21:46:36 localhost systemd[1]: systemd-journald.service: Scheduled restart job, restart counter is at 1.
Apr 22 21:46:36 localhost systemd[1]: Created slice Slice /system/anaconda-tmux.
Apr 22 21:46:36 localhost systemd[1]: Created slice Slice /system/modprobe.
Apr 22 21:46:36 localhost systemd[1]: Created slice Slice /system/sshd-keygen.
Apr 22 21:46:36 localhost systemd[1]: Created slice Slice /system/systemd-zram-setup.
Apr 22 21:46:36 localhost systemd[1]: Created slice User and Session Slice.
Apr 22 21:46:36 localhost systemd[1]: Dispatch Password Requests to Console Directory Watch was skipped because of an unmet condition check (ConditionPathExists=!/run/plymouth/pid).
Apr 22 21:46:36 localhost systemd[1]: Set up automount Arbitrary Executable File Formats File System Automount Point.
Apr 22 21:46:36 localhost systemd[1]: Reached target Local Encrypted Volumes.
Apr 22 21:46:36 localhost systemd[1]: Stopped target Switch Root.
Apr 22 21:46:36 localhost systemd[1]: Stopped target Initrd File Systems.
Apr 22 21:46:36 localhost systemd[1]: Stopped target Initrd Root File System.
Apr 22 21:46:36 localhost systemd[1]: Reached target Local Integrity Protected Volumes.
Apr 22 21:46:36 localhost systemd[1]: Reached target Path Units.
Apr 22 21:46:36 localhost systemd[1]: Reached target Slice Units.
Apr 22 21:46:36 localhost systemd[1]: Reached target Local Verity Protected Volumes.
Apr 22 21:46:36 localhost systemd[1]: Listening on LVM2 poll daemon socket.
Apr 22 21:46:36 localhost systemd[1]: Listening on multipathd control socket.
Apr 22 21:46:36 localhost systemd[1]: Listening on Process Core Dump Socket.
Apr 22 21:46:36 localhost systemd[1]: Listening on initctl Compatibility Named Pipe.
Apr 22 21:46:36 localhost systemd[1]: Listening on udev Control Socket.
Apr 22 21:46:36 localhost systemd[1]: Listening on udev Kernel Socket.
Apr 22 21:46:36 localhost systemd[1]: Mounting Huge Pages File System...
Apr 22 21:46:36 localhost systemd[1]: Mounting POSIX Message Queue File System...
Apr 22 21:46:36 localhost systemd[1]: Mounting Kernel Debug File System...
Apr 22 21:46:36 localhost systemd[1]: Mounting Kernel Trace File System...
Apr 22 21:46:36 localhost systemd[1]: Starting Create List of Static Device Nodes...
Apr 22 21:46:36 localhost systemd[1]: Load legacy module configuration was skipped because no trigger condition checks were met.
Apr 22 21:46:36 localhost systemd[1]: Starting Load Kernel Module configfs...
Apr 22 21:46:36 localhost systemd[1]: Starting Load Kernel Module drm...
Apr 22 21:46:36 localhost systemd[1]: Starting Load Kernel Module fuse...
Apr 22 21:46:36 localhost systemd[1]: Read and set NIS domainname from /etc/sysconfig/network was skipped because of an unmet condition check (ConditionPathExists=/etc/sysconfig/network).
Apr 22 21:46:36 localhost systemd[1]: plymouth-switch-root.service: Deactivated successfully.
Apr 22 21:46:36 localhost systemd[1]: Stopped Plymouth switch root service.
Apr 22 21:46:36 localhost systemd[1]: Stopped Journal Service.
Apr 22 21:46:36 localhost systemd[1]: Starting Journal Service...
Apr 22 21:46:36 localhost kernel: fuse: init (API version 7.36)
Apr 22 21:46:36 localhost systemd[1]: Starting Load Kernel Modules...
Apr 22 21:46:36 localhost systemd[1]: Starting Generate network units from Kernel command line...
Apr 22 21:46:36 localhost systemd[1]: Starting Remount Root and Kernel File Systems...
Apr 22 21:46:36 localhost systemd[1]: Repartition Root Disk was skipped because no trigger condition checks were met.
Apr 22 21:46:36 localhost systemd[1]: Starting Coldplug All udev Devices...
Apr 22 21:46:36 localhost systemd-journald[1468]: Journal started
Apr 22 21:46:36 localhost systemd-journald[1468]: Runtime Journal (/run/log/journal/6618cfafbc4e4afe80feee1099ef9604) is 4.9M, max 39.4M, 34.4M free.
Apr 22 21:46:36 localhost systemd[1]: Queued start job for default target Anaconda System Services.
Apr 22 21:46:36 localhost systemd[1]: systemd-journald.service: Deactivated successfully.
Apr 22 21:46:36 localhost systemd[1]: Started Journal Service.
Apr 22 21:46:36 localhost systemd[1]: Mounted Huge Pages File System.
Apr 22 21:46:36 localhost systemd[1]: Mounted POSIX Message Queue File System.
Apr 22 21:46:36 localhost systemd[1]: Mounted Kernel Debug File System.
Apr 22 21:46:36 localhost systemd[1]: Mounted Kernel Trace File System.
Apr 22 21:46:36 localhost systemd[1]: Finished Create List of Static Device Nodes.
Apr 22 21:46:36 localhost systemd[1]: modprobe@configfs.service: Deactivated successfully.
Apr 22 21:46:36 localhost systemd[1]: Finished Load Kernel Module configfs.
Apr 22 21:46:36 localhost systemd[1]: modprobe@drm.service: Deactivated successfully.
Apr 22 21:46:36 localhost systemd[1]: Finished Load Kernel Module drm.
Apr 22 21:46:36 localhost systemd[1]: modprobe@fuse.service: Deactivated successfully.
Apr 22 21:46:36 localhost systemd[1]: Finished Load Kernel Module fuse.
Apr 22 21:46:36 localhost systemd[1]: Finished Generate network units from Kernel command line.
Apr 22 21:46:36 localhost systemd[1]: Finished Remount Root and Kernel File Systems.
Apr 22 21:46:36 localhost systemd[1]: Reached target Preparation for Network.
Apr 22 21:46:36 localhost systemd[1]: Mounting FUSE Control File System...
Apr 22 21:46:36 localhost systemd[1]: Mounting Kernel Configuration File System...
Apr 22 21:46:36 localhost systemd[1]: Special handling of early boot iSCSI sessions was skipped because of an unmet condition check (ConditionDirectoryNotEmpty=/sys/class/iscsi_session).
Apr 22 21:46:36 localhost systemd[1]: OSTree Remount OS/ Bind Mounts was skipped because of an unmet condition check (ConditionKernelCommandLine=ostree).
Apr 22 21:46:36 localhost systemd[1]: First Boot Wizard was skipped because of an unmet condition check (ConditionFirstBoot=yes).
Apr 22 21:46:36 localhost systemd-modules-load[1469]: Module 'msr' is built in
Apr 22 21:46:36 localhost systemd[1]: Starting Rebuild Hardware Database...
Apr 22 21:46:36 localhost systemd[1]: Starting Flush Journal to Persistent Storage...
Apr 22 21:46:36 localhost systemd[1]: Starting Load/Save Random Seed...
Apr 22 21:46:36 localhost systemd[1]: Starting Create System Users...
Apr 22 21:46:36 localhost systemd[1]: Finished Load Kernel Modules.
Apr 22 21:46:36 localhost systemd[1]: Mounted FUSE Control File System.
Apr 22 21:46:36 localhost systemd[1]: Mounted Kernel Configuration File System.
Apr 22 21:46:36 localhost systemd[1]: Starting Apply Kernel Variables...
Apr 22 21:46:36 localhost systemd-journald[1468]: Runtime Journal (/run/log/journal/6618cfafbc4e4afe80feee1099ef9604) is 4.9M, max 39.4M, 34.4M free.
Apr 22 21:46:36 localhost systemd-journald[1468]: Received client request to flush runtime journal.
Apr 22 21:46:36 localhost systemd[1]: Finished Load/Save Random Seed.
Apr 22 21:46:36 localhost systemd[1]: First Boot Complete was skipped because of an unmet condition check (ConditionFirstBoot=yes).
Apr 22 21:46:36 localhost systemd[1]: Finished Flush Journal to Persistent Storage.
Apr 22 21:46:36 localhost systemd[1]: Finished Coldplug All udev Devices.
Apr 22 21:46:36 localhost systemd[1]: Starting Wait for udev To Complete Device Initialization...
Apr 22 21:46:36 localhost udevadm[1482]: systemd-udev-settle.service is deprecated. Please fix anaconda-pre.service, anaconda-direct.service, anaconda.target, multipathd.service not to pull it in.
Apr 22 21:46:36 localhost systemd[1]: Finished Apply Kernel Variables.
Apr 22 21:46:36 localhost systemd-sysusers[1478]: Creating group 'sgx' with GID 990.
Apr 22 21:46:36 localhost systemd-sysusers[1478]: Creating group 'systemd-oom' with GID 989.
Apr 22 21:46:36 localhost systemd-sysusers[1478]: Creating user 'systemd-oom' (systemd Userspace OOM Killer) with UID 989 and GID 989.
Apr 22 21:46:36 localhost systemd[1]: Finished Create System Users.
Apr 22 21:46:36 localhost systemd[1]: Starting Create Static Device Nodes in /dev...
Apr 22 21:46:36 localhost systemd[1]: Finished Create Static Device Nodes in /dev.
Apr 22 21:46:36 localhost systemd[1]: Finished Rebuild Hardware Database.
Apr 22 21:46:36 localhost systemd[1]: Starting Rule-based Manager for Device Events and Files...
Apr 22 21:46:36 localhost systemd-udevd[1485]: Using default interface naming scheme 'rhel-9.0'.
Apr 22 21:46:37 localhost systemd[1]: Started Rule-based Manager for Device Events and Files.
Apr 22 21:46:37 localhost systemd[1]: Starting Load Kernel Module configfs...
Apr 22 21:46:37 localhost systemd[1]: modprobe@configfs.service: Deactivated successfully.
Apr 22 21:46:37 localhost systemd[1]: Finished Load Kernel Module configfs.
Apr 22 21:46:37 localhost systemd[1]: Found device /dev/zram0.
Apr 22 21:46:37 localhost systemd[1]: Starting Create swap on /dev/zram0...
Apr 22 21:46:37 localhost kernel: zram0: detected capacity change from 0 to 4032512
Apr 22 21:46:37 localhost zram-generator[1505]: Setting up swapspace version 1, size = 1.9 GiB (2064642048 bytes)
Apr 22 21:46:37 localhost zram-generator[1505]: LABEL=zram0, UUID=414761bf-c285-40d0-ae7d-251dba8a82c6
Apr 22 21:46:37 localhost systemd-makefs[1503]: /dev/zram0 successfully formatted as swap (label "zram0", uuid 414761bf-c285-40d0-ae7d-251dba8a82c6)
Apr 22 21:46:37 localhost systemd[1]: Finished Create swap on /dev/zram0.
Apr 22 21:46:37 localhost systemd[1]: Activating swap Compressed Swap on /dev/zram0...
Apr 22 21:46:37 localhost systemd[1]: Activated swap Compressed Swap on /dev/zram0.
Apr 22 21:46:37 localhost systemd[1]: Reached target Swaps.
Apr 22 21:46:37 localhost kernel: Adding 2016252k swap on /dev/zram0.  Priority:100 extents:1 across:2016252k SSFS
Apr 22 21:46:37 localhost systemd-udevd[1487]: ctx=0x565006da0ad0 path=/lib/modules/5.14.0-299.el9.x86_64/kernel/sound/pci/ac97/snd-ac97-codec.ko.xz error=No such file or directory
Apr 22 21:46:37 localhost systemd[1]: Mounting Temporary Directory /tmp...
Apr 22 21:46:37 localhost systemd[1]: Mounted Temporary Directory /tmp.
Apr 22 21:46:37 localhost kernel: input: PC Speaker as /devices/platform/pcspkr/input/input6
Apr 22 21:46:37 localhost systemd-udevd[1501]: ctx=0x565006da0ad0 path=/lib/modules/5.14.0-299.el9.x86_64/kernel/drivers/edac/edac_mce_amd.ko.xz error=No such file or directory
Apr 22 21:46:37 localhost systemd-udevd[1497]: ctx=0x565006da0ad0 path=/lib/modules/5.14.0-299.el9.x86_64/kernel/drivers/edac/edac_mce_amd.ko.xz error=No such file or directory
Apr 22 21:46:37 localhost kernel: piix4_smbus 0000:00:07.0: SMBus Host Controller at 0x4100, revision 0
Apr 22 21:46:37 localhost kernel: intel_rapl_common: Found RAPL domain package
Apr 22 21:46:37 localhost kernel: intel_rapl_common: Found RAPL domain core
Apr 22 21:46:37 localhost systemd[1]: Started cancel waiting for multipath siblings of sda.
Apr 22 21:46:37 localhost systemd[1]: Finished Wait for udev To Complete Device Initialization.
Apr 22 21:46:37 localhost systemd[1]: Starting Device-Mapper Multipath Device Controller...
Apr 22 21:46:37 localhost multipathd[1558]: --------start up--------
Apr 22 21:46:37 localhost multipathd[1558]: read /etc/multipath.conf
Apr 22 21:46:37 localhost multipathd[1558]: path checkers start up
Apr 22 21:46:37 localhost systemd[1]: Started Device-Mapper Multipath Device Controller.
Apr 22 21:46:37 localhost systemd[1]: Reached target Preparation for Local File Systems.
Apr 22 21:46:37 localhost systemd[1]: Reached target Local File Systems.
Apr 22 21:46:37 localhost systemd[1]: Starting Import network configuration from initramfs...
Apr 22 21:46:37 localhost systemd[1]: Starting Rebuild Dynamic Linker Cache...
Apr 22 21:46:37 localhost systemd[1]: Starting Tell Plymouth To Write Out Runtime Data...
Apr 22 21:46:37 localhost systemd[1]: Mark the need to relabel after reboot was skipped because of an unmet condition check (ConditionSecurity=!selinux).
Apr 22 21:46:37 localhost systemd[1]: Set Up Additional Binary Formats was skipped because no trigger condition checks were met.
Apr 22 21:46:37 localhost systemd[1]: Store a System Token in an EFI Variable was skipped because of an unmet condition check (ConditionPathExists=/sys/firmware/efi/efivars/LoaderFeatures-4a67b082-0a4c-41cf-b6c7-440b29bb8c4f).
Apr 22 21:46:37 localhost systemd[1]: Starting Automatic Boot Loader Update...
Apr 22 21:46:37 localhost systemd[1]: Commit a transient machine-id on disk was skipped because of an unmet condition check (ConditionPathIsMountPoint=/etc/machine-id).
Apr 22 21:46:37 localhost systemd[1]: Finished Tell Plymouth To Write Out Runtime Data.
Apr 22 21:46:37 localhost systemd[1]: Received SIGRTMIN+20 from PID 963 (plymouthd).
Apr 22 21:46:37 localhost bootctl[1571]: Couldn't find EFI system partition, skipping.
Apr 22 21:46:37 localhost systemd[1]: Finished Automatic Boot Loader Update.
Apr 22 21:46:37 localhost systemd[1]: Finished Import network configuration from initramfs.
Apr 22 21:46:37 localhost systemd[1]: Starting Create Volatile Files and Directories...
Apr 22 21:46:37 localhost systemd[1]: Finished Create Volatile Files and Directories.
Apr 22 21:46:37 localhost systemd[1]: Starting Rebuild Journal Catalog...
Apr 22 21:46:37 localhost systemd[1]: Starting Record System Boot/Shutdown in UTMP...
Apr 22 21:46:37 localhost systemd[1]: Finished Record System Boot/Shutdown in UTMP.
Apr 22 21:46:37 localhost systemd[1]: Finished Rebuild Journal Catalog.
Apr 22 21:46:39 localhost systemd[1]: Finished Rebuild Dynamic Linker Cache.
Apr 22 21:46:39 localhost systemd[1]: Starting Update is Completed...
Apr 22 21:46:39 localhost systemd[1]: Finished Update is Completed.
Apr 22 21:46:39 localhost systemd[1]: Reached target System Initialization.
Apr 22 21:46:39 localhost systemd[1]: Started Daily Cleanup of Temporary Directories.
Apr 22 21:46:39 localhost systemd[1]: Reached target Timer Units.
Apr 22 21:46:39 localhost systemd[1]: Listening on D-Bus System Message Bus Socket.
Apr 22 21:46:39 localhost systemd[1]: Listening on Open-iSCSI iscsid Socket.
Apr 22 21:46:39 localhost systemd[1]: Listening on Open-iSCSI iscsiuio Socket.
Apr 22 21:46:39 localhost systemd[1]: Reached target Socket Units.
Apr 22 21:46:39 localhost systemd[1]: TPM2 PCR Barrier (Initialization) was skipped because of an unmet condition check (ConditionPathExists=/sys/firmware/efi/efivars/StubPcrKernelImage-4a67b082-0a4c-41cf-b6c7-440b29bb8c4f).
Apr 22 21:46:39 localhost systemd[1]: Reached target Basic System.
Apr 22 21:46:39 localhost systemd[1]: Anaconda FIPS service was skipped because of an unmet condition check (ConditionKernelCommandLine=fips=1).
Apr 22 21:46:39 localhost systemd[1]: Starting Anaconda NetworkManager configuration...
Apr 22 21:46:39 localhost systemd[1]: NetworkManager autoconnections configuration for Anaconda installation environment was skipped because no trigger condition checks were met.
Apr 22 21:46:39 localhost systemd[1]: Starting pre-anaconda logging service...
Apr 22 21:46:39 localhost systemd[1]: Starting Restore /run/initramfs on shutdown...
Apr 22 21:46:39 localhost systemd[1]: anaconda performance monitor was skipped because of an unmet condition check (ConditionKernelCommandLine=debug).
Apr 22 21:46:39 localhost systemd[1]: Auto-connect to subsystems on FC-NVME devices found during boot was skipped because of an unmet condition check (ConditionPathExists=/sys/class/fc/fc_udev_device/nvme_discovery).
Apr 22 21:46:39 localhost systemd[1]: Starting Hold until boot process finishes up...
Apr 22 21:46:39 localhost systemd[1]: Starting Terminate Plymouth Boot Screen...
Apr 22 21:46:39 localhost systemd[1]: Starting System Logging Service...
Apr 22 21:46:39 localhost systemd[1]: Starting OpenSSH ecdsa Server Key Generation...
Apr 22 21:46:39 localhost systemd[1]: Starting OpenSSH ed25519 Server Key Generation...
Apr 22 21:46:39 localhost systemd[1]: Starting OpenSSH rsa Server Key Generation...
Apr 22 21:46:39 localhost systemd[1]: Starting User Login Management...
Apr 22 21:46:39 localhost systemd[1]: TPM2 PCR Barrier (User) was skipped because of an unmet condition check (ConditionPathExists=/sys/firmware/efi/efivars/StubPcrKernelImage-4a67b082-0a4c-41cf-b6c7-440b29bb8c4f).
Apr 22 21:46:39 localhost systemd[1]: anaconda-nm-config.service: Deactivated successfully.
Apr 22 21:46:39 localhost systemd[1]: Finished Anaconda NetworkManager configuration.
Apr 22 21:46:39 localhost systemd[1]: anaconda-pre.service: Deactivated successfully.
Apr 22 21:46:39 localhost systemd[1]: Finished pre-anaconda logging service.
Apr 22 21:46:39 localhost systemd[1]: Finished Restore /run/initramfs on shutdown.
Apr 22 21:46:39 localhost systemd[1]: Finished Terminate Plymouth Boot Screen.
Apr 22 21:46:39 localhost systemd[1]: Received SIGRTMIN+21 from PID 963 (plymouthd).
Apr 22 21:46:39 localhost systemd[1]: Received SIGRTMIN+21 from PID 963 (plymouthd).
Apr 22 21:46:39 localhost systemd[1]: Starting Network Manager...
Apr 22 21:46:39 localhost systemd[1]: Created slice Slice /system/systemd-coredump.
Apr 22 21:46:39 localhost systemd[1]: Started Process Core Dump (PID 1601/UID 0).
Apr 22 21:46:39 localhost systemd-logind[1605]: New seat seat0.
Apr 22 21:46:39 localhost systemd[1]: Starting D-Bus System Message Bus...
Apr 22 21:46:39 localhost systemd-logind[1605]: Watching system buttons on /dev/input/event0 (Power Button)
Apr 22 21:46:39 localhost systemd-logind[1605]: Watching system buttons on /dev/input/event1 (Sleep Button)
Apr 22 21:46:39 localhost systemd-logind[1605]: Watching system buttons on /dev/input/event2 (AT Translated Set 2 keyboard)
Apr 22 21:46:39 localhost rsyslogd[1600]: imfile: on startup file '/tmp/X.log' does not exist but is configured in static file monitor - this may indicate a misconfiguration. If the file appears at a later time, it will automatically be processed. Reason: No such file or directory [v8.2102.0-111.el9]
Apr 22 21:46:39 localhost systemd[1]: Started System Logging Service.
Apr 22 21:46:39 localhost rsyslogd[1600]: imfile: on startup file '/tmp/anaconda-tb-all.log' does not exist but is configured in static file monitor - this may indicate a misconfiguration. If the file appears at a later time, it will automatically be processed. Reason: No such file or directory [v8.2102.0-111.el9]
Apr 22 21:46:39 localhost rsyslogd[1600]: [origin software="rsyslogd" swVersion="8.2102.0-111.el9" x-pid="1600" x-info="https://www.rsyslog.com"] start
Apr 22 21:46:39 localhost rsyslogd[1600]: imjournal: No statefile exists, /var/lib/rsyslog/imjournal.state will be created (ignore if this is first run): No such file or directory [v8.2102.0-111.el9 try https://www.rsyslog.com/e/2040 ]
Apr 22 21:46:39 localhost rsyslogd[1600]: imjournal: journal files changed, reloading...  [v8.2102.0-111.el9 try https://www.rsyslog.com/e/0 ]
Apr 22 21:46:39 localhost systemd-coredump[1607]: Process 963 (plymouthd) of user 0 dumped core.
                                                  
                                                  Stack trace of thread 963:
                                                  #0  0x00007f60653d357c __pthread_kill_implementation (libc.so.6 + 0xa157c)
                                                  #1  0x00007f6065386d46 raise (libc.so.6 + 0x54d46)
                                                  #2  0x00007f606535a7f3 abort (libc.so.6 + 0x287f3)
                                                  #3  0x00007f606535a71b __assert_fail_base.cold (libc.so.6 + 0x2871b)
                                                  #4  0x00007f606537fce6 __assert_fail (libc.so.6 + 0x4dce6)
                                                  #5  0x00007f606556ce0c ply_event_loop_remove_source (libply.so.4 + 0xbe0c)
                                                  #6  0x00007f6065570f33 ply_event_loop_process_pending_events (libply.so.4 + 0xff33)
                                                  #7  0x00007f6065571048 ply_event_loop_run (libply.so.4 + 0x10048)
                                                  #8  0x00005597622f1183 main (plymouthd + 0x7183)
                                                  #9  0x00007f6065371eb0 __libc_start_call_main (libc.so.6 + 0x3feb0)
                                                  #10 0x00007f6065371f60 __libc_start_main@@GLIBC_2.34 (libc.so.6 + 0x3ff60)
                                                  #11 0x00005597622f3535 _start (plymouthd + 0x9535)
                                                  ELF object binary architecture: AMD x86-64
Apr 22 21:46:39 localhost systemd[1]: plymouth-start.service: Main process exited, code=dumped, status=6/ABRT
Apr 22 21:46:39 localhost systemd[1]: plymouth-start.service: Failed with result 'core-dump'.
Apr 22 21:46:39 localhost systemd[1]: Finished Hold until boot process finishes up.
Apr 22 21:46:39 localhost systemd[1]: systemd-coredump@0-1601-0.service: Deactivated successfully.
Apr 22 21:46:39 localhost systemd[1]: sshd-keygen@ecdsa.service: Deactivated successfully.
Apr 22 21:46:39 localhost systemd[1]: Finished OpenSSH ecdsa Server Key Generation.
Apr 22 21:46:39 localhost systemd[1]: sshd-keygen@ed25519.service: Deactivated successfully.
Apr 22 21:46:39 localhost systemd[1]: Finished OpenSSH ed25519 Server Key Generation.
Apr 22 21:46:39 localhost NetworkManager[1606]: <debug> [1682199999.9630] monotonic timestamp started counting 1.471344872 seconds ago with an offset of 46.0 seconds to CLOCK_BOOTTIME (local time is 2023-04-22 21:46:39)
Apr 22 21:46:39 localhost NetworkManager[1606]: <info>  [1682199999.9630] NetworkManager (version 1.43.4-1.el9) is starting... (boot:281f3051-299e-4eba-af24-f89eb8984d7d)
Apr 22 21:46:39 localhost NetworkManager[1606]: <info>  [1682199999.9630] Read config: /etc/NetworkManager/NetworkManager.conf (run: 15-carrier-timeout.conf) (etc: 80-anaconda-no-ibft.conf, 91-anaconda-autoconnect-slaves.conf, 92-anaconda-loglevel-debug.conf)
Apr 22 21:46:39 localhost NetworkManager[1606]: <debug> [1682199999.9630] CONFIG: config-data[0x56241f4fe820]: 3 groups
Apr 22 21:46:39 localhost NetworkManager[1606]: <debug> [1682199999.9630] CONFIG: 
Apr 22 21:46:39 localhost NetworkManager[1606]: <debug> [1682199999.9630] CONFIG: [main]
Apr 22 21:46:39 localhost NetworkManager[1606]: <debug> [1682199999.9630] CONFIG:   plugins=no-ibft
Apr 22 21:46:39 localhost NetworkManager[1606]: <debug> [1682199999.9630] CONFIG:   configure-and-quit=no
Apr 22 21:46:39 localhost NetworkManager[1606]: <debug> [1682199999.9630] CONFIG: 
Apr 22 21:46:39 localhost NetworkManager[1606]: <debug> [1682199999.9630] CONFIG: [logging]
Apr 22 21:46:39 localhost NetworkManager[1606]: <debug> [1682199999.9630] CONFIG:   level=DEBUG
Apr 22 21:46:39 localhost NetworkManager[1606]: <debug> [1682199999.9630] CONFIG: 
Apr 22 21:46:39 localhost NetworkManager[1606]: <debug> [1682199999.9630] CONFIG: [connection]
Apr 22 21:46:39 localhost NetworkManager[1606]: <debug> [1682199999.9630] CONFIG:   connection.autoconnect-slaves=1
Apr 22 21:46:39 localhost NetworkManager[1606]: <debug> [1682199999.9630] CONFIG: 
Apr 22 21:46:39 localhost NetworkManager[1606]: <debug> [1682199999.9630] CONFIG: # no-auto-default file "/var/lib/NetworkManager/no-auto-default.state"
Apr 22 21:46:39 localhost NetworkManager[1606]: <debug> [1682199999.9630] config: state: missing state file "/var/lib/NetworkManager/NetworkManager.state": No such file or directory
Apr 22 21:46:39 localhost NetworkManager[1606]: <debug> [1682199999.9630] WEXT support is disabled
Apr 22 21:46:39 localhost NetworkManager[1606]: <debug> [1682199999.9630] create NMDBusManager singleton (d88792b2e3c308a0)
Apr 22 21:46:39 localhost systemd[1]: Started D-Bus System Message Bus.
Apr 22 21:46:40 localhost dbus-broker-lau[1616]: Ready
Apr 22 21:46:40 localhost systemd[1]: Started User Login Management.
Apr 22 21:46:40 localhost NetworkManager[1606]: <info>  [1682200000.2460] bus-manager: acquired D-Bus service "org.freedesktop.NetworkManager"
Apr 22 21:46:40 localhost systemd[1]: Started Network Manager.
Apr 22 21:46:40 localhost systemd[1]: Reached target Network.
Apr 22 21:46:40 localhost NetworkManager[1606]: <debug> [1682200000.2490] netns[ef043f63a774aad1]: new netns (net:8, mnt:9)
Apr 22 21:46:40 localhost systemd[1]: sshd-keygen@rsa.service: Deactivated successfully.
Apr 22 21:46:40 localhost systemd[1]: Finished OpenSSH rsa Server Key Generation.
Apr 22 21:46:40 localhost systemd[1]: Reached target sshd-keygen.target.
Apr 22 21:46:40 localhost systemd[1]: OpenSSH server daemon was skipped because no trigger condition checks were met.
Apr 22 21:46:40 localhost systemd[1]: the anaconda installation program was skipped because no trigger condition checks were met.
Apr 22 21:46:40 localhost systemd[1]: Reached target Anaconda System Services.
Apr 22 21:46:40 localhost systemd[1]: Starting Anaconda...
Apr 22 21:46:40 localhost NetworkManager[1606]: <debug> [1682200000.2570] platform-linux: create (ignore netns, initial netns, use udev, no tc-cache)
Apr 22 21:46:40 localhost NetworkManager[1606]: <debug> [1682200000.2570] platform-linux: genl: generic netlink socket for sync operations created: port=1606, fd=11
Apr 22 21:46:40 localhost NetworkManager[1606]: <debug> [1682200000.2570] platform-linux: genl: generic netlink socket created: port=3996834741, fd=12
Apr 22 21:46:40 localhost NetworkManager[1606]: <debug> [1682200000.2570] platform-linux: rtnl: rtnetlink socket created: port=1606, fd=13
Apr 22 21:46:40 localhost NetworkManager[1606]: <debug> [1682200000.2570] platform-linux: populate platform cache
Apr 22 21:46:40 localhost NetworkManager[1606]: <debug> [1682200000.2580] platform: (lo) signal: link   added: 1: lo <UP,LOWER_UP;loopback,up,running,lowerup> mtu 65536 arp 772 loopback? not-init addrgenmode eui64 addr 00:00:00:00:00:00 brd 00:00:00:00:00:00 driver unknown tx-queue-len 1000 gso-max-size 65536 gso-max-segs 65535 gro-max-size 65536 rx:6,416 tx:6,416
Apr 22 21:46:40 localhost NetworkManager[1606]: <debug> [1682200000.2590] platform: kernel-support for IFLA_PERM_ADDRESS (IFLA_PERM_ADDRESS netlink attribute) detected: supported
Apr 22 21:46:40 localhost NetworkManager[1606]: <debug> [1682200000.2590] platform: (enp0s3) signal: link   added: 2: enp0s3 <DOWN;broadcast,multicast> mtu 1500 arp 1 ethernet? not-init addrgenmode eui64 addr 08:00:27:27:BF:13 permaddr 08:00:27:27:BF:13 brd FF:FF:FF:FF:FF:FF driver e1000 tx-queue-len 1000 gso-max-size 65536 gso-max-segs 65535 gro-max-size 65536 rx:0,0 tx:0,0
Apr 22 21:46:40 localhost NetworkManager[1606]: <debug> [1682200000.2590] platform: (lo) signal: address 4   added: 127.0.0.1/8 brd 0.0.0.0 lft forever pref forever lifetime 1-0[4294967295,4294967295] dev 1 flags permanent src kernel
Apr 22 21:46:40 localhost NetworkManager[1606]: <debug> [1682200000.2590] platform: (lo) signal: address 6   added: ::1/128 lft forever pref forever lifetime 1-0[4294967295,4294967295] dev 1 flags permanent src kernel
Apr 22 21:46:40 localhost NetworkManager[1606]: <debug> [1682200000.2590] platform: (lo) signal: route   4   added: type local table 255 127.0.0.0/8 dev 1 metric 0 mss 0 rt-src rt-kernel scope host pref-src 127.0.0.1
Apr 22 21:46:40 localhost NetworkManager[1606]: <debug> [1682200000.2590] platform: (lo) signal: route   4   added: type local table 255 127.0.0.1/32 dev 1 metric 0 mss 0 rt-src rt-kernel scope host pref-src 127.0.0.1
Apr 22 21:46:40 localhost NetworkManager[1606]: <debug> [1682200000.2590] platform: (lo) signal: route   6   added: type unicast ::1/128 dev 1 metric 256 mss 0 rt-src rt-kernel
Apr 22 21:46:40 localhost NetworkManager[1606]: <debug> [1682200000.2590] platform: (lo) signal: route   6   added: type local table 255 ::1/128 dev 1 metric 0 mss 0 rt-src rt-kernel
Apr 22 21:46:40 localhost NetworkManager[1606]: <debug> [1682200000.2590] platform: kernel-support for FRA_PROTOCOL (FRA_PROTOCOL attribute for policy routing rules) detected: supported
Apr 22 21:46:40 localhost NetworkManager[1606]: <debug> [1682200000.2590] platform: kernel-support for FRA_UID_RANGE (FRA_UID_RANGE attribute for policy routing rules) not detected: assume supported
Apr 22 21:46:40 localhost NetworkManager[1606]: <debug> [1682200000.2590] platform: kernel-support for FRA_L3MDEV (FRA_L3MDEV attribute for policy routing rules) not detected: assume supported
Apr 22 21:46:40 localhost NetworkManager[1606]: <debug> [1682200000.2590] platform: kernel-support for FRA_IP_PROTO (FRA_IP_PROTO, FRA_SPORT_RANGE, FRA_DPORT_RANGE attributes for policy routing rules) not detected: assume supported
Apr 22 21:46:40 localhost NetworkManager[1606]: <debug> [1682200000.2590] platform: signal: rt-rule   added: [4] 0: from all lookup 255 protocol 2
Apr 22 21:46:40 localhost NetworkManager[1606]: <debug> [1682200000.2590] platform: signal: rt-rule   added: [4] 32766: from all lookup 254 protocol 2
Apr 22 21:46:40 localhost NetworkManager[1606]: <debug> [1682200000.2590] platform: signal: rt-rule   added: [4] 32767: from all lookup 253 protocol 2
Apr 22 21:46:40 localhost NetworkManager[1606]: <debug> [1682200000.2590] platform-linux: genl:ctrl: new family-id for ethtool: 0x15
Apr 22 21:46:40 localhost NetworkManager[1606]: <debug> [1682200000.2590] platform-linux: genl:ctrl: new family-id for mptcp_pm: 0x1c
Apr 22 21:46:40 localhost NetworkManager[1606]: <debug> [1682200000.2590] platform: signal: rt-rule   added: [6] 0: from all lookup 255 protocol 2
Apr 22 21:46:40 localhost NetworkManager[1606]: <debug> [1682200000.2590] platform: signal: rt-rule   added: [6] 32766: from all lookup 254 protocol 2
Apr 22 21:46:40 localhost NetworkManager[1606]: <debug> [1682200000.2610] platform: (enp0s3) signal: link changed: 2: enp0s3 <DOWN;broadcast,multicast> mtu 1500 arp 1 ethernet? init addrgenmode eui64 addr 08:00:27:27:BF:13 permaddr 08:00:27:27:BF:13 brd FF:FF:FF:FF:FF:FF driver e1000 tx-queue-len 1000 gso-max-size 65536 gso-max-segs 65535 gro-max-size 65536 rx:0,0 tx:0,0
Apr 22 21:46:40 localhost NetworkManager[1606]: <debug> [1682200000.2610] platform: (lo) signal: link changed: 1: lo <UP,LOWER_UP;loopback,up,running,lowerup> mtu 65536 arp 772 loopback? init addrgenmode eui64 addr 00:00:00:00:00:00 brd 00:00:00:00:00:00 driver unknown tx-queue-len 1000 gso-max-size 65536 gso-max-segs 65535 gro-max-size 65536 rx:6,416 tx:6,416
Apr 22 21:46:40 localhost NetworkManager[1606]: <debug> [1682200000.2610] setup NMPlatform singleton (0d04776734ef947e)
Apr 22 21:46:40 localhost NetworkManager[1606]: <debug> [1682200000.2610] global-tracker: track [26fc5411d25d1358,0] routing-rule "[4] 0: from all lookup 255 protocol 2"
Apr 22 21:46:40 localhost NetworkManager[1606]: <debug> [1682200000.2610] global-tracker: track [26fc5411d25d1358,0] routing-rule "[6] 0: from all lookup 255 protocol 2"
Apr 22 21:46:40 localhost NetworkManager[1606]: <debug> [1682200000.2610] global-tracker: track [26fc5411d25d1358,0] routing-rule "[4] 32766: from all lookup 254 protocol 2"
Apr 22 21:46:40 localhost NetworkManager[1606]: <debug> [1682200000.2610] global-tracker: track [26fc5411d25d1358,0] routing-rule "[4] 32767: from all lookup 253 protocol 2"
Apr 22 21:46:40 localhost NetworkManager[1606]: <debug> [1682200000.2610] global-tracker: track [26fc5411d25d1358,0] routing-rule "[6] 32766: from all lookup 254 protocol 2"
Apr 22 21:46:40 localhost NetworkManager[1606]: <debug> [1682200000.2610] global-tracker: track [d60ba434b3cfd5ff,0] routing-rule "[4] 0: from all lookup 255 protocol 2"
Apr 22 21:46:40 localhost NetworkManager[1606]: <debug> [1682200000.2610] global-tracker: track [d60ba434b3cfd5ff,0] routing-rule "[4] 32766: from all lookup 254 protocol 2"
Apr 22 21:46:40 localhost NetworkManager[1606]: <debug> [1682200000.2610] global-tracker: track [d60ba434b3cfd5ff,0] routing-rule "[4] 32767: from all lookup 253 protocol 2"
Apr 22 21:46:40 localhost NetworkManager[1606]: <debug> [1682200000.2610] global-tracker: track [d60ba434b3cfd5ff,0] routing-rule "[6] 0: from all lookup 255 protocol 2"
Apr 22 21:46:40 localhost NetworkManager[1606]: <debug> [1682200000.2610] global-tracker: track [d60ba434b3cfd5ff,0] routing-rule "[6] 32766: from all lookup 254 protocol 2"
Apr 22 21:46:40 localhost NetworkManager[1606]: <debug> [1682200000.2610] create NMNetns singleton (86e1f58bfd3417cc)
Apr 22 21:46:40 localhost NetworkManager[1606]: <debug> [1682200000.2620] auth[0x56241f515d80]: create auth-manager: polkit enabled
Apr 22 21:46:40 localhost NetworkManager[1606]: <debug> [1682200000.2620] auth[0x56241f515d80]: set instance
Apr 22 21:46:40 localhost NetworkManager[1606]: <debug> [1682200000.2620] setup NMAuthManager singleton (3d052d94f6dcfd77)
Apr 22 21:46:40 localhost NetworkManager[1606]: <info>  [1682200000.2620] manager[0x56241f52a090]: monitoring kernel firmware directory '/lib/firmware'.
Apr 22 21:46:40 localhost NetworkManager[1606]: <debug> [1682200000.2620] session-monitor: using systemd-logind session tracking
Apr 22 21:46:40 localhost NetworkManager[1606]: <debug> [1682200000.2620] create NMSessionMonitor singleton (75ee4a8ea2ac4c5e)
Apr 22 21:46:40 localhost NetworkManager[1606]: <debug> [1682200000.2620] create NMAgentManager singleton (2fe861138a6f212d)
Apr 22 21:46:40 localhost systemd[1]: Starting Hostname Service...
Apr 22 21:46:40 localhost systemd[1]: Started Hostname Service.
Apr 22 21:46:40 localhost NetworkManager[1606]: <info>  [1682200000.2950] hostname: hostname: using hostnamed
Apr 22 21:46:40 localhost NetworkManager[1606]: <debug> [1682200000.2950] create NMHostnameManager singleton (865fad91618be22e)
Apr 22 21:46:40 localhost NetworkManager[1606]: <debug> [1682200000.3110] create NMFirewalldManager singleton (abe3a5ee1c496e74)
Apr 22 21:46:40 localhost NetworkManager[1606]: <info>  [1682200000.3110] dns-mgr: init: dns=default,systemd-resolved rc-manager=symlink (auto)
Apr 22 21:46:40 localhost NetworkManager[1606]: <debug> [1682200000.3110] dns-plugin[2a94e87e990aefb2]: [systemd-resolved] update-pending changed (pending)
Apr 22 21:46:40 localhost NetworkManager[1606]: <debug> [1682200000.3110] dns-mgr: update-pending changed: pending
Apr 22 21:46:40 localhost NetworkManager[1606]: <debug> [1682200000.3110] create NMDnsManager singleton (9243061d6aecefd7)
Apr 22 21:46:40 localhost NetworkManager[1606]: <debug> [1682200000.3110] policy: hostname-mode: full
Apr 22 21:46:40 localhost NetworkManager[1606]: <info>  [1682200000.3110] policy: set-hostname: set hostname to 'localhost.localdomain' (no hostname found)
Apr 22 21:46:40 localhost.localdomain systemd-hostnamed[1642]: Hostname set to <localhost.localdomain> (transient)
Apr 22 21:46:40 localhost.localdomain systemd[1]: Listening on Load/Save RF Kill Switch Status /dev/rfkill Watch.
Apr 22 21:46:40 localhost.localdomain NetworkManager[1606]: <info>  [1682200000.3570] manager[0x56241f52a090]: rfkill: Wi-Fi hardware radio set enabled
Apr 22 21:46:40 localhost.localdomain NetworkManager[1606]: <info>  [1682200000.3570] manager[0x56241f52a090]: rfkill: WWAN hardware radio set enabled
Apr 22 21:46:40 localhost.localdomain NetworkManager[1606]: <debug> [1682200000.3570] setup NMManager singleton (287206fa4e59aa00)
Apr 22 21:46:40 localhost.localdomain NetworkManager[1606]: <debug> [1682200000.3570] create NMConnectivity singleton (e138cb7aed2a2bc2)
Apr 22 21:46:40 localhost.localdomain NetworkManager[1606]: <debug> [1682200000.3570] Loaded device plugin: NM6LowpanDeviceFactory (internal)
Apr 22 21:46:40 localhost.localdomain NetworkManager[1606]: <debug> [1682200000.3570] Loaded device plugin: NMBondDeviceFactory (internal)
Apr 22 21:46:40 localhost.localdomain NetworkManager[1606]: <debug> [1682200000.3570] Loaded device plugin: NMBridgeDeviceFactory (internal)
Apr 22 21:46:40 localhost.localdomain NetworkManager[1606]: <debug> [1682200000.3570] Loaded device plugin: NMDummyDeviceFactory (internal)
Apr 22 21:46:40 localhost.localdomain NetworkManager[1606]: <debug> [1682200000.3570] Loaded device plugin: NMEthernetDeviceFactory (internal)
Apr 22 21:46:40 localhost.localdomain NetworkManager[1606]: <debug> [1682200000.3570] Loaded device plugin: NMInfinibandDeviceFactory (internal)
Apr 22 21:46:40 localhost.localdomain NetworkManager[1606]: <debug> [1682200000.3570] Loaded device plugin: NMIPTunnelDeviceFactory (internal)
Apr 22 21:46:40 localhost.localdomain NetworkManager[1606]: <debug> [1682200000.3570] Loaded device plugin: NMLoopbackDeviceFactory (internal)
Apr 22 21:46:40 localhost.localdomain NetworkManager[1606]: <debug> [1682200000.3570] Loaded device plugin: NMMacsecDeviceFactory (internal)
Apr 22 21:46:40 localhost.localdomain NetworkManager[1606]: <debug> [1682200000.3570] Loaded device plugin: NMMacvlanDeviceFactory (internal)
Apr 22 21:46:40 localhost.localdomain NetworkManager[1606]: <debug> [1682200000.3570] Loaded device plugin: NMPppDeviceFactory (internal)
Apr 22 21:46:40 localhost.localdomain NetworkManager[1606]: <debug> [1682200000.3570] Loaded device plugin: NMTunDeviceFactory (internal)
Apr 22 21:46:40 localhost.localdomain NetworkManager[1606]: <debug> [1682200000.3570] Loaded device plugin: NMVethDeviceFactory (internal)
Apr 22 21:46:40 localhost.localdomain NetworkManager[1606]: <debug> [1682200000.3570] Loaded device plugin: NMVlanDeviceFactory (internal)
Apr 22 21:46:40 localhost.localdomain NetworkManager[1606]: <debug> [1682200000.3570] Loaded device plugin: NMVrfDeviceFactory (internal)
Apr 22 21:46:40 localhost.localdomain NetworkManager[1606]: <debug> [1682200000.3570] Loaded device plugin: NMVxlanDeviceFactory (internal)
Apr 22 21:46:40 localhost.localdomain NetworkManager[1606]: <debug> [1682200000.3570] Loaded device plugin: NMWireGuardDeviceFactory (internal)
Apr 22 21:46:40 localhost.localdomain NetworkManager[1606]: <debug> [1682200000.3570] Loaded device plugin: NMWpanDeviceFactory (internal)
Apr 22 21:46:40 localhost.localdomain NetworkManager[1606]: <info>  [1682200000.3650] Loaded device plugin: NMTeamFactory (/usr/lib64/NetworkManager/1.43.4-1.el9/libnm-device-plugin-team.so)
Apr 22 21:46:40 localhost.localdomain systemd[1]: Started Anaconda.
Apr 22 21:46:40 localhost.localdomain systemd[1]: Restrict Anaconda Text Console was skipped because no trigger condition checks were met.
Apr 22 21:46:40 localhost.localdomain systemd[1]: Started Anaconda Text Console.
Apr 22 21:46:40 localhost.localdomain systemd[1]: Startup finished in 40.958s (kernel) + 2.306s (initrd) + 4.609s (userspace) = 47.873s.
