Apr 22 21:46:33 localhost kernel: Linux version 5.14.0-299.el9.x86_64 (mockbuild@x86-05.stream.rdu2.redhat.com) (gcc (GCC) 11.3.1 20221121 (Red Hat 11.3.1-4), GNU ld version 2.35.2-39.el9) #1 SMP PREEMPT_DYNAMIC Thu Apr 13 10:08:03 UTC 2023
Apr 22 21:46:33 localhost kernel: The list of certified hardware and cloud instances for Red Hat Enterprise Linux 9 can be viewed at the Red Hat Ecosystem Catalog, https://catalog.redhat.com.
Apr 22 21:46:33 localhost kernel: Command line: BOOT_IMAGE=vmlinuz initrd=initrd.img inst.stage2=hd:LABEL=CentOS-Stream-9-BaseOS-x86_64 quiet
Apr 22 21:46:33 localhost kernel: [Firmware Bug]: TSC doesn't count with P0 frequency!
Apr 22 21:46:33 localhost kernel: x86/fpu: x87 FPU will use FXSAVE
Apr 22 21:46:33 localhost kernel: signal: max sigframe size: 1440
Apr 22 21:46:33 localhost kernel: BIOS-provided physical RAM map:
Apr 22 21:46:33 localhost kernel: BIOS-e820: [mem 0x0000000000000000-0x000000000009fbff] usable
Apr 22 21:46:33 localhost kernel: BIOS-e820: [mem 0x000000000009fc00-0x000000000009ffff] reserved
Apr 22 21:46:33 localhost kernel: BIOS-e820: [mem 0x00000000000f0000-0x00000000000fffff] reserved
Apr 22 21:46:33 localhost kernel: BIOS-e820: [mem 0x0000000000100000-0x000000007ffeffff] usable
Apr 22 21:46:33 localhost kernel: BIOS-e820: [mem 0x000000007fff0000-0x000000007fffffff] ACPI data
Apr 22 21:46:33 localhost kernel: BIOS-e820: [mem 0x00000000fec00000-0x00000000fec00fff] reserved
Apr 22 21:46:33 localhost kernel: BIOS-e820: [mem 0x00000000fee00000-0x00000000fee00fff] reserved
Apr 22 21:46:33 localhost kernel: BIOS-e820: [mem 0x00000000fffc0000-0x00000000ffffffff] reserved
Apr 22 21:46:33 localhost kernel: NX (Execute Disable) protection: active
Apr 22 21:46:33 localhost kernel: SMBIOS 2.5 present.
Apr 22 21:46:33 localhost kernel: DMI: innotek GmbH VirtualBox/VirtualBox, BIOS VirtualBox 12/01/2006
Apr 22 21:46:33 localhost kernel: Hypervisor detected: KVM
Apr 22 21:46:33 localhost kernel: kvm-clock: Using msrs 4b564d01 and 4b564d00
Apr 22 21:46:33 localhost kernel: kvm-clock: using sched offset of 136830964016 cycles
Apr 22 21:46:33 localhost kernel: clocksource: kvm-clock: mask: 0xffffffffffffffff max_cycles: 0x1cd42e4dffb, max_idle_ns: 881590591483 ns
Apr 22 21:46:33 localhost kernel: tsc: Detected 4491.448 MHz processor
Apr 22 21:46:33 localhost kernel: e820: update [mem 0x00000000-0x00000fff] usable ==> reserved
Apr 22 21:46:33 localhost kernel: e820: remove [mem 0x000a0000-0x000fffff] usable
Apr 22 21:46:33 localhost kernel: last_pfn = 0x7fff0 max_arch_pfn = 0x400000000
Apr 22 21:46:33 localhost kernel: Disabled
Apr 22 21:46:33 localhost kernel: x86/PAT: MTRRs disabled, skipping PAT initialization too.
Apr 22 21:46:33 localhost kernel: CPU MTRRs all blank - virtualized system.
Apr 22 21:46:33 localhost kernel: x86/PAT: Configuration [0-7]: WB  WT  UC- UC  WB  WT  UC- UC  
Apr 22 21:46:33 localhost kernel: found SMP MP-table at [mem 0x0009fff0-0x0009ffff]
Apr 22 21:46:33 localhost kernel: RAMDISK: [mem 0x7a15f000-0x7ffeffff]
Apr 22 21:46:33 localhost kernel: ACPI: Early table checksum verification disabled
Apr 22 21:46:33 localhost kernel: ACPI: RSDP 0x00000000000E0000 000024 (v02 VBOX  )
Apr 22 21:46:33 localhost kernel: ACPI: XSDT 0x000000007FFF0030 00003C (v01 VBOX   VBOXXSDT 00000001 ASL  00000061)
Apr 22 21:46:33 localhost kernel: ACPI: FACP 0x000000007FFF00F0 0000F4 (v04 VBOX   VBOXFACP 00000001 ASL  00000061)
Apr 22 21:46:33 localhost kernel: ACPI: DSDT 0x000000007FFF0610 002353 (v02 VBOX   VBOXBIOS 00000002 INTL 20100528)
Apr 22 21:46:33 localhost kernel: ACPI: FACS 0x000000007FFF0200 000040
Apr 22 21:46:33 localhost kernel: ACPI: FACS 0x000000007FFF0200 000040
Apr 22 21:46:33 localhost kernel: ACPI: APIC 0x000000007FFF0240 00005C (v02 VBOX   VBOXAPIC 00000001 ASL  00000061)

Apr 22 21:55:26 localhost.localdomain anaconda[1657]: program: Running in chroot '/mnt/sysroot'... /bin/sh /tmp/ks-script-84y6va4v
Apr 22 21:55:27 localhost.localdomain anaconda[1657]: program: Restoring SElinux contexts...
Apr 22 21:55:27 localhost.localdomain anaconda[1657]: program: Finished.
Apr 22 21:55:27 localhost.localdomain anaconda[1657]: program: Return code: 0
Apr 22 21:55:27 localhost.localdomain anaconda[1657]: program: Running... /bin/sh /tmp/ks-script-x38gglfw
Apr 22 21:55:27 localhost.localdomain anaconda[1657]: program: Copying screenshots from installation...
Apr 22 21:55:27 localhost.localdomain anaconda[1657]: program: No screenshots found.
Apr 22 21:55:27 localhost.localdomain anaconda[1657]: program: Return code: 0
Apr 22 21:55:27 localhost.localdomain anaconda[1657]: program: Running... /bin/sh /tmp/ks-script-j05bv_69
