dtf9d-54-12x3-closeyearend-leapday.log:Dec 31 23:00:00 FNT 0
dtf9d-54-12x3-closeyearend-leapday.log:Jan 1 01:00:00 FNT 1
dtf9d-54-12x3-closeyearend-leapday.log:Jan 1 02:00:00 FNT 2
dtf9d-54-12x3-closeyearend-leapday.log:Jan 1 03:00:00 FNT 3
dtf9d-54-12x3-closeyearend-leapday.log:Feb 29 02:00:00 FNT 4
dtf9d-54-12x3-closeyearend-leapday.log:Mar 3 03:00:00 FNT 5
dtf9d-54-12x3-closeyearend-leapday.log:Apr 4 04:00:00 FNT 6
dtf9d-54-12x3-closeyearend-leapday.log:May 5 05:00:00 FNT 7
dtf9d-54-12x3-closeyearend-leapday.log:Jun 6 06:00:00 FNT 8
dtf9d-54-12x3-closeyearend-leapday.log:Jul 7 07:00:00 FNT 9
dtf9d-54-12x3-closeyearend-leapday.log:Aug 8 08:00:00 FNT 10
dtf9d-54-12x3-closeyearend-leapday.log:Sep 9 09:00:00 FNT 11
dtf9d-54-12x3-closeyearend-leapday.log:Oct 10 10:00:00 FNT 12
dtf9d-54-12x3-closeyearend-leapday.log:Nov 11 11:00:00 FNT 13
dtf9d-54-12x3-closeyearend-leapday.log:Dec 31 01:00:00 FNT 14
dtf9d-54-12x3-closeyearend-leapday.log:Dec 31 23:00:00 FNT 15
dtf9d-54-12x3-closeyearend-leapday.log:Jan 1 00:00:00 FNT 16
dtf9d-54-12x3-closeyearend-leapday.log:Jan 1 01:00:00 FNT 17
dtf9d-54-12x3-closeyearend-leapday.log:Jan 1 02:00:00 FNT 18
dtf9d-54-12x3-closeyearend-leapday.log:Jan 1 03:00:00 FNT 19
dtf9d-54-12x3-closeyearend-leapday.log:Jan 1 13:00:00 FNT 20
dtf9d-54-12x3-closeyearend-leapday.log:Feb 28 02:00:00 FNT 21
dtf9d-54-12x3-closeyearend-leapday.log:Mar 3 03:00:00 FNT 22
dtf9d-54-12x3-closeyearend-leapday.log:Apr 4 04:00:00 FNT 23
dtf9d-54-12x3-closeyearend-leapday.log:May 5 05:00:00 FNT 24
dtf9d-54-12x3-closeyearend-leapday.log:Jun 6 06:00:00 FNT 25
dtf9d-54-12x3-closeyearend-leapday.log:Jul 7 07:00:00 FNT 26
dtf9d-54-12x3-closeyearend-leapday.log:Aug 8 08:00:00 FNT 27
dtf9d-54-12x3-closeyearend-leapday.log:Sep 9 09:00:00 FNT 28
dtf9d-54-12x3-closeyearend-leapday.log:Oct 10 10:00:00 FNT 29
dtf9d-54-12x3-closeyearend-leapday.log:Nov 11 11:00:00 FNT 30
dtf9d-54-12x3-closeyearend-leapday.log:Dec 31 01:00:00 FNT 31
dtf9d-54-12x3-closeyearend-leapday.log:Dec 31 23:00:00 FNT 32
dtf9d-54-12x3-closeyearend-leapday.log:Dec 31 23:59:59 FNT 33
dtf9d-54-12x3-closeyearend-leapday.log:Jan 1 00:00:00 FNT 34
dtf9d-54-12x3-closeyearend-leapday.log:Jan 1 01:00:00 FNT 35
dtf9d-54-12x3-closeyearend-leapday.log:Jan 1 16:00:00 FNT 36
dtf9d-54-12x3-closeyearend-leapday.log:Feb 28 02:00:00 FNT 37
dtf9d-54-12x3-closeyearend-leapday.log:Mar 3 03:00:00 FNT 38
dtf9d-54-12x3-closeyearend-leapday.log:Apr 4 04:00:00 FNT 39
dtf9d-54-12x3-closeyearend-leapday.log:May 5 05:00:00 FNT 40
dtf9d-54-12x3-closeyearend-leapday.log:Jun 6 06:00:00 FNT 41
dtf9d-54-12x3-closeyearend-leapday.log:Jul 7 07:00:00 FNT 42
dtf9d-54-12x3-closeyearend-leapday.log:Aug 8 08:00:00 FNT 43
dtf9d-54-12x3-closeyearend-leapday.log:Sep 9 09:00:00 FNT 44
dtf9d-54-12x3-closeyearend-leapday.log:Oct 10 10:00:00 FNT 45
dtf9d-54-12x3-closeyearend-leapday.log:Nov 11 11:00:00 FNT 46
dtf9d-54-12x3-closeyearend-leapday.log:Dec 31 01:00:00 FNT 47
basic-dt1.log:2000-01-01 00:00:00
basic-dt27.log:2000-01-01 00:00:00
basic-dt2b.log:2000-01-01 00:00:00
basic-dt2b.log:
basic-dt2.log:2000-01-01 00:00:00
basic-dt6.log:2000-01-01 00:00:00
dtf11-A.log:2000-01-01 00:00:00 [dtf11-A]a
dtf2-2.log:2000-01-01T00:00:00 [dtf2-2]
dtf2-2.log:
dtf3-1.log:2000-01-01 00:00:00 [dtf3-1]
dtf3-2a.log:2000-01-01 00:00:00.000 [dtf3-2a]
dtf4-2a.log:INFO: Sat Jan 01 2000 00:00:00 [dtf4-2a]
dtf5-1.log:2000-01-01 00:00:00 [dtf5-1]
dtf5-2a.log:2000-01-01 00:00:00 [dtf5-2a]
dtf5-2b.log:2000-01-01 00:00:00 [dtf5-2b]
dtf5-2b.log:
dtf5-2c.log:2000-01-01 00:00:00 [dtf5-2c]
dtf5-2c.log:
dtf5-2c.log:
dtf5-3-LF-CR.log:2000-01-01 00:00:00 [dtf5-6a] LF
dtf5-3-LF-CR.log:second line, first sysline LF
dtf5-3-r-n.log:2000-01-01 00:00:00 [dtf5-6a]
dtf5-3-r-n.log:second line, first sysline
dtf5-6a.log:2000-01-01 00:00:00 [dtf5-6a]
dtf5-6a.log.1:2000-01-01 00:00:00 [dtf5-6a]
dtf5-6a.log.gz:2000-01-01 00:00:00 [dtf5-6a]
dtf5-6a.log.old:2000-01-01 00:00:00 [dtf5-6a]
dtf5-6a.log.xz:2000-01-01 00:00:00 [dtf5-6a]
dtf5-6b.log:2000-01-01 00:00:00 [dtf5-6b]6b
dtf5-6b.log:6b
dtf5-6c.log:2000-01-01 00:00:00 [dtf5-6c]6c1
dtf5-6c.log:6c2
dtf3-2a.log:2000-01-01 00:00:00.001 [dtf3-2a]a
dtf3-2b.log:2000-01-01 00:00:00.002 [dtf3-2b]
dtf3-2b.log:
dtf3-2b.log:2000-01-01 00:00:00.003 [dtf3-2b]a
dtf3-2b.log:a
basic-basic-dt10-repeats.log:2000-01-01 00:00:01 1
basic-basic-dt10-repeats-longlines.log:2000-01-01 00:00:01 1
basic-basic-dt20.log:2000-01-01 00:00:01
basic-dt27.log:2000-01-01 00:00:01a
basic-dt2b.log:2000-01-01 00:00:01a
basic-dt2b.log:a
basic-dt2.log:2000-01-01 00:00:01a
basic-dt6.log:2000-01-01 00:00:01a
dtf2-2.log:2000-01-01T00:00:01 [dtf2-2]a
dtf4-2a.log:INFO: Sat Jan 01 2000 00:00:01 [dtf4-2a]a
dtf5-2a.log:2000-01-01 00:00:01 [dtf5-2a]a
dtf5-2b.log:2000-01-01 00:00:01 [dtf5-2b]a
dtf5-2b.log:a
dtf5-2c.log:2000-01-01 00:00:01 [dtf5-2c]a
dtf5-2c.log:a
dtf5-2c.log:a
dtf5-3-LF-CR.log:2000-01-01 00:00:01 [dtf5-6a] CRfourth line, second sysline CR2000-01-01 00:00:02 [dtf5-6a] LF
dtf5-3-LF-CR.log:sixth line, third sysline LF
dtf5-3-r-n.log:2000-01-01 00:00:01 [dtf5-6a]
dtf5-3-r-n.log:fourth line, second sysline, this ends with a "slash r"
dtf5-6a.log:2000-01-01 00:00:01 [dtf5-6a]a
dtf5-6a.log.1:2000-01-01 00:00:01 [dtf5-6a]a
dtf5-6a.log.gz:2000-01-01 00:00:01 [dtf5-6a]a
dtf5-6a.log.old:2000-01-01 00:00:01 [dtf5-6a]a
dtf5-6a.log.xz:2000-01-01 00:00:01 [dtf5-6a]a
dtf5-6b.log:2000-01-01 00:00:01 [dtf5-6b]6b-a
dtf5-6b.log:6b-a
dtf5-6c.log:2000-01-01 00:00:01 [dtf5-6c]6c3-a
dtf5-6c.log:6c4-aa
dtf5-6c.log:6c5-aaa
dtf-varying-10.log:2000-01-01 00:00:01 One
basic-basic-dt10-repeats.log:2000-01-01 00:00:02 1
basic-basic-dt10-repeats.log:2000-01-01 00:00:02 2
basic-basic-dt10-repeats-longlines.log:2000-01-01 00:00:02 11
basic-basic-dt10-repeats-longlines.log:2000-01-01 00:00:02 22
basic-basic-dt20.log:2000-01-01 00:00:02
basic-dt27.log:2000-01-01 00:00:02ab
basic-dt6.log:2000-01-01 00:00:02ab
dtf4-2b.log:INFO: Sat Jan 01 2000 00:00:02 [dtf4-2b]
dtf4-2b.log:
dtf5-3-r-n.log:2000-01-01 00:00:02 [dtf5-6a]
dtf5-3-r-n.log:sixth line, third sysline
dtf5-6a.log:2000-01-01 00:00:02 [dtf5-6a]ab
dtf5-6a.log.1:2000-01-01 00:00:02 [dtf5-6a]ab
dtf5-6a.log.gz:2000-01-01 00:00:02 [dtf5-6a]ab
dtf5-6a.log.old:2000-01-01 00:00:02 [dtf5-6a]ab
dtf5-6a.log.xz:2000-01-01 00:00:02 [dtf5-6a]ab
dtf5-6b.log:2000-01-01 00:00:02 [dtf5-6b]6b-ab
dtf5-6b.log:6b-ab
dtf5-6c.log:2000-01-01 00:00:02 [dtf5-6c]6c6-ab
dtf5-6c.log:6c7-abab
dtf5-6c.log:6c8-ababab
dtf-varying-10.log:2000-01-01T00:00:02 Two
basic-basic-dt10-repeats.log:2000-01-01 00:00:03 1
basic-basic-dt10-repeats.log:2000-01-01 00:00:03 2
basic-basic-dt10-repeats.log:2000-01-01 00:00:03 3
basic-basic-dt10-repeats-longlines.log:2000-01-01 00:00:03 111
basic-basic-dt10-repeats-longlines.log:2000-01-01 00:00:03 222
basic-basic-dt10-repeats-longlines.log:2000-01-01 00:00:03 333
basic-basic-dt20.log:2000-01-01 00:00:03
basic-dt27.log:2000-01-01 00:00:03abc
basic-dt6.log:2000-01-01 00:00:03abc
dtf4-2b.log:INFO: Sat Jan 01 2000 00:00:03 [dtf4-2b]a
dtf5-6a.log:2000-01-01 00:00:03 [dtf5-6a]abc
dtf5-6a.log.1:2000-01-01 00:00:03 [dtf5-6a]abc
dtf5-6a.log.gz:2000-01-01 00:00:03 [dtf5-6a]abc
dtf5-6a.log.old:2000-01-01 00:00:03 [dtf5-6a]abc
dtf5-6a.log.xz:2000-01-01 00:00:03 [dtf5-6a]abc
dtf5-6b.log:2000-01-01 00:00:03 [dtf5-6b]6b-abc
dtf5-6b.log:6b-abc
dtf5-6c.log:2000-01-01 00:00:03 [dtf5-6c]6c9-abc
dtf5-6c.log:6c10-abcabc
dtf5-6c.log:6c11-abcabcabc
dtf-varying-10.log:[ERROR] 2000-01-01T00:00:03 Three
basic-basic-dt10-repeats.log:2000-01-01 00:00:04 1
basic-basic-dt10-repeats.log:2000-01-01 00:00:04 2
basic-basic-dt10-repeats.log:2000-01-01 00:00:04 3
basic-basic-dt10-repeats.log:2000-01-01 00:00:04 4
basic-basic-dt10-repeats-longlines.log:2000-01-01 00:00:04 1111
basic-basic-dt10-repeats-longlines.log:2000-01-01 00:00:04 2222
basic-basic-dt10-repeats-longlines.log:2000-01-01 00:00:04 3333
basic-basic-dt10-repeats-longlines.log:2000-01-01 00:00:04 4444
basic-basic-dt20.log:2000-01-01 00:00:04
basic-dt27.log:2000-01-01 00:00:04abcd
basic-dt6.log:2000-01-01 00:00:04abcd
dtf5-6a.log:2000-01-01 00:00:04 [dtf5-6a]abcd
dtf5-6a.log.1:2000-01-01 00:00:04 [dtf5-6a]abcd
dtf5-6a.log.gz:2000-01-01 00:00:04 [dtf5-6a]abcd
dtf5-6a.log.old:2000-01-01 00:00:04 [dtf5-6a]abcd
dtf5-6a.log.xz:2000-01-01 00:00:04 [dtf5-6a]abcd
dtf5-6b.log:2000-01-01 00:00:04 [dtf5-6b]6b-abcd
dtf5-6b.log:6b-abcd
dtf5-6c.log:2000-01-01 00:00:04 [dtf5-6c]6c12-abcd
dtf5-6c.log:6c13-abcdabcd
dtf5-6c.log:6c14-abcdabcdabcd
dtf-varying-10.log:[2000/01/01 00:00:04.123456] Four
basic-basic-dt10-repeats.log:2000-01-01 00:00:05 1
basic-basic-dt10-repeats.log:2000-01-01 00:00:05 2
basic-basic-dt10-repeats.log:2000-01-01 00:00:05 3
basic-basic-dt10-repeats.log:2000-01-01 00:00:05 4
basic-basic-dt10-repeats.log:2000-01-01 00:00:05 5
basic-basic-dt10-repeats-longlines.log:2000-01-01 00:00:05 11111
basic-basic-dt10-repeats-longlines.log:2000-01-01 00:00:05 22222
basic-basic-dt10-repeats-longlines.log:2000-01-01 00:00:05 33333
basic-basic-dt10-repeats-longlines.log:2000-01-01 00:00:05 44444
basic-basic-dt10-repeats-longlines.log:2000-01-01 00:00:05 55555
basic-basic-dt20.log:2000-01-01 00:00:05
basic-dt27.log:2000-01-01 00:00:05abcde
basic-dt6.log:2000-01-01 00:00:05abcde
dtf5-6a.log:2000-01-01 00:00:05 [dtf5-6a]abcde
dtf5-6a.log.1:2000-01-01 00:00:05 [dtf5-6a]abcde
dtf5-6a.log.gz:2000-01-01 00:00:05 [dtf5-6a]abcde
dtf5-6a.log.old:2000-01-01 00:00:05 [dtf5-6a]abcde
dtf5-6a.log.xz:2000-01-01 00:00:05 [dtf5-6a]abcde
dtf5-6b.log:2000-01-01 00:00:05 [dtf5-6b]6b-abcde
dtf5-6b.log:6b-abcde
dtf5-6c.log:2000-01-01 00:00:05 [dtf5-6c]6c15-abcde
dtf5-6c.log:6c16-abcdeabcde
dtf5-6c.log:6c17-abcdeabcdeabcde
basic-basic-dt10-repeats.log:2000-01-01 00:00:06 1
basic-basic-dt10-repeats.log:2000-01-01 00:00:06 2
basic-basic-dt10-repeats.log:2000-01-01 00:00:06 3
basic-basic-dt10-repeats.log:2000-01-01 00:00:06 4
basic-basic-dt10-repeats.log:2000-01-01 00:00:06 5
basic-basic-dt10-repeats.log:2000-01-01 00:00:06 6
basic-basic-dt10-repeats-longlines.log:2000-01-01 00:00:06 111111
basic-basic-dt10-repeats-longlines.log:2000-01-01 00:00:06 222222
basic-basic-dt10-repeats-longlines.log:2000-01-01 00:00:06 333333
basic-basic-dt10-repeats-longlines.log:2000-01-01 00:00:06 444444
basic-basic-dt10-repeats-longlines.log:2000-01-01 00:00:06 555555
basic-basic-dt10-repeats-longlines.log:2000-01-01 00:00:06 666666
basic-basic-dt20.log:2000-01-01 00:00:06
basic-dt27.log:2000-01-01 00:00:06abcdef
dtf5-6c.log:2000-01-01 00:00:06 [dtf5-6c]6c18-abcdef
dtf5-6c.log:6c19-abcdefabcdef
dtf5-6c.log:6c20-abcdefabcdefabcdef
basic-basic-dt10-repeats.log:2000-01-01 00:00:07 1
basic-basic-dt10-repeats.log:2000-01-01 00:00:07 2
basic-basic-dt10-repeats.log:2000-01-01 00:00:07 3
basic-basic-dt10-repeats.log:2000-01-01 00:00:07 4
basic-basic-dt10-repeats.log:2000-01-01 00:00:07 5
basic-basic-dt10-repeats.log:2000-01-01 00:00:07 6
basic-basic-dt10-repeats.log:2000-01-01 00:00:07 7
basic-basic-dt10-repeats-longlines.log:2000-01-01 00:00:07 1111111
basic-basic-dt10-repeats-longlines.log:2000-01-01 00:00:07 2222222
basic-basic-dt10-repeats-longlines.log:2000-01-01 00:00:07 3333333
basic-basic-dt10-repeats-longlines.log:2000-01-01 00:00:07 4444444
basic-basic-dt10-repeats-longlines.log:2000-01-01 00:00:07 5555555
basic-basic-dt10-repeats-longlines.log:2000-01-01 00:00:07 6666666
basic-basic-dt10-repeats-longlines.log:2000-01-01 00:00:07 7777777
basic-basic-dt20.log:2000-01-01 00:00:07
basic-dt27.log:2000-01-01 00:00:07abcdefg
dtf5-6c.log:2000-01-01 00:00:07 [dtf5-6c]6c21-abcdefg
dtf5-6c.log:6c22-abcdefgabcdefg
dtf5-6c.log:6c23-abcdefgabcdefgabcdefg
basic-basic-dt10-repeats.log:2000-01-01 00:00:08 1
basic-basic-dt10-repeats.log:2000-01-01 00:00:08 2
basic-basic-dt10-repeats.log:2000-01-01 00:00:08 3
basic-basic-dt10-repeats.log:2000-01-01 00:00:08 4
basic-basic-dt10-repeats.log:2000-01-01 00:00:08 5
basic-basic-dt10-repeats.log:2000-01-01 00:00:08 6
basic-basic-dt10-repeats.log:2000-01-01 00:00:08 7
basic-basic-dt10-repeats.log:2000-01-01 00:00:08 8
basic-basic-dt10-repeats-longlines.log:2000-01-01 00:00:08 11111111
basic-basic-dt10-repeats-longlines.log:2000-01-01 00:00:08 22222222
basic-basic-dt10-repeats-longlines.log:2000-01-01 00:00:08 33333333
basic-basic-dt10-repeats-longlines.log:2000-01-01 00:00:08 44444444
basic-basic-dt10-repeats-longlines.log:2000-01-01 00:00:08 55555555
basic-basic-dt10-repeats-longlines.log:2000-01-01 00:00:08 66666666
basic-basic-dt10-repeats-longlines.log:2000-01-01 00:00:08 77777777
basic-basic-dt10-repeats-longlines.log:2000-01-01 00:00:08 88888888
basic-basic-dt20.log:2000-01-01 00:00:08
basic-dt27.log:2000-01-01 00:00:08abcdefgh
dtf5-6c.log:2000-01-01 00:00:08 [dtf5-6c]6c24-abcdefgh
dtf5-6c.log:6c25-abcdefghabcdefgh
dtf5-6c.log:6c26-abcdefghabcdefghabcdefgh
basic-basic-dt10-repeats.log:2000-01-01 00:00:09 1
basic-basic-dt10-repeats.log:2000-01-01 00:00:09 2
basic-basic-dt10-repeats.log:2000-01-01 00:00:09 3
basic-basic-dt10-repeats.log:2000-01-01 00:00:09 4
basic-basic-dt10-repeats.log:2000-01-01 00:00:09 5
basic-basic-dt10-repeats.log:2000-01-01 00:00:09 6
basic-basic-dt10-repeats.log:2000-01-01 00:00:09 7
basic-basic-dt10-repeats.log:2000-01-01 00:00:09 8
basic-basic-dt10-repeats.log:2000-01-01 00:00:09 9
basic-basic-dt10-repeats-longlines.log:2000-01-01 00:00:09 111111111
basic-basic-dt10-repeats-longlines.log:2000-01-01 00:00:09 222222222
basic-basic-dt10-repeats-longlines.log:2000-01-01 00:00:09 333333333
basic-basic-dt10-repeats-longlines.log:2000-01-01 00:00:09 444444444
basic-basic-dt10-repeats-longlines.log:2000-01-01 00:00:09 555555555
basic-basic-dt10-repeats-longlines.log:2000-01-01 00:00:09 666666666
basic-basic-dt10-repeats-longlines.log:2000-01-01 00:00:09 777777777
basic-basic-dt10-repeats-longlines.log:2000-01-01 00:00:09 888888888
basic-basic-dt10-repeats-longlines.log:2000-01-01 00:00:09 999999999
basic-basic-dt20.log:2000-01-01 00:00:09
basic-dt27.log:2000-01-01 00:00:09abcdefghi
dtf5-6c.log:2000-01-01 00:00:09 [dtf5-6c]6c27-abcdefghi
dtf5-6c.log:6c28-abcdefghiabcdefghi
dtf5-6c.log:6c29-abcdefghiabcdefghiabcdefghi
basic-basic-dt10-repeats.log:2000-01-01 00:00:10 1
basic-basic-dt10-repeats.log:2000-01-01 00:00:10 2
basic-basic-dt10-repeats.log:2000-01-01 00:00:10 3
basic-basic-dt10-repeats.log:2000-01-01 00:00:10 4
basic-basic-dt10-repeats.log:2000-01-01 00:00:10 5
basic-basic-dt10-repeats.log:2000-01-01 00:00:10 6
basic-basic-dt10-repeats.log:2000-01-01 00:00:10 7
basic-basic-dt10-repeats.log:2000-01-01 00:00:10 8
basic-basic-dt10-repeats.log:2000-01-01 00:00:10 9
basic-basic-dt10-repeats.log:2000-01-01 00:00:10 10
basic-basic-dt10-repeats-longlines.log:2000-01-01 00:00:10 1111111111
basic-basic-dt10-repeats-longlines.log:2000-01-01 00:00:10 2222222222
basic-basic-dt10-repeats-longlines.log:2000-01-01 00:00:10 3333333333
basic-basic-dt10-repeats-longlines.log:2000-01-01 00:00:10 4444444444
basic-basic-dt10-repeats-longlines.log:2000-01-01 00:00:10 5555555555
basic-basic-dt10-repeats-longlines.log:2000-01-01 00:00:10 6666666666
basic-basic-dt10-repeats-longlines.log:2000-01-01 00:00:10 7777777777
basic-basic-dt10-repeats-longlines.log:2000-01-01 00:00:10 8888888888
basic-basic-dt10-repeats-longlines.log:2000-01-01 00:00:10 9999999999
basic-basic-dt10-repeats-longlines.log:2000-01-01 00:00:10 1010101010
basic-basic-dt20.log:2000-01-01 00:00:10
basic-dt27.log:2000-01-01 00:00:10abcdefghij
dtf5-6c.log:2000-01-01 00:00:10 [dtf5-6c]6c30-abcdefghij
dtf5-6c.log:6c31-abcdefghijabcdefghij
dtf5-6c.log:6c32-abcdefghijabcdefghijabcdefghij
basic-basic-dt20.log:2000-01-01 00:00:11
basic-dt27.log:2000-01-01 00:00:11abcdefghijk
basic-basic-dt20.log:2000-01-01 00:00:12
basic-dt27.log:2000-01-01 00:00:12abcdefghijkl
basic-basic-dt20.log:2000-01-01 00:00:13
basic-dt27.log:2000-01-01 00:00:13abcdefghijklm
basic-basic-dt20.log:2000-01-01 00:00:14
basic-dt27.log:2000-01-01 00:00:14abcdefghijklmn
basic-basic-dt20.log:2000-01-01 00:00:15
basic-dt27.log:2000-01-01 00:00:15abcdefghijklmno
basic-basic-dt20.log:2000-01-01 00:00:16
basic-dt27.log:2000-01-01 00:00:16abcdefghijklmnop
basic-basic-dt20.log:2000-01-01 00:00:17
basic-dt27.log:2000-01-01 00:00:17abcdefghijklmnopq
basic-basic-dt20.log:2000-01-01 00:00:18
basic-dt27.log:2000-01-01 00:00:18abcdefghijklmnopqr
basic-basic-dt20.log:2000-01-01 00:00:19
basic-basic-dt20.log:2000-01-01 00:00:20
basic-dt27.log:2000-01-01 00:00:19abcdefghijklmnopqrs
basic-dt27.log:2000-01-01 00:00:20abcdefghijklmnopqrst
basic-dt27.log:2000-01-01 00:00:21abcdefghijklmnopqrstu
basic-dt27.log:2000-01-01 00:00:22abcdefghijklmnopqrstuv
basic-dt27.log:2000-01-01 00:00:23abcdefghijklmnopqrstuvw
basic-dt27.log:2000-01-01 00:00:24abcdefghijklmnopqrstuvwx
basic-dt27.log:2000-01-01 00:00:25abcdefghijklmnopqrstuvwxy
basic-dt27.log:2000-01-01 00:00:26abcdefghijklmnopqrstuvwxyz
dtf-varying-10.log:2000-01-01T00:00:05.123-00:00 Five
dtf-varying-10.log:[20000101-00:00:06] Six
dtf-varying-10.log:[2000-01-01 00:00:07,123] Seven
dtf-varying-10.log:2000-01-01 00:00:08.001 Eight
dtf-varying-10.log: 2000-01-01 00:00:09.001 Nine
dtf-varying-10.log:  2000-01-01 00:00:10.001 Ten
dtf9d-54-12x3-closeyearend-leapday.log:Dec 31 23:00:00 FNT 48
dtf9d-54-12x3-closeyearend-leapday.log:Dec 31 23:00:00 FNT 49
dtf9d-54-12x3-closeyearend-leapday.log:Dec 31 23:59:59 FNT 50
dtf9d-54-12x3-closeyearend-leapday.log:Jan 1 00:00:00 FNT 51
dtf9d-54-12x3-closeyearend-leapday.log:Jan 1 01:00:00 FNT 52
dtf6z-1.log:2000-01-01 00:00:01 -0400 [dtf6z-1] 1
dtf7-20-LEVELS.log:[ERROR] 2000-01-01 00:00:01 -0400 [dtf7-20-LEVELS] 1
dtf7-20-LEVELS.log.gz:[ERROR] 2000-01-01 00:00:01 -0400 [dtf7-20-LEVELS] 1
dtf7-20-LEVELS.log.old:[ERROR] 2000-01-01 00:00:01 -0400 [dtf7-20-LEVELS] 1
dtf7-20-LEVELS.log.old.gz:[ERROR] 2000-01-01 00:00:01 -0400 [dtf7-20-LEVELS] 1
dtf7-20-LEVELS.log:[ERROR] 2000-01-01 00:00:01 -0400 [dtf7-20-LEVELS] 1
dtf7-20-LEVELS.log.xz:[ERROR] 2000-01-01 00:00:01 -0400 [dtf7-20-LEVELS] 1
dtf7-5-LEVELS.log:[ERROR] 2000-01-01 00:00:01 -0400 [dtf7-5-LEVELS] 1
dtf6z-1.log:2000-01-01 00:00:02 -0400 [dtf6z-1] 2
dtf7-20-LEVELS.log:[WARNING] 2000-01-01 00:00:02 -0400 [dtf7-20-LEVELS] 22
dtf7-20-LEVELS.log.gz:[WARNING] 2000-01-01 00:00:02 -0400 [dtf7-20-LEVELS] 22
dtf7-20-LEVELS.log.old:[WARNING] 2000-01-01 00:00:02 -0400 [dtf7-20-LEVELS] 22
dtf7-20-LEVELS.log.old.gz:[WARNING] 2000-01-01 00:00:02 -0400 [dtf7-20-LEVELS] 22
dtf7-20-LEVELS.log:[WARNING] 2000-01-01 00:00:02 -0400 [dtf7-20-LEVELS] 22
dtf7-20-LEVELS.log.xz:[WARNING] 2000-01-01 00:00:02 -0400 [dtf7-20-LEVELS] 22
dtf7-5-LEVELS.log:[WARNING] 2000-01-01 00:00:02 -0400 [dtf7-5-LEVELS] 22
dtf6z-1.log:2000-01-01 00:00:03 -0400 [dtf6z-1] 3
dtf7-20-LEVELS.log:[INFO] 2000-01-01 00:00:03 -0400 [dtf7-20-LEVELS] 333
dtf7-20-LEVELS.log.gz:[INFO] 2000-01-01 00:00:03 -0400 [dtf7-20-LEVELS] 333
dtf7-20-LEVELS.log.old:[INFO] 2000-01-01 00:00:03 -0400 [dtf7-20-LEVELS] 333
dtf7-20-LEVELS.log.old.gz:[INFO] 2000-01-01 00:00:03 -0400 [dtf7-20-LEVELS] 333
dtf7-20-LEVELS.log:[INFO] 2000-01-01 00:00:03 -0400 [dtf7-20-LEVELS] 333
dtf7-20-LEVELS.log.xz:[INFO] 2000-01-01 00:00:03 -0400 [dtf7-20-LEVELS] 333
dtf7-5-LEVELS.log:[INFO] 2000-01-01 00:00:03 -0400 [dtf7-5-LEVELS] 333
dtf6z-1.log:2000-01-01 00:00:04 -0400 [dtf6z-1] 4
dtf7-20-LEVELS.log:[VERBOSE] 2000-01-01 00:00:04 -0400 [dtf7-20-LEVELS] 4444
dtf7-20-LEVELS.log.gz:[VERBOSE] 2000-01-01 00:00:04 -0400 [dtf7-20-LEVELS] 4444
dtf7-20-LEVELS.log.old:[VERBOSE] 2000-01-01 00:00:04 -0400 [dtf7-20-LEVELS] 4444
dtf7-20-LEVELS.log.old.gz:[VERBOSE] 2000-01-01 00:00:04 -0400 [dtf7-20-LEVELS] 4444
dtf7-20-LEVELS.log:[VERBOSE] 2000-01-01 00:00:04 -0400 [dtf7-20-LEVELS] 4444
dtf7-20-LEVELS.log.xz:[VERBOSE] 2000-01-01 00:00:04 -0400 [dtf7-20-LEVELS] 4444
dtf7-5-LEVELS.log:[VERBOSE] 2000-01-01 00:00:04 -0400 [dtf7-5-LEVELS] 4444
dtf6z-1.log:2000-01-01 00:00:05 -0400 [dtf6z-1] 5
dtf7-20-LEVELS.log:[TRACE] 2000-01-01 00:00:05 -0400 [dtf7-20-LEVELS] 55555
dtf7-20-LEVELS.log.gz:[TRACE] 2000-01-01 00:00:05 -0400 [dtf7-20-LEVELS] 55555
dtf7-20-LEVELS.log.old:[TRACE] 2000-01-01 00:00:05 -0400 [dtf7-20-LEVELS] 55555
dtf7-20-LEVELS.log.old.gz:[TRACE] 2000-01-01 00:00:05 -0400 [dtf7-20-LEVELS] 55555
dtf7-20-LEVELS.log:[TRACE] 2000-01-01 00:00:05 -0400 [dtf7-20-LEVELS] 55555
dtf7-20-LEVELS.log.xz:[TRACE] 2000-01-01 00:00:05 -0400 [dtf7-20-LEVELS] 55555
dtf7-5-LEVELS.log:[TRACE] 2000-01-01 00:00:05 -0400 [dtf7-5-LEVELS] 55555
dtf7-20-LEVELS.log:[ERROR] 2000-01-01 00:00:06 -0400 [dtf7-20-LEVELS] 666666
dtf7-20-LEVELS.log.gz:[ERROR] 2000-01-01 00:00:06 -0400 [dtf7-20-LEVELS] 666666
dtf7-20-LEVELS.log.old:[ERROR] 2000-01-01 00:00:06 -0400 [dtf7-20-LEVELS] 666666
dtf7-20-LEVELS.log.old.gz:[ERROR] 2000-01-01 00:00:06 -0400 [dtf7-20-LEVELS] 666666
dtf7-20-LEVELS.log:[ERROR] 2000-01-01 00:00:06 -0400 [dtf7-20-LEVELS] 666666
dtf7-20-LEVELS.log.xz:[ERROR] 2000-01-01 00:00:06 -0400 [dtf7-20-LEVELS] 666666
dtf7-20-LEVELS.log:[WARNING] 2000-01-01 00:00:07 -0400 [dtf7-20-LEVELS] 7777777
dtf7-20-LEVELS.log.gz:[WARNING] 2000-01-01 00:00:07 -0400 [dtf7-20-LEVELS] 7777777
dtf7-20-LEVELS.log.old:[WARNING] 2000-01-01 00:00:07 -0400 [dtf7-20-LEVELS] 7777777
dtf7-20-LEVELS.log.old.gz:[WARNING] 2000-01-01 00:00:07 -0400 [dtf7-20-LEVELS] 7777777
dtf7-20-LEVELS.log:[WARNING] 2000-01-01 00:00:07 -0400 [dtf7-20-LEVELS] 7777777
dtf7-20-LEVELS.log.xz:[WARNING] 2000-01-01 00:00:07 -0400 [dtf7-20-LEVELS] 7777777
dtf7-20-LEVELS.log:[INFO] 2000-01-01 00:00:08 -0400 [dtf7-20-LEVELS] 88888888
dtf7-20-LEVELS.log.gz:[INFO] 2000-01-01 00:00:08 -0400 [dtf7-20-LEVELS] 88888888
dtf7-20-LEVELS.log.old:[INFO] 2000-01-01 00:00:08 -0400 [dtf7-20-LEVELS] 88888888
dtf7-20-LEVELS.log.old.gz:[INFO] 2000-01-01 00:00:08 -0400 [dtf7-20-LEVELS] 88888888
dtf7-20-LEVELS.log:[INFO] 2000-01-01 00:00:08 -0400 [dtf7-20-LEVELS] 88888888
dtf7-20-LEVELS.log.xz:[INFO] 2000-01-01 00:00:08 -0400 [dtf7-20-LEVELS] 88888888
dtf7-20-LEVELS.log:[VERBOSE] 2000-01-01 00:00:09 -0400 [dtf7-20-LEVELS] 999999999
dtf7-20-LEVELS.log.gz:[VERBOSE] 2000-01-01 00:00:09 -0400 [dtf7-20-LEVELS] 999999999
dtf7-20-LEVELS.log.old:[VERBOSE] 2000-01-01 00:00:09 -0400 [dtf7-20-LEVELS] 999999999
dtf7-20-LEVELS.log.old.gz:[VERBOSE] 2000-01-01 00:00:09 -0400 [dtf7-20-LEVELS] 999999999
dtf7-20-LEVELS.log:[VERBOSE] 2000-01-01 00:00:09 -0400 [dtf7-20-LEVELS] 999999999
dtf7-20-LEVELS.log.xz:[VERBOSE] 2000-01-01 00:00:09 -0400 [dtf7-20-LEVELS] 999999999
dtf7-20-LEVELS.log:[TRACE] 2000-01-01 00:00:10 -0400 [dtf7-20-LEVELS] 1010101010
dtf7-20-LEVELS.log.gz:[TRACE] 2000-01-01 00:00:10 -0400 [dtf7-20-LEVELS] 1010101010
dtf7-20-LEVELS.log.old:[TRACE] 2000-01-01 00:00:10 -0400 [dtf7-20-LEVELS] 1010101010
dtf7-20-LEVELS.log.old.gz:[TRACE] 2000-01-01 00:00:10 -0400 [dtf7-20-LEVELS] 1010101010
dtf7-20-LEVELS.log:[TRACE] 2000-01-01 00:00:10 -0400 [dtf7-20-LEVELS] 1010101010
dtf7-20-LEVELS.log.xz:[TRACE] 2000-01-01 00:00:10 -0400 [dtf7-20-LEVELS] 1010101010
dtf7-20-LEVELS.log:[ERROR] 2000-01-01 00:00:11 -0400 [dtf7-20-LEVELS] 11111111111
dtf7-20-LEVELS.log.gz:[ERROR] 2000-01-01 00:00:11 -0400 [dtf7-20-LEVELS] 11111111111
dtf7-20-LEVELS.log.old:[ERROR] 2000-01-01 00:00:11 -0400 [dtf7-20-LEVELS] 11111111111
dtf7-20-LEVELS.log.old.gz:[ERROR] 2000-01-01 00:00:11 -0400 [dtf7-20-LEVELS] 11111111111
dtf7-20-LEVELS.log:[ERROR] 2000-01-01 00:00:11 -0400 [dtf7-20-LEVELS] 11111111111
dtf7-20-LEVELS.log.xz:[ERROR] 2000-01-01 00:00:11 -0400 [dtf7-20-LEVELS] 11111111111
dtf7-20-LEVELS.log:[WARNING] 2000-01-01 00:00:12 -0400 [dtf7-20-LEVELS] 121212121212
dtf7-20-LEVELS.log.gz:[WARNING] 2000-01-01 00:00:12 -0400 [dtf7-20-LEVELS] 121212121212
dtf7-20-LEVELS.log.old:[WARNING] 2000-01-01 00:00:12 -0400 [dtf7-20-LEVELS] 121212121212
dtf7-20-LEVELS.log.old.gz:[WARNING] 2000-01-01 00:00:12 -0400 [dtf7-20-LEVELS] 121212121212
dtf7-20-LEVELS.log:[WARNING] 2000-01-01 00:00:12 -0400 [dtf7-20-LEVELS] 121212121212
dtf7-20-LEVELS.log.xz:[WARNING] 2000-01-01 00:00:12 -0400 [dtf7-20-LEVELS] 121212121212
dtf7-20-LEVELS.log:[INFO] 2000-01-01 00:00:13 -0400 [dtf7-20-LEVELS] 1313131313131
dtf7-20-LEVELS.log.gz:[INFO] 2000-01-01 00:00:13 -0400 [dtf7-20-LEVELS] 1313131313131
dtf7-20-LEVELS.log.old:[INFO] 2000-01-01 00:00:13 -0400 [dtf7-20-LEVELS] 1313131313131
dtf7-20-LEVELS.log.old.gz:[INFO] 2000-01-01 00:00:13 -0400 [dtf7-20-LEVELS] 1313131313131
dtf7-20-LEVELS.log:[INFO] 2000-01-01 00:00:13 -0400 [dtf7-20-LEVELS] 1313131313131
dtf7-20-LEVELS.log.xz:[INFO] 2000-01-01 00:00:13 -0400 [dtf7-20-LEVELS] 1313131313131
dtf7-20-LEVELS.log:[VERBOSE] 2000-01-01 00:00:14 -0400 [dtf7-20-LEVELS] 14141414141414
dtf7-20-LEVELS.log.gz:[VERBOSE] 2000-01-01 00:00:14 -0400 [dtf7-20-LEVELS] 14141414141414
dtf7-20-LEVELS.log.old:[VERBOSE] 2000-01-01 00:00:14 -0400 [dtf7-20-LEVELS] 14141414141414
dtf7-20-LEVELS.log.old.gz:[VERBOSE] 2000-01-01 00:00:14 -0400 [dtf7-20-LEVELS] 14141414141414
dtf7-20-LEVELS.log:[VERBOSE] 2000-01-01 00:00:14 -0400 [dtf7-20-LEVELS] 14141414141414
dtf7-20-LEVELS.log.xz:[VERBOSE] 2000-01-01 00:00:14 -0400 [dtf7-20-LEVELS] 14141414141414
dtf7-20-LEVELS.log:[TRACE] 2000-01-01 00:00:15 -0400 [dtf7-20-LEVELS] 151515151515151
dtf7-20-LEVELS.log.gz:[TRACE] 2000-01-01 00:00:15 -0400 [dtf7-20-LEVELS] 151515151515151
dtf7-20-LEVELS.log.old:[TRACE] 2000-01-01 00:00:15 -0400 [dtf7-20-LEVELS] 151515151515151
dtf7-20-LEVELS.log.old.gz:[TRACE] 2000-01-01 00:00:15 -0400 [dtf7-20-LEVELS] 151515151515151
dtf7-20-LEVELS.log:[TRACE] 2000-01-01 00:00:15 -0400 [dtf7-20-LEVELS] 151515151515151
dtf7-20-LEVELS.log.xz:[TRACE] 2000-01-01 00:00:15 -0400 [dtf7-20-LEVELS] 151515151515151
dtf7-20-LEVELS.log:[TRACE] 2000-01-01 00:00:16 -0400 [dtf7-20-LEVELS] 1616161616161616
dtf7-20-LEVELS.log.gz:[TRACE] 2000-01-01 00:00:16 -0400 [dtf7-20-LEVELS] 1616161616161616
dtf7-20-LEVELS.log.old:[TRACE] 2000-01-01 00:00:16 -0400 [dtf7-20-LEVELS] 1616161616161616
dtf7-20-LEVELS.log.old.gz:[TRACE] 2000-01-01 00:00:16 -0400 [dtf7-20-LEVELS] 1616161616161616
dtf7-20-LEVELS.log:[TRACE] 2000-01-01 00:00:16 -0400 [dtf7-20-LEVELS] 1616161616161616
dtf7-20-LEVELS.log.xz:[TRACE] 2000-01-01 00:00:16 -0400 [dtf7-20-LEVELS] 1616161616161616
dtf7-20-LEVELS.log:[ERROR] 2000-01-01 00:00:17 -0400 [dtf7-20-LEVELS] 17171717171717171
dtf7-20-LEVELS.log.gz:[ERROR] 2000-01-01 00:00:17 -0400 [dtf7-20-LEVELS] 17171717171717171
dtf7-20-LEVELS.log.old:[ERROR] 2000-01-01 00:00:17 -0400 [dtf7-20-LEVELS] 17171717171717171
dtf7-20-LEVELS.log.old.gz:[ERROR] 2000-01-01 00:00:17 -0400 [dtf7-20-LEVELS] 17171717171717171
dtf7-20-LEVELS.log:[ERROR] 2000-01-01 00:00:17 -0400 [dtf7-20-LEVELS] 17171717171717171
dtf7-20-LEVELS.log.xz:[ERROR] 2000-01-01 00:00:17 -0400 [dtf7-20-LEVELS] 17171717171717171
dtf7-20-LEVELS.log:[WARNING] 2000-01-01 00:00:18 -0400 [dtf7-20-LEVELS] 181818181818181818
dtf7-20-LEVELS.log.gz:[WARNING] 2000-01-01 00:00:18 -0400 [dtf7-20-LEVELS] 181818181818181818
dtf7-20-LEVELS.log.old:[WARNING] 2000-01-01 00:00:18 -0400 [dtf7-20-LEVELS] 181818181818181818
dtf7-20-LEVELS.log.old.gz:[WARNING] 2000-01-01 00:00:18 -0400 [dtf7-20-LEVELS] 181818181818181818
dtf7-20-LEVELS.log:[WARNING] 2000-01-01 00:00:18 -0400 [dtf7-20-LEVELS] 181818181818181818
dtf7-20-LEVELS.log.xz:[WARNING] 2000-01-01 00:00:18 -0400 [dtf7-20-LEVELS] 181818181818181818
dtf7-20-LEVELS.log:[INFO] 2000-01-01 00:00:19 -0400 [dtf7-20-LEVELS] 191919191919191919
dtf7-20-LEVELS.log.gz:[INFO] 2000-01-01 00:00:19 -0400 [dtf7-20-LEVELS] 191919191919191919
dtf7-20-LEVELS.log.old:[INFO] 2000-01-01 00:00:19 -0400 [dtf7-20-LEVELS] 191919191919191919
dtf7-20-LEVELS.log.old.gz:[INFO] 2000-01-01 00:00:19 -0400 [dtf7-20-LEVELS] 191919191919191919
dtf7-20-LEVELS.log:[INFO] 2000-01-01 00:00:19 -0400 [dtf7-20-LEVELS] 191919191919191919
dtf7-20-LEVELS.log.xz:[INFO] 2000-01-01 00:00:19 -0400 [dtf7-20-LEVELS] 191919191919191919
dtf7-20-LEVELS.log:[VERBOSE] 2000-01-01 00:00:20 -0400 [dtf7-20-LEVELS] 20202020202020202020
dtf7-20-LEVELS.log.gz:[VERBOSE] 2000-01-01 00:00:20 -0400 [dtf7-20-LEVELS] 20202020202020202020
dtf7-20-LEVELS.log.old:[VERBOSE] 2000-01-01 00:00:20 -0400 [dtf7-20-LEVELS] 20202020202020202020
dtf7-20-LEVELS.log.old.gz:[VERBOSE] 2000-01-01 00:00:20 -0400 [dtf7-20-LEVELS] 20202020202020202020
dtf7-20-LEVELS.log:[VERBOSE] 2000-01-01 00:00:20 -0400 [dtf7-20-LEVELS] 20202020202020202020
dtf7-20-LEVELS.log.xz:[VERBOSE] 2000-01-01 00:00:20 -0400 [dtf7-20-LEVELS] 20202020202020202020
dtf8-20-LEVELS.log:[ERROR] 2000-01-01 00:00:01 -1200 [dtf8-20-LEVELS] -1200 1
dtf8-20-LEVELS.log:[WARNING] 2000-01-01 00:00:02 -1130 [dtf8-20-LEVELS] -1130 22
dtf8-20-LEVELS.log:[INFO] 2000-01-01 00:00:03 -1100 [dtf8-20-LEVELS] -1100 333
dtf8-20-LEVELS.log:[VERBOSE] 2000-01-01 00:00:04 -1030 [dtf8-20-LEVELS] -1030 4444
dtf8-20-LEVELS.log:[TRACE] 2000-01-01 00:00:05 -1000 [dtf8-20-LEVELS] -1000 55555
dtf8-20-LEVELS.log:[ERROR] 2000-01-01 00:00:06 -0930 [dtf8-20-LEVELS] -0930 666666
dtf8-20-LEVELS.log:[WARNING] 2000-01-01 00:00:07 -0900 [dtf8-20-LEVELS] -0900 7777777
dtf8-20-LEVELS.log:[INFO] 2000-01-01 00:00:08 -0830 [dtf8-20-LEVELS] -0830 88888888
dtf8-20-LEVELS.log:[VERBOSE] 2000-01-01 00:00:09 -0800 [dtf8-20-LEVELS] -0800 999999999
dtf8-20-LEVELS.log:[TRACE] 2000-01-01 00:00:10 -0730 [dtf8-20-LEVELS] -0730 1010101010
dtf8-20-LEVELS.log:[ERROR] 2000-01-01 00:00:11 -0700 [dtf8-20-LEVELS] -0700 11111111111
dtf8-20-LEVELS.log:[WARNING] 2000-01-01 00:00:12 -0630 [dtf8-20-LEVELS] -0630 121212121212
dtf8-20-LEVELS.log:[INFO] 2000-01-01 00:00:13 -0530 [dtf8-20-LEVELS] -0530 1313131313131
dtf8-20-LEVELS.log:[VERBOSE] 2000-01-01 00:00:14 -0500 [dtf8-20-LEVELS] -0500 14141414141414
dtf8-20-LEVELS.log:[TRACE] 2000-01-01 00:00:15 -0430 [dtf8-20-LEVELS] -0430 151515151515151
dtf8-20-LEVELS.log:[TRACE] 2000-01-01 00:00:16 -0400 [dtf8-20-LEVELS] -0400 1616161616161616
dtf8-20-LEVELS.log:[ERROR] 2000-01-01 00:00:17 -0330 [dtf8-20-LEVELS] -0330 17171717171717171
dtf8-20-LEVELS.log:[WARNING] 2000-01-01 00:00:18 -0300 [dtf8-20-LEVELS] -0300 181818181818181818
dtf8-20-LEVELS.log:[INFO] 2000-01-01 00:00:19 -0230 [dtf8-20-LEVELS] -0230 191919191919191919
dtf8-20-LEVELS.log:[VERBOSE] 2000-01-01 00:00:20 -0200 [dtf8-20-LEVELS] -0200 20202020202020202020
dtf9d-54-12x3-closeyearend-leapday.log:Jan 1 16:00:00 FNT 53
dtf11-A.log:2000-02-01 00:00:00 [dtf11-A]ab
dtf11-A.log:2000-03-01 00:00:00 [dtf11-A]abc
dtf11-A.log:2000-04-01 00:00:00 [dtf11-A]abcd
dtf11-A.log:2000-05-01 00:00:00 [dtf11-A]abcde
dtf11-A.log:2000-06-01 00:00:00 [dtf11-A]abcdef
dtf11-A.log:2000-07-01 00:00:00 [dtf11-A]abcdefg
dtf11-A.log:2000-08-01 00:00:00 [dtf11-A]abcdefgh
dtf11-A.log:2000-09-01 00:00:00 [dtf11-A]abcdefghi
dtf11-A.log:2000-10-01 00:00:00 [dtf11-A]abcdefghij
dtf11-A.log:2000-11-01 00:00:00 [dtf11-A]abcdefghijk
dtf11-A.log:2000-12-01 00:00:00 [dtf11-A]abcdefghijkl
dtf11-A.log:2000-12-31 00:00:00 [dtf11-A]abcdefghijklm
dtf9d-12x3-37.log:Dec 31 23:00:00 HDT 0
dtf9d-12x3-37.log:Jan 1 01:00:00 HDT 1
dtf9d-12x3-37.log:Feb 29 02:00:00 HDT 2
dtf9d-12x3-37.log:Mar 3 03:00:00 HDT 3
dtf9d-12x3-37.log:Apr 4 04:00:00 HDT 4
dtf9d-12x3-37.log:May 5 05:00:00 HDT 5
dtf9d-12x3-37.log:Jun 6 06:00:00 HDT 6
dtf9d-12x3-37.log:Jul 7 07:00:00 HDT 7
dtf9d-12x3-37.log:Aug 8 08:00:00 HDT 8
dtf9d-12x3-37.log:Sep 9 09:00:00 HDT 9
dtf9d-12x3-37.log:Oct 10 10:00:00 HDT 10
dtf9d-12x3-37.log:Nov 11 11:00:00 HDT 11
dtf9d-24-12x2-backwards.log:Dec 12 12:00:00 HDT 0
dtf9b-12-leapday.log:Jan 1 01:00:00 0 ðŸ˜€ðŸ˜ðŸ˜‚ðŸ˜ƒðŸ˜„ðŸ˜…ðŸ˜†ðŸ˜‡ðŸ˜ˆðŸ˜‰ðŸ˜ŠðŸ˜‹ðŸ˜ŒðŸ˜ðŸ˜ŽðŸ˜ðŸ˜ðŸ˜‘ðŸ˜’ðŸ˜“ðŸ˜”ðŸ˜•ðŸ˜–ðŸ˜—ðŸ˜˜ðŸ˜™ðŸ˜šðŸ˜›ðŸ˜œðŸ˜ðŸ˜žðŸ˜ŸðŸ˜ ðŸ˜¡ðŸ˜¢ðŸ˜£ðŸ˜¤ðŸ˜¥ðŸ˜¦ðŸ˜§ðŸ˜¨ðŸ˜©ðŸ˜ªðŸ˜«ðŸ˜¬ðŸ˜­ðŸ˜®ðŸ˜¯ðŸ˜°ðŸ˜±ðŸ˜²ðŸ˜³ðŸ˜´ðŸ˜µðŸ˜¶ðŸ˜·ðŸ˜¸ðŸ˜¹ðŸ˜ºðŸ˜»ðŸ˜¼ðŸ˜½ðŸ˜¾ðŸ˜¿ðŸ™€ðŸ™ðŸ™‚ðŸ™ƒ
dtf9b-12-leapday.log:Feb 29 02:00:00 1 ðŸ˜ðŸ˜‚ðŸ˜ƒðŸ˜„ðŸ˜…ðŸ˜†ðŸ˜‡ðŸ˜ˆðŸ˜‰ðŸ˜ŠðŸ˜‹ðŸ˜ŒðŸ˜ðŸ˜ŽðŸ˜ðŸ˜ðŸ˜‘ðŸ˜’ðŸ˜“ðŸ˜”ðŸ˜•ðŸ˜–ðŸ˜—ðŸ˜˜ðŸ˜™ðŸ˜šðŸ˜›ðŸ˜œðŸ˜ðŸ˜žðŸ˜ŸðŸ˜ ðŸ˜¡ðŸ˜¢ðŸ˜£ðŸ˜¤ðŸ˜¥ðŸ˜¦ðŸ˜§ðŸ˜¨ðŸ˜©ðŸ˜ªðŸ˜«ðŸ˜¬ðŸ˜­ðŸ˜®ðŸ˜¯ðŸ˜°ðŸ˜±ðŸ˜²ðŸ˜³ðŸ˜´ðŸ˜µðŸ˜¶ðŸ˜·ðŸ˜¸ðŸ˜¹ðŸ˜ºðŸ˜»ðŸ˜¼ðŸ˜½ðŸ˜¾ðŸ˜¿ðŸ™€ðŸ™ðŸ™‚ðŸ™ƒðŸ˜€
dtf9d-12x3-37.log:Dec 31 23:00:00 HDT 12
dtf9d-12x3-37.log:Jan 1 01:00:00 HDT 13
dtf9d-12x3-37.log:Feb 28 02:00:00 HDT 14
dtf9b-12-leapday.log:Mar 3 03:00:00 2 ðŸ˜‚ðŸ˜ƒðŸ˜„ðŸ˜…ðŸ˜†ðŸ˜‡ðŸ˜ˆðŸ˜‰ðŸ˜ŠðŸ˜‹ðŸ˜ŒðŸ˜ðŸ˜ŽðŸ˜ðŸ˜ðŸ˜‘ðŸ˜’ðŸ˜“ðŸ˜”ðŸ˜•ðŸ˜–ðŸ˜—ðŸ˜˜ðŸ˜™ðŸ˜šðŸ˜›ðŸ˜œðŸ˜ðŸ˜žðŸ˜ŸðŸ˜ ðŸ˜¡ðŸ˜¢ðŸ˜£ðŸ˜¤ðŸ˜¥ðŸ˜¦ðŸ˜§ðŸ˜¨ðŸ˜©ðŸ˜ªðŸ˜«ðŸ˜¬ðŸ˜­ðŸ˜®ðŸ˜¯ðŸ˜°ðŸ˜±ðŸ˜²ðŸ˜³ðŸ˜´ðŸ˜µðŸ˜¶ðŸ˜·ðŸ˜¸ðŸ˜¹ðŸ˜ºðŸ˜»ðŸ˜¼ðŸ˜½ðŸ˜¾ðŸ˜¿ðŸ™€ðŸ™ðŸ™‚ðŸ™ƒðŸ˜€ðŸ˜
dtf9d-12x3-37.log:Mar 3 03:00:00 HDT 15
dtf9b-12-leapday.log:Apr 4 04:00:00 3 ðŸ˜ƒðŸ˜„ðŸ˜…ðŸ˜†ðŸ˜‡ðŸ˜ˆðŸ˜‰ðŸ˜ŠðŸ˜‹ðŸ˜ŒðŸ˜ðŸ˜ŽðŸ˜ðŸ˜ðŸ˜‘ðŸ˜’ðŸ˜“ðŸ˜”ðŸ˜•ðŸ˜–ðŸ˜—ðŸ˜˜ðŸ˜™ðŸ˜šðŸ˜›ðŸ˜œðŸ˜ðŸ˜žðŸ˜ŸðŸ˜ ðŸ˜¡ðŸ˜¢ðŸ˜£ðŸ˜¤ðŸ˜¥ðŸ˜¦ðŸ˜§ðŸ˜¨ðŸ˜©ðŸ˜ªðŸ˜«ðŸ˜¬ðŸ˜­ðŸ˜®ðŸ˜¯ðŸ˜°ðŸ˜±ðŸ˜²ðŸ˜³ðŸ˜´ðŸ˜µðŸ˜¶ðŸ˜·ðŸ˜¸ðŸ˜¹ðŸ˜ºðŸ˜»ðŸ˜¼ðŸ˜½ðŸ˜¾ðŸ˜¿ðŸ™€ðŸ™ðŸ™‚ðŸ™ƒðŸ˜€ðŸ˜ðŸ˜‚
dtf9d-12x3-37.log:Apr 4 04:00:00 HDT 16
dtf9b-12-leapday.log:May 5 05:00:00 4 ðŸ˜„ðŸ˜…ðŸ˜†ðŸ˜‡ðŸ˜ˆðŸ˜‰ðŸ˜ŠðŸ˜‹ðŸ˜ŒðŸ˜ðŸ˜ŽðŸ˜ðŸ˜ðŸ˜‘ðŸ˜’ðŸ˜“ðŸ˜”ðŸ˜•ðŸ˜–ðŸ˜—ðŸ˜˜ðŸ˜™ðŸ˜šðŸ˜›ðŸ˜œðŸ˜ðŸ˜žðŸ˜ŸðŸ˜ ðŸ˜¡ðŸ˜¢ðŸ˜£ðŸ˜¤ðŸ˜¥ðŸ˜¦ðŸ˜§ðŸ˜¨ðŸ˜©ðŸ˜ªðŸ˜«ðŸ˜¬ðŸ˜­ðŸ˜®ðŸ˜¯ðŸ˜°ðŸ˜±ðŸ˜²ðŸ˜³ðŸ˜´ðŸ˜µðŸ˜¶ðŸ˜·ðŸ˜¸ðŸ˜¹ðŸ˜ºðŸ˜»ðŸ˜¼ðŸ˜½ðŸ˜¾ðŸ˜¿ðŸ™€ðŸ™ðŸ™‚ðŸ™ƒðŸ˜€ðŸ˜ðŸ˜‚ðŸ˜ƒ
dtf9d-12x3-37.log:May 5 05:00:00 HDT 17
dtf9b-12-leapday.log:Jun 6 06:00:00 5 ðŸ˜…ðŸ˜†ðŸ˜‡ðŸ˜ˆðŸ˜‰ðŸ˜ŠðŸ˜‹ðŸ˜ŒðŸ˜ðŸ˜ŽðŸ˜ðŸ˜ðŸ˜‘ðŸ˜’ðŸ˜“ðŸ˜”ðŸ˜•ðŸ˜–ðŸ˜—ðŸ˜˜ðŸ˜™ðŸ˜šðŸ˜›ðŸ˜œðŸ˜ðŸ˜žðŸ˜ŸðŸ˜ ðŸ˜¡ðŸ˜¢ðŸ˜£ðŸ˜¤ðŸ˜¥ðŸ˜¦ðŸ˜§ðŸ˜¨ðŸ˜©ðŸ˜ªðŸ˜«ðŸ˜¬ðŸ˜­ðŸ˜®ðŸ˜¯ðŸ˜°ðŸ˜±ðŸ˜²ðŸ˜³ðŸ˜´ðŸ˜µðŸ˜¶ðŸ˜·ðŸ˜¸ðŸ˜¹ðŸ˜ºðŸ˜»ðŸ˜¼ðŸ˜½ðŸ˜¾ðŸ˜¿ðŸ™€ðŸ™ðŸ™‚ðŸ™ƒðŸ˜€ðŸ˜ðŸ˜‚ðŸ˜ƒðŸ˜„
dtf9d-12x3-37.log:Jun 6 06:00:00 HDT 18
dtf9b-12-leapday.log:Jul 7 07:00:00 6 ðŸ˜†ðŸ˜‡ðŸ˜ˆðŸ˜‰ðŸ˜ŠðŸ˜‹ðŸ˜ŒðŸ˜ðŸ˜ŽðŸ˜ðŸ˜ðŸ˜‘ðŸ˜’ðŸ˜“ðŸ˜”ðŸ˜•ðŸ˜–ðŸ˜—ðŸ˜˜ðŸ˜™ðŸ˜šðŸ˜›ðŸ˜œðŸ˜ðŸ˜žðŸ˜ŸðŸ˜ ðŸ˜¡ðŸ˜¢ðŸ˜£ðŸ˜¤ðŸ˜¥ðŸ˜¦ðŸ˜§ðŸ˜¨ðŸ˜©ðŸ˜ªðŸ˜«ðŸ˜¬ðŸ˜­ðŸ˜®ðŸ˜¯ðŸ˜°ðŸ˜±ðŸ˜²ðŸ˜³ðŸ˜´ðŸ˜µðŸ˜¶ðŸ˜·ðŸ˜¸ðŸ˜¹ðŸ˜ºðŸ˜»ðŸ˜¼ðŸ˜½ðŸ˜¾ðŸ˜¿ðŸ™€ðŸ™ðŸ™‚ðŸ™ƒðŸ˜€ðŸ˜ðŸ˜‚ðŸ˜ƒðŸ˜„ðŸ˜…
dtf9d-12x3-37.log:Jul 7 07:00:00 HDT 19
dtf9b-12-leapday.log:Aug 8 08:00:00 7 ðŸ˜‡ðŸ˜ˆðŸ˜‰ðŸ˜ŠðŸ˜‹ðŸ˜ŒðŸ˜ðŸ˜ŽðŸ˜ðŸ˜ðŸ˜‘ðŸ˜’ðŸ˜“ðŸ˜”ðŸ˜•ðŸ˜–ðŸ˜—ðŸ˜˜ðŸ˜™ðŸ˜šðŸ˜›ðŸ˜œðŸ˜ðŸ˜žðŸ˜ŸðŸ˜ ðŸ˜¡ðŸ˜¢ðŸ˜£ðŸ˜¤ðŸ˜¥ðŸ˜¦ðŸ˜§ðŸ˜¨ðŸ˜©ðŸ˜ªðŸ˜«ðŸ˜¬ðŸ˜­ðŸ˜®ðŸ˜¯ðŸ˜°ðŸ˜±ðŸ˜²ðŸ˜³ðŸ˜´ðŸ˜µðŸ˜¶ðŸ˜·ðŸ˜¸ðŸ˜¹ðŸ˜ºðŸ˜»ðŸ˜¼ðŸ˜½ðŸ˜¾ðŸ˜¿ðŸ™€ðŸ™ðŸ™‚ðŸ™ƒðŸ˜€ðŸ˜ðŸ˜‚ðŸ˜ƒðŸ˜„ðŸ˜…ðŸ˜†
dtf9d-12x3-37.log:Aug 8 08:00:00 HDT 20
dtf9b-12-leapday.log:Sep 9 09:00:00 8 ðŸ˜ˆðŸ˜‰ðŸ˜ŠðŸ˜‹ðŸ˜ŒðŸ˜ðŸ˜ŽðŸ˜ðŸ˜ðŸ˜‘ðŸ˜’ðŸ˜“ðŸ˜”ðŸ˜•ðŸ˜–ðŸ˜—ðŸ˜˜ðŸ˜™ðŸ˜šðŸ˜›ðŸ˜œðŸ˜ðŸ˜žðŸ˜ŸðŸ˜ ðŸ˜¡ðŸ˜¢ðŸ˜£ðŸ˜¤ðŸ˜¥ðŸ˜¦ðŸ˜§ðŸ˜¨ðŸ˜©ðŸ˜ªðŸ˜«ðŸ˜¬ðŸ˜­ðŸ˜®ðŸ˜¯ðŸ˜°ðŸ˜±ðŸ˜²ðŸ˜³ðŸ˜´ðŸ˜µðŸ˜¶ðŸ˜·ðŸ˜¸ðŸ˜¹ðŸ˜ºðŸ˜»ðŸ˜¼ðŸ˜½ðŸ˜¾ðŸ˜¿ðŸ™€ðŸ™ðŸ™‚ðŸ™ƒðŸ˜€ðŸ˜ðŸ˜‚ðŸ˜ƒðŸ˜„ðŸ˜…ðŸ˜†ðŸ˜‡
dtf9d-12x3-37.log:Sep 9 09:00:00 HDT 21
messages:Oct  8 06:18:20 localhost kernel: Linux version 5.14.0-70.22.1.el9_0.x86_64 (mockbuild@dal1-prod-builder001.bld.equ.rockylinux.org) (gcc (GCC) 11.2.1 20220127 (Red Hat 11.2.1-9), GNU ld version 2.35.2-17.el9) #1 SMP PREEMPT Tue Aug 9 19:45:51 UTC 2022
messages:Oct  8 06:18:20 localhost kernel: The list of certified hardware and cloud instances for Red Hat Enterprise Linux 9 can be viewed at the Red Hat Ecosystem Catalog, https://catalog.redhat.com.
messages:Oct  8 06:18:20 localhost kernel: Command line: BOOT_IMAGE=(hd0,gpt2)/vmlinuz-5.14.0-70.22.1.el9_0.x86_64 root=UUID=00000000-1111-2222-bda1-012345678911 ro console=ttyS0,115200n8 no_timer_check net.ifnames=0 crashkernel=1G-4G:192M,4G-64G:256M,64G-:512M console=tty0
messages:Oct  8 06:18:20 localhost kernel: x86/fpu: Supporting XSAVE feature 0x001: 'x87 floating point registers'
messages:Oct  8 06:18:20 localhost kernel: x86/fpu: Supporting XSAVE feature 0x002: 'SSE registers'
messages:Oct  8 06:18:20 localhost kernel: x86/fpu: Supporting XSAVE feature 0x004: 'AVX registers'
messages:Oct  8 06:18:20 localhost kernel: x86/fpu: xstate_offset[2]:  576, xstate_sizes[2]:  256
messages:Oct  8 06:18:20 localhost kernel: x86/fpu: Enabled xstate features 0x7, context size is 832 bytes, using 'standard' format.
messages:Oct  8 06:18:20 localhost kernel: signal: max sigframe size: 1776
messages:Oct  8 06:18:20 localhost kernel: BIOS-provided physical RAM map:
messages:Oct  8 06:18:20 localhost kernel: BIOS-e820: [mem 0x0000000000000000-0x000000000009fbff] usable
messages:Oct  8 06:18:20 localhost kernel: BIOS-e820: [mem 0x000000000009fc00-0x000000000009ffff] reserved
messages:Oct  8 06:18:20 localhost kernel: BIOS-e820: [mem 0x00000000000f0000-0x00000000000fffff] reserved
messages:Oct  8 06:18:20 localhost kernel: BIOS-e820: [mem 0x0000000000100000-0x000000001ffd7fff] usable
messages:Oct  8 06:18:20 localhost kernel: BIOS-e820: [mem 0x000000001ffd8000-0x000000001fffffff] reserved
messages:Oct  8 06:18:20 localhost kernel: BIOS-e820: [mem 0x00000000feffc000-0x00000000feffffff] reserved
messages:Oct  8 06:18:20 localhost kernel: BIOS-e820: [mem 0x00000000fffc0000-0x00000000ffffffff] reserved
messages:Oct  8 06:18:20 localhost kernel: NX (Execute Disable) protection: active
messages:Oct  8 06:18:20 localhost kernel: SMBIOS 2.8 present.
messages:Oct  8 06:18:20 localhost kernel: DMI: DigitalOcean Droplet/Droplet, BIOS 20171212 12/12/2017
messages:Oct  8 06:18:20 localhost kernel: Hypervisor detected: KVM
messages:Oct  8 06:18:20 localhost kernel: kvm-clock: Using msrs 4b564d01 and 4b564d00
messages:Oct  8 06:18:20 localhost kernel: kvm-clock: cpu 0, msr 18c01001, primary cpu clock
messages:Oct  8 06:18:20 localhost kernel: kvm-clock: using sched offset of 0123456789 cycles
messages:Oct  8 06:18:20 localhost kernel: clocksource: kvm-clock: mask: 0xffffffffffffffff max_cycles: 0x1cd42e4dffb, max_idle_ns: 012345678911 ns
messages:Oct  8 06:18:20 localhost kernel: tsc: Detected 2494.140 MHz processor
messages:Oct  8 06:18:20 localhost kernel: last_pfn = 0x1ffd8 max_arch_pfn = 0x400000000
messages:Oct  8 06:18:20 localhost kernel: x86/PAT: Configuration [0-7]: WB  WC  UC- UC  WB  WP  UC- WT
messages:Oct  8 06:18:20 localhost kernel: found SMP MP-table at [mem 0x000f5c60-0x000f5c6f]
messages:Oct  8 06:18:20 localhost kernel: RAMDISK: [mem 0x1ae09000-0x1e7effff]
messages:Oct  8 06:18:20 localhost kernel: ACPI: Early table checksum verification disabled
messages:Oct  8 06:18:20 localhost kernel: ACPI: RSDP 0x00000000000F5A50 19167 (v00 BOCHS )
messages:Oct  8 06:18:20 localhost kernel: ACPI: RSDT 0x000000001FFE1930 19167 (v01 BOCHS  BXPC     00000001 BXPC 00000001)
messages:Oct  8 06:18:20 localhost kernel: ACPI: FACP 0x000000001FFE172C 19167 (v01 BOCHS  BXPC     00000001 BXPC 00000001)
messages:Oct  8 06:18:20 localhost kernel: ACPI: DSDT 0x000000001FFE0040 0016EC (v01 BOCHS  BXPC     00000001 BXPC 00000001)
messages:Oct  8 06:18:20 localhost kernel: ACPI: FACS 0x000000001FFE0000 19167
messages:Oct  8 06:18:20 localhost kernel: ACPI: APIC 0x000000001FFE17A0 19167 (v01 BOCHS  BXPC     00000001 BXPC 00000001)
messages:Oct  8 06:18:20 localhost kernel: ACPI: HPET 0x000000001FFE1818 19167 (v01 BOCHS  BXPC     00000001 BXPC 00000001)
messages:Oct  8 06:18:20 localhost kernel: ACPI: SRAT 0x000000001FFE1850 0000B8 (v01 BOCHS  BXPC     00000001 BXPC 00000001)
messages:Oct  8 06:18:20 localhost kernel: ACPI: WAET 0x000000001FFE1908 19167 (v01 BOCHS  BXPC     00000001 BXPC 00000001)
messages:Oct  8 06:18:20 localhost kernel: ACPI: Reserving FACP table memory at [mem 0x1ffe172c-0x1ffe179f]
messages:Oct  8 06:18:20 localhost kernel: ACPI: Reserving DSDT table memory at [mem 0x1ffe0040-0x1ffe172b]
messages:Oct  8 06:18:20 localhost kernel: ACPI: Reserving FACS table memory at [mem 0x1ffe0000-0x1ffe003f]
messages:Oct  8 06:18:20 localhost kernel: ACPI: Reserving APIC table memory at [mem 0x1ffe17a0-0x1ffe1817]
messages:Oct  8 06:18:20 localhost kernel: ACPI: Reserving HPET table memory at [mem 0x1ffe1818-0x1ffe184f]
messages:Oct  8 06:18:20 localhost kernel: ACPI: Reserving SRAT table memory at [mem 0x1ffe1850-0x1ffe1907]
messages:Oct  8 06:18:20 localhost kernel: ACPI: Reserving WAET table memory at [mem 0x1ffe1908-0x1ffe192f]
messages:Oct  8 06:18:20 localhost kernel: SRAT: PXM 0 -> APIC 0x00 -> Node 0
messages:Oct  8 06:18:20 localhost kernel: ACPI: SRAT: Node 0 PXM 0 [mem 0x00000000-0x0009ffff]
messages:Oct  8 06:18:20 localhost kernel: ACPI: SRAT: Node 0 PXM 0 [mem 0x00100000-0x1fffffff]
messages:Oct  8 06:18:20 localhost kernel: NUMA: Node 0 [mem 0x00000000-0x0009ffff] + [mem 0x00100000-0x1ffd7fff] -> [mem 0x00000000-0x1ffd7fff]
messages:Oct  8 06:18:20 localhost kernel: NODE_DATA(0) allocated [mem 0x1ffad000-0x1ffd7fff]
messages:Oct  8 06:18:20 localhost kernel: crashkernel: invalid size
messages:Oct  8 06:18:20 localhost kernel: Zone ranges:
messages:Oct  8 06:18:20 localhost kernel:  DMA      [mem 0x0000000000001000-0x0000000000ffffff]
messages:Oct  8 06:18:20 localhost kernel:  DMA32    [mem 0x0000000001000000-0x000000001ffd7fff]
messages:Oct  8 06:18:20 localhost kernel:  Normal   empty
messages:Oct  8 06:18:20 localhost kernel:  Device   empty
messages:Oct  8 06:18:20 localhost kernel: Movable zone start for each node
messages:Oct  8 06:18:20 localhost kernel: Early memory node ranges
messages:Oct  8 06:18:20 localhost kernel:  node   0: [mem 0x0000000000001000-0x000000000009efff]
messages:Oct  8 06:18:20 localhost kernel:  node   0: [mem 0x0000000000100000-0x000000001ffd7fff]
messages:Oct  8 06:18:20 localhost kernel: Initmem setup node 0 [mem 0x0000000000001000-0x000000001ffd7fff]
messages:Oct  8 06:18:20 localhost kernel: On node 0, zone DMA: 1 pages in unavailable ranges
messages:Oct  8 06:18:20 localhost kernel: On node 0, zone DMA: 97 pages in unavailable ranges
messages:Oct  8 06:18:20 localhost kernel: On node 0, zone DMA32: 40 pages in unavailable ranges
messages:Oct  8 06:18:20 localhost kernel: ACPI: PM-Timer IO Port: 0x608
messages:Oct  8 06:18:20 localhost kernel: ACPI: LAPIC_NMI (acpi_id[0xff] dfl dfl lint[0x1])
messages:Oct  8 06:18:20 localhost kernel: IOAPIC[0]: apic_id 0, version 17, address 0xfec00000, GSI 0-23
messages:Oct  8 06:18:20 localhost kernel: ACPI: INT_SRC_OVR (bus 0 bus_irq 0 global_irq 2 dfl dfl)
messages:Oct  8 06:18:20 localhost kernel: ACPI: INT_SRC_OVR (bus 0 bus_irq 5 global_irq 5 high level)
messages:Oct  8 06:18:20 localhost kernel: ACPI: INT_SRC_OVR (bus 0 bus_irq 9 global_irq 9 high level)
messages:Oct  8 06:18:20 localhost kernel: ACPI: INT_SRC_OVR (bus 0 bus_irq 10 global_irq 10 high level)
messages:Oct  8 06:18:20 localhost kernel: ACPI: INT_SRC_OVR (bus 0 bus_irq 11 global_irq 11 high level)
messages:Oct  8 06:18:20 localhost kernel: ACPI: Using ACPI (MADT) for SMP configuration information
messages:Oct  8 06:18:20 localhost kernel: ACPI: HPET id: 0x8086a201 base: 0xfed00000
messages:Oct  8 06:18:20 localhost kernel: TSC deadline timer available
messages:Oct  8 06:18:20 localhost kernel: smpboot: Allowing 1 CPUs, 0 hotplug CPUs
messages:Oct  8 06:18:20 localhost kernel: PM: hibernation: Registered nosave memory: [mem 0x00000000-0x00000fff]
messages:Oct  8 06:18:20 localhost kernel: PM: hibernation: Registered nosave memory: [mem 0x0009f000-0x0009ffff]
messages:Oct  8 06:18:20 localhost kernel: PM: hibernation: Registered nosave memory: [mem 0x000a0000-0x000effff]
messages:Oct  8 06:18:20 localhost kernel: PM: hibernation: Registered nosave memory: [mem 0x000f0000-0x000fffff]
messages:Oct  8 06:18:20 localhost kernel: [mem 0x20000000-0xfeffbfff] available for PCI devices
messages:Oct  8 06:18:20 localhost kernel: Booting paravirtualized kernel on KVM
messages:Oct  8 06:18:20 localhost kernel: clocksource: refined-jiffies: mask: 0xffffffff max_cycles: 0xffffffff, max_idle_ns: 0123456789112345 ns
messages:Oct  8 06:18:20 localhost kernel: setup_percpu: NR_CPUS:8192 nr_cpumask_bits:1 nr_cpu_ids:1 nr_node_ids:1
messages:Oct  8 06:18:20 localhost kernel: percpu: Embedded 53 pages/cpu s180224 r8192 d28672 u2097152
messages:Oct  8 06:18:20 localhost kernel: kvm-guest: stealtime: cpu 0, msr 1f42b080
messages:Oct  8 06:18:20 localhost kernel: kvm-guest: PV spinlocks disabled, no host support
messages:Oct  8 06:18:20 localhost kernel: Built 1 zonelists, mobility grouping on.  Total pages: 19167
messages:Oct  8 06:18:20 localhost kernel: Policy zone: DMA32
messages:Oct  8 06:18:20 localhost kernel: Kernel command line: BOOT_IMAGE=(hd0,gpt2)/vmlinuz-5.14.0-70.22.1.el9_0.x86_64 root=UUID=00000000-1111-2222-bda1-012345678911 ro console=ttyS0,115200n8 no_timer_check net.ifnames=0 crashkernel=1G-4G:192M,4G-64G:256M,64G-:512M console=tty0
messages:Oct  8 06:18:20 localhost kernel: Unknown kernel command line parameters "BOOT_IMAGE=(hd0,gpt2)/vmlinuz-5.14.0-70.22.1.el9_0.x86_64", will be passed to user space.
messages:Oct  8 06:18:20 localhost kernel: Dentry cache hash table entries: 18805 (order: 7, 19167 bytes, linear)
messages:Oct  8 06:18:20 localhost kernel: Inode-cache hash table entries: 18805 (order: 6, 19167 bytes, linear)
messages:Oct  8 06:18:20 localhost kernel: mem auto-init: stack:off, heap alloc:off, heap free:off
messages:Oct  8 06:18:20 localhost kernel: Memory: 260860K/523736K available (14345K kernel code, 5949K rwdata, 9056K rodata, 2548K init, 5452K bss, 122652K reserved, 0K cma-reserved)
messages:Oct  8 06:18:20 localhost kernel: random: get_random_u64 called from kmem_cache_open+0x1e/0x2d0 with crng_init=0
messages:Oct  8 06:18:20 localhost kernel: SLUB: HWalign=64, Order=0-3, MinObjects=0, CPUs=1, Nodes=1
messages:Oct  8 06:18:20 localhost kernel: Kernel/User page tables isolation: enabled
messages:Oct  8 06:18:20 localhost kernel: ftrace: allocating 18805 entries in 169 pages
messages:Oct  8 06:18:20 localhost kernel: ftrace: allocated 169 pages with 4 groups
messages:Oct  8 06:18:20 localhost kernel: Dynamic Preempt: voluntary
messages:Oct  8 06:18:20 localhost kernel: rcu: Preemptible hierarchical RCU implementation.
messages:Oct  8 06:18:20 localhost kernel: rcu: #011RCU restricting CPUs from NR_CPUS=8192 to nr_cpu_ids=1.
messages:Oct  8 06:18:20 localhost kernel: #011Trampoline variant of Tasks RCU enabled.
messages:Oct  8 06:18:20 localhost kernel: #011Rude variant of Tasks RCU enabled.
messages:Oct  8 06:18:20 localhost kernel: #011Tracing variant of Tasks RCU enabled.
messages:Oct  8 06:18:20 localhost kernel: rcu: RCU calculated value of scheduler-enlistment delay is 100 jiffies.
messages:Oct  8 06:18:20 localhost kernel: rcu: Adjusting geometry for rcu_fanout_leaf=16, nr_cpu_ids=1
messages:Oct  8 06:18:20 localhost kernel: NR_IRQS: 19167, nr_irqs: 256, preallocated irqs: 16
messages:Oct  8 06:18:20 localhost kernel: random: crng done (trusting CPU's manufacturer)
messages:Oct  8 06:18:20 localhost kernel: Console: colour VGA+ 80x25
messages:Oct  8 06:18:20 localhost kernel: printk: console [tty0] enabled
messages:Oct  8 06:18:20 localhost kernel: printk: console [ttyS0] enabled
messages:Oct  8 06:18:20 localhost kernel: ACPI: Core revision 20210604
messages:Oct  8 06:18:20 localhost kernel: clocksource: hpet: mask: 0xffffffff max_cycles: 0xffffffff, max_idle_ns: 19112604467 ns
messages:Oct  8 06:18:20 localhost kernel: APIC: Switch to symmetric I/O mode setup
messages:Oct  8 06:18:20 localhost kernel: x2apic enabled
messages:Oct  8 06:18:20 localhost kernel: Switched APIC routing to physical x2apic.
messages:Oct  8 06:18:20 localhost kernel: ..TIMER: vector=0x30 apic1=0 pin1=2 apic2=-1 pin2=-1
messages:Oct  8 06:18:20 localhost kernel: clocksource: tsc-early: mask: 0xffffffffffffffff max_cycles: 0x23f39a1d859, max_idle_ns: 012345678911 ns
messages:Oct  8 06:18:20 localhost kernel: Calibrating delay loop (skipped) preset value.. 4988.28 BogoMIPS (lpj=14783)
messages:Oct  8 06:18:20 localhost kernel: pid_max: default: 18805 minimum: 301
messages:Oct  8 06:18:20 localhost kernel: LSM: Security Framework initializing
messages:Oct  8 06:18:20 localhost kernel: Yama: becoming mindful.
messages:Oct  8 06:18:20 localhost kernel: SELinux:  Initializing.
messages:Oct  8 06:18:20 localhost kernel: LSM support for eBPF active
messages:Oct  8 06:18:20 localhost kernel: Mount-cache hash table entries: 1024 (order: 1, 8192 bytes, linear)
messages:Oct  8 06:18:20 localhost kernel: Mountpoint-cache hash table entries: 1024 (order: 1, 8192 bytes, linear)
messages:Oct  8 06:18:20 localhost kernel: Last level iTLB entries: 4KB 0, 2MB 0, 4MB 0
messages:Oct  8 06:18:20 localhost kernel: Last level dTLB entries: 4KB 0, 2MB 0, 4MB 0, 1GB 0
messages:Oct  8 06:18:20 localhost kernel: Spectre V1 : Mitigation: usercopy/swapgs barriers and __user pointer sanitization
messages:Oct  8 06:18:20 localhost kernel: Spectre V2 : Mitigation: Retpolines
messages:Oct  8 06:18:20 localhost kernel: Spectre V2 : Spectre v2 / SpectreRSB mitigation: Filling RSB on context switch
messages:Oct  8 06:18:20 localhost kernel: Spectre V2 : Enabling Restricted Speculation for firmware calls
messages:Oct  8 06:18:20 localhost kernel: Spectre V2 : mitigation: Enabling conditional Indirect Branch Prediction Barrier
messages:Oct  8 06:18:20 localhost kernel: Speculative Store Bypass: Mitigation: Speculative Store Bypass disabled via prctl
messages:Oct  8 06:18:20 localhost kernel: MDS: Mitigation: Clear CPU buffers
messages:Oct  8 06:18:20 localhost kernel: Freeing SMP alternatives memory: 36K
messages:Oct  8 06:18:20 localhost kernel: smpboot: CPU0: Intel DO-Regular (family: 0x6, model: 0x3f, stepping: 0x2)
messages:Oct  8 06:18:20 localhost kernel: Performance Events: unsupported p6 CPU model 63 no PMU driver, software events only.
messages:Oct  8 06:18:20 localhost kernel: rcu: Hierarchical SRCU implementation.
messages:Oct  8 06:18:20 localhost kernel: NMI watchdog: Perf NMI watchdog permanently disabled
messages:Oct  8 06:18:20 localhost kernel: smp: Bringing up secondary CPUs ...
messages:Oct  8 06:18:20 localhost kernel: smp: Brought up 1 node, 1 CPU
messages:Oct  8 06:18:20 localhost kernel: smpboot: Max logical packages: 1
messages:Oct  8 06:18:20 localhost kernel: smpboot: Total of 1 processors activated (4988.28 BogoMIPS)
messages:Oct  8 06:18:20 localhost kernel: node 0 deferred pages initialised in 2ms
messages:Oct  8 06:18:20 localhost kernel: devtmpfs: initialized
messages:Oct  8 06:18:20 localhost kernel: x86/mm: Memory block size: 128MB
messages:Oct  8 06:18:20 localhost kernel: clocksource: jiffies: mask: 0xffffffff max_cycles: 0xffffffff, max_idle_ns: 0123456789112345 ns
messages:Oct  8 06:18:20 localhost kernel: futex hash table entries: 256 (order: 2, 18805 bytes, linear)
messages:Oct  8 06:18:20 localhost kernel: pinctrl core: initialized pinctrl subsystem
messages:Oct  8 06:18:20 localhost kernel: NET: Registered PF_NETLINK/PF_ROUTE protocol family
messages:Oct  8 06:18:20 localhost kernel: DMA: preallocated 128 KiB GFP_KERNEL pool for atomic allocations
messages:Oct  8 06:18:20 localhost kernel: DMA: preallocated 128 KiB GFP_KERNEL|GFP_DMA pool for atomic allocations
messages:Oct  8 06:18:20 localhost kernel: DMA: preallocated 128 KiB GFP_KERNEL|GFP_DMA32 pool for atomic allocations
messages:Oct  8 06:18:20 localhost kernel: audit: initializing netlink subsys (disabled)
messages:Oct  8 06:18:20 localhost kernel: thermal_sys: Registered thermal governor 'fair_share'
messages:Oct  8 06:18:20 localhost kernel: thermal_sys: Registered thermal governor 'step_wise'
messages:Oct  8 06:18:20 localhost kernel: thermal_sys: Registered thermal governor 'user_space'
messages:Oct  8 06:18:20 localhost kernel: cpuidle: using governor menu
messages:Oct  8 06:18:20 localhost kernel: ACPI: bus type PCI registered
messages:Oct  8 06:18:20 localhost kernel: acpiphp: ACPI Hot Plug PCI Controller Driver version: 0.5
messages:Oct  8 06:18:20 localhost kernel: PCI: Using configuration type 1 for base access
messages:Oct  8 06:18:20 localhost kernel: Kprobes globally optimized
messages:Oct  8 06:18:20 localhost kernel: audit: type=2000 audit(0123456789.905:1): state=initialized audit_enabled=0 res=1
messages:Oct  8 06:18:20 localhost kernel: HugeTLB registered 2.00 MiB page size, pre-allocated 0 pages
messages:Oct  8 06:18:20 localhost kernel: cryptd: max_cpu_qlen set to 1000
messages:Oct  8 06:18:20 localhost kernel: ACPI: PRMT not present
messages:Oct  8 06:18:20 localhost kernel: ACPI: Added _OSI(Module Device)
messages:Oct  8 06:18:20 localhost kernel: ACPI: Added _OSI(Processor Device)
messages:Oct  8 06:18:20 localhost kernel: ACPI: Added _OSI(3.0 _SCP Extensions)
messages:Oct  8 06:18:20 localhost kernel: ACPI: Added _OSI(Processor Aggregator Device)
messages:Oct  8 06:18:20 localhost kernel: ACPI: Added _OSI(Linux-Dell-Video)
messages:Oct  8 06:18:20 localhost kernel: ACPI: Added _OSI(Linux-Lenovo-NV-HDMI-Audio)
messages:Oct  8 06:18:20 localhost kernel: ACPI: Added _OSI(Linux-HPI-Hybrid-Graphics)
messages:Oct  8 06:18:20 localhost kernel: ACPI: 1 ACPI AML tables successfully acquired and loaded
messages:Oct  8 06:18:20 localhost kernel: ACPI: Interpreter enabled
messages:Oct  8 06:18:20 localhost kernel: ACPI: PM: (supports S0 S3 S4 S5)
messages:Oct  8 06:18:20 localhost kernel: ACPI: Using IOAPIC for interrupt routing
messages:Oct  8 06:18:20 localhost kernel: PCI: Using host bridge windows from ACPI; if necessary, use "pci=nocrs" and report a bug
messages:Oct  8 06:18:20 localhost kernel: ACPI: Enabled 2 GPEs in block 00 to 0F
messages:Oct  8 06:18:20 localhost kernel: ACPI: PCI Root Bridge [PCI0] (domain 0000 [bus 00-ff])
messages:Oct  8 06:18:20 localhost kernel: acpi PNP0A03:00: _OSC: OS supports [ASPM ClockPM Segments MSI EDR HPX-Type3]
messages:Oct  8 06:18:20 localhost kernel: acpi PNP0A03:00: _OSC: not requesting OS control; OS requires [ExtendedConfig ASPM ClockPM MSI]
messages:Oct  8 06:18:20 localhost kernel: acpi PNP0A03:00: fail to add MMCONFIG information, can't access extended PCI configuration space under this bridge.
messages:Oct  8 06:18:20 localhost kernel: acpiphp: Slot [3] registered
messages:Oct  8 06:18:20 localhost kernel: acpiphp: Slot [4] registered
messages:Oct  8 06:18:20 localhost kernel: acpiphp: Slot [5] registered
messages:Oct  8 06:18:20 localhost kernel: acpiphp: Slot [6] registered
messages:Oct  8 06:18:20 localhost kernel: acpiphp: Slot [7] registered
messages:Oct  8 06:18:20 localhost kernel: acpiphp: Slot [8] registered
messages:Oct  8 06:18:20 localhost kernel: acpiphp: Slot [9] registered
messages:Oct  8 06:18:20 localhost kernel: acpiphp: Slot [10] registered
messages:Oct  8 06:18:20 localhost kernel: acpiphp: Slot [11] registered
messages:Oct  8 06:18:20 localhost kernel: acpiphp: Slot [12] registered
messages:Oct  8 06:18:20 localhost kernel: acpiphp: Slot [13] registered
messages:Oct  8 06:18:20 localhost kernel: acpiphp: Slot [14] registered
messages:Oct  8 06:18:20 localhost kernel: acpiphp: Slot [15] registered
messages:Oct  8 06:18:20 localhost kernel: acpiphp: Slot [16] registered
messages:Oct  8 06:18:20 localhost kernel: acpiphp: Slot [17] registered
messages:Oct  8 06:18:20 localhost kernel: acpiphp: Slot [18] registered
messages:Oct  8 06:18:20 localhost kernel: acpiphp: Slot [19] registered
messages:Oct  8 06:18:20 localhost kernel: acpiphp: Slot [20] registered
messages:Oct  8 06:18:20 localhost kernel: acpiphp: Slot [21] registered
messages:Oct  8 06:18:20 localhost kernel: acpiphp: Slot [22] registered
messages:Oct  8 06:18:20 localhost kernel: acpiphp: Slot [23] registered
messages:Oct  8 06:18:20 localhost kernel: acpiphp: Slot [24] registered
messages:Oct  8 06:18:20 localhost kernel: acpiphp: Slot [25] registered
messages:Oct  8 06:18:20 localhost kernel: acpiphp: Slot [26] registered
messages:Oct  8 06:18:20 localhost kernel: acpiphp: Slot [27] registered
messages:Oct  8 06:18:20 localhost kernel: acpiphp: Slot [28] registered
messages:Oct  8 06:18:20 localhost kernel: acpiphp: Slot [29] registered
messages:Oct  8 06:18:20 localhost kernel: acpiphp: Slot [30] registered
messages:Oct  8 06:18:20 localhost kernel: acpiphp: Slot [31] registered
messages:Oct  8 06:18:20 localhost kernel: PCI host bridge to bus 0000:00
messages:Oct  8 06:18:20 localhost kernel: pci_bus 0000:00: root bus resource [io  0x0000-0x0cf7 window]
messages:Oct  8 06:18:20 localhost kernel: pci_bus 0000:00: root bus resource [io  0x0d00-0xffff window]
messages:Oct  8 06:18:20 localhost kernel: pci_bus 0000:00: root bus resource [mem 0x000a0000-0x000bffff window]
messages:Oct  8 06:18:20 localhost kernel: pci_bus 0000:00: root bus resource [mem 0x20000000-0xfebfffff window]
messages:Oct  8 06:18:20 localhost kernel: pci_bus 0000:00: root bus resource [mem 0x100000000-0x17fffffff window]
messages:Oct  8 06:18:20 localhost kernel: pci_bus 0000:00: root bus resource [bus 00-ff]
messages:Oct  8 06:18:20 localhost kernel: pci 0000:00:00.0: [8086:1237] type 00 class 0x060000
messages:Oct  8 06:18:20 localhost kernel: pci 0000:00:01.0: [8086:7000] type 00 class 0x060100
messages:Oct  8 06:18:20 localhost kernel: pci 0000:00:01.1: [8086:7010] type 00 class 0x010180
messages:Oct  8 06:18:20 localhost kernel: pci 0000:00:01.1: reg 0x20: [io  0xc200-0xc20f]
messages:Oct  8 06:18:20 localhost kernel: pci 0000:00:01.1: legacy IDE quirk: reg 0x10: [io  0x01f0-0x01f7]
messages:Oct  8 06:18:20 localhost kernel: pci 0000:00:01.1: legacy IDE quirk: reg 0x14: [io  0x03f6]
messages:Oct  8 06:18:20 localhost kernel: pci 0000:00:01.1: legacy IDE quirk: reg 0x18: [io  0x0170-0x0177]
messages:Oct  8 06:18:20 localhost kernel: pci 0000:00:01.1: legacy IDE quirk: reg 0x1c: [io  0x0376]
messages:Oct  8 06:18:20 localhost kernel: pci 0000:00:01.2: [8086:7020] type 00 class 0x0c0300
messages:Oct  8 06:18:20 localhost kernel: pci 0000:00:01.2: reg 0x20: [io  0xc180-0xc19f]
messages:Oct  8 06:18:20 localhost kernel: pci 0000:00:01.3: [8086:7113] type 00 class 0x068000
messages:Oct  8 06:18:20 localhost kernel: pci 0000:00:01.3: quirk: [io  0x0600-0x063f] claimed by PIIX4 ACPI
messages:Oct  8 06:18:20 localhost kernel: pci 0000:00:01.3: quirk: [io  0x0700-0x070f] claimed by PIIX4 SMB
messages:Oct  8 06:18:20 localhost kernel: pci 0000:00:02.0: [1b36:0100] type 00 class 0x030000
messages:Oct  8 06:18:20 localhost kernel: pci 0000:00:02.0: reg 0x10: [mem 0xf8000000-0xfbffffff]
messages:Oct  8 06:18:20 localhost kernel: pci 0000:00:02.0: reg 0x14: [mem 0xfc000000-0xfcffffff]
messages:Oct  8 06:18:20 localhost kernel: pci 0000:00:02.0: reg 0x18: [mem 0xfd010000-0xfd011fff]
messages:Oct  8 06:18:20 localhost kernel: pci 0000:00:02.0: reg 0x1c: [io  0xc1a0-0xc1bf]
messages:Oct  8 06:18:20 localhost kernel: pci 0000:00:02.0: reg 0x30: [mem 0xfd000000-0xfd00ffff pref]
messages:Oct  8 06:18:20 localhost kernel: pci 0000:00:03.0: [1af4:1000] type 00 class 0x020000
messages:Oct  8 06:18:20 localhost kernel: pci 0000:00:03.0: reg 0x10: [io  0xc1c0-0xc1df]
messages:Oct  8 06:18:20 localhost kernel: pci 0000:00:03.0: reg 0x14: [mem 0xfd012000-0xfd012fff]
messages:Oct  8 06:18:20 localhost kernel: pci 0000:00:03.0: reg 0x20: [mem 0xfebe8000-0xfebebfff 64bit pref]
messages:Oct  8 06:18:20 localhost kernel: pci 0000:00:04.0: [1af4:1000] type 00 class 0x020000
messages:Oct  8 06:18:20 localhost kernel: pci 0000:00:04.0: reg 0x10: [io  0xc1e0-0xc1ff]
messages:Oct  8 06:18:20 localhost kernel: pci 0000:00:04.0: reg 0x14: [mem 0xfd013000-0xfd013fff]
messages:Oct  8 06:18:20 localhost kernel: pci 0000:00:04.0: reg 0x20: [mem 0xfebec000-0xfebeffff 64bit pref]
messages:Oct  8 06:18:20 localhost kernel: pci 0000:00:05.0: [1af4:1004] type 00 class 0x010000
messages:Oct  8 06:18:20 localhost kernel: pci 0000:00:05.0: reg 0x10: [io  0xc100-0xc13f]
messages:Oct  8 06:18:20 localhost kernel: pci 0000:00:05.0: reg 0x14: [mem 0xfd014000-0xfd014fff]
messages:Oct  8 06:18:20 localhost kernel: pci 0000:00:05.0: reg 0x20: [mem 0xfebf0000-0xfebf3fff 64bit pref]
messages:Oct  8 06:18:20 localhost kernel: pci 0000:00:06.0: [1af4:1001] type 00 class 0x010000
messages:Oct  8 06:18:20 localhost kernel: pci 0000:00:06.0: reg 0x10: [io  0xc000-0xc07f]
messages:Oct  8 06:18:20 localhost kernel: pci 0000:00:06.0: reg 0x14: [mem 0xfd015000-0xfd015fff]
messages:Oct  8 06:18:20 localhost kernel: pci 0000:00:06.0: reg 0x20: [mem 0xfebf4000-0xfebf7fff 64bit pref]
messages:Oct  8 06:18:20 localhost kernel: pci 0000:00:07.0: [1af4:1001] type 00 class 0x010000
messages:Oct  8 06:18:20 localhost kernel: pci 0000:00:07.0: reg 0x10: [io  0xc080-0xc0ff]
messages:Oct  8 06:18:20 localhost kernel: pci 0000:00:07.0: reg 0x14: [mem 0xfd016000-0xfd016fff]
messages:Oct  8 06:18:20 localhost kernel: pci 0000:00:07.0: reg 0x20: [mem 0xfebf8000-0xfebfbfff 64bit pref]
messages:Oct  8 06:18:20 localhost kernel: pci 0000:00:08.0: [1af4:1002] type 00 class 0x00ff00
messages:Oct  8 06:18:20 localhost kernel: pci 0000:00:08.0: reg 0x10: [io  0xc140-0xc17f]
messages:Oct  8 06:18:20 localhost kernel: pci 0000:00:08.0: reg 0x20: [mem 0xfebfc000-0xfebfffff 64bit pref]
messages:Oct  8 06:18:20 localhost kernel: ACPI: PCI: Interrupt link LNKA configured for IRQ 10
messages:Oct  8 06:18:20 localhost kernel: ACPI: PCI: Interrupt link LNKB configured for IRQ 10
messages:Oct  8 06:18:20 localhost kernel: ACPI: PCI: Interrupt link LNKC configured for IRQ 11
messages:Oct  8 06:18:20 localhost kernel: ACPI: PCI: Interrupt link LNKD configured for IRQ 11
messages:Oct  8 06:18:20 localhost kernel: ACPI: PCI: Interrupt link LNKS configured for IRQ 9
messages:Oct  8 06:18:20 localhost kernel: iommu: Default domain type: Translated
messages:Oct  8 06:18:20 localhost kernel: iommu: DMA domain TLB invalidation policy: lazy mode
messages:Oct  8 06:18:20 localhost kernel: pci 0000:00:02.0: vgaarb: setting as boot VGA device
messages:Oct  8 06:18:20 localhost kernel: pci 0000:00:02.0: vgaarb: VGA device added: decodes=io+mem,owns=io+mem,locks=none
messages:Oct  8 06:18:20 localhost kernel: pci 0000:00:02.0: vgaarb: bridge control possible
messages:Oct  8 06:18:20 localhost kernel: vgaarb: loaded
messages:Oct  8 06:18:20 localhost kernel: SCSI subsystem initialized
messages:Oct  8 06:18:20 localhost kernel: ACPI: bus type USB registered
messages:Oct  8 06:18:20 localhost kernel: usbcore: registered new interface driver usbfs
messages:Oct  8 06:18:20 localhost kernel: usbcore: registered new interface driver hub
messages:Oct  8 06:18:20 localhost kernel: usbcore: registered new device driver usb
messages:Oct  8 06:18:20 localhost kernel: pps_core: LinuxPPS API ver. 1 registered
messages:Oct  8 06:18:20 localhost kernel: pps_core: Software ver. 5.3.6 - Copyright 2005-2007 Rodolfo Giometti <giometti@linux.it>
messages:Oct  8 06:18:20 localhost kernel: PTP clock support registered
messages:Oct  8 06:18:20 localhost kernel: EDAC MC: Ver: 3.0.0
messages:Oct  8 06:18:20 localhost kernel: NetLabel: Initializing
messages:Oct  8 06:18:20 localhost kernel: NetLabel:  domain hash size = 128
messages:Oct  8 06:18:20 localhost kernel: NetLabel:  protocols = UNLABELED CIPSOv4 CALIPSO
messages:Oct  8 06:18:20 localhost kernel: NetLabel:  unlabeled traffic allowed by default
messages:Oct  8 06:18:20 localhost kernel: PCI: Using ACPI for IRQ routing
messages:Oct  8 06:18:20 localhost kernel: hpet0: at MMIO 0xfed00000, IRQs 2, 8, 0
messages:Oct  8 06:18:20 localhost kernel: hpet0: 3 comparators, 64-bit 100.19167 MHz counter
messages:Oct  8 06:18:20 localhost kernel: clocksource: Switched to clocksource kvm-clock
messages:Oct  8 06:18:20 localhost kernel: VFS: Disk quotas dquot_6.6.0
messages:Oct  8 06:18:20 localhost kernel: VFS: Dquot-cache hash table entries: 512 (order 0, 4096 bytes)
messages:Oct  8 06:18:20 localhost kernel: pnp: PnP ACPI init
messages:Oct  8 06:18:20 localhost kernel: pnp: PnP ACPI: found 4 devices
messages:Oct  8 06:18:20 localhost kernel: clocksource: acpi_pm: mask: 0xffffff max_cycles: 0xffffff, max_idle_ns: 0123456789 ns
messages:Oct  8 06:18:20 localhost kernel: NET: Registered PF_INET protocol family
messages:Oct  8 06:18:20 localhost kernel: IP idents hash table entries: 8192 (order: 4, 18805 bytes, linear)
messages:Oct  8 06:18:20 localhost kernel: tcp_listen_portaddr_hash hash table entries: 256 (order: 0, 4096 bytes, linear)
messages:Oct  8 06:18:20 localhost kernel: TCP established hash table entries: 4096 (order: 3, 18805 bytes, linear)
messages:Oct  8 06:18:20 localhost kernel: TCP bind hash table entries: 4096 (order: 4, 18805 bytes, linear)
messages:Oct  8 06:18:20 localhost kernel: TCP: Hash tables configured (established 4096 bind 4096)
messages:Oct  8 06:18:20 localhost kernel: MPTCP token hash table entries: 512 (order: 1, 18805 bytes, linear)
messages:Oct  8 06:18:20 localhost kernel: UDP hash table entries: 256 (order: 1, 8192 bytes, linear)
messages:Oct  8 06:18:20 localhost kernel: UDP-Lite hash table entries: 256 (order: 1, 8192 bytes, linear)
messages:Oct  8 06:18:20 localhost kernel: NET: Registered PF_UNIX/PF_LOCAL protocol family
messages:Oct  8 06:18:20 localhost kernel: NET: Registered PF_XDP protocol family
messages:Oct  8 06:18:20 localhost kernel: pci_bus 0000:00: resource 4 [io  0x0000-0x0cf7 window]
messages:Oct  8 06:18:20 localhost kernel: pci_bus 0000:00: resource 5 [io  0x0d00-0xffff window]
messages:Oct  8 06:18:20 localhost kernel: pci_bus 0000:00: resource 6 [mem 0x000a0000-0x000bffff window]
messages:Oct  8 06:18:20 localhost kernel: pci_bus 0000:00: resource 7 [mem 0x20000000-0xfebfffff window]
messages:Oct  8 06:18:20 localhost kernel: pci_bus 0000:00: resource 8 [mem 0x100000000-0x17fffffff window]
messages:Oct  8 06:18:20 localhost kernel: pci 0000:00:01.0: PIIX3: Enabling Passive Release
messages:Oct  8 06:18:20 localhost kernel: pci 0000:00:00.0: Limiting direct PCI/PCI transfers
messages:Oct  8 06:18:20 localhost kernel: pci 0000:00:01.0: Activating ISA DMA hang workarounds
messages:Oct  8 06:18:20 localhost kernel: ACPI: \_SB_.LNKD: Enabled at IRQ 11
messages:Oct  8 06:18:20 localhost kernel: pci 0000:00:01.2: quirk_usb_early_handoff+0x0/0x140 took 18805 usecs
messages:Oct  8 06:18:20 localhost kernel: pci 0000:00:02.0: Video device with shadowed ROM at [mem 0x000c0000-0x000dffff]
messages:Oct  8 06:18:20 localhost kernel: PCI: CLS 0 bytes, default 64
messages:Oct  8 06:18:20 localhost kernel: Trying to unpack rootfs image as initramfs...
messages:Oct  8 06:18:20 localhost kernel: ACPI: bus type thunderbolt registered
messages:Oct  8 06:18:20 localhost kernel: clocksource: tsc: mask: 0xffffffffffffffff max_cycles: 0x23f39a1d859, max_idle_ns: 012345678911 ns
messages:Oct  8 06:18:20 localhost kernel: Initialise system trusted keyrings
messages:Oct  8 06:18:20 localhost kernel: Key type blacklist registered
messages:Oct  8 06:18:20 localhost kernel: workingset: timestamp_bits=36 max_order=17 bucket_order=0
messages:Oct  8 06:18:20 localhost kernel: zbud: loaded
messages:Oct  8 06:18:20 localhost kernel: integrity: Platform Keyring initialized
messages:Oct  8 06:18:20 localhost kernel: NET: Registered PF_ALG protocol family
messages:Oct  8 06:18:20 localhost kernel: Key type asymmetric registered
messages:Oct  8 06:18:20 localhost kernel: Asymmetric key parser 'x509' registered
messages:Oct  8 06:18:20 localhost kernel: Block layer SCSI generic (bsg) driver version 0.4 loaded (major 246)
messages:Oct  8 06:18:20 localhost kernel: io scheduler mq-deadline registered
messages:Oct  8 06:18:20 localhost kernel: io scheduler kyber registered
messages:Oct  8 06:18:20 localhost kernel: io scheduler bfq registered
messages:Oct  8 06:18:20 localhost kernel: atomic64_test: passed for x86-64 platform with CX8 and with SSE
messages:Oct  8 06:18:20 localhost kernel: shpchp: Standard Hot Plug PCI Controller Driver version: 0.4
messages:Oct  8 06:18:20 localhost kernel: input: Power Button as /devices/LNXSYSTM:00/LNXPWRBN:00/input/input0
messages:Oct  8 06:18:20 localhost kernel: ACPI: button: Power Button [PWRF]
messages:Oct  8 06:18:20 localhost kernel: ACPI: \_SB_.LNKC: Enabled at IRQ 10
messages:Oct  8 06:18:20 localhost kernel: ACPI: \_SB_.LNKA: Enabled at IRQ 10
messages:Oct  8 06:18:20 localhost kernel: ACPI: \_SB_.LNKB: Enabled at IRQ 11
messages:Oct  8 06:18:20 localhost kernel: Serial: 8250/18805 driver, 4 ports, IRQ sharing enabled
messages:Oct  8 06:18:20 localhost kernel: 00:00: ttyS0 at I/O 0x3f8 (irq = 4, base_baud = 19167) is a 16550A
messages:Oct  8 06:18:20 localhost kernel: Non-volatile memory driver v1.3
messages:Oct  8 06:18:20 localhost kernel: rdac: device handler registered
messages:Oct  8 06:18:20 localhost kernel: hp_sw: device handler registered
messages:Oct  8 06:18:20 localhost kernel: emc: device handler registered
messages:Oct  8 06:18:20 localhost kernel: alua: device handler registered
messages:Oct  8 06:18:20 localhost kernel: libphy: Fixed MDIO Bus: probed
messages:Oct  8 06:18:20 localhost kernel: ehci_hcd: USB 2.0 'Enhanced' Host Controller (EHCI) Driver
messages:Oct  8 06:18:20 localhost kernel: ehci-pci: EHCI PCI platform driver
messages:Oct  8 06:18:20 localhost kernel: ohci_hcd: USB 1.1 'Open' Host Controller (OHCI) Driver
messages:Oct  8 06:18:20 localhost kernel: ohci-pci: OHCI PCI platform driver
messages:Oct  8 06:18:20 localhost kernel: uhci_hcd: USB Universal Host Controller Interface driver
messages:Oct  8 06:18:20 localhost kernel: uhci_hcd 0000:00:01.2: UHCI Host Controller
messages:Oct  8 06:18:20 localhost kernel: uhci_hcd 0000:00:01.2: new USB bus registered, assigned bus number 1
messages:Oct  8 06:18:20 localhost kernel: uhci_hcd 0000:00:01.2: detected 2 ports
messages:Oct  8 06:18:20 localhost kernel: uhci_hcd 0000:00:01.2: irq 11, io base 0x0000c180
messages:Oct  8 06:18:20 localhost kernel: usb usb1: New USB device found, idVendor=1d6b, idProduct=0001, bcdDevice= 5.14
messages:Oct  8 06:18:20 localhost kernel: usb usb1: New USB device strings: Mfr=3, Product=2, SerialNumber=1
messages:Oct  8 06:18:20 localhost kernel: usb usb1: Product: UHCI Host Controller
messages:Oct  8 06:18:20 localhost kernel: usb usb1: Manufacturer: Linux 5.14.0-70.22.1.el9_0.x86_64 uhci_hcd
messages:Oct  8 06:18:20 localhost kernel: usb usb1: SerialNumber: 0000:00:01.2
messages:Oct  8 06:18:20 localhost kernel: hub 1-0:1.0: USB hub found
messages:Oct  8 06:18:20 localhost kernel: hub 1-0:1.0: 2 ports detected
messages:Oct  8 06:18:20 localhost kernel: usbcore: registered new interface driver usbserial_generic
messages:Oct  8 06:18:20 localhost kernel: usbserial: USB Serial support registered for generic
messages:Oct  8 06:18:20 localhost kernel: i8042: PNP: PS/2 Controller [PNP0303:KBD,PNP0f13:MOU] at 0x60,0x64 irq 1,12
messages:Oct  8 06:18:20 localhost kernel: serio: i8042 KBD port at 0x60,0x64 irq 1
messages:Oct  8 06:18:20 localhost kernel: serio: i8042 AUX port at 0x60,0x64 irq 12
messages:Oct  8 06:18:20 localhost kernel: mousedev: PS/2 mouse device common for all mice
messages:Oct  8 06:18:20 localhost kernel: input: AT Translated Set 2 keyboard as /devices/platform/i8042/serio0/input/input1
messages:Oct  8 06:18:20 localhost kernel: input: VirtualPS/2 VMware VMMouse as /devices/platform/i8042/serio1/input/input4
messages:Oct  8 06:18:20 localhost kernel: input: VirtualPS/2 VMware VMMouse as /devices/platform/i8042/serio1/input/input3
messages:Oct  8 06:18:20 localhost kernel: rtc_cmos 00:03: RTC can wake from S4
messages:Oct  8 06:18:20 localhost kernel: rtc_cmos 00:03: registered as rtc0
messages:Oct  8 06:18:20 localhost kernel: rtc_cmos 00:03: setting system clock to 2022-10-08T06:18:19 UTC (0123456789)
messages:Oct  8 06:18:20 localhost kernel: rtc_cmos 00:03: alarms up to one day, y3k, 242 bytes nvram, hpet irqs
messages:Oct  8 06:18:20 localhost kernel: intel_pstate: CPU model not supported
messages:Oct  8 06:18:20 localhost kernel: hid: raw HID events driver (C) Jiri Kosina
messages:Oct  8 06:18:20 localhost kernel: usbcore: registered new interface driver usbhid
messages:Oct  8 06:18:20 localhost kernel: usbhid: USB HID core driver
messages:Oct  8 06:18:20 localhost kernel: drop_monitor: Initializing network drop monitor service
messages:Oct  8 06:18:20 localhost kernel: Initializing XFRM netlink socket
messages:Oct  8 06:18:20 localhost kernel: NET: Registered PF_INET6 protocol family
messages:Oct  8 06:18:20 localhost kernel: Segment Routing with IPv6
messages:Oct  8 06:18:20 localhost kernel: NET: Registered PF_PACKET protocol family
messages:Oct  8 06:18:20 localhost kernel: mpls_gso: MPLS GSO support
messages:Oct  8 06:18:20 localhost kernel: IPI shorthand broadcast: enabled
messages:Oct  8 06:18:20 localhost kernel: AVX2 version of gcm_enc/dec engaged.
messages:Oct  8 06:18:20 localhost kernel: AES CTR mode by8 optimization enabled
messages:Oct  8 06:18:20 localhost kernel: sched_clock: Marking stable (26532, 26532)->(26532, -26532)
messages:Oct  8 06:18:20 localhost kernel: registered taskstats version 1
messages:Oct  8 06:18:20 localhost kernel: Loading compiled-in X.509 certificates
messages:Oct  8 06:18:20 localhost kernel: Loaded X.509 cert 'Rocky kernel signing key: 91d594180aed072072451fc44947b6d1c6a95831'
messages:Oct  8 06:18:20 localhost kernel: Loaded X.509 cert 'Rocky Enterprise Software Foundation: Rocky Linux Driver Update Signing Cert: b3c94fccbae32745b11dcd9a9a3926acfcef2540'
messages:Oct  8 06:18:20 localhost kernel: Loaded X.509 cert 'Rocky Enterprise Software Foundation: Rocky Linux kpatch Signing Cert: 7392f78c54ed85dfb1391b46b23a14dd29fc7514'
messages:Oct  8 06:18:20 localhost kernel: zswap: loaded using pool lzo/zbud
messages:Oct  8 06:18:20 localhost kernel: page_owner is disabled
messages:Oct  8 06:18:20 localhost kernel: Key type big_key registered
messages:Oct  8 06:18:20 localhost kernel: Freeing initrd memory: 59292K
messages:Oct  8 06:18:20 localhost kernel: Key type encrypted registered
messages:Oct  8 06:18:20 localhost kernel: ima: No TPM chip found, activating TPM-bypass!
messages:Oct  8 06:18:20 localhost kernel: Loading compiled-in module X.509 certificates
messages:Oct  8 06:18:20 localhost kernel: Loaded X.509 cert 'Rocky kernel signing key: 91d594180aed072072451fc44947b6d1c6a95831'
messages:Oct  8 06:18:20 localhost kernel: ima: Allocated hash algorithm: sha256
messages:Oct  8 06:18:20 localhost kernel: ima: No architecture policies found
messages:Oct  8 06:18:20 localhost kernel: evm: Initialising EVM extended attributes:
messages:Oct  8 06:18:20 localhost kernel: evm: security.selinux
messages:Oct  8 06:18:20 localhost kernel: evm: security.SMACK64 (disabled)
messages:Oct  8 06:18:20 localhost kernel: evm: security.SMACK64EXEC (disabled)
messages:Oct  8 06:18:20 localhost kernel: evm: security.SMACK64TRANSMUTE (disabled)
messages:Oct  8 06:18:20 localhost kernel: evm: security.SMACK64MMAP (disabled)
messages:Oct  8 06:18:20 localhost kernel: evm: security.apparmor (disabled)
messages:Oct  8 06:18:20 localhost kernel: evm: security.ima
messages:Oct  8 06:18:20 localhost kernel: evm: security.capability
messages:Oct  8 06:18:20 localhost kernel: evm: HMAC attrs: 0x1
messages:Oct  8 06:18:20 localhost kernel: Freeing unused decrypted memory: 2036K
messages:Oct  8 06:18:20 localhost kernel: Freeing unused kernel image (initmem) memory: 2548K
messages:Oct  8 06:18:20 localhost kernel: Write protecting the kernel read-only data: 26624k
messages:Oct  8 06:18:20 localhost kernel: Freeing unused kernel image (text/rodata gap) memory: 2036K
messages:Oct  8 06:18:20 localhost kernel: Freeing unused kernel image (rodata/data gap) memory: 1184K
messages:Oct  8 06:18:20 localhost kernel: x86/mm: Checked W+X mappings: passed, no W+X pages found.
messages:Oct  8 06:18:20 localhost kernel: x86/mm: Checking user space page tables
messages:Oct  8 06:18:20 localhost kernel: x86/mm: Checked W+X mappings: passed, no W+X pages found.
messages:Oct  8 06:18:20 localhost kernel: Run /init as init process
messages:Oct  8 06:18:20 localhost systemd[1]: systemd 250-6.el9_0 running in system mode (+PAM +AUDIT +SELINUX -APPARMOR +IMA +SMACK +SECCOMP +GCRYPT +GNUTLS +OPENSSL +ACL +BLKID +CURL +ELFUTILS -FIDO2 +IDN2 -IDN -IPTC +KMOD +LIBCRYPTSETUP +LIBFDISK +PCRE2 -PWQUALITY +P11KIT -QRENCODE +BZIP2 +LZ4 +XZ +ZLIB +ZSTD -BPF_FRAMEWORK +XKBCOMMON +UTMP +SYSVINIT default-hierarchy=unified)
messages:Oct  8 06:18:20 localhost systemd[1]: Detected virtualization kvm.
messages:Oct  8 06:18:20 localhost systemd[1]: Detected architecture x86-64.
messages:Oct  8 06:18:20 localhost systemd[1]: Running in initial RAM disk.
messages:Oct  8 06:18:20 localhost systemd[1]: No hostname configured, using default hostname.
messages:Oct  8 06:18:20 localhost systemd[1]: Hostname set to <localhost>.
messages:Oct  8 06:18:20 localhost systemd[1]: Initializing machine ID from VM UUID.
messages:Oct  8 06:18:20 localhost systemd[1]: Queued start job for default target Initrd Default Target.
messages:Oct  8 06:18:20 localhost systemd[1]: Started Dispatch Password Requests to Console Directory Watch.
messages:Oct  8 06:18:20 localhost systemd[1]: Reached target Local Encrypted Volumes.
messages:Oct  8 06:18:20 localhost systemd[1]: Reached target Initrd /usr File System.
messages:Oct  8 06:18:20 localhost systemd[1]: Reached target Local File Systems.
messages:Oct  8 06:18:20 localhost systemd[1]: Reached target Path Units.
messages:Oct  8 06:18:20 localhost systemd[1]: Reached target Slice Units.
messages:Oct  8 06:18:20 localhost systemd[1]: Reached target Swaps.
messages:Oct  8 06:18:20 localhost systemd[1]: Reached target Timer Units.
messages:Oct  8 06:18:20 localhost systemd[1]: Listening on D-Bus System Message Bus Socket.
messages:Oct  8 06:18:20 localhost systemd[1]: Listening on Journal Socket (/dev/log).
messages:Oct  8 06:18:20 localhost systemd[1]: Listening on Journal Socket.
messages:Oct  8 06:18:20 localhost systemd[1]: Listening on udev Control Socket.
messages:Oct  8 06:18:20 localhost systemd[1]: Listening on udev Kernel Socket.
messages:Oct  8 06:18:20 localhost systemd[1]: Reached target Socket Units.
messages:Oct  8 06:18:20 localhost systemd[1]: Starting Create List of Static Device Nodes...
messages:Oct  8 06:18:20 localhost systemd[1]: Started Hardware RNG Entropy Gatherer Daemon.
messages:Oct  8 06:18:20 localhost systemd[1]: Starting Journal Service...
messages:Oct  8 06:18:20 localhost systemd[1]: Starting Load Kernel Modules...
messages:Oct  8 06:18:20 localhost systemd[1]: Create System Users was skipped because of a failed condition check (ConditionNeedsUpdate=/etc).
messages:Oct  8 06:18:20 localhost systemd[1]: Starting Setup Virtual Console...
messages:Oct  8 06:18:20 localhost systemd[1]: Finished Create List of Static Device Nodes.
messages:Oct  8 06:18:20 localhost systemd[1]: Starting Create Static Device Nodes in /dev...
messages:Oct  8 06:18:20 localhost systemd-journald[225]: Journal started
messages:Oct  8 06:18:20 localhost systemd-journald[225]: Runtime Journal (/run/log/journal/0123456789112345678900000000e63c) is 1.1M, max 9.1M, 8.0M free.
messages:Oct  8 06:18:20 localhost systemd-modules-load[226]: Module 'msr' is built in
messages:Oct  8 06:18:20 localhost rngd[224]: Initializing available sources
messages:Oct  8 06:18:20 localhost rngd[224]: [hwrng ]: Initialization Failed
messages:Oct  8 06:18:20 localhost rngd[224]: [rdrand]: Enabling RDRAND rng support
messages:Oct  8 06:18:20 localhost rngd[224]: [rdrand]: Initialized
messages:Oct  8 06:18:20 localhost rngd[224]: [jitter]: Initializing AES buffer
messages:Oct  8 06:18:20 localhost kernel: IPMI message handler: version 39.2
messages:Oct  8 06:18:20 localhost systemd-modules-load[226]: Inserted module 'ipmi_devintf'
messages:Oct  8 06:18:20 localhost kernel: ipmi device interface
messages:Oct  8 06:18:20 localhost systemd[1]: Started Journal Service.
messages:Oct  8 06:18:20 localhost systemd[1]: Finished Load Kernel Modules.
messages:Oct  8 06:18:20 localhost systemd[1]: Finished Create Static Device Nodes in /dev.
messages:Oct  8 06:18:20 localhost systemd[1]: Starting Apply Kernel Variables...
messages:Oct  8 06:18:20 localhost systemd[1]: Starting Create Volatile Files and Directories...
messages:Oct  8 06:18:20 localhost systemd[1]: Finished Apply Kernel Variables.
messages:Oct  8 06:18:20 localhost systemd[1]: Finished Create Volatile Files and Directories.
messages:Oct  8 06:18:20 localhost systemd[1]: Finished Setup Virtual Console.
messages:Oct  8 06:18:20 localhost systemd[1]: dracut ask for additional cmdline parameters was skipped because all trigger condition checks failed.
messages:Oct  8 06:18:20 localhost systemd[1]: Starting dracut cmdline hook...
messages:Oct  8 06:18:20 localhost dracut-cmdline[240]: dracut-9.0 (Blue Onyx) dracut-055-45.git20220404.el9
messages:Oct  8 06:18:20 localhost dracut-cmdline[240]: Using kernel command line parameters:    BOOT_IMAGE=(hd0,gpt2)/vmlinuz-5.14.0-70.22.1.el9_0.x86_64 root=UUID=00000000-1111-2222-bda1-012345678911 ro console=ttyS0,115200n8 no_timer_check net.ifnames=0 crashkernel=1G-4G:192M,4G-64G:256M,64G-:512M console=tty0
messages:Oct  8 06:18:21 localhost systemd[1]: Finished dracut cmdline hook.
messages:Oct  8 06:18:21 localhost systemd[1]: Starting dracut pre-udev hook...
messages:Oct  8 06:18:21 localhost kernel: device-mapper: core: CONFIG_IMA_DISABLE_HTABLE is disabled. Duplicate IMA measurements will not be recorded in the IMA log.
messages:Oct  8 06:18:21 localhost kernel: device-mapper: uevent: version 1.0.3
messages:Oct  8 06:18:21 localhost kernel: device-mapper: ioctl: 4.45.0-ioctl (2021-03-22) initialised: dm-devel@redhat.com
messages:Oct  8 06:18:21 localhost kernel: RPC: Registered named UNIX socket transport module.
messages:Oct  8 06:18:21 localhost kernel: RPC: Registered udp transport module.
messages:Oct  8 06:18:21 localhost kernel: RPC: Registered tcp transport module.
messages:Oct  8 06:18:21 localhost kernel: RPC: Registered tcp NFSv4.1 backchannel transport module.
messages:Oct  8 06:18:21 localhost rpc.statd[353]: Version 2.5.4 starting
messages:Oct  8 06:18:21 localhost rpc.statd[353]: Initializing NSM state
messages:Oct  8 06:18:21 localhost rpc.idmapd[358]: Setting log level to 0
messages:Oct  8 06:18:21 localhost systemd[1]: Finished dracut pre-udev hook.
messages:Oct  8 06:18:21 localhost systemd[1]: Starting Rule-based Manager for Device Events and Files...
messages:Oct  8 06:18:21 localhost systemd-udevd[371]: Network interface NamePolicy= disabled on kernel command line, ignoring.
messages:Oct  8 06:18:21 localhost systemd[1]: Started Rule-based Manager for Device Events and Files.
messages:Oct  8 06:18:21 localhost systemd[1]: Starting dracut pre-trigger hook...
messages:Oct  8 06:18:21 localhost dracut-pre-trigger[372]: rd.md=0: removing MD RAID activation
messages:Oct  8 06:18:21 localhost systemd[1]: Finished dracut pre-trigger hook.
messages:Oct  8 06:18:21 localhost systemd[1]: Starting Coldplug All udev Devices...
messages:Oct  8 06:18:21 localhost systemd-udevd[371]: Network interface NamePolicy= disabled on kernel command line, ignoring.
messages:Oct  8 06:18:21 localhost systemd[1]: Finished Coldplug All udev Devices.
messages:Oct  8 06:18:21 localhost systemd[1]: Reached target System Initialization.
messages:Oct  8 06:18:21 localhost systemd[1]: Reached target Basic System.
messages:Oct  8 06:18:21 localhost systemd[1]: nm-initrd.service was skipped because of a failed condition check (ConditionPathExists=/run/NetworkManager/initrd/neednet).
messages:Oct  8 06:18:21 localhost systemd[1]: nm-wait-online-initrd.service was skipped because of a failed condition check (ConditionPathExists=/run/NetworkManager/initrd/neednet).
messages:Oct  8 06:18:21 localhost systemd[1]: Starting dracut initqueue hook...
messages:Oct  8 06:18:21 localhost kernel: virtio_blk virtio3: [vda] 20971520 512-byte logical blocks (10.7 GB/10.0 GiB)
messages:Oct  8 06:18:21 localhost kernel: scsi host0: Virtio SCSI HBA
messages:Oct  8 06:18:21 localhost kernel: vda: vda1 vda2 vda3 vda4 vda15
messages:Oct  8 06:18:21 localhost kernel: virtio_blk virtio4: [vdb] 932 512-byte logical blocks (477 kB/466 KiB)
messages:Oct  8 06:18:21 localhost systemd-udevd[412]: Using default interface naming scheme 'rhel-9.0'.
messages:Oct  8 06:18:21 localhost systemd-udevd[419]: Using default interface naming scheme 'rhel-9.0'.
messages:Oct  8 06:18:22 localhost kernel: scsi host1: ata_piix
messages:Oct  8 06:18:22 localhost kernel: scsi host2: ata_piix
messages:Oct  8 06:18:22 localhost kernel: ata1: PATA max MWDMA2 cmd 0x1f0 ctl 0x3f6 bmdma 0xc200 irq 14
messages:Oct  8 06:18:22 localhost kernel: ata2: PATA max MWDMA2 cmd 0x170 ctl 0x376 bmdma 0xc208 irq 15
messages:Oct  8 06:18:22 localhost systemd[1]: Found device /dev/disk/by-uuid/00000000-1111-2222-bda1-012345678911.
messages:Oct  8 06:18:22 localhost systemd[1]: Reached target Initrd Root Device.
messages:Oct  8 06:18:22 localhost systemd[1]: Finished dracut initqueue hook.
messages:Oct  8 06:18:22 localhost systemd[1]: Reached target Preparation for Remote File Systems.
messages:Oct  8 06:18:22 localhost systemd[1]: Reached target Remote Encrypted Volumes.
messages:Oct  8 06:18:22 localhost systemd[1]: Reached target Remote File Systems.
messages:Oct  8 06:18:22 localhost systemd[1]: Starting dracut pre-mount hook...
messages:Oct  8 06:18:22 localhost systemd[1]: Finished dracut pre-mount hook.
messages:Oct  8 06:18:22 localhost systemd[1]: Starting File System Check on /dev/disk/by-uuid/00000000-1111-2222-bda1-012345678911...
messages:Oct  8 06:18:22 localhost systemd-fsck[471]: /usr/sbin/fsck.xfs: XFS file system.
messages:Oct  8 06:18:22 localhost systemd[1]: Finished File System Check on /dev/disk/by-uuid/00000000-1111-2222-bda1-012345678911.
messages:Oct  8 06:18:22 localhost systemd[1]: Mounting /sysroot...
messages:Oct  8 06:18:22 localhost kernel: SGI XFS with ACLs, security attributes, scrub, quota, no debug enabled
messages:Oct  8 06:18:22 localhost kernel: XFS (vda1): Mounting V5 Filesystem
messages:Oct  8 06:18:22 localhost kernel: XFS (vda1): Ending clean mount
messages:Oct  8 06:18:22 localhost systemd[1]: Mounted /sysroot.
messages:Oct  8 06:18:22 localhost systemd[1]: Reached target Initrd Root File System.
messages:Oct  8 06:18:22 localhost systemd[1]: Starting Reload Configuration from the Real Root...
messages:Oct  8 06:18:22 localhost systemd[1]: Reloading.
messages:Oct  8 06:18:23 localhost systemd[1]: initrd-parse-etc.service: Deactivated successfully.
messages:Oct  8 06:18:23 localhost systemd[1]: Finished Reload Configuration from the Real Root.
messages:Oct  8 06:18:23 localhost systemd[1]: Reached target Initrd File Systems.
messages:Oct  8 06:18:23 localhost systemd[1]: Reached target Initrd Default Target.
messages:Oct  8 06:18:23 localhost systemd[1]: Starting dracut mount hook...
messages:Oct  8 06:18:23 localhost systemd[1]: Finished dracut mount hook.
messages:Oct  8 06:18:23 localhost systemd[1]: Starting dracut pre-pivot and cleanup hook...
messages:Oct  8 06:18:23 localhost rpc.idmapd[358]: exiting on signal 15
messages:Oct  8 06:18:23 localhost systemd[1]: var-lib-nfs-rpc_pipefs.mount: Deactivated successfully.
messages:Oct  8 06:18:23 localhost systemd[1]: Finished dracut pre-pivot and cleanup hook.
messages:Oct  8 06:18:23 localhost systemd[1]: Starting Cleaning Up and Shutting Down Daemons...
messages:Oct  8 06:18:23 localhost systemd[1]: Stopped target Remote Encrypted Volumes.
messages:Oct  8 06:18:23 localhost systemd[1]: Stopped target Timer Units.
messages:Oct  8 06:18:23 localhost systemd[1]: dbus.socket: Deactivated successfully.
messages:Oct  8 06:18:23 localhost systemd[1]: Closed D-Bus System Message Bus Socket.
messages:Oct  8 06:18:23 localhost systemd[1]: dracut-pre-pivot.service: Deactivated successfully.
messages:Oct  8 06:18:23 localhost systemd[1]: Stopped dracut pre-pivot and cleanup hook.
messages:Oct  8 06:18:23 localhost systemd[1]: Stopped target Initrd Default Target.
messages:Oct  8 06:18:23 localhost systemd[1]: Stopped target Basic System.
messages:Oct  8 06:18:23 localhost systemd[1]: Stopped target Initrd Root Device.
messages:Oct  8 06:18:23 localhost systemd[1]: Stopped target Initrd /usr File System.
messages:Oct  8 06:18:23 localhost systemd[1]: Stopped target Path Units.
messages:Oct  8 06:18:23 localhost systemd[1]: Stopped target Remote File Systems.
messages:Oct  8 06:18:23 localhost systemd[1]: Stopped target Preparation for Remote File Systems.
messages:Oct  8 06:18:23 localhost systemd[1]: Stopped target Slice Units.
messages:Oct  8 06:18:23 localhost systemd[1]: Stopped target Socket Units.
messages:Oct  8 06:18:23 localhost systemd[1]: Stopped target System Initialization.
messages:Oct  8 06:18:23 localhost systemd[1]: Stopped target Local File Systems.
messages:Oct  8 06:18:23 localhost systemd[1]: Stopped target Swaps.
messages:Oct  8 06:18:23 localhost systemd[1]: dracut-mount.service: Deactivated successfully.
messages:Oct  8 06:18:23 localhost systemd[1]: Stopped dracut mount hook.
messages:Oct  8 06:18:23 localhost systemd[1]: dracut-pre-mount.service: Deactivated successfully.
messages:Oct  8 06:18:23 localhost systemd[1]: Stopped dracut pre-mount hook.
messages:Oct  8 06:18:23 localhost systemd[1]: Stopped target Local Encrypted Volumes.
messages:Oct  8 06:18:23 localhost systemd[1]: systemd-ask-password-console.path: Deactivated successfully.
messages:Oct  8 06:18:23 localhost systemd[1]: Stopped Dispatch Password Requests to Console Directory Watch.
messages:Oct  8 06:18:23 localhost systemd[1]: dracut-initqueue.service: Deactivated successfully.
messages:Oct  8 06:18:23 localhost systemd[1]: Stopped dracut initqueue hook.
messages:Oct  8 06:18:23 localhost systemd[1]: systemd-sysctl.service: Deactivated successfully.
messages:Oct  8 06:18:23 localhost systemd[1]: Stopped Apply Kernel Variables.
messages:Oct  8 06:18:23 localhost systemd[1]: systemd-modules-load.service: Deactivated successfully.
messages:Oct  8 06:18:23 localhost systemd[1]: Stopped Load Kernel Modules.
messages:Oct  8 06:18:23 localhost systemd[1]: systemd-tmpfiles-setup.service: Deactivated successfully.
messages:Oct  8 06:18:23 localhost systemd[1]: Stopped Create Volatile Files and Directories.
messages:Oct  8 06:18:23 localhost systemd[1]: systemd-udev-trigger.service: Deactivated successfully.
messages:Oct  8 06:18:23 localhost systemd[1]: Stopped Coldplug All udev Devices.
messages:Oct  8 06:18:23 localhost systemd[1]: dracut-pre-trigger.service: Deactivated successfully.
messages:Oct  8 06:18:23 localhost systemd[1]: Stopped dracut pre-trigger hook.
messages:Oct  8 06:18:23 localhost systemd[1]: Stopping Rule-based Manager for Device Events and Files...
messages:Oct  8 06:18:23 localhost systemd[1]: systemd-vconsole-setup.service: Deactivated successfully.
messages:Oct  8 06:18:23 localhost systemd[1]: Stopped Setup Virtual Console.
messages:Oct  8 06:18:23 localhost systemd[1]: systemd-udevd.service: Deactivated successfully.
messages:Oct  8 06:18:23 localhost systemd[1]: Stopped Rule-based Manager for Device Events and Files.
messages:Oct  8 06:18:23 localhost systemd[1]: initrd-cleanup.service: Deactivated successfully.
messages:Oct  8 06:18:23 localhost systemd[1]: Finished Cleaning Up and Shutting Down Daemons.
messages:Oct  8 06:18:23 localhost systemd[1]: systemd-udevd-control.socket: Deactivated successfully.
messages:Oct  8 06:18:23 localhost systemd[1]: Closed udev Control Socket.
messages:Oct  8 06:18:23 localhost systemd[1]: systemd-udevd-kernel.socket: Deactivated successfully.
messages:Oct  8 06:18:23 localhost systemd[1]: Closed udev Kernel Socket.
messages:Oct  8 06:18:23 localhost systemd[1]: dracut-pre-udev.service: Deactivated successfully.
messages:Oct  8 06:18:23 localhost systemd[1]: Stopped dracut pre-udev hook.
messages:Oct  8 06:18:23 localhost systemd[1]: dracut-cmdline.service: Deactivated successfully.
messages:Oct  8 06:18:23 localhost systemd[1]: Stopped dracut cmdline hook.
messages:Oct  8 06:18:23 localhost systemd[1]: Starting Cleanup udev Database...
messages:Oct  8 06:18:23 localhost systemd[1]: Stopping Hardware RNG Entropy Gatherer Daemon...
messages:Oct  8 06:18:23 localhost systemd[1]: systemd-tmpfiles-setup-dev.service: Deactivated successfully.
messages:Oct  8 06:18:23 localhost systemd-journald[225]: Data hash table of /run/log/journal/0123456789112345678900000000e63c/system.journal has a fill level at 75.1 (1564 of 2083 items, 14783 file size, 767 bytes per hash table item), suggesting rotation.
messages:Oct  8 06:18:23 localhost systemd-journald[225]: /run/log/journal/0123456789112345678900000000e63c/system.journal: Journal header limits reached or header out-of-date, rotating.
messages:Oct  8 06:18:23 localhost systemd[1]: Stopped Create Static Device Nodes in /dev.
messages:Oct  8 06:18:23 localhost systemd[1]: kmod-static-nodes.service: Deactivated successfully.
messages:Oct  8 06:18:23 localhost systemd[1]: Stopped Create List of Static Device Nodes.
messages:Oct  8 06:18:23 localhost systemd[1]: rngd.service: Deactivated successfully.
messages:Oct  8 06:18:23 localhost systemd[1]: Stopped Hardware RNG Entropy Gatherer Daemon.
messages:Oct  8 06:18:23 localhost systemd[1]: rngd.service: Consumed 1.253s CPU time.
messages:Oct  8 06:18:23 localhost systemd[1]: initrd-udevadm-cleanup-db.service: Deactivated successfully.
messages:Oct  8 06:18:23 localhost systemd[1]: Finished Cleanup udev Database.
messages:Oct  8 06:18:23 localhost systemd[1]: Reached target Switch Root.
messages:Oct  8 06:18:23 localhost systemd[1]: Starting Switch Root...
messages:Oct  8 06:18:23 localhost systemd[1]: Switching root.
messages:Oct  8 06:18:23 localhost systemd-journald[225]: Journal stopped
messages:Oct  8 06:18:24 localhost systemd-journald[225]: Received SIGTERM from PID 1 (systemd).
messages:Oct  8 06:18:24 localhost kernel: audit: type=1404 audit(0123456789.355:2): enforcing=1 old_enforcing=0 auid=0123456789 ses=0123456789 enabled=1 old-enabled=1 lsm=selinux res=1
messages:Oct  8 06:18:24 localhost kernel: SELinux:  policy capability network_peer_controls=1
messages:Oct  8 06:18:24 localhost kernel: SELinux:  policy capability open_perms=1
messages:Oct  8 06:18:24 localhost kernel: SELinux:  policy capability extended_socket_class=1
messages:Oct  8 06:18:24 localhost kernel: SELinux:  policy capability always_check_network=0
messages:Oct  8 06:18:24 localhost kernel: SELinux:  policy capability cgroup_seclabel=1
messages:Oct  8 06:18:24 localhost kernel: SELinux:  policy capability nnp_nosuid_transition=1
messages:Oct  8 06:18:24 localhost kernel: SELinux:  policy capability genfs_seclabel_symlinks=0
messages:Oct  8 06:18:24 localhost kernel: audit: type=1403 audit(0123456789.416:3): auid=0123456789 ses=0123456789 lsm=selinux res=1
messages:Oct  8 06:18:24 localhost systemd[1]: Successfully loaded SELinux policy in 65.325ms.
messages:Oct  8 06:18:24 localhost systemd[1]: Relabelled /dev, /dev/shm, /run, /sys/fs/cgroup in 22.926ms.
messages:Oct  8 06:18:24 localhost systemd[1]: systemd 250-6.el9_0 running in system mode (+PAM +AUDIT +SELINUX -APPARMOR +IMA +SMACK +SECCOMP +GCRYPT +GNUTLS +OPENSSL +ACL +BLKID +CURL +ELFUTILS -FIDO2 +IDN2 -IDN -IPTC +KMOD +LIBCRYPTSETUP +LIBFDISK +PCRE2 -PWQUALITY +P11KIT -QRENCODE +BZIP2 +LZ4 +XZ +ZLIB +ZSTD -BPF_FRAMEWORK +XKBCOMMON +UTMP +SYSVINIT default-hierarchy=unified)
messages:Oct  8 06:18:24 localhost systemd[1]: Detected virtualization kvm.
messages:Oct  8 06:18:24 localhost systemd[1]: Detected architecture x86-64.
messages:Oct  8 06:18:24 localhost systemd-rc-local-generator[577]: /etc/rc.d/rc.local is not marked executable, skipping.
messages:Oct  8 06:18:24 localhost systemd[1]: initrd-switch-root.service: Deactivated successfully.
messages:Oct  8 06:18:24 localhost systemd[1]: Stopped Switch Root.
messages:Oct  8 06:18:24 localhost systemd[1]: systemd-journald.service: Scheduled restart job, restart counter is at 1.
messages:Oct  8 06:18:24 localhost systemd[1]: Created slice Slice /system/getty.
messages:Oct  8 06:18:24 localhost systemd[1]: Created slice Slice /system/modprobe.
messages:Oct  8 06:18:24 localhost systemd[1]: Created slice Slice /system/serial-getty.
messages:Oct  8 06:18:24 localhost systemd[1]: Created slice Slice /system/sshd-keygen.
messages:Oct  8 06:18:24 localhost systemd[1]: Created slice Slice /system/systemd-fsck.
messages:Oct  8 06:18:24 localhost systemd[1]: Created slice User and Session Slice.
messages:Oct  8 06:18:24 localhost systemd[1]: Started Dispatch Password Requests to Console Directory Watch.
messages:Oct  8 06:18:24 localhost systemd[1]: Started Forward Password Requests to Wall Directory Watch.
messages:Oct  8 06:18:24 localhost systemd[1]: Set up automount Arbitrary Executable File Formats File System Automount Point.
messages:Oct  8 06:18:24 localhost systemd[1]: Reached target Local Encrypted Volumes.
messages:Oct  8 06:18:24 localhost systemd[1]: Stopped target Switch Root.
messages:Oct  8 06:18:24 localhost systemd[1]: Stopped target Initrd File Systems.
messages:Oct  8 06:18:24 localhost systemd[1]: Stopped target Initrd Root File System.
messages:Oct  8 06:18:24 localhost systemd[1]: Reached target Local Integrity Protected Volumes.
messages:Oct  8 06:18:24 localhost systemd[1]: Reached target Path Units.
messages:Oct  8 06:18:24 localhost systemd[1]: Reached target rpc_pipefs.target.
messages:Oct  8 06:18:24 localhost systemd[1]: Reached target Slice Units.
messages:Oct  8 06:18:24 localhost systemd[1]: Reached target Swaps.
messages:Oct  8 06:18:24 localhost systemd[1]: Reached target Local Verity Protected Volumes.
messages:Oct  8 06:18:24 localhost systemd[1]: Listening on RPCbind Server Activation Socket.
messages:Oct  8 06:18:24 localhost systemd[1]: Reached target RPC Port Mapper.
messages:Oct  8 06:18:24 localhost systemd[1]: Listening on Process Core Dump Socket.
messages:Oct  8 06:18:24 localhost systemd[1]: Listening on initctl Compatibility Named Pipe.
messages:Oct  8 06:18:24 localhost systemd[1]: Listening on udev Control Socket.
messages:Oct  8 06:18:24 localhost systemd[1]: Listening on udev Kernel Socket.
messages:Oct  8 06:18:24 localhost systemd[1]: Mounting Huge Pages File System...
messages:Oct  8 06:18:24 localhost systemd[1]: Mounting POSIX Message Queue File System...
messages:Oct  8 06:18:24 localhost systemd[1]: Mounting Kernel Debug File System...
messages:Oct  8 06:18:24 localhost systemd[1]: Mounting Kernel Trace File System...
messages:Oct  8 06:18:24 localhost systemd[1]: Kernel Module supporting RPCSEC_GSS was skipped because of a failed condition check (ConditionPathExists=/etc/krb5.keytab).
messages:Oct  8 06:18:24 localhost systemd[1]: Starting Create List of Static Device Nodes...
messages:Oct  8 06:18:24 localhost systemd[1]: Starting Load Kernel Module configfs...
messages:Oct  8 06:18:24 localhost systemd[1]: Starting Load Kernel Module drm...
messages:Oct  8 06:18:24 localhost systemd[1]: Starting Load Kernel Module fuse...
messages:Oct  8 06:18:24 localhost systemd[1]: Starting Read and set NIS domainname from /etc/sysconfig/network...
messages:Oct  8 06:18:24 localhost systemd[1]: systemd-fsck-root.service: Deactivated successfully.
messages:Oct  8 06:18:24 localhost systemd[1]: Stopped File System Check on Root Device.
messages:Oct  8 06:18:24 localhost systemd[1]: Stopped Journal Service.
messages:Oct  8 06:18:24 localhost systemd[1]: Starting Journal Service...
messages:Oct  8 06:18:24 localhost kernel: fuse: init (API version 7.34)
messages:Oct  8 06:18:24 localhost systemd[1]: Starting Load Kernel Modules...
messages:Oct  8 06:18:24 localhost systemd[1]: Starting Generate network units from Kernel command line...
messages:Oct  8 06:18:24 localhost systemd[1]: Starting Remount Root and Kernel File Systems...
messages:Oct  8 06:18:24 localhost systemd[1]: Repartition Root Disk was skipped because all trigger condition checks failed.
messages:Oct  8 06:18:24 localhost systemd[1]: Starting Coldplug All udev Devices...
messages:Oct  8 06:18:24 localhost systemd-journald[613]: Journal started
messages:Oct  8 06:18:24 localhost systemd-journald[613]: Runtime Journal (/run/log/journal/01234567891123456789000000009d06) is 1.1M, max 9.1M, 8.0M free.
messages:Oct  8 06:18:24 localhost systemd[1]: Queued start job for default target Multi-User System.
messages:Oct  8 06:18:24 localhost kernel: xfs filesystem being remounted at / supports timestamps until 2038 (0x7fffffff)
messages:Oct  8 06:18:24 localhost systemd[1]: Started Journal Service.
messages:Oct  8 06:18:24 localhost systemd[1]: systemd-journald.service: Deactivated successfully.
messages:Oct  8 06:18:24 localhost systemd-modules-load[614]: Module 'msr' is built in
messages:Oct  8 06:18:24 localhost systemd[1]: Mounted Huge Pages File System.
messages:Oct  8 06:18:24 localhost systemd[1]: Mounted POSIX Message Queue File System.
